2020-12-09 17:37:25 INFO  root:61 - negate testing with digit 4
2020-12-09 17:38:49 INFO  root:61 - negate testing with digit 7
2020-12-09 17:39:31 INFO  root:61 - negate testing with digit 2
2020-12-09 18:15:29 INFO  root:60 - negate testing with digit 8
2020-12-09 18:15:41 INFO  root:60 - negate testing with digit 0
2020-12-09 18:25:12 INFO  root:60 - negate testing with digit 7
2020-12-09 18:25:27 INFO  root:71 - tests for separator
2020-12-09 18:26:08 INFO  root:71 - tests for separator
2020-12-09 18:27:24 INFO  root:71 - tests for separator
2020-12-09 18:28:01 INFO  root:71 - tests for separator
2020-12-09 18:28:31 INFO  root:71 - tests for separator
2020-12-09 18:29:43 INFO  root:60 - negate testing with digit 4
2020-12-09 18:29:56 INFO  root:71 - tests for separator
2020-12-09 18:37:33 INFO  root:71 - tests for separator
2020-12-09 18:38:34 INFO  root:71 - tests for separator
2020-12-09 18:42:24 INFO  root:81 - tests for separator with 3 digit
2020-12-09 18:51:31 INFO  root:82 - tests for separator with 2 digit and operator DIVISION
2020-12-09 18:58:08 INFO  root:82 - tests for separator with 2 digit and operator ADDITION
2020-12-09 18:59:23 INFO  root:82 - tests for separator with 8 digit and operator ADDITION
2020-12-09 19:02:08 INFO  root:82 - tests for separator with 5 digit and operator SUBTRACTION
2020-12-09 19:03:00 INFO  root:82 - tests for separator with 7 digit and operator ADDITION
2020-12-09 19:04:00 INFO  root:82 - tests for separator with 6 digit and operator SUBTRACTION
2020-12-09 19:07:03 INFO  root:82 - tests for separator with 1 digit and operator SUBTRACTION
2020-12-09 19:07:51 INFO  root:82 - tests for separator with 3 digit and operator DIVISION
2020-12-09 19:09:48 INFO  root:82 - tests for separator with 6 digit and operator ADDITION
2020-12-09 19:12:04 INFO  root:82 - tests for separator with 8 digit and operator SUBTRACTION
2020-12-09 19:21:36 INFO  root:71 - negate testing with d 5 digit and operator SUBTRACTION
2020-12-09 19:24:15 INFO  root:71 - negate testing with d 2 digit and operator ADDITION
2020-12-09 19:24:49 INFO  root:71 - negate testing with d 4 digit and operator MULTIPLICATION
2020-12-09 19:25:16 INFO  root:71 - negate testing with d 8 digit and operator RESULT
2020-12-09 19:28:26 INFO  root:71 - negate testing with d 8 digit and operator DIVISION
2020-12-09 19:33:27 INFO  root:71 - negate testing with d 1 digit and operator ADDITION
2020-12-09 19:36:33 INFO  root:71 - negate testing with d 6 digit and operator MULTIPLICATION
2020-12-10 00:24:58 INFO  root:71 - negate testing with digit =  3 and operator = SUBTRACTION
2020-12-10 00:25:33 INFO  root:87 - negate testing with digit =  2 and operator = RESULT
2020-12-10 00:26:08 INFO  root:87 - negate testing with digit =  2 and operator = SUBTRACTION
2020-12-10 00:26:30 INFO  root:87 - negate testing with digit =  2 and operator = ADDITION
2020-12-10 00:26:54 INFO  root:87 - negate testing with digit =  4 and operator = ADDITION
2020-12-10 00:53:30 INFO  root:87 - negate testing with digit =  7 and operator = ADDITION
2020-12-10 00:54:35 INFO  root:87 - negate testing with digit =  3 and operator = SUBTRACTION
2020-12-10 00:56:09 INFO  root:87 - negate testing with digit =  1 and operator = ADDITION
2020-12-10 00:57:08 INFO  root:87 - negate testing with digit =  2 and operator = ADDITION
2020-12-10 00:58:35 INFO  root:87 - negate testing with digit =  5 and operator = SUBTRACTION
2020-12-10 00:59:30 INFO  root:87 - negate testing with digit =  6 and operator = MULTIPLICATION
2020-12-10 01:03:55 INFO  root:87 - negate testing with digit =  6 and operator = DIVISION
2020-12-10 01:05:55 INFO  root:87 - negate testing with digit =  2 and operator = RESULT
2020-12-10 01:06:47 INFO  root:87 - negate testing with digit =  5 and operator = RESULT
2020-12-10 01:14:04 INFO  root:90 - negate testing with digit =  8 and operator = DIVISION
2020-12-10 01:43:04 INFO  root:130 - numbers testing with numbers =  8256361367787177
2020-12-10 10:15:05 INFO  root:130 - numbers testing with numbers =  6
2020-12-10 10:15:22 INFO  root:130 - numbers testing with numbers =  7638226275682664
2020-12-10 10:15:41 INFO  root:130 - numbers testing with numbers =  78688511472312462
2020-12-10 10:17:50 INFO  root:131 - numbers testing with numbers =  74137871465254864 and operator = DIVISION
2020-12-10 10:23:51 INFO  root:131 - numbers testing with numbers =  83771287567187134 and operator = DIVISION
2020-12-10 10:26:39 INFO  root:131 - numbers testing with numbers =  52868685724423332 and operator = SUBTRACTION
2020-12-10 10:29:42 INFO  root:131 - numbers testing with numbers =  13838213756585234 and operator = MULTIPLICATION
2020-12-10 10:38:24 INFO  root:131 - numbers testing with numbers =  76234346376334186 and operator = SUBTRACTION
2020-12-10 10:40:40 INFO  root:131 - numbers testing with numbers =  64333187828241213 and operator = MULTIPLICATION
2020-12-10 10:41:21 INFO  root:131 - numbers testing with numbers =  82862735778747531 and operator = SUBTRACTION
2020-12-10 10:42:27 INFO  root:131 - numbers testing with numbers =  66562711842443353 and operator = MULTIPLICATION
2020-12-10 10:57:53 INFO  root:131 - numbers testing with numbers =  23181438341423567 and operator = MULTIPLICATION
2020-12-10 11:03:29 INFO  root:131 - numbers testing with numbers =  56267571587553766 and operator = DIVISION
2020-12-10 11:06:17 INFO  root:131 - numbers testing with numbers =  64351251856165664 and operator = SUBTRACTION
2020-12-10 11:09:14 INFO  root:131 - numbers testing with numbers =  44353126335455328 and operator = DIVISION
2020-12-10 14:46:09 INFO  root:92 - negate testing with digit =  1 and operator = ADDITION
2020-12-10 15:16:14 INFO  root:92 - negate testing with digit =  3 and operator = DIVISION
2020-12-10 15:17:31 INFO  root:92 - negate testing with digit =  8 and operator = MULTIPLICATION
2020-12-10 15:23:25 INFO  root:92 - negate testing with digit =  2 and operator = ADDITION
2021-01-12 09:42:47 INFO  root:270 - 648020267.23682064*80470740536.837328=5,214667078742618e+19
2021-01-12 09:43:24 INFO  root:270 - 0.8017443720634714*04221.224582874700=3 384,343052535765
2021-01-12 09:45:37 INFO  root:270 - 27242854.668852526*4.7443050478781036=129 248 412,9240466
2021-01-12 09:46:57 INFO  root:270 - 335646510250007*284.2718306784506=9,541484792960282e+16
2021-01-12 09:46:58 INFO  root:270 - 153416565276288*578748833636.252=8,87896582141316e+25
2021-01-12 09:46:59 INFO  root:270 - 43503870506.87245*2473.005770416685=107 585 322 798 955,8
2021-01-12 09:47:00 INFO  root:270 - 871.1460170776327*7.108158817561320=6 192,244242673799
2021-01-12 09:47:02 INFO  root:270 - 1357.725140327207*48648446527273=6,605121888794236e+16
2021-01-12 09:47:03 INFO  root:270 - 365226630810130*83325604266177.23=3,04327297063541e+28
2021-01-12 09:47:04 INFO  root:270 - 437158.2556163857*778044641804376=3,401286384028767e+20
2021-01-12 09:47:05 INFO  root:270 - 62340.51855834367*32531202880.24048=2 028 012 056 880 875
2021-01-12 09:47:06 INFO  root:270 - 475.4376724005822*12151206813264.0=5 777 141 484 156 332
2021-01-12 09:47:07 INFO  root:270 - 185253375322733*77880035.2354051=1,442753939761217e+22
2021-01-12 09:47:08 INFO  root:270 - 71062668321616.11*6757142810805.510=4,801805983660648e+26
2021-01-12 09:47:10 INFO  root:270 - 574721470558310*672.4537603113527=3,864736140086059e+17
2021-01-12 09:47:11 INFO  root:270 - 30180581.4441023*837284746.1006524=2,526974047159526e+16
2021-01-12 09:47:12 INFO  root:270 - 141274.8435105451*27.82676337542350=3 931 221,641267923
2021-01-12 09:47:13 INFO  root:270 - 3042813800354.078*4.14664555676525=12 617 470 325 302,22
2021-01-12 09:47:14 INFO  root:270 - 6.441548024332842*6515.441187310487=41 969,52730777669
2021-01-12 09:47:16 INFO  root:270 - 436460817.8840655*6411517.106316206=2 798 376 000 100 448
2021-01-12 09:47:17 INFO  root:270 - 4521038740.13522*5.455112253338738=24 662 773 829,13077
2021-01-12 09:47:18 INFO  root:270 - 884823.0613572866*566102885163532=5,009008878935888e+20
2021-01-12 09:47:19 INFO  root:270 - 61.43063761266458*1.307465245773573=80,31842370426979
2021-01-12 09:48:49 INFO  root:217 - multiplication tests status: start
2021-01-12 09:49:04 INFO  root:271 - 8.771753850380375*670081027174376=5 877 785 830 183 669
2021-01-12 09:49:05 INFO  root:271 - 425104556443575*60.65074378616336=2,578290753518989e+16
2021-01-12 09:49:06 INFO  root:271 - 5.040730203615407*643136.6505282354=3 241 878,339369723
2021-01-12 09:49:07 INFO  root:271 - 513301004153604*3173.841112578701=1,629135830110639e+18
2021-01-12 09:49:08 INFO  root:271 - 35558.53067465187*5.141500615568212=182 824,2073524237
2021-01-12 09:49:10 INFO  root:271 - 45801648207.65816*43.75027626853518=2 003 834 762 639,304
2021-01-12 09:49:11 INFO  root:271 - 366188662712133*22737524.77010644=8,326223788949277e+21
2021-01-12 09:49:12 INFO  root:271 - 5382172.323654338*4485.672716623003=24 142 663 548,37969
2021-01-12 09:49:13 INFO  root:271 - 617124161666811*110348153.27415=6,809851158079058e+22
2021-01-12 09:49:14 INFO  root:271 - 4.112127688508450*62.40683704076028=256,6248825475451
2021-01-12 09:49:15 INFO  root:271 - 511854574545088*378682441021.4713=1,938303397367406e+26
2021-01-12 09:49:17 INFO  root:271 - 744677150704246*284845576101850=2,121179920022351e+29
2021-01-12 09:49:18 INFO  root:271 - 83082.04255883766*7.288382676322254=605 533,7196993006
2021-01-12 09:49:19 INFO  root:271 - 662747.4616000813*12640514685534=8,377469021156208e+18
2021-01-12 09:49:20 INFO  root:271 - 380.0851411871555*353.4831642284202=134 353,6983830416
2021-01-12 09:49:21 INFO  root:271 - 5518018.776132331*56.87408172507202=313 832 250,8342321
2021-01-12 09:49:22 INFO  root:271 - 863764656.474307*68051274135.84207=5,878028542658452e+19
2021-01-12 09:49:23 INFO  root:271 - 6112653114323.107*83.15612306406522=508 304 534 622 593,8
2021-01-12 09:49:25 INFO  root:271 - 252.5336535823*776501.3652848238=196 092 726,7870207
2021-01-12 09:49:26 INFO  root:271 - 28273011542.50862*320508612386187=9,061743697468086e+24
2021-01-12 09:49:27 INFO  root:274 - multiplication tests status: finish
2021-01-12 11:25:13 INFO  root:239 - multiplication tests status: start
2021-01-12 11:25:13 INFO  root:293 - 2.17406373215254*38184.7010512841=83 015,97367868373
2021-01-12 11:25:14 INFO  root:293 - 2025213.227242504*673278570467085=1,363532666528865e+21
2021-01-12 11:25:15 INFO  root:293 - 61378044362.73171*55706464.67320738=3,419153860003069e+18
2021-01-12 11:25:16 INFO  root:293 - 7182.138401014755*45144.35757645257=324 233 024,1389814
2021-01-12 11:25:17 INFO  root:293 - 157025.8377082843*771.366670183844=121 124 497,565868
2021-01-12 11:25:19 INFO  root:293 - 508025600654486.7*4.377815541560367=2 224 042 370 055 752
2021-01-12 11:25:20 INFO  root:293 - 745531131.3234727*73528083.36652640=5,481747517629304e+16
2021-01-12 11:25:21 INFO  root:293 - 153548843260531*761515236.3402341=1,169297836653128e+23
2021-01-12 11:25:22 INFO  root:293 - 4167304428.256221*83771616422.80800=3,491018280809493e+20
2021-01-12 11:25:23 INFO  root:293 - 654333170022.4232*5776187.143231750=3,779550844073596e+18
2021-01-12 11:25:24 INFO  root:293 - 832225675877233*1676.484660288175=1,39521357950614e+18
2021-01-12 11:25:26 INFO  root:293 - 653768533082802*387780.6483464152=2,535187856273338e+20
2021-01-12 11:25:27 INFO  root:293 - 685385076183245*4740.120103512721=3,248807578263797e+18
2021-01-12 11:25:28 INFO  root:293 - 714727078254502*33.10728767704705=2,366267499034712e+16
2021-01-12 11:25:29 INFO  root:293 - 202377317.08003*4032603.320537117=816 107 440 858 322
2021-01-12 11:25:30 INFO  root:293 - 32511432716657*20550.38403618843=6,681224278940023e+17
2021-01-12 11:25:31 INFO  root:293 - 116.1075738413637*33.67333706821303=3 909,729470132674
2021-01-12 11:25:32 INFO  root:293 - 153.7676810878203*802557368711118=1,234073855266514e+17
2021-01-12 11:25:33 INFO  root:293 - 76612.05372186634*1515.452070561344=116 101 895,4427593
2021-01-12 11:25:35 INFO  root:293 - 880.5118861458074*21.13256856172424=18 607,4778033894
2021-01-12 11:25:36 INFO  root:296 - multiplication tests status: passed
2021-01-12 11:40:22 INFO  root:220 - division tests status: start
2021-01-12 11:40:22 INFO  root:258 - 77063154.86708146/385624.2801753507=29 717 423 623 659,86
2021-01-12 11:41:03 INFO  root:220 - division tests status: start
2021-01-12 11:41:03 INFO  root:258 - 187300.3148578615/25.14024187466241=7 450,219285544428
2021-01-12 11:41:04 INFO  root:258 - 801705616.8506436/30762.75872147781=26 060,91424079311
2021-01-12 11:41:05 INFO  root:258 - 3278452138136.285/20656376642.3170=158,7138051801395
2021-01-12 11:41:06 INFO  root:258 - 68.37371278068652/6153507571238=0,0000000000111113
2021-01-12 11:41:07 INFO  root:258 - 330644453.4411526/712856505414125=0,0000004638303094
2021-01-12 11:41:08 INFO  root:258 - 76422520.21152277/3673.000067228548=20 806,56651585285
2021-01-12 11:41:09 INFO  root:258 - 673578.1575432066/0.535248010377484=1 258 441,216938229
2021-01-12 11:41:10 INFO  root:258 - 53535628836.4848/1284360.60418041=41 682,70862733876
2021-01-12 11:41:12 INFO  root:258 - 303532451484766/744458185882787=0,4077226327021091
2021-01-12 11:41:13 INFO  root:258 - 3825.841473673056/4075178888.765075=0,0000009388155902
2021-01-12 11:41:14 INFO  root:258 - 43862.71300840548/205804438111136.4=0,0000000002131281
2021-01-12 11:41:15 INFO  root:258 - 3178.625550604502/278872162811.3413=0,0000000113981457
2021-01-12 11:41:16 INFO  root:258 - 78.08017682288312/482763744.4076185=0,0000001617357926
2021-01-12 11:41:17 INFO  root:258 - 17747.55407566872/376680423663.4881=0,0000000471156794
2021-01-12 11:41:19 INFO  root:258 - 317050670.5388502/437723453564085=0,0000007243173012
2021-01-12 11:41:20 INFO  root:258 - 412731220327.1832/4184.232873182205=98 639 639,0536676
2021-01-12 11:41:21 INFO  root:258 - 168880748141658/0.57703082356438=292 671 970 447 720,4
2021-01-12 11:41:22 INFO  root:258 - 31183.50070020052/650745844.5272544=0,0000479196309319
2021-01-12 11:41:23 INFO  root:258 - 352768824.8734412/185478022855.6286=0,0019019440656213
2021-01-12 11:41:25 INFO  root:258 - 40371261858474.06/56886.14005251373=709 685 378,9201699
2021-01-12 11:41:26 INFO  root:261 - division tests status: passed
2021-01-12 11:41:44 INFO  root:220 - division tests status: start
2021-01-12 11:41:44 INFO  root:258 - 4510630708883.26/604632875642.562=2,727275616473733e+24
2021-01-12 11:42:02 INFO  root:220 - division tests status: start
2021-01-12 11:42:02 INFO  root:258 - 16857581817448.80/444272.3430484357=37 944 252,17149055
2021-01-12 11:42:03 INFO  root:258 - 58033.47530726552/17800624322.8700=0,0000032601932525
2021-01-12 11:42:04 INFO  root:258 - 667.8688855064064/55751720066.06884=0,0000000119793413
2021-01-12 11:42:05 INFO  root:258 - 22.72710521742316/802.4782712057586=0,0283211471673553
2021-01-12 11:42:06 INFO  root:258 - 722813615185174/415231212300.0087=1 740,749716721521
2021-01-12 11:42:07 INFO  root:258 - 8.087373487574727/1.258162170458516=6,427926127064701
2021-01-12 11:42:09 INFO  root:258 - 764.2826305362372/768742504464.2702=0,0000000009941985
2021-01-12 11:42:10 INFO  root:258 - 80.28221120752011/366485328.0367201=0,0000002190598233
2021-01-12 11:42:11 INFO  root:258 - 2.427680643835682/4457851755200.512=0,0000000000005446
2021-01-12 11:42:12 INFO  root:258 - 680483704.2436358/33754866504.8257=0,0201595732617207
2021-01-12 11:42:13 INFO  root:258 - 6331523.240373723/5311561.642600002=1,192026689400229
2021-01-12 11:42:14 INFO  root:258 - 412063288251.510/423.0571166765238=974 013 370,79168
2021-01-12 11:42:16 INFO  root:258 - 1247.702384224056/753.1416535042707=1,656663628174937
2021-01-12 11:42:17 INFO  root:258 - 822.1343037648284/640154611471085=0,0000000000012843
2021-01-12 11:42:18 INFO  root:258 - 433031782664833.4/850554115441335=0,509117262268659
2021-01-12 11:42:19 INFO  root:258 - 836782684431.0237/230754372628.7405=3,626291778996184
2021-01-12 11:42:20 INFO  root:258 - 75040308636.17142/4532168843382.32=0,0165572623680475
2021-01-12 11:42:22 INFO  root:258 - 206553046823242/822063763280775=0,251261588272556
2021-01-12 11:42:23 INFO  root:258 - 488.5085876122761/68331151.87131764=0,000007149134388
2021-01-12 11:42:24 INFO  root:258 - 864546203643275/15888013.30847783=54 414 997,44854531
2021-01-12 11:42:25 INFO  root:261 - division tests status: passed
2021-01-12 11:48:03 INFO  root:220 - division tests status: start
2021-01-12 11:48:47 INFO  root:220 - division tests status: start
2021-01-12 11:49:23 INFO  root:220 - division tests status: start
2021-01-12 11:50:54 INFO  root:220 - division tests status: start
2021-01-12 11:51:32 INFO  root:220 - division tests status: start
2021-01-12 11:51:38 INFO  root:275 - 5751220706.811440 / 7.651725670678205 = 751 624 006,706148
2021-01-12 11:51:39 INFO  root:275 - 3357.724047766820 / 441738273678038 = 0,0000000000076012
2021-01-12 11:51:40 INFO  root:275 - 361036540487857 / 715.8218247057073 = 504 366 489 016,0179
2021-01-12 11:51:41 INFO  root:275 - 833.7833407014063 / 3402.211564011824 = 0,245070985449895
2021-01-12 11:51:43 INFO  root:275 - 3.785710652852076 / 5.446000616267486 = 0,6951359207606334
2021-01-12 11:51:44 INFO  root:275 - 544.7261643202525 / 125.8748066474380 = 4,327523345048488
2021-01-12 11:51:45 INFO  root:275 - 13.58735668830001 / 51.13633415140604 = 0,265708461777298
2021-01-12 11:51:46 INFO  root:275 - 55.04431841706527 / 7.488888608867641 = 7,350131814203638
2021-01-12 11:51:47 INFO  root:275 - 2767160722.523537 / 78608.58303544267 = 35 201,76316212051
2021-01-12 11:51:49 INFO  root:275 - 1.510405037345236 / 155382.1155337856 = 0,0000097205848444
2021-01-12 11:51:50 INFO  root:275 - 70103101873.01016 / 6554420436.072074 = 10,69554548060415
2021-01-12 11:51:51 INFO  root:275 - 570152472332416 / 8432.680086578432 = 67 612 249 780,45573
2021-01-12 11:51:52 INFO  root:275 - 5.448683681070670 / 3163.064567188857 = 0,0017225964141204
2021-01-12 11:51:53 INFO  root:275 - 706181038003334 / 3.331301778624072 = 211 983 508 229 328,9
2021-01-12 11:51:55 INFO  root:275 - 443280417588476 / 12.71403036503521 = 34 865 452 170 661,73
2021-01-12 11:51:56 INFO  root:275 - 8048.643026076215 / 776044668546628 = 0,0000000000103714
2021-01-12 11:51:57 INFO  root:275 - 6.754161320468515 / 687564176140270 = 0,0000000000000098
2021-01-12 11:51:58 INFO  root:275 - 315130264768130 / 834267334862762.6 = 0,3777329539337281
2021-01-12 11:51:59 INFO  root:275 - 8120.833867026150 / 112426.111471058 = 0,0722326313768907
2021-01-12 11:52:00 INFO  root:275 - 157535756808358 / 16428277.0235017 = 9 589 304,866419834
2021-01-12 11:52:01 INFO  root:278 - division tests status: passed
2021-01-12 12:16:55 INFO  root:345 - exponentOfTwo tests status: start
2021-01-12 12:16:59 INFO  root:367 - 840502641677888 * 271828071602588 = 568 674 570 075 300
2021-01-12 12:20:38 INFO  root:346 - exponentOfTwo tests status: start
2021-01-12 12:20:42 INFO  root:367 - 8807460.535650153² = 77 571 361 087 034,88
2021-01-12 12:21:22 INFO  root:346 - exponentOfTwo tests status: start
2021-01-12 12:21:26 INFO  root:367 - 216260460776471² = 4,676858689525155e+28
2021-01-12 12:21:44 INFO  root:346 - exponentOfTwo tests status: start
2021-01-12 12:21:48 INFO  root:367 - 562132.3125214864² = 315 992 736 780,7541
2021-01-12 12:21:48 INFO  root:367 - 163270202766372.1² = 2,665715911137226e+28
2021-01-12 12:21:49 INFO  root:367 - 412451280833881² = 1,70116059061509e+29
2021-01-12 12:21:50 INFO  root:367 - 618166475522383.2² = 3,821297914597652e+29
2021-01-12 12:21:50 INFO  root:367 - 811.7315105365313² = 658 908,0451979188
2021-01-12 12:21:51 INFO  root:367 - 5.07115786035330² = 25,71664204462306
2021-01-12 12:21:51 INFO  root:367 - 74.78813605766235² = 5 593,265294979415
2021-01-12 12:21:52 INFO  root:367 - 655581068470457² = 4,29786537336866e+29
2021-01-12 12:21:53 INFO  root:367 - 1133626543.005182² = 1,28510913900588e+18
2021-01-12 12:21:53 INFO  root:367 - 78100135828.40310² = 6,099631216415014e+21
2021-01-12 12:21:54 INFO  root:367 - 4232.487870433561² = 17 913 953,57336722
2021-01-12 12:21:55 INFO  root:367 - 856616.2148755336² = 733 791 339 587,6864
2021-01-12 12:21:55 INFO  root:367 - 5470.647263767771² = 29 927 981,4845698
2021-01-12 12:21:56 INFO  root:367 - 8.526028677044788² = 72,6931650017901
2021-01-12 12:21:57 INFO  root:367 - 28855.53183737847² = 832 641 717,6179625
2021-01-12 12:21:57 INFO  root:367 - 6.711523350075120² = 45,04454567860356
2021-01-12 12:21:58 INFO  root:367 - 848337427030.1468² = 7,196763901001296e+23
2021-01-12 12:21:58 INFO  root:367 - 667185.4070631571² = 445 136 367 398,0306
2021-01-12 12:21:59 INFO  root:367 - 632675503052.2784² = 4,002782921624535e+23
2021-01-12 12:22:00 INFO  root:367 - 83.30306531747533² = 6 939,400691287561
2021-01-12 12:22:00 INFO  root:370 - exponentOfTwo tests status: passed
2021-01-12 12:22:16 INFO  root:375 - subtraction tests status: start
2021-01-12 12:22:16 INFO  root:382 - 0.436105855685180 - 838740251465324 = -838 740 251 465 323,6
2021-01-12 12:22:32 INFO  root:375 - subtraction tests status: start
2021-01-12 12:22:32 INFO  root:382 - 42701322864.81824 - 765003670870388 = -764 960 969 547 523,2
2021-01-12 12:22:33 INFO  root:382 - 24736356586.07855 - 2.187668447345166 = 24 736 356 583,89088
2021-01-12 12:22:35 INFO  root:382 - 348713526201475 - 28512.01411733357 = 348 713 526 172 963
2021-01-12 12:22:36 INFO  root:382 - 13.76203176061821 - 2.022815621123710 = 11,7392161394945
2021-01-12 12:22:37 INFO  root:382 - 263775704728604 - 74.21332206255188 = 263 775 704 728 529,8
2021-01-12 12:22:38 INFO  root:382 - 6.023680815214537 - 7.870803538007630 = -1,847122722793093
2021-01-12 12:22:39 INFO  root:382 - 78.66161815132274 - 581842611815614 = -581 842 611 815 535,3
2021-01-12 12:22:40 INFO  root:382 - 425.0250776322445 - 4.616663716253436 = 420,4084139159911
2021-01-12 12:22:41 INFO  root:382 - 235317660236415 - 4881.476424778727 = 235 317 660 231 533,5
2021-01-12 12:22:43 INFO  root:382 - 305.7234441760306 - 76606108868.65543 = -76 606 108 562,93199
2021-01-12 12:22:44 INFO  root:382 - 4.136220546631482 - 41667.77478762451 = -41 663,63856707788
2021-01-12 12:22:45 INFO  root:382 - 854.8028055534336 - 776172678742787 = -776 172 678 741 932,2
2021-01-12 12:22:46 INFO  root:382 - 3638870.601802868 - 745080084744763 = -745 080 081 105 892,4
2021-01-12 12:22:47 INFO  root:382 - 688.3842623568887 - 6463.676351847254 = -5 775,292089490365
2021-01-12 12:22:48 INFO  root:382 - 862808075380501 - 605400165424206 = 257 407 909 956 295
2021-01-12 12:22:49 INFO  root:382 - 12.23235633856075 - 484028287385208 = -484 028 287 385 195,8
2021-01-12 12:22:51 INFO  root:382 - 2704.648840850536 - 32.43214311663677 = 2 672,216697733899
2021-01-12 12:22:52 INFO  root:382 - 18.16008014381307 - 4446.281166386130 = -4 428,121086242317
2021-01-12 12:22:53 INFO  root:382 - 10.40878445567682 - 421.7477487227081 = -411,3389642670313
2021-01-12 12:22:54 INFO  root:382 - 2381478670375.571 - 26828367.60852225 = 2 381 451 842 007,962
2021-01-12 12:22:55 INFO  root:385 - subtraction tests status: passed
2021-01-12 12:41:54 INFO  root:282 - multiplication tests status: start
2021-01-12 12:41:56 INFO  root:373 - subtraction tests status: start
2021-01-12 12:41:56 INFO  root:380 - 2423.710076820781 - 58.75211024156328 = 2 364,957966579218
2021-01-12 12:42:01 INFO  root:344 - exponentOfTwo tests status: start
2021-01-12 12:42:12 INFO  root:219 - division tests status: start
2021-01-12 12:42:16 INFO  root:388 - addition tests status: start
2021-01-12 12:44:45 INFO  root:282 - multiplication tests status: start
2021-01-12 12:44:59 INFO  root:336 - 2.322632702582835 * 885763342727627.5 = 2 057 302 906 568 275
2021-01-12 12:45:00 INFO  root:336 - 745316.0582588335 * 2540158.511887710 = 1 893 220 929 432,772
2021-01-12 12:45:02 INFO  root:336 - 23464132524876.56 * 2482.518876225553 = 5,825015190726401e+16
2021-01-12 12:45:03 INFO  root:336 - 4.533486565117064 * 68660.13802672222 = 311 269,8133032284
2021-01-12 12:45:04 INFO  root:336 - 254.2414436352348 * 84.21674757540448 = 21 411,387481835
2021-01-12 12:45:05 INFO  root:336 - 121256665.1607500 * 3852.844484275440 = 467 183 073 546,2295
2021-01-12 12:45:06 INFO  root:336 - 663.6480225033317 * 733.3460275113563 = 486 683,6409685855
2021-01-12 12:45:07 INFO  root:336 - 15.67738712516115 * 511170480642600 = 8 013 817 511 988 734
2021-01-12 12:45:09 INFO  root:336 - 55166.54803674775 * 553466328810.840 = 3,053282681506563e+16
2021-01-12 12:45:10 INFO  root:336 - 6546.415082376462 * 3440416708573.832 = 2,252239583066772e+16
2021-01-12 12:45:11 INFO  root:336 - 74.46741184165284 * 33858225.25362517 = 2 521 334 404,189156
2021-01-12 12:45:12 INFO  root:336 - 5244562.247557635 * 6033.111007570481 = 31 641 026 225,62855
2021-01-12 12:45:13 INFO  root:336 - 828823805463132 * 34820548304407 = 2,886009935397142e+28
2021-01-12 12:45:14 INFO  root:336 - 13604073347758.03 * 616.8566623330854 = 8 391 763 279 432 502
2021-01-12 12:45:15 INFO  root:336 - 356702842601207.7 * 54527.16024856612 = 1,944999305963511e+19
2021-01-12 12:45:17 INFO  root:336 - 18782004053.44611 * 17237728242.03612 = 3,237590817141249e+20
2021-01-12 12:45:18 INFO  root:336 - 47.30708014612516 * 774302400728324 = 3,662998572859194e+16
2021-01-12 12:45:19 INFO  root:336 - 831477105172732 * 870788641312260 = 7,240408186956144e+29
2021-01-12 12:45:20 INFO  root:336 - 41563440818231 * 258.021476442513 = 1,072426036595097e+16
2021-01-12 12:45:21 INFO  root:336 - 6855.053637386864 * 276.0367548886283 = 1 892 246,760651758
2021-01-12 12:45:22 INFO  root:339 - multiplication tests status: passed
2021-01-12 12:45:23 INFO  root:373 - subtraction tests status: start
2021-01-12 12:45:23 INFO  root:380 - 5.528072604814884 - 10.35758832111007 = -4,829515716295186
2021-01-12 12:45:24 INFO  root:380 - 108151766318640 - 3624.423163635444 = 108 151 766 315 015,6
2021-01-12 12:45:25 INFO  root:380 - 5.348667250150250 - 565427326051021 = -565 427 326 051 015,7
2021-01-12 12:45:26 INFO  root:380 - 642048180184.7731 - 34214417.27741884 = 642 013 965 767,4957
2021-01-12 12:45:27 INFO  root:380 - 467.3633042585546 - 17173266227.53623 = -17 173 265 760,17293
2021-01-12 12:45:28 INFO  root:380 - 6.252306547711305 - 60272.58270452063 = -60 266,33039797292
2021-01-12 12:45:29 INFO  root:380 - 734.8604643615734 - 1033.328128755225 = -298,4676643936516
2021-01-12 12:45:31 INFO  root:380 - 2282540880.510042 - 207014430563161 = -207 012 148 022 280,5
2021-01-12 12:45:32 INFO  root:380 - 6408.061345671528 - 27240473.00758177 = -27 234 064,9462361
2021-01-12 12:45:33 INFO  root:380 - 772671577460565 - 28.5758644778825 = 772 671 577 460 536,4
2021-01-12 12:45:34 INFO  root:380 - 30.02025461237364 - 1124.686044504565 = -1 094,665789892191
2021-01-12 12:45:35 INFO  root:380 - 67.77386765145813 - 82535430845.44188 = -82 535 430 777,66801
2021-01-12 12:45:36 INFO  root:380 - 856000625235176.4 - 67.75731320588147 = 856 000 625 235 108,6
2021-01-12 12:45:38 INFO  root:380 - 80106650563.88862 - 2.834824130626660 = 80 106 650 561,0538
2021-01-12 12:45:39 INFO  root:380 - 632.5450578225486 - 21745274.66671277 = -21 744 642,12165495
2021-01-12 12:45:40 INFO  root:380 - 73270.00413140022 - 838127.575283232 = -764 857,5711518318
2021-01-12 12:45:41 INFO  root:380 - 60404.37363805186 - 514530547667453 = -514 530 547 607 048,6
2021-01-12 12:45:42 INFO  root:380 - 666570565452423 - 5.215810137745455 = 666 570 565 452 417,8
2021-01-12 12:45:43 INFO  root:380 - 337660120040148 - 608508157133767 = -270 848 037 093 619
2021-01-12 12:45:44 INFO  root:380 - 3742654.811012812 - 1234717.724388763 = 2 507 937,086624049
2021-01-12 12:45:46 INFO  root:383 - subtraction tests status: passed
2021-01-12 12:45:55 INFO  root:344 - exponentOfTwo tests status: start
2021-01-12 12:45:58 INFO  root:365 - 571025347.2773610² = 3,260699472332307e+17
2021-01-12 12:45:59 INFO  root:365 - 21.88534386353401² = 478,9682760251257
2021-01-12 12:46:00 INFO  root:365 - 7.382506713038170² = 54,50140536805364
2021-01-12 12:46:00 INFO  root:365 - 75368.12840220773² = 5 680 354 778,851672
2021-01-12 12:46:01 INFO  root:365 - 82507.60457874463² = 6 807 504 813,322482
2021-01-12 12:46:02 INFO  root:365 - 125.4351713504756² = 15 733,98221172317
2021-01-12 12:46:02 INFO  root:365 - 882636784105763² = 7,790476926565633e+29
2021-01-12 12:46:03 INFO  root:365 - 776461211364312² = 6,028920127533348e+29
2021-01-12 12:46:03 INFO  root:365 - 485.6026306433525² = 235 809,9148877442
2021-01-12 12:46:04 INFO  root:365 - 442576402404454² = 1,958738719652692e+29
2021-01-12 12:46:05 INFO  root:365 - 725457352.5407172² = 5,262883703553864e+17
2021-01-12 12:46:05 INFO  root:365 - 7441663763.405258² = 5,537835956757891e+19
2021-01-12 12:46:06 INFO  root:365 - 66042811.0384373² = 4 361 652 889 858 736
2021-01-12 12:46:06 INFO  root:365 - 3.218731200865738² = 10,3602305434266
2021-01-12 12:46:07 INFO  root:365 - 5806858.51835078² = 33 719 605 852 143,02
2021-01-12 12:46:08 INFO  root:365 - 66424.64305401235² = 4 412 233 204,852951
2021-01-12 12:46:08 INFO  root:365 - 5.813023246040080² = 33,79123925900235
2021-01-12 12:46:09 INFO  root:365 - 8.081316684107461² = 65,30767934883361
2021-01-12 12:46:09 INFO  root:365 - 217265.2817038724² = 47 204 202 633,86303
2021-01-12 12:46:10 INFO  root:365 - 33563503680077.86² = 1,1265087792826e+27
2021-01-12 12:46:11 INFO  root:368 - exponentOfTwo tests status: passed
2021-01-12 12:46:35 INFO  root:219 - division tests status: start
2021-01-12 12:46:52 INFO  root:274 - 35.57460877431557 / 743.1426812510324 = 0,0478704960323743
2021-01-12 12:46:53 INFO  root:274 - 372616708234.1713 / 3312025646251.511 = 0,1125041735881158
2021-01-12 12:46:54 INFO  root:274 - 384107440516846 / 308.0516586112418 = 1 246 892 947 268,905
2021-01-12 12:46:55 INFO  root:274 - 317.3763610316125 / 47256.46530385151 = 0,0067160410536618
2021-01-12 12:46:56 INFO  root:274 - 464.1121323123757 / 611241205402305 = 0,0000000000007593
2021-01-12 12:46:57 INFO  root:274 - 6302510.032311827 / 87467567.06855060 = 0,0720553942854314
2021-01-12 12:46:59 INFO  root:274 - 776512642147550 / 574681373882681 = 1,351205515677757
2021-01-12 12:47:00 INFO  root:274 - 70.25824202738247 / 425340318686707 = 0,0000000000001652
2021-01-12 12:47:01 INFO  root:274 - 767100551216128 / 40887417878124.06 = 18,76128625932499
2021-01-12 12:47:02 INFO  root:274 - 57.43077552086253 / 4061133656006.788 = 0,0000000000141416
2021-01-12 12:47:03 INFO  root:274 - 536.8606815614468 / 356.1005541754837 = 1,507609789612644
2021-01-12 12:47:04 INFO  root:274 - 4335641232.427575 / 843.6470567267383 = 5 139 164,770217307
2021-01-12 12:47:05 INFO  root:274 - 251438.1014442837 / 6176.068254114817 = 40,71167789908452
2021-01-12 12:47:07 INFO  root:274 - 4864.062863588366 / 547.8248224725576 = 8,878865403788861
2021-01-12 12:47:08 INFO  root:274 - 75621252.54740501 / 482175871044662 = 0,0000001568333405
2021-01-12 12:47:09 INFO  root:274 - 34573208.07340532 / 0.132647748110583 = 260 639 238,6290874
2021-01-12 12:47:10 INFO  root:274 - 18.18615218720658 / 557727474041658 = 0,0000000000000326
2021-01-12 12:47:11 INFO  root:274 - 216421121880845 / 3634363.733184815 = 59 548 558,63895435
2021-01-12 12:47:12 INFO  root:274 - 3170851.450544320 / 356011.626753060 = 8,90659521281229
2021-01-12 12:47:13 INFO  root:274 - 5541654.824336322 / 601.1272636278453 = 9 218,771397743708
2021-01-12 12:47:15 INFO  root:277 - division tests status: passed
2021-01-12 12:47:24 INFO  root:388 - addition tests status: start
2021-01-12 12:48:11 INFO  root:456 - 46462181.01806317 * 384254326830870 = 384 254 373 293 051
2021-01-12 12:49:25 INFO  root:388 - addition tests status: start
2021-01-12 12:50:13 INFO  root:456 - 336250.7158361660 * 2.267107643446141 = 336 252,9829438094
2021-01-12 12:50:14 INFO  root:456 - 75044134.2363447 * 68.88431047230626 = 75 044 203,12065517
2021-01-12 12:50:15 INFO  root:456 - 821.5222350162545 * 653323616015208 = 653 323 616 016 029,5
2021-01-12 12:50:16 INFO  root:456 - 678280746.1158552 * 1127.866607206418 = 678 281 873,9824624
2021-01-12 12:50:17 INFO  root:456 - 230582.8367676876 * 10.38540832221023 = 230 593,2221760098
2021-01-12 12:50:19 INFO  root:456 - 25523481211232.68 * 154.1560458017720 = 25 523 481 211 386,84
2021-01-12 12:50:20 INFO  root:456 - 58.54488736752153 * 4125836.855366522 = 4 125 895,40025389
2021-01-12 12:50:21 INFO  root:456 - 10062.53713436412 * 3067.25560617201 = 13 129,79274053613
2021-01-12 12:50:22 INFO  root:456 - 1341144181.53560 * 701683886267536 = 701 685 227 411 717,5
2021-01-12 12:50:23 INFO  root:456 - 501183.6112051633 * 117288862656116 = 117 288 863 157 299,6
2021-01-12 12:50:24 INFO  root:456 - 11.30043244851415 * 44380.25755054181 = 44 391,55798299032
2021-01-12 12:50:25 INFO  root:456 - 3.21648835538147 * 654047643208376 = 654 047 643 208 379,2
2021-01-12 12:50:27 INFO  root:456 - 7.226687404117517 * 6680374.161864063 = 6 680 381,388551467
2021-01-12 12:50:28 INFO  root:456 - 832765.1727175047 * 621802.4266187542 = 1 454 567,599336259
2021-01-12 12:50:29 INFO  root:456 - 24482018782.12272 * 5.644175617210162 = 24 482 018 787,7669
2021-01-12 12:50:30 INFO  root:456 - 286158678247285 * 711708882761.3272 = 286 870 387 130 046,3
2021-01-12 12:50:31 INFO  root:456 - 517621505557881 * 8581.173452885605 = 517 621 505 566 462,2
2021-01-12 12:50:32 INFO  root:456 - 106605503758.0688 * 547830002741214 = 547 936 608 244 972,1
2021-01-12 12:50:33 INFO  root:456 - 4643.212748125041 * 25.37431215287260 = 4 668,587060277914
2021-01-12 12:50:35 INFO  root:456 - 48.76232851710513 * 4.383551702154102 = 53,14588021925923
2021-01-12 12:50:36 INFO  root:459 - addition tests status: passed
2021-01-12 13:04:37 INFO  root:555 - squareRoot tests status: start
2021-01-12 13:04:37 INFO  root:560 - √(30,7248478240280)  = 5,542999893922784
2021-01-12 13:04:37 INFO  root:560 - √(4268763,261785282)  = 2 066,098560520597
2021-01-12 13:04:38 INFO  root:560 - √(57427126640373,24)  = 7 578 068,793589383
2021-01-12 13:04:39 INFO  root:560 - √(565466865164047)  = 23 779 547,20267076
2021-01-12 13:04:39 INFO  root:560 - √(1,434454423815440)  = 1,197687114323036
2021-01-12 13:04:40 INFO  root:560 - √(76376,8721468642)  = 276,3636592369992
2021-01-12 13:04:40 INFO  root:560 - √(727,6315711462583)  = 26,97464682152962
2021-01-12 13:04:41 INFO  root:560 - √(6,813566230621874)  = 2,610280871979465
2021-01-12 13:04:42 INFO  root:560 - √(23,71725605752860)  = 4,870036556077233
2021-01-12 13:04:43 INFO  root:560 - √(846852511157126)  = 29 100 730,42308605
2021-01-12 13:04:43 INFO  root:560 - √(521,8530654070518)  = 22,84410351506602
2021-01-12 13:04:44 INFO  root:560 - √(142885518623560)  = 11 953 473,07787824
2021-01-12 13:04:45 INFO  root:560 - √(50831820,32401864)  = 7 129,643772589107
2021-01-12 13:04:46 INFO  root:560 - √(82231711188005)  = 9 068 170,222707831
2021-01-12 13:04:46 INFO  root:560 - √(7486867540161,776)  = 2 736 214,088875682
2021-01-12 13:04:47 INFO  root:560 - √(875367633720613)  = 29 586 612,40697578
2021-01-12 13:04:48 INFO  root:560 - √(3856460,012651157)  = 1 963,787160730805
2021-01-12 13:04:48 INFO  root:560 - √(8,247041284342452)  = 2,871766230796381
2021-01-12 13:04:49 INFO  root:560 - √(887424615166662)  = 29 789 672,96172722
2021-01-12 13:04:50 INFO  root:560 - √(483446348563,3406)  = 695 303,0623859934
2021-01-12 13:04:50 INFO  root:563 - exponentOfTwo tests status: passed
2021-01-12 13:57:11 INFO  root:559 - squareRoot tests status: start
2021-01-12 13:57:11 INFO  root:564 - √(5385321,325755376)  = 2 320,629510662005
2021-01-12 13:57:11 INFO  root:564 - √(8580354,66576636)  = 2 929,224242997856
2021-01-12 13:57:12 INFO  root:564 - √(8300741531,328058)  = 91 108,40538242373
2021-01-12 13:57:13 INFO  root:564 - √(4065575788,254101)  = 63 761,86782281477
2021-01-12 13:57:13 INFO  root:564 - √(161323151318,6811)  = 401 650,5338209836
2021-01-12 13:57:14 INFO  root:564 - √(416,0731713233604)  = 20,39787173514336
2021-01-12 13:57:14 INFO  root:564 - √(80,26162554633632)  = 8,958885284807275
2021-01-12 13:57:15 INFO  root:564 - √(367648568272243)  = 19 174 164,0827506
2021-01-12 13:57:16 INFO  root:564 - √(417327,5688604257)  = 646,0089541642791
2021-01-12 13:57:16 INFO  root:564 - √(0,601636353138821)  = 0,7756522114574424
2021-01-12 13:57:17 INFO  root:564 - √(86,14288816324454)  = 9,281319311565815
2021-01-12 13:57:18 INFO  root:564 - √(7444234783,022248)  = 86 279,97903930116
2021-01-12 13:57:18 INFO  root:564 - √(20,38783622126313)  = 4,51528916253025
2021-01-12 13:57:19 INFO  root:564 - √(1582,852322612407)  = 39,78507663197857
2021-01-12 13:57:20 INFO  root:564 - √(75374224,71113855)  = 8 681,83302713998
2021-01-12 13:57:20 INFO  root:564 - √(768242321865168)  = 27 717 184,59485321
2021-01-12 13:57:21 INFO  root:564 - √(587201,4302032554)  = 766,2906956261804
2021-01-12 13:57:21 INFO  root:564 - √(335363,4706623703)  = 579,1057508455345
2021-01-12 13:57:22 INFO  root:564 - √(1,614143318252724)  = 1,270489401078468
2021-01-12 13:57:23 INFO  root:564 - √(30231564267,21203)  = 173 872,2642263913
2021-01-12 13:57:23 INFO  root:567 - exponentOfTwo tests status: passed
2021-01-12 14:05:19 INFO  root:561 - squareRoot tests status: start
2021-01-12 14:05:19 INFO  root:566 - √(7,760054470260434)  = 2,785687432261637
2021-01-12 14:05:20 INFO  root:566 - √(5,150111784233878)  = 2,269385772457798
2021-01-12 14:05:20 INFO  root:566 - √(603581817178043,2)  = 24 567 902,17291748
2021-01-12 14:05:21 INFO  root:566 - √(5558,563382741872)  = 74,55577363787376
2021-01-12 14:05:22 INFO  root:566 - √(7310,77085515348)  = 85,50304588231626
2021-01-12 14:05:22 INFO  root:566 - √(761361765161,3611)  = 872 560,4650460397
2021-01-12 14:05:23 INFO  root:566 - √(1703,513220505526)  = 41,27363832406256
2021-01-12 14:05:24 INFO  root:566 - √(81231057687,71725)  = 285 010,6273241706
2021-01-12 14:05:24 INFO  root:566 - √(41,21813704221456)  = 6,420135282236236
2021-01-12 14:05:25 INFO  root:566 - √(12842,562852514)  = 113,3250318884314
2021-01-12 14:05:26 INFO  root:566 - √(67,01802038412616)  = 8,186453468024243
2021-01-12 14:05:26 INFO  root:566 - √(358,6076140212484)  = 18,93693782059941
2021-01-12 14:05:27 INFO  root:566 - √(22267851051488,4)  = 4 718 882,394326902
2021-01-12 14:05:28 INFO  root:566 - √(8,028353731768213)  = 2,833434970449862
2021-01-12 14:05:28 INFO  root:566 - √(675170,3684813267)  = 821,6875126721391
2021-01-12 14:05:29 INFO  root:566 - √(80514840471856)  = 8 973 006,211513285
2021-01-12 14:05:29 INFO  root:566 - √(38,85881218012804)  = 6,233683676617546
2021-01-12 14:05:30 INFO  root:566 - √(3033171,805845083)  = 1 741,60035767253
2021-01-12 14:05:31 INFO  root:566 - √(6,620253854170103)  = 2,572985397193327
2021-01-12 14:05:31 INFO  root:566 - √(60512028141,65176)  = 245 991,9269847118
2021-01-12 14:05:32 INFO  root:569 - exponentOfTwo tests status: passed
2021-01-12 14:41:35 INFO  root:301 - multiplication tests status: start
2021-01-12 14:41:36 INFO  root:394 - subtraction tests status: start
2021-01-12 14:41:39 INFO  root:363 - exponentOfTwo tests status: start
2021-01-12 14:41:48 INFO  root:559 - squareRoot tests status: start
2021-01-12 14:41:49 INFO  root:238 - division tests status: start
2021-01-12 14:41:52 INFO  root:411 - addition tests status: start
2021-01-12 14:44:24 INFO  root:301 - multiplication tests status: start
2021-01-12 14:44:39 INFO  root:355 - 3.488141240350042 * 57426574881860 = 200 312 004 137 465,7
2021-01-12 14:44:40 INFO  root:355 - 87.42385376555774 * 164703010588.1716 = 14 398 971 912 407,42
2021-01-12 14:44:42 INFO  root:355 - 42.47573188866874 * 13063468045.3033 = 554 880 366 228,4945
2021-01-12 14:44:43 INFO  root:355 - 477824341341455 * 8.502720128775755 = 4 062 806 645 143 007
2021-01-12 14:44:44 INFO  root:355 - 807.8130446861152 * 74618334713.47082 = 60 277 664 154 296,5
2021-01-12 14:44:45 INFO  root:355 - 1584.06827184131 * 147548014450588 = 2,337261282643596e+17
2021-01-12 14:44:46 INFO  root:355 - 681201377343016 * 13.72317047146577 = 9 348 242 626 675 489
2021-01-12 14:44:47 INFO  root:355 - 658502323405.3581 * 76817.02734886888 = 5,058419098632309e+16
2021-01-12 14:44:48 INFO  root:355 - 1217.701725074111 * 1.035433701078840 = 1 260,849404003575
2021-01-12 14:44:50 INFO  root:355 - 126686874518336 * 701084860351257 = 8,881824973002481e+28
2021-01-12 14:44:51 INFO  root:355 - 135885.3837867025 * 3102287664.385047 = 421 555 549 891 715
2021-01-12 14:44:52 INFO  root:355 - 2.773338544043168 * 146226522663.2614 = 405 535 651 463,4247
2021-01-12 14:44:53 INFO  root:355 - 60753571016.25471 * 785.3561717445353 = 47 713 191 953 135,56
2021-01-12 14:44:54 INFO  root:355 - 588242251712250 * 270.0657041503246 = 1,588640579196413e+17
2021-01-12 14:44:55 INFO  root:355 - 20645418473461 * 557001.5672554050 = 1,149953044636147e+19
2021-01-12 14:44:56 INFO  root:355 - 486077.4513005028 * 2750806.24484807 = 1 337 104 888 517,257
2021-01-12 14:44:58 INFO  root:355 - 688250327330782 * 318518302258857 = 2,192203257905033e+29
2021-01-12 14:44:59 INFO  root:355 - 276546056722185 * 372.3833721714006 = 1,029811531629107e+17
2021-01-12 14:45:00 INFO  root:355 - 533.1875780066780 * 20662362.45344845 = 11 016 914 992,4503
2021-01-12 14:45:01 INFO  root:355 - 517.2560170880855 * 77253874.78217287 = 39 960 031 574,44843
2021-01-12 14:45:02 INFO  root:358 - multiplication tests status: passed
2021-01-12 14:45:02 INFO  root:394 - subtraction tests status: start
2021-01-12 14:45:11 INFO  root:363 - exponentOfTwo tests status: start
2021-01-12 14:45:34 INFO  root:559 - squareRoot tests status: start
2021-01-12 14:45:41 INFO  root:238 - division tests status: start
2021-01-12 14:45:57 INFO  root:293 - 560037308370738.6 / 71.08504758470220 = 7 878 412 231 537,438
2021-01-12 14:45:59 INFO  root:293 - 517314033.6664475 / 725421412.0680637 = 0,7131220902229307
2021-01-12 14:46:00 INFO  root:293 - 0.826173155113755 / 751803286245265 = 0,0000000000000011
2021-01-12 14:46:01 INFO  root:293 - 807833016033465 / 68.87410874615235 = 11 729 124 786 367,48
2021-01-12 14:46:02 INFO  root:293 - 270128168162472 / 33541.65807640406 = 8 053 512 666,164294
2021-01-12 14:46:03 INFO  root:293 - 4861.135300545821 / 4.730080625886535 = 1 027,706647100698
2021-01-12 14:46:04 INFO  root:293 - 367312243477880 / 2771.443205178022 = 132 534 645 772,864
2021-01-12 14:46:05 INFO  root:293 - 147318458547454 / 6222.758258003006 = 23 674 141 343,67018
2021-01-12 14:46:07 INFO  root:293 - 382856125508175 / 835581551614815 = 0,4581912139734069
2021-01-12 14:46:08 INFO  root:293 - 5724.441388145272 / 170563561.4232657 = 0,0000335619246009
2021-01-12 14:46:09 INFO  root:293 - 2.860311667803440 / 725485.7243044152 = 0,0000039426160598
2021-01-12 14:46:10 INFO  root:293 - 36.25401360680034 / 443.7207563284744 = 0,081704570024582
2021-01-12 14:46:11 INFO  root:293 - 68.68686506320130 / 833.4520452235443 = 0,082412498063735
2021-01-12 14:46:12 INFO  root:293 - 56130525517.2841 / 17468422.50504173 = 3 213,256692244748
2021-01-12 14:46:14 INFO  root:293 - 225656540327866 / 354313525370158 = 0,6368837884247246
2021-01-12 14:46:15 INFO  root:293 - 334317648413842 / 10.68362828666605 = 31 292 519 679 956,94
2021-01-12 14:46:16 INFO  root:293 - 12524.25262126703 / 13.22366212223183 = 947,1092429237933
2021-01-12 14:46:17 INFO  root:293 - 461804450247138 / 1.613370248231421 = 286 235 878 437 307,7
2021-01-12 14:46:18 INFO  root:293 - 2646.667586203633 / 64318.07080811670 = 0,041149673069324
2021-01-12 14:46:19 INFO  root:293 - 814008.7617284626 / 5634172220042.236 = 0,000000144477082
2021-01-12 14:46:20 INFO  root:296 - division tests status: passed
2021-01-12 14:46:30 INFO  root:411 - addition tests status: start
2021-01-12 14:47:16 INFO  root:479 - 22277777.0180760 * 51821765237627 = 51 821 787 515 404,02
2021-01-12 14:47:17 INFO  root:479 - 42013535866.65477 * 627.2635333705137 = 42 013 536 493,9183
2021-01-12 14:47:18 INFO  root:479 - 12516167087.86683 * 600580.6488680061 = 12 516 767 668,5157
2021-01-12 14:47:19 INFO  root:479 - 5111584305584.581 * 1.325370514780244 = 5 111 584 305 585,906
2021-01-12 14:47:21 INFO  root:479 - 8.210645378451636 * 570710861263510 = 570 710 861 263 518,2
2021-01-12 14:47:22 INFO  root:479 - 1511.700747145778 * 430406424574236.7 = 430 406 424 575 748,4
2021-01-12 14:47:23 INFO  root:479 - 32655.68855718650 * 5436744124.682856 = 5 436 776 780,371413
2021-01-12 14:47:24 INFO  root:479 - 366528373057757 * 5624.350237118515 = 366 528 373 063 381,4
2021-01-12 14:47:25 INFO  root:479 - 64053472.85233102 * 533553.2076745772 = 64 587 026,0600056
2021-01-12 14:47:26 INFO  root:479 - 75056.53204314641 * 346470253823530 = 346 470 253 898 586,5
2021-01-12 14:47:27 INFO  root:479 - 234576048628255 * 235235004633722 = 469 811 053 261 977
2021-01-12 14:47:28 INFO  root:479 - 8.044256478108754 * 3827526534811.556 = 3 827 526 534 819,6
2021-01-12 14:47:30 INFO  root:479 - 70646862042.81156 * 72537462812.22564 = 143 184 324 855,0372
2021-01-12 14:47:31 INFO  root:479 - 8775.173224385717 * 71610.06406180441 = 80 385,23728619013
2021-01-12 14:47:32 INFO  root:479 - 638882435174053 * 275028408164516 = 913 910 843 338 569
2021-01-12 14:47:33 INFO  root:479 - 8747223115781.0 * 30.41758012376803 = 8 747 223 115 811,418
2021-01-12 14:47:34 INFO  root:479 - 6.832627160488283 * 36171421483.45306 = 36 171 421 490,28569
2021-01-12 14:47:35 INFO  root:479 - 4440518510280.620 * 6505341543467.551 = 10 945 860 053 748,17
2021-01-12 14:47:36 INFO  root:479 - 143328347316.6564 * 41658380.43018036 = 143 370 005 697,0866
2021-01-12 14:47:38 INFO  root:479 - 1561.488661288115 * 14.77162011235716 = 1 576,260281400472
2021-01-12 14:47:39 INFO  root:482 - addition tests status: passed
2021-01-12 14:51:54 INFO  root:301 - multiplication tests status: start
2021-01-12 14:52:09 INFO  root:355 - 11661610572.73058 * 6764144407.37375 = 7,888081793650615e+19
2021-01-12 14:52:10 INFO  root:355 - 50.07362106032601 * 822745748455102 = 4,119785883713508e+16
2021-01-12 14:52:11 INFO  root:355 - 588410566264152.6 * 6086324.303655544 = 3,581257529981233e+21
2021-01-12 14:52:12 INFO  root:355 - 35.0132011651354 * 34143.06861500672 = 1 195 458,129812251
2021-01-12 14:52:13 INFO  root:355 - 5706483.265872103 * 27.62676855267457 = 157 651 692,4359591
2021-01-12 14:52:15 INFO  root:355 - 164867280068823 * 67.52373686221324 = 1,113245483655602e+16
2021-01-12 14:52:16 INFO  root:355 - 423.0554747883328 * 0.008703410615786 = 3,682025510339162
2021-01-12 14:52:17 INFO  root:355 - 3167718656.071821 * 1347.071762386668 = 4 267 144 352 779,795
2021-01-12 14:52:18 INFO  root:355 - 1212.661660277280 * 662121387610330 = 8,029292212046392e+17
2021-01-12 14:52:19 INFO  root:355 - 831480861211.8125 * 7028020161622.61 = 5,843664256599949e+24
2021-01-12 14:52:20 INFO  root:355 - 348538474341574.2 * 8582.342471836264 = 2,991276551410706e+18
2021-01-12 14:52:21 INFO  root:355 - 840147632.0783822 * 63.50214611730871 = 53 351 177 692,35234
2021-01-12 14:52:23 INFO  root:355 - 4146414483.61758 * 6207.118880815386 = 25 737 287 628 949,06
2021-01-12 14:52:24 INFO  root:355 - 67018422856.57526 * 657217666568223 = 4,404569148688085e+25
2021-01-12 14:52:25 INFO  root:355 - 401.6067551247580 * 171838.1778786452 = 69 011 373,02439367
2021-01-12 14:52:26 INFO  root:355 - 68726584.87067125 * 778632.2375815152 = 53 512 734 559 186,66
2021-01-12 14:52:27 INFO  root:355 - 37364.55577401747 * 834334548752862 = 3,117453978106601e+19
2021-01-12 14:52:28 INFO  root:355 - 361833520617663 * 35161.72813666253 = 1,272269188268974e+19
2021-01-12 14:52:30 INFO  root:355 - 18820213744.05144 * 704640668322068 = 1,326148799057258e+25
2021-01-12 14:52:31 INFO  root:355 - 144283082174334.1 * 8.338814831687325 = 1 203 149 905 596 898
2021-01-12 14:52:32 INFO  root:358 - multiplication tests status: passed
2021-01-12 14:52:32 INFO  root:394 - subtraction tests status: start
2021-01-12 14:52:32 INFO  root:403 - 64405446458887.25 - 423.2333544338245 = 64 405 446 458 464,02
2021-01-12 14:52:33 INFO  root:403 - 2367530.332678046 - 4.523484022878267 = 2 367 525,809194023
2021-01-12 14:52:35 INFO  root:403 - 73240246750.80548 - 26236346578478 = -26 163 106 331 727,19
2021-01-12 14:52:36 INFO  root:403 - 71.58103502855521 - 582.2862212810675 = -510,7051862525123
2021-01-12 14:52:37 INFO  root:403 - 6146457275.248548 - 3.554787204736704 = 6 146 457 271,693761
2021-01-12 14:52:38 INFO  root:403 - 5278.06735501505 - 78651220645.77742 = -78 651 215 367,71006
2021-01-12 14:52:39 INFO  root:403 - 7846808782.880140 - 130283382832358 = -130 275 536 023 575,1
2021-01-12 14:52:40 INFO  root:403 - 182808780715275 - 7228642376.246203 = 182 801 552 072 898,8
2021-01-12 14:52:41 INFO  root:403 - 53.60635678317545 - 4.142388021654064 = 49,46396876152139
2021-01-12 14:52:43 INFO  root:403 - 410523371.7752205 - 313146634734387 = -313 146 224 211 015,2
2021-01-12 14:52:44 INFO  root:403 - 635.0108686642444 - 2.12267313400262 = 632,8881955302418
2021-01-12 14:52:45 INFO  root:403 - 4.082725047076803 - 402761406486615 = -402 761 406 486 610,9
2021-01-12 14:52:46 INFO  root:403 - 14505382.2251101 - 8.041734132583536 = 14 505 374,18337597
2021-01-12 14:52:47 INFO  root:403 - 3.855243848827415 - 36.45826723075415 = -32,60302338192674
2021-01-12 14:52:48 INFO  root:403 - 775.552562413114 - 273041356681024.3 = -273 041 356 680 248,7
2021-01-12 14:52:49 INFO  root:403 - 187730.1783706445 - 666587474057401.0 = -666 587 473 869 670,8
2021-01-12 14:52:51 INFO  root:403 - 852162238840646 - 471414414323602 = 380 747 824 517 044
2021-01-12 14:52:52 INFO  root:403 - 81.08048630736647 - 51.34223124401210 = 29,73825506335437
2021-01-12 14:52:53 INFO  root:403 - 7358.842105363812 - 480.5350450067402 = 6 878,307060357072
2021-01-12 14:52:54 INFO  root:403 - 551155761483315 - 153304040100352 = 397 851 721 382 963
2021-01-12 14:52:55 INFO  root:406 - subtraction tests status: passed
2021-01-12 14:53:04 INFO  root:363 - exponentOfTwo tests status: start
2021-01-12 14:53:09 INFO  root:386 - 4762.318108833546² = 22 679 673,76972392
2021-01-12 14:53:09 INFO  root:386 - 18518541.45424437² = 342 936 377 592 567,2
2021-01-12 14:53:10 INFO  root:386 - 53485084052311.04² = 2,860654216082777e+27
2021-01-12 14:53:10 INFO  root:386 - 5.608287782671514² = 31,45289185326257
2021-01-12 14:53:11 INFO  root:386 - 2535.208040714848² = 6 427 279,809705218
2021-01-12 14:53:12 INFO  root:386 - 48764455262.63632² = 2,377972097061659e+21
2021-01-12 14:53:12 INFO  root:386 - 12685.67787633177² = 160 926 423,1820533
2021-01-12 14:53:13 INFO  root:386 - 27.43282381324064² = 752,5598223683027
2021-01-12 14:53:14 INFO  root:386 - 731.1157486511103² = 534 530,2379256735
2021-01-12 14:53:14 INFO  root:386 - 200461371.1505502² = 4,018476132355864e+16
2021-01-12 14:53:15 INFO  root:386 - 577.2562044633664² = 333 224,7255914519
2021-01-12 14:53:15 INFO  root:386 - 60066.10861806315² = 3 607 937 404,51696
2021-01-12 14:53:16 INFO  root:386 - 4527.112261128661² = 20 494 745,42486146
2021-01-12 14:53:17 INFO  root:386 - 63336147.74822712² = 4 011 467 611 585 255
2021-01-12 14:53:17 INFO  root:386 - 0.072272885154107² = 0,0052233699284987
2021-01-12 14:53:18 INFO  root:386 - 78851413220.31647² = 6,217545366841099e+21
2021-01-12 14:53:19 INFO  root:386 - 81823316656753² = 6,695055148711273e+27
2021-01-12 14:53:19 INFO  root:386 - 15748424503.740² = 2,480128743499985e+20
2021-01-12 14:53:20 INFO  root:386 - 24172610488.15082² = 5,84315097811859e+20
2021-01-12 14:53:20 INFO  root:386 - 854.4356167257077² = 730 060,2231294405
2021-01-12 14:53:21 INFO  root:389 - exponentOfTwo tests status: passed
2021-01-12 14:53:40 INFO  root:559 - squareRoot tests status: start
2021-01-12 14:53:44 INFO  root:578 - √(358,2126646883211)  = 18,92650693309046
2021-01-12 14:53:44 INFO  root:578 - √(51577543884702,52)  = 7 181 750,753451593
2021-01-12 14:53:45 INFO  root:578 - √(10412524,36687718)  = 3 226,844335705889
2021-01-12 14:53:45 INFO  root:578 - √(434770022375531)  = 20 851 139,59416921
2021-01-12 14:53:46 INFO  root:578 - √(281007634224376)  = 16 763 282,32251596
2021-01-12 14:53:47 INFO  root:578 - √(4277,207265168547)  = 65,4003613535013
2021-01-12 14:53:47 INFO  root:578 - √(828107532613676)  = 28 776 857,58754204
2021-01-12 14:53:48 INFO  root:578 - √(86556833542,80417)  = 294 205,4274530029
2021-01-12 14:53:48 INFO  root:578 - √(37866826326202,2)  = 6 153 602,711111776
2021-01-12 14:53:49 INFO  root:578 - √(716,3063806340688)  = 26,763900699152
2021-01-12 14:53:50 INFO  root:578 - √(8,446664757071234)  = 2,906314634906419
2021-01-12 14:53:50 INFO  root:578 - √(112462080503368)  = 10 604 814,02493075
2021-01-12 14:53:51 INFO  root:578 - √(35582,86115813080)  = 188,6341993333415
2021-01-12 14:53:52 INFO  root:578 - √(1,422881026468813)  = 1,192845768097793
2021-01-12 14:53:52 INFO  root:578 - √(708,1702555170727)  = 26,61146849606524
2021-01-12 14:53:53 INFO  root:578 - √(611168,1030718303)  = 781,7724113012881
2021-01-12 14:53:54 INFO  root:578 - √(1437624,444442417)  = 1 199,009776625035
2021-01-12 14:53:54 INFO  root:578 - √(26,42360526543231)  = 5,140389602494378
2021-01-12 14:53:55 INFO  root:578 - √(43043,75351533157)  = 207,4698858035343
2021-01-12 14:53:55 INFO  root:578 - √(76,54228034055820)  = 8,748844514594953
2021-01-12 14:53:56 INFO  root:581 - squareRoot tests status: passed
2021-01-12 14:54:01 INFO  root:238 - division tests status: start
2021-01-12 14:54:17 INFO  root:293 - 5116703.31847163 / 431126703450736 = 0,0000000118682125
2021-01-12 14:54:18 INFO  root:293 - 4673062103.466552 / 68244081203030.4 = 0,0000684757127811
2021-01-12 14:54:19 INFO  root:293 - 6253453183701.567 / 286524.1274861632 = 21 825 223,72048252
2021-01-12 14:54:20 INFO  root:293 - 7.428407630752442 / 16406068.58552800 = 0,0000004527841385
2021-01-12 14:54:22 INFO  root:293 - 426867510216864 / 88.55571332044238 = 4 820 327 161 413,368
2021-01-12 14:54:23 INFO  root:293 - 560772230.3802807 / 506227676702434 = 0,0000011077470794
2021-01-12 14:54:24 INFO  root:293 - 5208.163354705018 / 130810.1472088530 = 0,0398146739059135
2021-01-12 14:54:25 INFO  root:293 - 23.22138542636155 / 3.3762461232068 = 6,877871037525426
2021-01-12 14:54:26 INFO  root:293 - 1340343.873580263 / 5806510836622.215 = 0,000000230834646
2021-01-12 14:54:27 INFO  root:293 - 344363.2458873410 / 1.34884640101345 = 255 302,0459769216
2021-01-12 14:54:29 INFO  root:293 - 457.7365367700263 / 88628.07728088563 = 0,0051646899133255
2021-01-12 14:54:30 INFO  root:293 - 583725.4330512811 / 132630.6342877333 = 4,401135802343581
2021-01-12 14:54:31 INFO  root:293 - 6572240351558 / 33436060.72565413 = 196 561,4432119806
2021-01-12 14:54:32 INFO  root:293 - 63375.68356525105 / 217.3257673214726 = 291,6160579868308
2021-01-12 14:54:33 INFO  root:293 - 506112121161787 / 730056270521040 = 0,693250837775252
2021-01-12 14:54:34 INFO  root:293 - 33336730733746.40 / 1811481.766337877 = 18 403 017,54797152
2021-01-12 14:54:35 INFO  root:293 - 7.250557073576765 / 681064571413506.2 = 0,0000000000000106
2021-01-12 14:54:36 INFO  root:293 - 1.855678404307104 / 68063.76248363323 = 0,000027263823459
2021-01-12 14:54:38 INFO  root:293 - 2305368422.564355 / 847045814.1773083 = 2,721657298789015
2021-01-12 14:54:39 INFO  root:293 - 27008501622838 / 834068.4421231847 = 32 381 637,116117
2021-01-12 14:54:40 INFO  root:296 - division tests status: passed
2021-01-12 14:54:49 INFO  root:411 - addition tests status: start
2021-01-12 14:55:36 INFO  root:479 - 601074787626727 * 63.55125855552780 = 601 074 787 626 790,6
2021-01-12 14:55:37 INFO  root:479 - 16702216882.16664 * 1254125241.588416 = 17 956 342 123,75506
2021-01-12 14:55:39 INFO  root:479 - 8.523273873240114 * 568.7806480613701 = 577,3039219346102
2021-01-12 14:55:40 INFO  root:479 - 0.451245100867130 * 6.733883312866831 = 7,185128413733961
2021-01-12 14:55:41 INFO  root:479 - 17823.37164302801 * 6847148462158.021 = 6 847 148 479 981,393
2021-01-12 14:55:42 INFO  root:479 - 8086717372.66481 * 7.473802140505015 = 8 086 717 380,138612
2021-01-12 14:55:43 INFO  root:479 - 3.834783131516084 * 37.16648464816852 = 41,0012677796846
2021-01-12 14:55:44 INFO  root:479 - 58725716.43786256 * 802.4757816774544 = 58 726 518,91364424
2021-01-12 14:55:46 INFO  root:479 - 144326676360800.1 * 7451.807854662456 = 144 326 676 368 251,9
2021-01-12 14:55:47 INFO  root:479 - 8.366527275722421 * 126882245167.6278 = 126 882 245 175,9943
2021-01-12 14:55:48 INFO  root:479 - 1.182142234356015 * 433016682258668 = 433 016 682 258 669,2
2021-01-12 14:55:49 INFO  root:479 - 5.552834755451606 * 1.38807405130501 = 6,940908806756616
2021-01-12 14:55:50 INFO  root:479 - 834732800085462.4 * 402551.8733242074 = 834 732 800 488 014,3
2021-01-12 14:55:51 INFO  root:479 - 705042456433870 * 66613261080555.24 = 771 655 717 514 425,2
2021-01-12 14:55:53 INFO  root:479 - 473611175.7804823 * 2.762462422321 = 473 611 178,5429447
2021-01-12 14:55:54 INFO  root:479 - 1887.348350068140 * 82110534732670.01 = 82 110 534 734 557,36
2021-01-12 14:55:55 INFO  root:479 - 6.87446118870006 * 535.2425760032220 = 542,1170371919221
2021-01-12 14:55:56 INFO  root:479 - 44401277733.2156 * 35315.57822046043 = 44 401 313 048,79382
2021-01-12 14:55:57 INFO  root:479 - 336375.4384317515 * 0.052101448171442 = 336 375,4905331997
2021-01-12 14:55:58 INFO  root:479 - 56558352.08723252 * 527336706303572 = 527 336 762 861 924,1
2021-01-12 14:55:59 INFO  root:482 - addition tests status: passed
2021-01-12 16:42:27 INFO  root:596 - oneDividedByX tests status: start
2021-01-12 16:44:54 INFO  root:596 - oneDividedByX tests status: start
2021-01-12 16:45:47 INFO  root:596 - oneDividedByX tests status: start
2021-01-12 16:46:09 INFO  root:596 - oneDividedByX tests status: start
2021-01-13 04:32:38 INFO  root:301 - multiplication tests status: start
2021-01-13 04:32:53 INFO  root:355 - 1284174.775406687 * 6627543116.734383 = 8 510 923 693 430 511
2021-01-13 04:32:54 INFO  root:355 - 113401457680.1636 * 618275807301147 = 7,011337779633001e+25
2021-01-13 04:32:55 INFO  root:355 - 2715880237.653368 * 778863823081306 = 2,115300864929668e+24
2021-01-13 04:32:56 INFO  root:355 - 200158650172243.1 * 1.142230847481358 = 228 627 384 616 965,9
2021-01-13 04:32:58 INFO  root:355 - 45.64347253241362 * 248.3773334148174 = 11 336,80399539336
2021-01-13 04:32:59 INFO  root:355 - 447.7701576088117 * 573643888155175 = 2,568606142105743e+17
2021-01-13 04:33:00 INFO  root:355 - 306814.8650258736 * 21284.82475515321 = 6 530 500 634,351705
2021-01-13 04:33:01 INFO  root:355 - 608713377.7018147 * 610274146366000.1 = 3,714820369585396e+23
2021-01-13 04:33:02 INFO  root:355 - 208272054136032 * 27804505.05554083 = 5,790901382153175e+21
2021-01-13 04:33:04 INFO  root:355 - 7224712.12365280 * 40100510367.7836 = 2,89714643418791e+17
2021-01-13 04:33:05 INFO  root:355 - 316437772000137.0 * 77.37863075741068 = 2,448552151729631e+16
2021-01-13 04:33:06 INFO  root:355 - 62482.41501147557 * 1.023281546128308 = 63 937,10223877332
2021-01-13 04:33:07 INFO  root:355 - 455472.3262353115 * 125005604656.1864 = 5,693659354520491e+16
2021-01-13 04:33:08 INFO  root:355 - 640086624542731 * 11326800.0580843 = 7,250133216049589e+21
2021-01-13 04:33:09 INFO  root:355 - 74.78872110502871 * 6387224465166.353 = 477 692 349 160 542,5
2021-01-13 04:33:10 INFO  root:355 - 48.72453386167787 * 606777.231170748 = 29 564 937,74667425
2021-01-13 04:33:12 INFO  root:355 - 7037654264.46248 * 48.22188705520651 = 339 368 969 074,5022
2021-01-13 04:33:13 INFO  root:355 - 346711538842612.5 * 6332362.874666854 = 2,195503276785574e+21
2021-01-13 04:33:14 INFO  root:355 - 3170414012476 * 885107454806040 = 2,806157077264037e+27
2021-01-13 04:33:15 INFO  root:355 - 505183.6810263171 * 10068121476150.15 = 5,08625066834165e+18
2021-01-13 04:33:16 INFO  root:358 - multiplication tests status: passed
2021-01-13 04:33:16 INFO  root:394 - subtraction tests status: start
2021-01-13 04:33:16 INFO  root:403 - 641206433658.4545 - 26.7668313430082 = 641 206 433 631,6877
2021-01-13 04:33:17 INFO  root:403 - 766507074777614 - 8670161.356672714 = 766 507 066 107 452,6
2021-01-13 04:33:19 INFO  root:403 - 331370283145336 - 8041781.220546087 = 331 370 275 103 554,8
2021-01-13 04:33:20 INFO  root:403 - 835620712.2223534 - 48384086418565.24 = -48 383 250 797 853,02
2021-01-13 04:33:21 INFO  root:403 - 243342003.8016240 - 51772637883753.63 = -51 772 394 541 749,83
2021-01-13 04:33:22 INFO  root:403 - 433655844680784 - 183.8725161682050 = 433 655 844 680 600,1
2021-01-13 04:33:23 INFO  root:403 - 331040826636404 - 561714270642500 = -230 673 444 006 096
2021-01-13 04:33:24 INFO  root:403 - 4064814520112.600 - 546280.6050666415 = 4 064 813 973 831,995
2021-01-13 04:33:25 INFO  root:403 - 3708083.251063462 - 727814360776515 = -727 814 357 068 431,7
2021-01-13 04:33:26 INFO  root:403 - 330556185727.0400 - 4377006054.022024 = 326 179 179 673,018
2021-01-13 04:33:28 INFO  root:403 - 5400374.34837100 - 68072823752051 = -68 072 818 351 676,65
2021-01-13 04:33:29 INFO  root:403 - 4310372635.131161 - 258776703644226 = -258 772 393 271 590,9
2021-01-13 04:33:30 INFO  root:403 - 60318276545504.86 - 507076378103865 = -446 758 101 558 360,1
2021-01-13 04:33:31 INFO  root:403 - 304.8328258025857 - 212307623521666 = -212 307 623 521 361,2
2021-01-13 04:33:32 INFO  root:403 - 18100.43404728534 - 2387.31304788878 = 15 713,12099939656
2021-01-13 04:33:33 INFO  root:403 - 44.11803256236438 - 88.47517113727320 = -44,35713857490882
2021-01-13 04:33:34 INFO  root:403 - 54.38883762265223 - 10.23482287081265 = 44,15401475183958
2021-01-13 04:33:36 INFO  root:403 - 825886524.7247702 - 2230.184223777031 = 825 884 294,5405464
2021-01-13 04:33:37 INFO  root:403 - 601065477184.837 - 8876326.880623857 = 601 056 600 857,9564
2021-01-13 04:33:38 INFO  root:403 - 83.23070123717388 - 558164600016471 = -558 164 600 016 387,8
2021-01-13 04:33:39 INFO  root:406 - subtraction tests status: passed
2021-01-13 04:33:42 INFO  root:596 - oneDividedByX tests status: start
2021-01-13 04:33:42 INFO  root:635 - oneDividedByX tests status: passed
2021-01-13 04:33:42 INFO  root:363 - exponentOfTwo tests status: start
2021-01-13 04:33:47 INFO  root:386 - 854882613476634² = 7,3082428282464e+29
2021-01-13 04:33:47 INFO  root:386 - 21476218707.1762² = 4,61227969958465e+20
2021-01-13 04:33:48 INFO  root:386 - 2567780.060124307² = 6 593 494 437 171,99
2021-01-13 04:33:48 INFO  root:386 - 6134255750221.440² = 3,76290936091248e+25
2021-01-13 04:33:49 INFO  root:386 - 6143613004716.186² = 3,774398075171784e+25
2021-01-13 04:33:50 INFO  root:386 - 7610440474.443548² = 5,791880421504854e+19
2021-01-13 04:33:50 INFO  root:386 - 7731.712071285027² = 59 779 371,5532546
2021-01-13 04:33:51 INFO  root:386 - 164152435.7138173² = 2,694602215077892e+16
2021-01-13 04:33:52 INFO  root:386 - 722607.0027804626² = 522 160 880 467,3635
2021-01-13 04:33:52 INFO  root:386 - 34843012887737.84² = 1,214035547095065e+27
2021-01-13 04:33:53 INFO  root:386 - 4147.508043755202² = 17 201 822,9730141
2021-01-13 04:33:53 INFO  root:386 - 747855105455035² = 5,592872587551615e+29
2021-01-13 04:33:54 INFO  root:386 - 646830807486284² = 4,183900935133582e+29
2021-01-13 04:33:55 INFO  root:386 - 2473786.871677843² = 6 119 621 486 485,649
2021-01-13 04:33:55 INFO  root:386 - 808755115.1588564² = 6,540848362956151e+17
2021-01-13 04:33:56 INFO  root:386 - 281573066.078121² = 7,928339154063389e+16
2021-01-13 04:33:56 INFO  root:386 - 7300376423710.6² = 5,329549592786957e+25
2021-01-13 04:33:57 INFO  root:386 - 142581.7347216840² = 20 329 551 076,24467
2021-01-13 04:33:58 INFO  root:386 - 7423778.3550845² = 55 112 485 065 421,12
2021-01-13 04:33:58 INFO  root:386 - 338080.6836124755² = 114 298 548 631,8788
2021-01-13 04:33:59 INFO  root:389 - exponentOfTwo tests status: passed
2021-01-13 04:34:18 INFO  root:559 - squareRoot tests status: start
2021-01-13 04:34:21 INFO  root:578 - √(1271,310868831483)  = 35,65544655212557
2021-01-13 04:34:22 INFO  root:578 - √(410253410613765)  = 20 254 713,29379325
2021-01-13 04:34:22 INFO  root:578 - √(623187633645422)  = 24 963 726,35736544
2021-01-13 04:34:23 INFO  root:578 - √(634537056607215)  = 25 190 018,98782958
2021-01-13 04:34:23 INFO  root:578 - √(832306015005888)  = 28 849 714,29678096
2021-01-13 04:34:24 INFO  root:578 - √(5,156260033884717)  = 2,270739974960743
2021-01-13 04:34:25 INFO  root:578 - √(5,382441458627083)  = 2,320008935031735
2021-01-13 04:34:25 INFO  root:578 - √(0,452810518361218)  = 0,6729119692509697
2021-01-13 04:34:26 INFO  root:578 - √(51005538,56575082)  = 7 141,816195181084
2021-01-13 04:34:27 INFO  root:578 - √(274,6042650038615)  = 16,57118779701267
2021-01-13 04:34:27 INFO  root:578 - √(1025,560680655210)  = 32,02437635076146
2021-01-13 04:34:28 INFO  root:578 - √(30,60117704131188)  = 5,531833063398775
2021-01-13 04:34:29 INFO  root:578 - √(6630252,832652155)  = 2 574,927733481496
2021-01-13 04:34:29 INFO  root:578 - √(478532866865,4825)  = 691 760,700578952
2021-01-13 04:34:30 INFO  root:578 - √(66220772123717)  = 8 137 614,645810958
2021-01-13 04:34:30 INFO  root:578 - √(211,7037413283473)  = 14,55004265726899
2021-01-13 04:34:31 INFO  root:578 - √(115757,4385275673)  = 340,2314484693725
2021-01-13 04:34:32 INFO  root:578 - √(10276417063704)  = 3 205 685,11611855
2021-01-13 04:34:32 INFO  root:578 - √(742113260878013)  = 27 241 755,83324271
2021-01-13 04:34:33 INFO  root:578 - √(680860777288217)  = 26 093 309,05209642
2021-01-13 04:34:33 INFO  root:581 - squareRoot tests status: passed
2021-01-13 04:34:38 INFO  root:238 - division tests status: start
2021-01-13 04:34:55 INFO  root:293 - 260352265818704 / 1.37511214658483 = 189 331 660 305 164,1
2021-01-13 04:34:56 INFO  root:293 - 2630.170602070303 / 5016018530.467864 = 0,0000005243542435
2021-01-13 04:34:57 INFO  root:293 - 331467320682035 / 25284730741.27833 = 13 109,38700806101
2021-01-13 04:34:58 INFO  root:293 - 2.253101683508267 / 730261.7801723466 = 0,0000030853342523
2021-01-13 04:34:59 INFO  root:293 - 5.441776427146066 / 447664617.5848182 = 0,0000000121559226
2021-01-13 04:35:00 INFO  root:293 - 221768853480601 / 67477566.80815027 = 3 286 556,762058804
2021-01-13 04:35:02 INFO  root:293 - 810248246633657 / 4.215246234565308 = 192 218 485 361 440,1
2021-01-13 04:35:03 INFO  root:293 - 12181105221885 / 421367043153501 = 0,0289085381018931
2021-01-13 04:35:04 INFO  root:293 - 775.1821358888008 / 3820417.350662165 = 0,0002029050924906
2021-01-13 04:35:05 INFO  root:293 - 562100722517641 / 17048.84244054480 = 32 970 022 714,32095
2021-01-13 04:35:06 INFO  root:293 - 6035.447814445458 / 177072370123657 = 0,0000000000340846
2021-01-13 04:35:07 INFO  root:293 - 74020834281881 / 320781307472473 = 0,2307517070277946
2021-01-13 04:35:08 INFO  root:293 - 108710728736126 / 30038547336380 = 3,619040811752747
2021-01-13 04:35:09 INFO  root:293 - 10012446111.77776 / 68631182621638 = 0,0001458877106486
2021-01-13 04:35:11 INFO  root:293 - 854286000274475 / 351.4355756072741 = 2 430 846 674 524,299
2021-01-13 04:35:12 INFO  root:293 - 86422155388645.40 / 73840.04151768706 = 1 170 396 895,943572
2021-01-13 04:35:13 INFO  root:293 - 434806814.0552313 / 763585118037826.6 = 0,0000005694280883
2021-01-13 04:35:14 INFO  root:293 - 344802.7278381107 / 271.5868510220803 = 1 269,585499226094
2021-01-13 04:35:15 INFO  root:293 - 42.18275476621404 / 1.630242256686622 = 25,87514499344912
2021-01-13 04:35:16 INFO  root:293 - 715628101011.0556 / 50077775334258.84 = 0,0142903333112221
2021-01-13 04:35:18 INFO  root:296 - division tests status: passed
2021-01-13 04:35:27 INFO  root:411 - addition tests status: start
2021-01-13 04:36:15 INFO  root:479 - 83125053.04804142 * 637006126242534 = 637 006 209 367 587
2021-01-13 04:36:16 INFO  root:479 - 116524264477.1511 * 864722330411314 = 864 838 854 675 791,2
2021-01-13 04:36:17 INFO  root:479 - 80083435486.65534 * 126077.1401460207 = 80 083 561 563,79549
2021-01-13 04:36:18 INFO  root:479 - 513777124838110 * 6168141214.61258 = 513 783 292 979 324,6
2021-01-13 04:36:19 INFO  root:479 - 442.467355418262 * 40.12266250328201 = 482,590017921544
2021-01-13 04:36:20 INFO  root:479 - 3475660821236.836 * 6.766086604150411 = 3 475 660 821 243,602
2021-01-13 04:36:21 INFO  root:479 - 5683171375.134545 * 232226433535885 = 232 232 116 707 260,1
2021-01-13 04:36:22 INFO  root:479 - 24.34251206572270 * 13.13380048257202 = 37,47631254829472
2021-01-13 04:36:24 INFO  root:479 - 364370483533363 * 510.4051234511244 = 364 370 483 533 873,4
2021-01-13 04:36:25 INFO  root:479 - 783005217631318 * 285736405334151 = 1 068 741 622 965 469
2021-01-13 04:36:26 INFO  root:479 - 6.273852283203371 * 71011357.7877085 = 71 011 364,06156078
2021-01-13 04:36:27 INFO  root:479 - 255.8117331003864 * 812728222428156 = 812 728 222 428 411,8
2021-01-13 04:36:28 INFO  root:479 - 662.7646283542770 * 78.66072052343212 = 741,4253488777091
2021-01-13 04:36:29 INFO  root:479 - 725.8268011648431 * 6.712214606208723 = 732,5390157710518
2021-01-13 04:36:30 INFO  root:479 - 223044.2278015265 * 71664252.77563173 = 71 887 297,00343326
2021-01-13 04:36:32 INFO  root:479 - 540383.721047233 * 423770564.6852812 = 424 310 948,4063284
2021-01-13 04:36:33 INFO  root:479 - 8707250.706086652 * 8220601305.504810 = 8 229 308 556,210897
2021-01-13 04:36:34 INFO  root:479 - 3.54721488418562 * 20548552.58041326 = 20 548 556,12762814
2021-01-13 04:36:35 INFO  root:479 - 312265782004803 * 660268552857446 = 972 534 334 862 249
2021-01-13 04:36:36 INFO  root:479 - 873.088247186407 * 34267204636.64803 = 34 267 205 509,73628
2021-01-13 04:36:37 INFO  root:482 - addition tests status: passed
2021-01-13 04:41:39 INFO  root:301 - multiplication tests status: start
2021-01-13 04:41:54 INFO  root:355 - 71.22248203042872 * 456.1802071435528 = 32 490,28660591894
2021-01-13 04:41:55 INFO  root:355 - 8056872888104.604 * 71376178311.40768 = 5,750687958937004e+23
2021-01-13 04:41:56 INFO  root:355 - 8623345.547818812 * 540868.0750575462 = 4 664 092 307 004,822
2021-01-13 04:41:57 INFO  root:355 - 11455.01044162327 * 1221466.357640150 = 13 991 909 880,85946
2021-01-13 04:41:58 INFO  root:355 - 40040505.26277680 * 485031632378813 = 1,942091162887708e+22
2021-01-13 04:41:59 INFO  root:355 - 54353521668.21268 * 76334454373824.26 = 4,149046419838849e+24
2021-01-13 04:42:01 INFO  root:355 - 112700.0164127465 * 81.33557477638257 = 9 166 520,612238486
2021-01-13 04:42:02 INFO  root:355 - 8137772.82062843 * 13.264060656747 = 107 939 912,3036426
2021-01-13 04:42:03 INFO  root:355 - 30311737.47387243 * 7786631311.675560 = 2,360263241253445e+17
2021-01-13 04:42:04 INFO  root:355 - 48160208586.71671 * 504753466227550 = 2,430903221838708e+25
2021-01-13 04:42:05 INFO  root:355 - 5.501756318783033 * 551327273440682 = 3 033 268 310 369 693
2021-01-13 04:42:06 INFO  root:355 - 625818847610564 * 5.658635086528351 = 3 541 280 488 899 877
2021-01-13 04:42:07 INFO  root:355 - 455266702006845 * 8186.088373271343 = 3,726853456035823e+18
2021-01-13 04:42:09 INFO  root:355 - 418615112376362 * 211053170.5230387 = 8,835004669588934e+22
2021-01-13 04:42:10 INFO  root:355 - 36724785320.050 * 56736873438.58045 = 2,083649496762714e+21
2021-01-13 04:42:11 INFO  root:355 - 5526.676815230810 * 430706761411367.6 = 2,380377072455353e+18
2021-01-13 04:42:12 INFO  root:355 - 505831805240433 * 52345207.22436335 = 2,647787066598427e+22
2021-01-13 04:42:13 INFO  root:355 - 44641875.02886124 * 3542.144826172153 = 158 127 986 664,1047
2021-01-13 04:42:14 INFO  root:355 - 121204745246232 * 236270730828033 = 2,863713373915279e+28
2021-01-13 04:42:15 INFO  root:355 - 42585731155874 * 60.27377656341326 = 2 566 802 844 478 736
2021-01-13 04:42:16 INFO  root:358 - multiplication tests status: passed
2021-01-13 04:42:17 INFO  root:394 - subtraction tests status: start
2021-01-13 04:42:17 INFO  root:403 - 16037.48747051868 - 4.817640050745367 = 16 032,66983046793
2021-01-13 04:42:18 INFO  root:403 - 708450601405602 - 705713772617336 = 2 736 828 788 266
2021-01-13 04:42:19 INFO  root:403 - 13160.61713520701 - 80502451753178.47 = -80 502 451 740 017,85
2021-01-13 04:42:20 INFO  root:403 - 1727.430056524454 - 346.2081201773256 = 1 381,221936347128
2021-01-13 04:42:21 INFO  root:403 - 822585315563311 - 504554648444528 = 318 030 667 118 783
2021-01-13 04:42:22 INFO  root:403 - 72538.54680355677 - 522366267.112807 = -522 293 728,5660034
2021-01-13 04:42:24 INFO  root:403 - 25.8565222875307 - 667.8020571228882 = -641,9455348353575
2021-01-13 04:42:25 INFO  root:403 - 1248888844.168057 - 36.63005526566676 = 1 248 888 807,538002
2021-01-13 04:42:26 INFO  root:403 - 64421462.51056867 - 357.3605143602436 = 64 421 105,15005431
2021-01-13 04:42:27 INFO  root:403 - 163584.2187068588 - 180.5501674230763 = 163 403,6685394357
2021-01-13 04:42:28 INFO  root:403 - 304.3858275268203 - 4847.312865434870 = -4 542,92703790805
2021-01-13 04:42:30 INFO  root:403 - 18163733.03448583 - 650824744753034 = -650 824 726 589 301
2021-01-13 04:42:31 INFO  root:403 - 572142.5447726084 - 3526.435803200821 = 568 616,1089694076
2021-01-13 04:42:32 INFO  root:403 - 5.000313304346828 - 421851458137826.6 = -421 851 458 137 821,6
2021-01-13 04:42:33 INFO  root:403 - 4325381.387363144 - 236463660.0160605 = -232 138 278,6286974
2021-01-13 04:42:34 INFO  root:403 - 1760811330.733033 - 3.84275852671888 = 1 760 811 326,890274
2021-01-13 04:42:36 INFO  root:403 - 817758781668.4285 - 6456448442.36165 = 811 302 333 226,0669
2021-01-13 04:42:37 INFO  root:403 - 13412744213474.25 - 6.132530317786564 = 13 412 744 213 468,12
2021-01-13 04:42:38 INFO  root:403 - 5.55416323720717 - 84728.71567410574 = -84 723,16151086853
2021-01-13 04:42:39 INFO  root:403 - 56.7013802622058 - 718243.4253727056 = -718 186,7239924434
2021-01-13 04:42:40 INFO  root:406 - subtraction tests status: passed
2021-01-13 04:42:43 INFO  root:596 - oneDividedByX tests status: start
2021-01-13 04:42:43 INFO  root:635 - oneDividedByX tests status: passed
2021-01-13 04:42:43 INFO  root:363 - exponentOfTwo tests status: start
2021-01-13 04:42:48 INFO  root:386 - 1320.850137400033² = 1 744 645,085469686
2021-01-13 04:42:49 INFO  root:386 - 214.3163735343173² = 45 931,50796490102
2021-01-13 04:42:49 INFO  root:386 - 7687736351866.608² = 5,91012902158113e+25
2021-01-13 04:42:50 INFO  root:386 - 648252625518471² = 4,20231466491591e+29
2021-01-13 04:42:50 INFO  root:386 - 2518282.81160614² = 6 341 748 319 230,926
2021-01-13 04:42:51 INFO  root:386 - 276445038445570² = 7,642185928117268e+28
2021-01-13 04:42:52 INFO  root:386 - 342768441862502² = 1,174902047368474e+29
2021-01-13 04:42:52 INFO  root:386 - 7333684676.534857² = 5,378293093484217e+19
2021-01-13 04:42:53 INFO  root:386 - 74340205601.50257² = 5,526466168873674e+21
2021-01-13 04:42:53 INFO  root:386 - 488.333277755841² = 238 469,3901637634
2021-01-13 04:42:54 INFO  root:386 - 433814762.8603744² = 1,881952484756029e+17
2021-01-13 04:42:55 INFO  root:386 - 6474847.155768407² = 41 923 645 690 562,23
2021-01-13 04:42:55 INFO  root:386 - 41.00742882274625² = 1 681,6092186526
2021-01-13 04:42:56 INFO  root:386 - 767.3042454152634² = 588 755,8050322868
2021-01-13 04:42:57 INFO  root:386 - 747110800425.2014² = 5,581745481119851e+23
2021-01-13 04:42:57 INFO  root:386 - 8.817163807861106² = 77,74237761465576
2021-01-13 04:42:58 INFO  root:386 - 6140.273078406641² = 37 702 953,47740537
2021-01-13 04:42:59 INFO  root:386 - 8772304844.328865² = 7,695333228183567e+19
2021-01-13 04:42:59 INFO  root:386 - 4128.614517680235² = 17 045 457,8356
2021-01-13 04:43:00 INFO  root:386 - 6.328053223011611² = 40,04425759326764
2021-01-13 04:43:01 INFO  root:389 - exponentOfTwo tests status: passed
2021-01-13 04:43:20 INFO  root:559 - squareRoot tests status: start
2021-01-13 04:43:23 INFO  root:578 - √(78347,0516554573)  = 279,90543341539
2021-01-13 04:43:24 INFO  root:578 - √(462,6801415503088)  = 21,510000965837
2021-01-13 04:43:25 INFO  root:578 - √(56621362063262,21)  = 7 524 716,74305832
2021-01-13 04:43:25 INFO  root:578 - √(28,44707171113458)  = 5,333579633898287
2021-01-13 04:43:26 INFO  root:578 - √(43,46663145700558)  = 6,592922831112585
2021-01-13 04:43:27 INFO  root:578 - √(5001418568417,664)  = 2 236 385,156545639
2021-01-13 04:43:27 INFO  root:578 - √(418383658262514)  = 20 454 428,81780164
2021-01-13 04:43:28 INFO  root:578 - √(320866,7214421160)  = 566,4509876786482
2021-01-13 04:43:28 INFO  root:578 - √(2835131145772,421)  = 1 683 784,76824457
2021-01-13 04:43:29 INFO  root:578 - √(167287828600352,7)  = 12 933 979,61187324
2021-01-13 04:43:30 INFO  root:578 - √(80624,21063016215)  = 283,9440272838331
2021-01-13 04:43:30 INFO  root:578 - √(83,75014664471214)  = 9,151510620914568
2021-01-13 04:43:31 INFO  root:578 - √(3515866,154063103)  = 1 875,064306647402
2021-01-13 04:43:32 INFO  root:578 - √(786417,3526038442)  = 886,8017549620908
2021-01-13 04:43:33 INFO  root:578 - √(754445820542723)  = 27 467 177,14914882
2021-01-13 04:43:33 INFO  root:578 - √(1,538851226883182)  = 1,24050442437066
2021-01-13 04:43:34 INFO  root:578 - √(887104607,8513537)  = 29 784,30136584294
2021-01-13 04:43:34 INFO  root:578 - √(14351532650326,51)  = 3 788 341,67549952
2021-01-13 04:43:35 INFO  root:578 - √(42753,53881107430)  = 206,7692888488866
2021-01-13 04:43:36 INFO  root:578 - √(430,1081680184116)  = 20,73904935184859
2021-01-13 04:43:36 INFO  root:581 - squareRoot tests status: passed
2021-01-13 04:43:41 INFO  root:238 - division tests status: start
2021-01-13 04:43:58 INFO  root:293 - 721021287317754 / 4568637.8766327 = 157 819 749,9533888
2021-01-13 04:43:59 INFO  root:293 - 174842787758382 / 611447042572.8325 = 285,9491919736542
2021-01-13 04:44:00 INFO  root:293 - 43787710855.45621 / 662208244440406 = 0,0000661237778646
2021-01-13 04:44:01 INFO  root:293 - 3401704817813.814 / 1.127678246426627 = 3 016 556 210 597,388
2021-01-13 04:44:02 INFO  root:293 - 55765.61187072648 / 3861.77812213164 = 14,44039768912067
2021-01-13 04:44:03 INFO  root:293 - 624570527320545 / 80031477871.71423 = 7 804,060901158104
2021-01-13 04:44:05 INFO  root:293 - 164148252126.7383 / 226.2228723555503 = 725 604 137,2719799
2021-01-13 04:44:06 INFO  root:293 - 605878481533387 / 446676885556174 = 1,356413329467418
2021-01-13 04:44:07 INFO  root:293 - 12246.41124426340 / 52648875656.46464 = 0,0000002326053708
2021-01-13 04:44:08 INFO  root:293 - 2.205555741865478 / 320384650714.8373 = 0,0000000000068841
2021-01-13 04:44:09 INFO  root:293 - 813420170312051 / 484168020307621 = 1,68003696277841
2021-01-13 04:44:10 INFO  root:293 - 87151365570141.78 / 420.076588531207 = 207 465 419 281,9113
2021-01-13 04:44:12 INFO  root:293 - 552.8434845732166 / 5.54657115788838 = 99,6730175879846
2021-01-13 04:44:13 INFO  root:293 - 131336767386304 / 5.861861645853488 = 22 405 299 770 117,88
2021-01-13 04:44:14 INFO  root:293 - 7503206585.802833 / 388740168323323 = 0,0000193013410941
2021-01-13 04:44:15 INFO  root:293 - 0.85344452128672 / 3672717422463.131 = 0,0000000000002324
2021-01-13 04:44:16 INFO  root:293 - 30284148005.62570 / 3080765868324.716 = 0,0098300712550071
2021-01-13 04:44:17 INFO  root:293 - 4635683104.710513 / 287424511463516.8 = 0,0000161283499487
2021-01-13 04:44:19 INFO  root:293 - 131832562.3230103 / 123106374658444.0 = 0,0000010708833128
2021-01-13 04:44:20 INFO  root:293 - 302585080380473 / 4.645020858866701 = 65 141 813 045 441,99
2021-01-13 04:44:21 INFO  root:296 - division tests status: passed
2021-01-13 04:44:30 INFO  root:411 - addition tests status: start
2021-01-13 04:45:18 INFO  root:479 - 221862343206525 * 2747.675847537206 = 221 862 343 209 272,7
2021-01-13 04:45:20 INFO  root:479 - 3138462626347.523 * 3402.830732067123 = 3 138 462 629 750,354
2021-01-13 04:45:21 INFO  root:479 - 5.784783266057774 * 1166231745.603800 = 1 166 231 751,388583
2021-01-13 04:45:22 INFO  root:479 - 6155.152270180262 * 331357244870517 = 331 357 244 876 672,2
2021-01-13 04:45:23 INFO  root:479 - 54.28722536800482 * 0.768434577031378 = 55,0556599450362
2021-01-13 04:45:24 INFO  root:479 - 12628810128.54641 * 52386.37002604072 = 12 628 862 514,91644
2021-01-13 04:45:25 INFO  root:479 - 4201170542.58077 * 433.2267582673131 = 4 201 170 975,807528
2021-01-13 04:45:27 INFO  root:479 - 6.118608768486508 * 58758084.37575368 = 58 758 090,49436245
2021-01-13 04:45:28 INFO  root:479 - 7.071165301252807 * 617314315210601 = 617 314 315 210 608,1
2021-01-13 04:45:29 INFO  root:479 - 8568034282225.622 * 54.51864765627417 = 8 568 034 282 280,141
2021-01-13 04:45:30 INFO  root:479 - 2765.182316816543 * 55.33386650208122 = 2 820,516183318624
2021-01-13 04:45:31 INFO  root:479 - 387874620.8617838 * 8.658877260446457 = 387 874 629,5206611
2021-01-13 04:45:33 INFO  root:479 - 654114136144057.5 * 18642100875026 = 672 756 237 019 083,5
2021-01-13 04:45:34 INFO  root:479 - 5051550.527784607 * 6.873544246668634 = 5 051 557,401328854
2021-01-13 04:45:35 INFO  root:479 - 7560353046076.046 * 5464201277.326327 = 7 565 817 247 353,372
2021-01-13 04:45:36 INFO  root:479 - 210673.2515040667 * 337148803567755 = 337 148 803 778 428,3
2021-01-13 04:45:37 INFO  root:479 - 8735.868502762815 * 220173014.6476755 = 220 181 750,5161783
2021-01-13 04:45:38 INFO  root:479 - 532250224236133 * 0.247444621508137 = 532 250 224 236 133,2
2021-01-13 04:45:40 INFO  root:479 - 55.53163433648836 * 4570.418140218836 = 4 625,949774555324
2021-01-13 04:45:41 INFO  root:479 - 14.06738377201521 * 77221.6076111105 = 77 235,67499488252
2021-01-13 04:45:42 INFO  root:482 - addition tests status: passed
2021-01-13 05:04:11 INFO  root:596 - oneDividedByX tests status: start
2021-01-13 05:04:12 INFO  root:635 - oneDividedByX tests status: passed
2021-01-13 05:36:53 INFO  root:301 - multiplication tests status: start
2021-01-13 05:37:08 INFO  root:355 - 3062425.427375731 * 773543842771212.7 = 2,368920333292496e+21
2021-01-13 05:37:09 INFO  root:355 - 6.705014255467127 * 866565188106350 = 5 810 331 939 544 629
2021-01-13 05:37:10 INFO  root:355 - 670072.2036853054 * 23100568703753 = 1,547904897770757e+19
2021-01-13 05:37:11 INFO  root:355 - 31107.41662165152 * 4.784116148556283 = 148 821,4941995112
2021-01-13 05:37:12 INFO  root:355 - 2131132.306408287 * 7700075304.214576 = 1,64098792425883e+16
2021-01-13 05:37:13 INFO  root:355 - 753833745845870 * 22.26260755323224 = 1,678230484414962e+16
2021-01-13 05:37:14 INFO  root:355 - 3045.035046571130 * 5852276.343053406 = 17 820 386 566,81675
2021-01-13 05:37:16 INFO  root:355 - 76.32508467065327 * 830635474358113 = 6,339832291083122e+16
2021-01-13 05:37:17 INFO  root:355 - 6.165300476326180 * 135172418.4000702 = 833 378 575,5481145
2021-01-13 05:37:18 INFO  root:355 - 715346.2052187675 * 5240.167784842256 = 3 748 534 139,596543
2021-01-13 05:37:19 INFO  root:355 - 356208107020267 * 87.74368110546573 = 3,125501054956792e+16
2021-01-13 05:37:20 INFO  root:355 - 6.686716026511754 * 6005485.021478804 = 40 156 972,9400986
2021-01-13 05:37:21 INFO  root:355 - 5055842.524017782 * 5457424.856041716 = 27 591 880 658 807,33
2021-01-13 05:37:22 INFO  root:355 - 23805.14800860408 * 78.84521865630213 = 1 876 922,099884024
2021-01-13 05:37:24 INFO  root:355 - 1371.782507384575 * 47.53871572156707 = 65 212,77865037379
2021-01-13 05:37:25 INFO  root:355 - 5664461186733.233 * 2588888.464202601 = 1,466465822225704e+19
2021-01-13 05:37:26 INFO  root:355 - 13888750488.1434 * 5037.137302358485 = 69 959 543 166 976,74
2021-01-13 05:37:27 INFO  root:355 - 61463436.53870737 * 73762052466.22752 = 4,533669230722779e+18
2021-01-13 05:37:28 INFO  root:355 - 135704086728.7300 * 186126.3086565471 = 2,525810073242644e+16
2021-01-13 05:37:29 INFO  root:355 - 10.40805634018577 * 84.5585253158305 = 880,0898955301886
2021-01-13 05:37:31 INFO  root:358 - multiplication tests status: passed
2021-01-13 05:37:31 INFO  root:394 - subtraction tests status: start
2021-01-13 05:37:31 INFO  root:403 - 1516707820.856323 - 8603877.671047104 = 1 508 103 943,185276
2021-01-13 05:37:32 INFO  root:403 - 2277226421.766670 - 6041606.682851674 = 2 271 184 815,083818
2021-01-13 05:37:33 INFO  root:403 - 3246700435.457420 - 142872007476514.5 = -142 868 760 776 079
2021-01-13 05:37:35 INFO  root:403 - 81.64442621482442 - 5768.466501478302 = -5 686,822075263478
2021-01-13 05:37:36 INFO  root:403 - 4408.437040263214 - 87550235333.53805 = -87 550 230 925,10101
2021-01-13 05:37:37 INFO  root:403 - 8131.302237486255 - 316134170.6057246 = -316 126 039,3034871
2021-01-13 05:37:38 INFO  root:403 - 2.00724877525276 - 743343140728541 = -743 343 140 728 539
2021-01-13 05:37:39 INFO  root:403 - 3218545.357153501 - 73300653.20240082 = -70 082 107,84524732
2021-01-13 05:37:40 INFO  root:403 - 65842235441424.55 - 4328823276.662654 = 65 837 906 618 147,89
2021-01-13 05:37:42 INFO  root:403 - 5172284.482601532 - 67048635726771 = -67 048 630 554 486,52
2021-01-13 05:37:43 INFO  root:403 - 18134565201.30407 - 718367857.4837206 = 17 416 197 343,82035
2021-01-13 05:37:44 INFO  root:403 - 380688353437334 - 278773.1568171874 = 380 688 353 158 560,8
2021-01-13 05:37:45 INFO  root:403 - 78001146183.24507 - 871147564.6766211 = 77 129 998 618,56845
2021-01-13 05:37:46 INFO  root:403 - 12768272704782 - 8.858282244182226 = 12 768 272 704 773,14
2021-01-13 05:37:47 INFO  root:403 - 12.11803048556703 - 46316.22551470818 = -46 304,10748422261
2021-01-13 05:37:48 INFO  root:403 - 45123771504205 - 6155003.100481431 = 45 123 765 349 201,9
2021-01-13 05:37:50 INFO  root:403 - 360781437274707 - 53760756610.05822 = 360 727 676 518 096,9
2021-01-13 05:37:51 INFO  root:403 - 48823520031042.22 - 6.760473065015563 = 48 823 520 031 035,46
2021-01-13 05:37:52 INFO  root:403 - 4154050164.215662 - 77218.3426540521 = 4 153 972 945,873008
2021-01-13 05:37:53 INFO  root:403 - 13003788474.0730 - 65.13515764773858 = 13 003 788 408,93784
2021-01-13 05:37:54 INFO  root:406 - subtraction tests status: passed
2021-01-13 05:37:57 INFO  root:596 - oneDividedByX tests status: start
2021-01-13 05:37:57 INFO  root:635 - oneDividedByX tests status: passed
2021-01-13 05:37:57 INFO  root:363 - exponentOfTwo tests status: start
2021-01-13 05:38:02 INFO  root:386 - 5.465678586734717² = 29,87364241349041
2021-01-13 05:38:03 INFO  root:386 - 435080816442554² = 1,892953168363194e+29
2021-01-13 05:38:03 INFO  root:386 - 2112.126250412731² = 4 461 077,297682542
2021-01-13 05:38:04 INFO  root:386 - 128121.410860816² = 16 415 095 920,96602
2021-01-13 05:38:04 INFO  root:386 - 4265476.726227625² = 18 194 291 701 989,54
2021-01-13 05:38:05 INFO  root:386 - 2354245.487777254² = 5 542 471 816 719,561
2021-01-13 05:38:06 INFO  root:386 - 317.2742407082386² = 100 662,9438169893
2021-01-13 05:38:06 INFO  root:386 - 354088660635805² = 1,253787795908583e+29
2021-01-13 05:38:07 INFO  root:386 - 25406186240.51242² = 6,454742992876026e+20
2021-01-13 05:38:08 INFO  root:386 - 867365504288022.5² = 7,523229180288156e+29
2021-01-13 05:38:08 INFO  root:386 - 721737300047388² = 5,209047302796934e+29
2021-01-13 05:38:09 INFO  root:386 - 32847588228331.77² = 1,07896405241804e+27
2021-01-13 05:38:09 INFO  root:386 - 271452.3708881831² = 73 686 389 660,81572
2021-01-13 05:38:10 INFO  root:386 - 27.81500300526751² = 773,6743921830406
2021-01-13 05:38:11 INFO  root:386 - 14547466.13724763² = 211 628 771 014 366,5
2021-01-13 05:38:11 INFO  root:386 - 4201.37130202855² = 17 651 520,81750907
2021-01-13 05:38:12 INFO  root:386 - 260703670815641² = 6,79664039767501e+28
2021-01-13 05:38:12 INFO  root:386 - 80457064.58303633² = 6 473 339 241 318 879
2021-01-13 05:38:13 INFO  root:386 - 814301104835776² = 6,630862893367655e+29
2021-01-13 05:38:14 INFO  root:386 - 271160274334032² = 7,352789437690749e+28
2021-01-13 05:38:14 INFO  root:389 - exponentOfTwo tests status: passed
2021-01-13 05:38:33 INFO  root:559 - squareRoot tests status: start
2021-01-13 05:38:37 INFO  root:578 - √(2315103,53637107)  = 1 521,546429252512
2021-01-13 05:38:37 INFO  root:578 - √(8,138418274725473)  = 2,852791312859297
2021-01-13 05:38:38 INFO  root:578 - √(1728056113286)  = 1 314 555,481250601
2021-01-13 05:38:38 INFO  root:578 - √(611665,6268775842)  = 782,090549027147
2021-01-13 05:38:39 INFO  root:578 - √(146,7663437628105)  = 12,11471600008892
2021-01-13 05:38:40 INFO  root:578 - √(35,78815844735678)  = 5,982320490190807
2021-01-13 05:38:40 INFO  root:578 - √(842721726087451)  = 29 029 669,75505321
2021-01-13 05:38:41 INFO  root:578 - √(167411,5282426878)  = 409,1595388631283
2021-01-13 05:38:42 INFO  root:578 - √(34160142,84530303)  = 5 844,667898632311
2021-01-13 05:38:42 INFO  root:578 - √(584,5573806132023)  = 24,17762148378542
2021-01-13 05:38:43 INFO  root:578 - √(3870354505,834071)  = 62 212,17329296631
2021-01-13 05:38:43 INFO  root:578 - √(60238515,12431573)  = 7 761,347506993597
2021-01-13 05:38:44 INFO  root:578 - √(703062330384518)  = 26 515 322,5585607
2021-01-13 05:38:45 INFO  root:578 - √(1,274011083077484)  = 1,128720994346027
2021-01-13 05:38:45 INFO  root:578 - √(208220824252236,5)  = 14 429 858,77450769
2021-01-13 05:38:46 INFO  root:578 - √(5441,751706137322)  = 73,76822965299711
2021-01-13 05:38:47 INFO  root:578 - √(483248488834146)  = 21 982 913,56563424
2021-01-13 05:38:47 INFO  root:578 - √(78075704586286)  = 8 836 045,755103693
2021-01-13 05:38:48 INFO  root:578 - √(83232,28756730270)  = 288,5000651079696
2021-01-13 05:38:48 INFO  root:578 - √(58737728565453,63)  = 7 664 054,316447244
2021-01-13 05:38:49 INFO  root:581 - squareRoot tests status: passed
2021-01-13 05:38:54 INFO  root:238 - division tests status: start
2021-01-13 05:39:10 INFO  root:293 - 305156708366437 / 510006411.1000223 = 598 338,965402907
2021-01-13 05:39:12 INFO  root:293 - 4170.43278720104 / 3213.167510713752 = 1,297919505688842
2021-01-13 05:39:13 INFO  root:293 - 585024204722775 / 567171.5520564373 = 1 031 476 636,304497
2021-01-13 05:39:14 INFO  root:293 - 24880503735732.23 / 538301.1324000374 = 46 220 418,71768223
2021-01-13 05:39:15 INFO  root:293 - 4.066010424634874 / 2.761424702462837 = 1,47243211846715
2021-01-13 05:39:16 INFO  root:293 - 12.36042408100582 / 84652586.50622857 = 0,000000146013543
2021-01-13 05:39:17 INFO  root:293 - 6.603864813820835 / 34373668874210 = 0,0000000000001921
2021-01-13 05:39:18 INFO  root:293 - 5456.577770713748 / 140135.7001104575 = 0,0389378136079013
2021-01-13 05:39:20 INFO  root:293 - 73788512425853.71 / 250811305.5480562 = 294 199,3075815141
2021-01-13 05:39:21 INFO  root:293 - 184101.5067471824 / 7.527608251674014 = 24 456,83948898926
2021-01-13 05:39:22 INFO  root:293 - 6.741084257707774 / 73465.81084164246 = 0,0000917581141551
2021-01-13 05:39:23 INFO  root:293 - 28053840.41211328 / 5.742300572070873 = 4 885 470,563585649
2021-01-13 05:39:25 INFO  root:293 - 712.6004770872051 / 285660877281415 = 0,0000000000024946
2021-01-13 05:39:26 INFO  root:293 - 265634281303267.8 / 6.504844603652076 = 40 836 376 191 697,22
2021-01-13 05:39:27 INFO  root:293 - 670.1403774012612 / 134.2447304723738 = 4,99193059603311
2021-01-13 05:39:28 INFO  root:293 - 64377553.40138686 / 5534771.514350166 = 11,63147444017757
2021-01-13 05:39:29 INFO  root:293 - 2.533036221162768 / 5808005.681271637 = 0,0000004361283993
2021-01-13 05:39:30 INFO  root:293 - 73572485357.05251 / 384568.376081252 = 191 311,8444807018
2021-01-13 05:39:32 INFO  root:293 - 112064521382387 / 23774428661137 = 4,713657811915114
2021-01-13 05:39:33 INFO  root:293 - 2.210714404214437 / 813832724411113 = 0,0000000000000027
2021-01-13 05:39:34 INFO  root:296 - division tests status: passed
2021-01-13 05:39:43 INFO  root:411 - addition tests status: start
2021-01-13 05:40:31 INFO  root:479 - 170.0320517480181 * 4570.637675154503 = 4 740,669726902521
2021-01-13 05:40:32 INFO  root:479 - 65.06070500412541 * 24505735.05161521 = 24 505 800,11232021
2021-01-13 05:40:33 INFO  root:479 - 330835.8255563336 * 883143861135837.2 = 883 143 861 466 673
2021-01-13 05:40:34 INFO  root:479 - 38761587163145 * 78182.07154520824 = 38 761 587 241 327,07
2021-01-13 05:40:35 INFO  root:479 - 55623817433.13833 * 10.38104034784483 = 55 623 817 443,51937
2021-01-13 05:40:36 INFO  root:479 - 835255415.3744762 * 586071862346202.2 = 586 072 697 601 617,6
2021-01-13 05:40:38 INFO  root:479 - 448716175323568 * 7.227123832064853 = 448 716 175 323 575,2
2021-01-13 05:40:39 INFO  root:479 - 1876641676.415462 * 66.2834631352454 = 1 876 641 742,698925
2021-01-13 05:40:40 INFO  root:479 - 8202.263201324567 * 4.682050712644462 = 8 206,945252037211
2021-01-13 05:40:41 INFO  root:479 - 8072344.047438358 * 142.4764457364268 = 8 072 486,523884094
2021-01-13 05:40:42 INFO  root:479 - 4314375556438.451 * 3.325828430506611 = 4 314 375 556 441,777
2021-01-13 05:40:43 INFO  root:479 - 5373228056336.47 * 36200081226.02363 = 5 409 428 137 562,494
2021-01-13 05:40:45 INFO  root:479 - 8856022.215374586 * 563507524142567 = 563 507 532 998 589,2
2021-01-13 05:40:46 INFO  root:479 - 243633658276.8235 * 873622130475017 = 873 865 764 133 293,8
2021-01-13 05:40:47 INFO  root:479 - 165256158534582 * 5222004.037822667 = 165 256 163 756 586
2021-01-13 05:40:48 INFO  root:479 - 35.01168088413445 * 68541618000248 = 68 541 618 000 283,01
2021-01-13 05:40:49 INFO  root:479 - 144747561823172 * 683133534.3374304 = 144 748 244 956 706,3
2021-01-13 05:40:50 INFO  root:479 - 4.506411508148242 * 8360568143.088155 = 8 360 568 147,594567
2021-01-13 05:40:51 INFO  root:479 - 87406.73532888434 * 16565.82663572800 = 103 972,5619646123
2021-01-13 05:40:53 INFO  root:479 - 511640784083342 * 84.08574544321761 = 511 640 784 083 426,1
2021-01-13 05:40:54 INFO  root:482 - addition tests status: passed
2021-01-13 06:02:57 INFO  root:301 - multiplication tests status: start
2021-01-13 06:03:12 INFO  root:355 - 25143.13406360554 * 2.861647676643115 = 71 950,79117664316
2021-01-13 06:03:13 INFO  root:355 - 833050354634316 * 2551.665663708325 = 2,125665986060427e+18
2021-01-13 06:03:14 INFO  root:355 - 78112410875832.2 * 6.735436834608277 = 526 121 209 453 136,4
2021-01-13 06:03:15 INFO  root:355 - 52.64520101184455 * 657.4801111460450 = 34 613,17261257344
2021-01-13 06:03:17 INFO  root:355 - 617538.7745077536 * 514133371320485 = 3,174972920587921e+20
2021-01-13 06:03:18 INFO  root:355 - 438080.612054080 * 866375204438537 = 3,79542179828913e+20
2021-01-13 06:03:19 INFO  root:355 - 166777.4722457238 * 30865038.1607317 = 5 147 593 045 214,637
2021-01-13 06:03:20 INFO  root:355 - 71664845550.62242 * 0.748103805211587 = 53 612 743 656,3213
2021-01-13 06:03:21 INFO  root:355 - 53738638.00382100 * 302826255062658 = 1,627347049886494e+22
2021-01-13 06:03:22 INFO  root:355 - 147584771725613 * 51146144344.35002 = 7,54839203770615e+24
2021-01-13 06:03:23 INFO  root:355 - 360715767245.7166 * 137821836808132 = 4,971450960745928e+25
2021-01-13 06:03:25 INFO  root:355 - 38175532454120.61 * 11201.48005311343 = 4,276224653018164e+17
2021-01-13 06:03:26 INFO  root:355 - 4202034.513600411 * 722612517466752 = 3,036442738354972e+21
2021-01-13 06:03:27 INFO  root:355 - 610854265243.6613 * 64312814036500 = 3,928575676401843e+25
2021-01-13 06:03:28 INFO  root:355 - 285038875.5133371 * 278350674307482 = 7,93407632029838e+22
2021-01-13 06:03:29 INFO  root:355 - 153154.5468140235 * 424687.8612511600 = 65 042 876 927,3383
2021-01-13 06:03:30 INFO  root:355 - 520220323656660 * 5083.31271323551 = 2,644442584927392e+18
2021-01-13 06:03:31 INFO  root:355 - 24452518223.24051 * 218737067780141 = 5,348672135992092e+24
2021-01-13 06:03:33 INFO  root:355 - 6748444730771.830 * 0.410331636811051 = 2 769 100 372 306,517
2021-01-13 06:03:34 INFO  root:355 - 25770.82881167054 * 60773588736507.0 = 1,566185751599391e+18
2021-01-13 06:03:35 INFO  root:358 - multiplication tests status: passed
2021-01-13 06:03:35 INFO  root:394 - subtraction tests status: start
2021-01-13 06:03:35 INFO  root:403 - 116576066572431 - 873634325205.3835 = 115 702 432 247 225,6
2021-01-13 06:03:36 INFO  root:403 - 758135541256730 - 1723710187761.836 = 756 411 831 068 968,2
2021-01-13 06:03:37 INFO  root:403 - 872328366054016 - 36.34520422871273 = 872 328 366 053 979,7
2021-01-13 06:03:39 INFO  root:403 - 16.74572663162762 - 55123217.26677208 = -55 123 200,52104545
2021-01-13 06:03:40 INFO  root:403 - 36225.06843488706 - 318388676.1167460 = -318 352 451,0483111
2021-01-13 06:03:41 INFO  root:403 - 65.38031640814633 - 14.7426806140062 = 50,63763579414013
2021-01-13 06:03:42 INFO  root:403 - 8626.456621810227 - 8113703753630.813 = -8 113 703 745 004,356
2021-01-13 06:03:43 INFO  root:403 - 434065743247847 - 135736.1737432108 = 434 065 743 112 110,8
2021-01-13 06:03:44 INFO  root:403 - 2016.505125578423 - 347132373856060 = -347 132 373 854 043,5
2021-01-13 06:03:45 INFO  root:403 - 7870.377608643372 - 17271226166347 = -17 271 226 158 476,62
2021-01-13 06:03:47 INFO  root:403 - 18.44107147764831 - 427.2513758344836 = -408,8103043568353
2021-01-13 06:03:48 INFO  root:403 - 54713863636371 - 31763656750632.77 = 22 950 206 885 738,23
2021-01-13 06:03:49 INFO  root:403 - 5554186.528513668 - 2.783118510438470 = 5 554 183,745395158
2021-01-13 06:03:50 INFO  root:403 - 7320274.72047070 - 5.587214422202833 = 7 320 269,133256278
2021-01-13 06:03:51 INFO  root:403 - 1142.752665110224 - 14.7525664385520 = 1 128,000098671672
2021-01-13 06:03:52 INFO  root:403 - 348887421251702 - 7307636461520.816 = 341 579 784 790 181,2
2021-01-13 06:03:53 INFO  root:403 - 536431631053357 - 106386515156242 = 430 045 115 897 115
2021-01-13 06:03:54 INFO  root:403 - 418621.8284678648 - 646455110052530 = -646 455 109 633 908,2
2021-01-13 06:03:56 INFO  root:403 - 712.55270240112 - 7577.657177216636 = -6 865,104474815516
2021-01-13 06:03:57 INFO  root:403 - 83.76040631406580 - 43840.22037314384 = -43 756,45996682977
2021-01-13 06:03:58 INFO  root:406 - subtraction tests status: passed
2021-01-13 06:04:01 INFO  root:596 - oneDividedByX tests status: start
2021-01-13 06:04:01 INFO  root:635 - oneDividedByX tests status: passed
2021-01-13 06:04:01 INFO  root:363 - exponentOfTwo tests status: start
2021-01-13 06:04:06 INFO  root:386 - 445413.762645578² = 198 393 419 954,0913
2021-01-13 06:04:06 INFO  root:386 - 67647183163.52473² = 4,576141389959464e+21
2021-01-13 06:04:07 INFO  root:386 - 1502211840560.842² = 2,256640413921193e+24
2021-01-13 06:04:08 INFO  root:386 - 861115701.183311² = 7,415202508244254e+17
2021-01-13 06:04:08 INFO  root:386 - 736051361524872.1² = 5,41771606802618e+29
2021-01-13 06:04:09 INFO  root:386 - 131.1443184054286² = 17 198,83225002444
2021-01-13 06:04:10 INFO  root:386 - 40.32002025327737² = 1 625,704033224697
2021-01-13 06:04:10 INFO  root:386 - 618524866247203² = 3,825730101661204e+29
2021-01-13 06:04:11 INFO  root:386 - 234451082033748² = 5,496730986679523e+28
2021-01-13 06:04:11 INFO  root:386 - 733813308411856² = 5,384819716023537e+29
2021-01-13 06:04:12 INFO  root:386 - 84238835.12854641² = 7 096 181 343 814 425
2021-01-13 06:04:13 INFO  root:386 - 0.478805204112870² = 0,2292544234855671
2021-01-13 06:04:13 INFO  root:386 - 650688078460678² = 4,233949754508494e+29
2021-01-13 06:04:14 INFO  root:386 - 20756285431.10275² = 4,308233848974083e+20
2021-01-13 06:04:14 INFO  root:386 - 550238105.3838213² = 3,027619726163772e+17
2021-01-13 06:04:15 INFO  root:386 - 21.76742376535317² = 473,820737380462
2021-01-13 06:04:16 INFO  root:386 - 557344153362466² = 3,10632505287324e+29
2021-01-13 06:04:16 INFO  root:386 - 1.017061042132312² = 1,034413163423265
2021-01-13 06:04:17 INFO  root:386 - 7488630780433.070² = 5,607959096564961e+25
2021-01-13 06:04:18 INFO  root:386 - 421232766673158² = 1,774370437191232e+29
2021-01-13 06:04:18 INFO  root:389 - exponentOfTwo tests status: passed
2021-01-13 06:04:37 INFO  root:559 - squareRoot tests status: start
2021-01-13 06:04:41 INFO  root:578 - √(75066,74007885522)  = 273,9831018126031
2021-01-13 06:04:41 INFO  root:578 - √(11523285023783,62)  = 3 394 596,444908234
2021-01-13 06:04:42 INFO  root:578 - √(8,137054557816030)  = 2,852552288357924
2021-01-13 06:04:43 INFO  root:578 - √(3,234057750523407)  = 1,798348617627685
2021-01-13 06:04:43 INFO  root:578 - √(23507,20847313662)  = 153,3206068117936
2021-01-13 06:04:44 INFO  root:578 - √(10054772,34606486)  = 3 170,926102271206
2021-01-13 06:04:45 INFO  root:578 - √(138701260486174)  = 11 777 149,93052963
2021-01-13 06:04:45 INFO  root:578 - √(5323,056243222567)  = 72,95927797903819
2021-01-13 06:04:46 INFO  root:578 - √(308,7231610640211)  = 17,5705196583374
2021-01-13 06:04:47 INFO  root:578 - √(516033218010032)  = 22 716 364,54210999
2021-01-13 06:04:47 INFO  root:578 - √(6284,844484610672)  = 79,27701107263487
2021-01-13 06:04:48 INFO  root:578 - √(6,743874672076751)  = 2,596897123891655
2021-01-13 06:04:48 INFO  root:578 - √(14,23640532055866)  = 3,773116128687091
2021-01-13 06:04:49 INFO  root:578 - √(2,52017751702704)  = 1,587506698262102
2021-01-13 06:04:50 INFO  root:578 - √(77,05388280782330)  = 8,778034108376619
2021-01-13 06:04:50 INFO  root:578 - √(433667755138860)  = 20 824 690,99744003
2021-01-13 06:04:51 INFO  root:578 - √(614460181,2210742)  = 24 788,30734885047
2021-01-13 06:04:52 INFO  root:578 - √(17,03566024025413)  = 4,127427799520439
2021-01-13 06:04:52 INFO  root:578 - √(472061285157687)  = 21 726 971,37563556
2021-01-13 06:04:53 INFO  root:578 - √(2460064264,257378)  = 49 599,03491256032
2021-01-13 06:04:53 INFO  root:581 - squareRoot tests status: passed
2021-01-13 06:04:58 INFO  root:238 - division tests status: start
2021-01-13 06:05:15 INFO  root:293 - 20718388.10363503 / 6802.427110440204 = 3 045,734671943333
2021-01-13 06:05:16 INFO  root:293 - 125678.435036276 / 62430254222165 = 0,0000000020131014
2021-01-13 06:05:17 INFO  root:293 - 75.42301002460124 / 85487347.62336061 = 0,0000008822710275
2021-01-13 06:05:18 INFO  root:293 - 216258383135.8852 / 1243638382765.234 = 0,1738916924186868
2021-01-13 06:05:19 INFO  root:293 - 260481073868183 / 7.100153282441144 = 36 686 683 161 102,9
2021-01-13 06:05:20 INFO  root:293 - 580504.6886431744 / 435724123.6228575 = 0,0013322757615909
2021-01-13 06:05:22 INFO  root:293 - 55663.07167222714 / 4705437641.05144 = 0,0000118295206351
2021-01-13 06:05:23 INFO  root:293 - 82547333531.20785 / 22163260442862.72 = 0,003724512182854
2021-01-13 06:05:24 INFO  root:293 - 780264.3234687768 / 511248470883756 = 0,000000001526194
2021-01-13 06:05:25 INFO  root:293 - 822723075816380 / 2.642883046686087 = 311 297 572 114 662,1
2021-01-13 06:05:26 INFO  root:293 - 854307747741646 / 326483832851112 = 2,616692349759445
2021-01-13 06:05:27 INFO  root:293 - 270234.4870056275 / 464748707131254 = 0,0000000005814637
2021-01-13 06:05:28 INFO  root:293 - 382427871527041 / 247706782.715284 = 1 543 873,233243703
2021-01-13 06:05:30 INFO  root:293 - 75741152710553.07 / 704.0810675018772 = 107 574 477 154,012
2021-01-13 06:05:31 INFO  root:293 - 270000647281.0253 / 480080470033445.1 = 0,0005624070632622
2021-01-13 06:05:32 INFO  root:293 - 7.410204558611473 / 854.6516888822744 = 0,0086704380919233
2021-01-13 06:05:33 INFO  root:293 - 0.741421308438861 / 65808823762.81828 = 0,0000000000112663
2021-01-13 06:05:34 INFO  root:293 - 44002.37308125560 / 3.623186005704814 = 12 144,66301536067
2021-01-13 06:05:36 INFO  root:293 - 3688.884645153512 / 5100315143.510124 = 0,0000007232660221
2021-01-13 06:05:37 INFO  root:293 - 4665.561453308000 / 451350842643078 = 0,0000000000103369
2021-01-13 06:05:38 INFO  root:296 - division tests status: passed
2021-01-13 06:05:47 INFO  root:411 - addition tests status: start
2021-01-13 06:06:35 INFO  root:479 - 45741638.0125371 * 6164062.353067135 = 51 905 700,36560424
2021-01-13 06:06:36 INFO  root:479 - 438207762487111 * 36.08460301717183 = 438 207 762 487 147,1
2021-01-13 06:06:37 INFO  root:479 - 737702274780327 * 37524.81135018841 = 737 702 274 817 851,8
2021-01-13 06:06:38 INFO  root:479 - 3838268.558071643 * 22.11321001464254 = 3 838 290,671281658
2021-01-13 06:06:39 INFO  root:479 - 5735708787513.607 * 8.27125313530841 = 5 735 708 787 521,878
2021-01-13 06:06:41 INFO  root:479 - 40.52252475055230 * 2808301.222664871 = 2 808 341,745189622
2021-01-13 06:06:42 INFO  root:479 - 324382342205747.1 * 0.67402453558523 = 324 382 342 205 747,8
2021-01-13 06:06:43 INFO  root:479 - 7006.473446401621 * 21187.17150674512 = 28 193,64495314674
2021-01-13 06:06:44 INFO  root:479 - 366.780083468603 * 54551028050.10871 = 54 551 028 416,88879
2021-01-13 06:06:45 INFO  root:479 - 8563300144.504270 * 708826112441567 = 708 834 675 741 711,5
2021-01-13 06:06:46 INFO  root:479 - 755.7456454787568 * 470.1415085432547 = 1 225,887154022012
2021-01-13 06:06:48 INFO  root:479 - 20224205543733.73 * 6182512414523.143 = 26 406 717 958 256,87
2021-01-13 06:06:49 INFO  root:479 - 8016446180342.136 * 833.2867722880163 = 8 016 446 181 175,423
2021-01-13 06:06:50 INFO  root:479 - 42674401650082 * 53705.17381754431 = 42 674 401 703 787,17
2021-01-13 06:06:51 INFO  root:479 - 574518241407.5442 * 711162007272062 = 711 736 525 513 469,5
2021-01-13 06:06:52 INFO  root:479 - 410812666654151 * 1140.646180844714 = 410 812 666 655 291,6
2021-01-13 06:06:53 INFO  root:479 - 580401170878574 * 64347431548.2703 = 580 465 518 310 122,3
2021-01-13 06:06:54 INFO  root:479 - 635.2538364460570 * 341883810427865 = 341 883 810 428 500,3
2021-01-13 06:06:55 INFO  root:479 - 68.74685315220702 * 662123705872.657 = 662 123 705 941,4039
2021-01-13 06:06:57 INFO  root:479 - 2547.406228165007 * 6400.587600057646 = 8 947,993828222653
2021-01-13 06:06:58 INFO  root:482 - addition tests status: passed
2021-01-13 06:20:34 INFO  root:301 - multiplication tests status: start
2021-01-13 06:20:49 INFO  root:355 - 20523552880315 * 840634803107616 = 1,725281283461235e+28
2021-01-13 06:20:50 INFO  root:355 - 2.787450438845005 * 461.2867347403734 = 1 285,813911185433
2021-01-13 06:20:51 INFO  root:355 - 41056776526.73118 * 31351361183.58671 = 1,287185829923354e+21
2021-01-13 06:20:52 INFO  root:355 - 8.063012061026252 * 582.7573830137120 = 4 698,779807891655
2021-01-13 06:20:53 INFO  root:355 - 82836.75506384115 * 4.721632337541728 = 391 124,7014464559
2021-01-13 06:20:54 INFO  root:355 - 13654400.31285441 * 8373.764288526236 = 114 338 729 721,0217
2021-01-13 06:20:55 INFO  root:355 - 258683226855770 * 268737345578423.7 = 6,951784373088084e+28
2021-01-13 06:20:57 INFO  root:355 - 55.34220628247765 * 62802533318.1237 = 3 475 630 753 953,777
2021-01-13 06:20:58 INFO  root:355 - 30308638.76573430 * 777203835514.1138 = 2,355599029794045e+19
2021-01-13 06:20:59 INFO  root:355 - 531576757417.10 * 750.447834643300 = 398 920 626 550 369,5
2021-01-13 06:21:00 INFO  root:355 - 7705180832.284077 * 10416146.53801271 = 8,025829265095768e+16
2021-01-13 06:21:01 INFO  root:355 - 274437.2881513638 * 6504.127567486460 = 1 784 975 131,411511
2021-01-13 06:21:02 INFO  root:355 - 820118602881847 * 878.7605080248710 = 7,206878401090993e+17
2021-01-13 06:21:04 INFO  root:355 - 8224040843.321740 * 2.537273852503617 = 20 866 643 793,68205
2021-01-13 06:21:05 INFO  root:355 - 563238177422847 * 255780562812.8446 = 1,440653780188966e+26
2021-01-13 06:21:06 INFO  root:355 - 471262200184446 * 3.6604280203872 = 1 725 021 362 504 468
2021-01-13 06:21:07 INFO  root:355 - 407.3383710851614 * 28.77111304471576 = 11 719,57832194156
2021-01-13 06:21:08 INFO  root:355 - 5353.862235673086 * 5187.116218124822 = 27 771 105,63226588
2021-01-13 06:21:09 INFO  root:355 - 448.5010663886056 * 5856670881632.718 = 2 626 723 135 899 369
2021-01-13 06:21:10 INFO  root:355 - 1761234.738684783 * 174260686207.301 = 3,069139741353467e+17
2021-01-13 06:21:12 INFO  root:358 - multiplication tests status: passed
2021-01-13 06:21:12 INFO  root:394 - subtraction tests status: start
2021-01-13 06:21:12 INFO  root:403 - 455512016555758 - 2306.211412005870 = 455 512 016 553 451,8
2021-01-13 06:21:13 INFO  root:403 - 55.35458251831643 - 1267668270202.634 = -1 267 668 270 147,279
2021-01-13 06:21:14 INFO  root:403 - 80263.87521372268 - 377768354743806 = -377 768 354 663 542,1
2021-01-13 06:21:15 INFO  root:403 - 571.353360883401 - 42.63855886232662 = 528,7148020210744
2021-01-13 06:21:17 INFO  root:403 - 83260821.3840828 - 310254073231087 = -310 253 989 970 265,6
2021-01-13 06:21:18 INFO  root:403 - 867.3433670020370 - 760174122726715 = -760 174 122 725 847,7
2021-01-13 06:21:19 INFO  root:403 - 72230347551668 - 8607701334.706256 = 72 221 739 850 333,29
2021-01-13 06:21:20 INFO  root:403 - 6050.345832030802 - 2.870611770440831 = 6 047,475220260361
2021-01-13 06:21:21 INFO  root:403 - 71.00582724407370 - 743.1027457415608 = -672,0969184974871
2021-01-13 06:21:22 INFO  root:403 - 7614388.316833575 - 13774048563010 = -13 774 040 948 621,68
2021-01-13 06:21:23 INFO  root:403 - 1.134148148012768 - 385111024378.5173 = -385 111 024 377,3832
2021-01-13 06:21:25 INFO  root:403 - 806250388638758 - 833645368314000 = -27 394 979 675 242
2021-01-13 06:21:26 INFO  root:403 - 0.481206444682076 - 262777276306733 = -262 777 276 306 732,5
2021-01-13 06:21:27 INFO  root:403 - 371073003642157 - 617.3584068385573 = 371 073 003 641 539,6
2021-01-13 06:21:28 INFO  root:403 - 3017536.345332153 - 61.54472035173628 = 3 017 474,800611801
2021-01-13 06:21:29 INFO  root:403 - 2133530.532732526 - 125532462180032 = -125 532 460 046 501,5
2021-01-13 06:21:30 INFO  root:403 - 261.1860528140707 - 71443282373.61876 = -71 443 282 112,43271
2021-01-13 06:21:31 INFO  root:403 - 6755000002.111640 - 48655735.80236436 = 6 706 344 266,309276
2021-01-13 06:21:33 INFO  root:403 - 468815173033568.7 - 467182351744025 = 1 632 821 289 543,7
2021-01-13 06:21:34 INFO  root:403 - 354630615674820 - 783680183.3131582 = 354 629 831 994 636,7
2021-01-13 06:21:35 INFO  root:406 - subtraction tests status: passed
2021-01-13 06:21:38 INFO  root:596 - oneDividedByX tests status: start
2021-01-13 06:21:38 INFO  root:635 - oneDividedByX tests status: passed
2021-01-13 06:21:38 INFO  root:363 - exponentOfTwo tests status: start
2021-01-13 06:21:43 INFO  root:386 - 17463.87702057451² = 304 987 000,5897504
2021-01-13 06:21:43 INFO  root:386 - 815311010045804² = 6,647320431019091e+29
2021-01-13 06:21:44 INFO  root:386 - 5.18756623771523² = 26,91084347068295
2021-01-13 06:21:45 INFO  root:386 - 76244.84356345645² = 5 813 276 170,015946
2021-01-13 06:21:45 INFO  root:386 - 116643.8101650448² = 13 605 778 449,81901
2021-01-13 06:21:46 INFO  root:386 - 126427702.4710324² = 1,598396395210389e+16
2021-01-13 06:21:46 INFO  root:386 - 2211120778.888806² = 4,88905509883384e+18
2021-01-13 06:21:47 INFO  root:386 - 444.8236750044468² = 197 868,1018444617
2021-01-13 06:21:48 INFO  root:386 - 330155577.2328703² = 1,090027051779698e+17
2021-01-13 06:21:48 INFO  root:386 - 631.8357422878086² = 399 216,4052323861
2021-01-13 06:21:49 INFO  root:386 - 688053403852553² = 4,734174865530844e+29
2021-01-13 06:21:50 INFO  root:386 - 272.0056836632370² = 73 987,09194510496
2021-01-13 06:21:50 INFO  root:386 - 205804446416265² = 4,235547016470529e+28
2021-01-13 06:21:51 INFO  root:386 - 4.306752570556602² = 18,5481177039959
2021-01-13 06:21:51 INFO  root:386 - 88122.37653700614² = 7 765 553 246,52989
2021-01-13 06:21:52 INFO  root:386 - 45686.86716786115² = 2 087 289 831,613789
2021-01-13 06:21:53 INFO  root:386 - 283068316886263² = 8,012767202482181e+28
2021-01-13 06:21:53 INFO  root:386 - 53700.54531550810² = 2 883 748 567,182939
2021-01-13 06:21:54 INFO  root:386 - 510858747.6125371² = 2,609766600122499e+17
2021-01-13 06:21:54 INFO  root:386 - 758650862780840² = 5,755511315981129e+29
2021-01-13 06:21:55 INFO  root:389 - exponentOfTwo tests status: passed
2021-01-13 06:22:14 INFO  root:559 - squareRoot tests status: start
2021-01-13 06:22:17 INFO  root:578 - √(657045,0763560166)  = 810,5831705358905
2021-01-13 06:22:18 INFO  root:578 - √(765515531343384)  = 27 667 951,33983331
2021-01-13 06:22:19 INFO  root:578 - √(0,586844401742272)  = 0,7660577013138579
2021-01-13 06:22:19 INFO  root:578 - √(56,36270566071157)  = 7,507509950756747
2021-01-13 06:22:20 INFO  root:578 - √(207716330025678)  = 14 412 367,25960305
2021-01-13 06:22:20 INFO  root:578 - √(85,08325683531637)  = 9,224058588024925
2021-01-13 06:22:21 INFO  root:578 - √(43,27683316504824)  = 6,578512990414189
2021-01-13 06:22:22 INFO  root:578 - √(6168,33080436533)  = 78,538721687874
2021-01-13 06:22:22 INFO  root:578 - √(102380162243745)  = 10 118 308,26985149
2021-01-13 06:22:23 INFO  root:578 - √(401750540567253)  = 20 043 715,73753861
2021-01-13 06:22:24 INFO  root:578 - √(68451144301675,72)  = 8 273 520,671496248
2021-01-13 06:22:24 INFO  root:578 - √(1225346645,707262)  = 35 004,95173125171
2021-01-13 06:22:25 INFO  root:578 - √(5,625238012182382)  = 2,371758421969316
2021-01-13 06:22:26 INFO  root:578 - √(50657500587,8205)  = 225 072,2119405692
2021-01-13 06:22:26 INFO  root:578 - √(24766182,77632847)  = 4 976,563349976414
2021-01-13 06:22:27 INFO  root:578 - √(163,8544540437470)  = 12,80056459863185
2021-01-13 06:22:27 INFO  root:578 - √(8054,23581751155)  = 89,74539440835697
2021-01-13 06:22:28 INFO  root:578 - √(864284534432140)  = 29 398 716,54396055
2021-01-13 06:22:29 INFO  root:578 - √(3833645782246,621)  = 1 957 969,811372642
2021-01-13 06:22:29 INFO  root:578 - √(32120604865863,66)  = 5 667 504,28900267
2021-01-13 06:22:30 INFO  root:581 - squareRoot tests status: passed
2021-01-13 06:22:35 INFO  root:238 - division tests status: start
2021-01-13 06:22:51 INFO  root:293 - 6.426458605716782 / 1143408182424.701 = 0,0000000000056204
2021-01-13 06:22:52 INFO  root:293 - 68.73384303110847 / 8162534322.026763 = 0,0000000084206498
2021-01-13 06:22:53 INFO  root:293 - 25105.7212658114 / 6343.210302360712 = 3,957888840051222
2021-01-13 06:22:55 INFO  root:293 - 86425068264.58760 / 5.377110317307184 = 16 072 772 021,50999
2021-01-13 06:22:56 INFO  root:293 - 6013052856.165008 / 567.7487581452301 = 10 591 045,36980223
2021-01-13 06:22:57 INFO  root:293 - 367376.344445335 / 88326838.52033884 = 0,0041592833005196
2021-01-13 06:22:58 INFO  root:293 - 214112374.3573362 / 3486.133037012672 = 61 418,30276816194
2021-01-13 06:22:59 INFO  root:293 - 85483.46804116672 / 628787026577145 = 0,0000000001359498
2021-01-13 06:23:01 INFO  root:293 - 88268111.34543760 / 61645.04848574866 = 1 431,876744583042
2021-01-13 06:23:02 INFO  root:293 - 44614.32474070736 / 85881105447.67451 = 0,0000005194894093
2021-01-13 06:23:03 INFO  root:293 - 580070718108503 / 632547541270.3316 = 917,0389263446657
2021-01-13 06:23:04 INFO  root:293 - 872588676474453 / 247716362513818.4 = 3,522531445316929
2021-01-13 06:23:05 INFO  root:293 - 573563770.5827037 / 83405776405.57033 = 0,006876787139942
2021-01-13 06:23:06 INFO  root:293 - 4846340.622313022 / 310363782615306 = 0,0000000156150327
2021-01-13 06:23:07 INFO  root:293 - 24636760308845.37 / 72443221.53708684 = 340 083,7205484124
2021-01-13 06:23:09 INFO  root:293 - 5201311.023270455 / 56272.72335078208 = 92,43041234822638
2021-01-13 06:23:10 INFO  root:293 - 787430406360.6441 / 770282422.7846440 = 1 022,261943241556
2021-01-13 06:23:11 INFO  root:293 - 820182681.0845251 / 32303772462646 = 0,0000253896872891
2021-01-13 06:23:12 INFO  root:293 - 360411802.1103863 / 1.137331507786213 = 316 892 480,0227497
2021-01-13 06:23:13 INFO  root:293 - 28412874.58315368 / 412484432852.5277 = 0,0000688822954764
2021-01-13 06:23:14 INFO  root:296 - division tests status: passed
2021-01-13 06:23:24 INFO  root:411 - addition tests status: start
2021-01-13 06:24:11 INFO  root:479 - 8440075.241366006 * 217625.1653740444 = 8 657 700,40674005
2021-01-13 06:24:12 INFO  root:479 - 86864823.13217648 * 0.767566442668524 = 86 864 823,89974292
2021-01-13 06:24:13 INFO  root:479 - 120660667446244 * 4724372824.723531 = 120 665 391 819 068,7
2021-01-13 06:24:15 INFO  root:479 - 317.7168103330841 * 126663170324275 = 126 663 170 324 592,7
2021-01-13 06:24:16 INFO  root:479 - 721864367342822 * 267.347007126641 = 721 864 367 343 089,3
2021-01-13 06:24:17 INFO  root:479 - 7.111482848364064 * 204655.4108028241 = 204 662,5222856725
2021-01-13 06:24:18 INFO  root:479 - 12143404188124.7 * 2675227105078.07 = 14 818 631 293 202,77
2021-01-13 06:24:19 INFO  root:479 - 581522066.2668670 * 211.6341024881724 = 581 522 277,9009695
2021-01-13 06:24:20 INFO  root:479 - 6.011046562041645 * 304053401.8602661 = 304 053 407,8713127
2021-01-13 06:24:21 INFO  root:479 - 762276414413070 * 856031764860741 = 1 618 308 179 273 811
2021-01-13 06:24:22 INFO  root:479 - 603758034865887.1 * 164583068542740 = 768 341 103 408 627,1
2021-01-13 06:24:24 INFO  root:479 - 584.5845355052783 * 8.62367342811125 = 593,2082089333896
2021-01-13 06:24:25 INFO  root:479 - 70232.66058870843 * 512234.4052380010 = 582 467,0658267094
2021-01-13 06:24:26 INFO  root:479 - 264803133124440 * 636305147141315 = 901 108 280 265 755
2021-01-13 06:24:27 INFO  root:479 - 8286187.501551747 * 806882.0122550346 = 9 093 069,513806782
2021-01-13 06:24:28 INFO  root:479 - 644754.5264543475 * 31465682501.35181 = 31 466 327 255,87826
2021-01-13 06:24:29 INFO  root:479 - 57.10064231028646 * 8117220436.6665 = 8 117 220 493,767142
2021-01-13 06:24:31 INFO  root:479 - 223541061530244 * 4.440645382478566 = 223 541 061 530 248,4
2021-01-13 06:24:32 INFO  root:479 - 30.67547338648880 * 15465603702024.48 = 15 465 603 702 055,16
2021-01-13 06:24:33 INFO  root:479 - 6173.511683505323 * 7437.373617611381 = 13 610,8853011167
2021-01-13 06:24:34 INFO  root:482 - addition tests status: passed
2021-01-14 04:42:31 INFO  root:596 - oneDividedByX tests status: start
2021-01-14 04:43:29 INFO  root:596 - oneDividedByX tests status: start
2021-01-14 04:44:55 INFO  root:596 - oneDividedByX tests status: start
2021-01-14 04:46:32 INFO  root:596 - oneDividedByX tests status: start
2021-01-14 04:46:51 INFO  root:596 - oneDividedByX tests status: start
2021-01-14 04:47:45 INFO  root:596 - oneDividedByX tests status: start
2021-01-14 04:48:07 INFO  root:596 - oneDividedByX tests status: start
2021-01-14 04:48:38 INFO  root:596 - oneDividedByX tests status: start
2021-01-14 04:48:58 INFO  root:596 - oneDividedByX tests status: start
2021-01-14 04:54:44 INFO  root:596 - oneDividedByX tests status: start
2021-01-14 04:55:17 INFO  root:596 - oneDividedByX tests status: start
2021-01-14 04:55:50 INFO  root:596 - oneDividedByX tests status: start
2021-01-14 04:56:51 INFO  root:596 - oneDividedByX tests status: start
2021-01-14 04:57:04 INFO  root:596 - oneDividedByX tests status: start
2021-01-14 04:59:27 INFO  root:596 - oneDividedByX tests status: start
2021-01-14 04:59:56 INFO  root:596 - oneDividedByX tests status: start
2021-01-14 05:00:19 INFO  root:596 - oneDividedByX tests status: start
2021-01-14 05:00:19 INFO  root:637 - oneDividedByX tests status: passed
2021-01-14 05:00:41 INFO  root:596 - oneDividedByX tests status: start
2021-01-14 05:00:41 INFO  root:637 - oneDividedByX tests status: passed
2021-01-14 05:05:06 INFO  root:301 - multiplication tests status: start
2021-01-14 05:05:21 INFO  root:355 - 4.646650822435653 * 554.5832413076384 = 2 576,954674331168
2021-01-14 05:05:23 INFO  root:355 - 71.04172657877377 * 4150.688783514686 = 294 872,0976720334
2021-01-14 05:05:24 INFO  root:355 - 861482746773167 * 600113658665848 = 5,169875630435495e+29
2021-01-14 05:05:25 INFO  root:355 - 0.032324243400661 * 7554143.314364671 = 244 181,9671769996
2021-01-14 05:05:26 INFO  root:355 - 323.6844322022560 * 68338482277084.25 = 2,212010283342195e+16
2021-01-14 05:05:27 INFO  root:355 - 12420.46313607315 * 671502878433315 = 8,340376747347999e+18
2021-01-14 05:05:29 INFO  root:355 - 10464.16432278333 * 801467072540314 = 8,386683146361953e+18
2021-01-14 05:05:30 INFO  root:355 - 75.07160424671047 * 143118738776553 = 1,074415331772172e+16
2021-01-14 05:05:31 INFO  root:355 - 3103810.630277666 * 545587817170102 = 1,69340126668255e+21
2021-01-14 05:05:32 INFO  root:355 - 6085174556667.418 * 17704028655137.26 = 1,077321047227521e+26
2021-01-14 05:05:33 INFO  root:355 - 836.1462171377086 * 628251827823383.0 = 5,253103892443727e+17
2021-01-14 05:05:34 INFO  root:355 - 6031614.528718852 * 247761.260112701 = 1 494 400 416 149,458
2021-01-14 05:05:36 INFO  root:355 - 834232088160.8328 * 6.27161147717011 = 5 231 979 538 733,066
2021-01-14 05:05:37 INFO  root:355 - 501066078.5830461 * 13840.58737440283 = 6 935 048 840 978,044
2021-01-14 05:05:38 INFO  root:355 - 407162116456738 * 1.822803830883421 = 742 176 665 667 943,6
2021-01-14 05:05:39 INFO  root:355 - 853504178.0335388 * 4881.775072037533 = 4 166 615 420 204,014
2021-01-14 05:05:40 INFO  root:355 - 3374.066674112314 * 702785346161006 = 2,371244615536337e+18
2021-01-14 05:05:42 INFO  root:355 - 242336276173286 * 1120466440.111315 = 2,715296646737143e+23
2021-01-14 05:05:43 INFO  root:355 - 43.86101173748583 * 6267048520472.208 = 274 879 088 715 824,7
2021-01-14 05:05:44 INFO  root:355 - 328458370668840 * 40.13714201370452 = 1,318338026912523e+16
2021-01-14 05:05:45 INFO  root:358 - multiplication tests status: passed
2021-01-14 05:05:45 INFO  root:394 - subtraction tests status: start
2021-01-14 05:05:45 INFO  root:403 - 20661822118424.31 - 32.27184067876880 = 20 661 822 118 392,04
2021-01-14 05:05:47 INFO  root:403 - 618601871865786 - 5680311070.325243 = 618 596 191 554 715,7
2021-01-14 05:05:48 INFO  root:403 - 27.87181321457807 - 160556067064020 = -160 556 067 063 992,1
2021-01-14 05:05:49 INFO  root:403 - 10.01200602278436 - 6.263553577624855 = 3,748452445159505
2021-01-14 05:05:50 INFO  root:403 - 8614767.860427748 - 510525520347361 = -510 525 511 732 593,1
2021-01-14 05:05:51 INFO  root:403 - 45741474734615 - 878730040120727 = -832 988 565 386 112
2021-01-14 05:05:52 INFO  root:403 - 185213537236806 - 2165768061.042558 = 185 211 371 468 745
2021-01-14 05:05:54 INFO  root:403 - 0.680040227436242 - 26145.57027406712 = -26 144,89023383968
2021-01-14 05:05:55 INFO  root:403 - 27.13858056587732 - 78733.00411468883 = -78 705,86553412295
2021-01-14 05:05:56 INFO  root:403 - 742.650530243353 - 3107782628.366856 = -3 107 781 885,716326
2021-01-14 05:05:57 INFO  root:403 - 65613.62500847646 - 660620666060254 = -660 620 665 994 640,4
2021-01-14 05:05:58 INFO  root:403 - 42.86822814282206 - 66813823.15231543 = -66 813 780,28408729
2021-01-14 05:06:00 INFO  root:403 - 71451053.71735604 - 44.38822738641276 = 71 451 009,32912865
2021-01-14 05:06:01 INFO  root:403 - 54150404.04721014 - 6628804637217.200 = -6 628 750 486 813,153
2021-01-14 05:06:02 INFO  root:403 - 7251734606.008343 - 5734.230185278444 = 7 251 728 871,778158
2021-01-14 05:06:03 INFO  root:403 - 683186467173837 - 81706.74253876681 = 683 186 467 092 130,3
2021-01-14 05:06:04 INFO  root:403 - 2177.86720661806 - 228413.7034285335 = -226 235,8362219154
2021-01-14 05:06:06 INFO  root:403 - 6.581376786715734 - 31556640.50668604 = -31 556 633,92530925
2021-01-14 05:06:07 INFO  root:403 - 464173618057444 - 772.0514043031455 = 464 173 618 056 671,9
2021-01-14 05:06:08 INFO  root:403 - 637120650753.2510 - 4.812571217421603 = 637 120 650 748,4384
2021-01-14 05:06:09 INFO  root:406 - subtraction tests status: passed
2021-01-14 05:06:12 INFO  root:596 - oneDividedByX tests status: start
2021-01-14 05:06:12 INFO  root:637 - oneDividedByX tests status: passed
2021-01-14 05:06:12 INFO  root:363 - exponentOfTwo tests status: start
2021-01-14 05:06:17 INFO  root:386 - 47302662205166² = 2,23754185169604e+27
2021-01-14 05:06:17 INFO  root:386 - 74473.23258105863² = 5 546 262 371,072453
2021-01-14 05:06:18 INFO  root:386 - 651726217331680² = 4,247470623574602e+29
2021-01-14 05:06:19 INFO  root:386 - 230327174.0483667² = 5,305060710510661e+16
2021-01-14 05:06:19 INFO  root:386 - 881731.4550522383² = 777 450 358 828,5373
2021-01-14 05:06:20 INFO  root:386 - 4.352518537630624² = 18,94441762041823
2021-01-14 05:06:21 INFO  root:386 - 7.113264180500447² = 50,5985273015907
2021-01-14 05:06:21 INFO  root:386 - 4531833353.183785² = 2,053751354102899e+19
2021-01-14 05:06:22 INFO  root:386 - 13.47657256425211² = 181,6180080795527
2021-01-14 05:06:23 INFO  root:386 - 10.85060267785401² = 117,7355784726526
2021-01-14 05:06:23 INFO  root:386 - 476.4453707344776² = 227 000,1912943138
2021-01-14 05:06:24 INFO  root:386 - 343520005728556.7² = 1,180059943357476e+29
2021-01-14 05:06:24 INFO  root:386 - 371551.7721052861² = 138 050 719 354,5785
2021-01-14 05:06:25 INFO  root:386 - 25306661651113.10² = 6,404271239239184e+26
2021-01-14 05:06:46 INFO  root:559 - squareRoot tests status: start
2021-01-14 05:06:49 INFO  root:578 - √(76422837686181)  = 8 742 015,65350812
2021-01-14 05:06:50 INFO  root:578 - √(348475355440366)  = 18 667 494,62140986
2021-01-14 05:06:50 INFO  root:578 - √(8855,878100411576)  = 94,10567517642906
2021-01-14 05:06:51 INFO  root:578 - √(3364,230237683152)  = 58,00198477365367
2021-01-14 05:06:52 INFO  root:578 - √(35,4621300710367)  = 5,95500882207883
2021-01-14 05:06:52 INFO  root:578 - √(57034051645,16855)  = 238 818,0304021632
2021-01-14 05:06:53 INFO  root:578 - √(6,668153381541380)  = 2,58227678251991
2021-01-14 05:06:58 INFO  root:238 - division tests status: start
2021-01-14 05:07:15 INFO  root:293 - 3.651218687344041 / 6.22270552241488 = 0,5867574279695453
2021-01-14 05:07:16 INFO  root:293 - 3674274803367.183 / 7.383534000373884 = 497 630 918 091,679
2021-01-14 05:07:17 INFO  root:293 - 30841114061846 / 87.7614774641185 = 351 419 722 559,4278
2021-01-14 05:07:19 INFO  root:293 - 2.871572322186573 / 241.5783855153615 = 0,0118867104607087
2021-01-14 05:07:20 INFO  root:293 - 24888478760.66838 / 52735340487853 = 0,0004719506602295
2021-01-14 05:07:21 INFO  root:293 - 4.641022814180436 / 714660378360857 = 0,0000000000000065
2021-01-14 05:07:22 INFO  root:293 - 607076448440175 / 760410145545000 = 0,7983539567387967
2021-01-14 05:07:23 INFO  root:293 - 127055.175438247 / 2847.685016623770 = 44,61700458321204
2021-01-14 05:07:24 INFO  root:293 - 25565445203707 / 273581205614720 = 0,0934473738656975
2021-01-14 05:07:26 INFO  root:293 - 245.4111220642144 / 5.821258602324148 = 42,1577426514317
2021-01-14 05:07:27 INFO  root:293 - 804063102643651 / 24.53133240051147 = 32 776 984 532 111,54
2021-01-14 05:07:28 INFO  root:293 - 37676500258.74511 / 4254323137.533632 = 8,856050431699786
2021-01-14 05:07:29 INFO  root:293 - 51.72200530288775 / 320.4235534638737 = 0,1614176134799004
2021-01-14 05:07:30 INFO  root:293 - 8477.814263461477 / 426534243320005 = 0,000000000019876
2021-01-14 05:07:31 INFO  root:293 - 6.866448864758164 / 7.302701387412311 = 0,9402614868785246
2021-01-14 05:07:33 INFO  root:293 - 4666.65681232752 / 277418441.7667145 = 0,0000168217252703
2021-01-14 05:07:34 INFO  root:293 - 745622610427642 / 683487407.4641810 = 1 090 909,067650551
2021-01-14 05:07:35 INFO  root:293 - 5.751584044712027 / 283368727330722 = 0,0000000000000203
2021-01-14 05:07:36 INFO  root:293 - 23288110.2068030 / 43665407128.31231 = 0,0005333308845231
2021-01-14 05:07:37 INFO  root:293 - 6.577651465334083 / 201580577504588 = 0,0000000000000326
2021-01-14 05:07:39 INFO  root:296 - division tests status: passed
2021-01-14 05:07:48 INFO  root:411 - addition tests status: start
2021-01-14 05:08:37 INFO  root:479 - 20207085425.75187 * 52.20225503410614 = 20 207 085 477,95413
2021-01-14 05:08:38 INFO  root:479 - 55.67305626874478 * 6.503201445365567 = 62,17625771411035
2021-01-14 05:08:39 INFO  root:479 - 455103354308655 * 3180.867078838624 = 455 103 354 311 835,9
2021-01-14 05:08:40 INFO  root:479 - 7.211182724661414 * 711442521217.0803 = 711 442 521 224,2915
2021-01-14 05:08:41 INFO  root:479 - 66632.26260516741 * 23.18841845824808 = 66 655,45102362566
2021-01-14 05:08:43 INFO  root:479 - 37750700856023.34 * 31.36822253821250 = 37 750 700 856 054,71
2021-01-14 05:08:44 INFO  root:479 - 26780320.26185031 * 1180760.643030818 = 27 961 080,90488113
2021-01-14 05:08:45 INFO  root:479 - 8.502820846577274 * 177707408271586 = 177 707 408 271 594,5
2021-01-14 05:08:46 INFO  root:479 - 23603631.34711752 * 4263742863602.860 = 4 263 766 467 234,207
2021-01-14 05:08:47 INFO  root:479 - 3022566607881.071 * 777.6677672346442 = 3 022 566 608 658,739
2021-01-14 05:08:49 INFO  root:479 - 2158766000885.628 * 0.321067325376104 = 2 158 766 000 885,949
2021-01-14 05:08:50 INFO  root:479 - 752688811471126 * 33043268403723 = 785 732 079 874 849
2021-01-14 05:08:51 INFO  root:479 - 611613381877113 * 408052722225530.3 = 1 019 666 104 102 643
2021-01-14 05:08:52 INFO  root:479 - 4.263761767081240 * 768282765687186 = 768 282 765 687 190,3
2021-01-14 05:08:53 INFO  root:479 - 2788288.571362612 * 142234201422701 = 142 234 204 210 989,6
2021-01-14 05:08:54 INFO  root:479 - 827405.4233485576 * 411352038151768.7 = 411 352 038 979 174,1
2021-01-14 05:08:56 INFO  root:479 - 51430.30248703252 * 7111060271811.15 = 7 111 060 323 241,452
2021-01-14 05:08:57 INFO  root:479 - 3167751446.537501 * 502213.8026642846 = 3 168 253 660,340165
2021-01-14 05:08:58 INFO  root:479 - 378.4778417435138 * 78.1352370374606 = 456,6130787809744
2021-01-14 05:08:59 INFO  root:479 - 346872644466283 * 5.310110702475458 = 346 872 644 466 288,3
2021-01-14 05:09:00 INFO  root:482 - addition tests status: passed
2021-01-14 11:30:51 INFO  root:363 - exponentOfTwo tests status: start
2021-01-14 11:30:55 INFO  root:390 - 346703860276.1776² = 1,202035667304033e+23
2021-01-14 11:31:46 INFO  root:363 - exponentOfTwo tests status: start
2021-01-14 11:31:50 INFO  root:390 - 41068503071.68102² = 1,686621944548673e+21
2021-01-14 11:31:51 INFO  root:390 - 306684000757467² = 9,405507632060602e+28
2021-01-14 11:31:52 INFO  root:390 - 6138880165.405017² = 3,768584968520313e+19
2021-01-14 11:31:52 INFO  root:390 - 15312.35367762846² = 234 468 175,1487818
2021-01-14 11:31:53 INFO  root:390 - 774002317728.4065² = 5,990795878489451e+23
2021-01-14 11:31:54 INFO  root:390 - 877188657164443² = 7,694599402579587e+29
2021-01-14 11:31:54 INFO  root:390 - 27.14704832582000² = 736,9622328044065
2021-01-14 11:32:31 INFO  root:363 - exponentOfTwo tests status: start
2021-01-14 11:32:36 INFO  root:390 - 467.0218617556242² = 218 109,4193576894
2021-01-14 11:32:36 INFO  root:390 - 710.2001060843136² = 504 384,1906821703
2021-01-14 11:32:37 INFO  root:390 - 314131118730783.6² = 9,867835975505366e+28
2021-01-14 11:32:38 INFO  root:390 - 714602018.8388251² = 5,106560453285245e+17
2021-01-14 11:32:38 INFO  root:390 - 4820.708362611164² = 23 239 229,11734921
2021-01-14 11:32:39 INFO  root:390 - 878050727343871² = 7,709730797891009e+29
2021-01-14 11:32:40 INFO  root:390 - 58678701318.1322² = 3,44318998838257e+21
2021-01-14 11:32:40 INFO  root:390 - 100248827568885² = 1,004982742893604e+28
2021-01-14 11:32:41 INFO  root:390 - 1267.101426434220² = 1 605 546,024871635
2021-01-14 11:32:42 INFO  root:390 - 36876.85204061887² = 1 359 902 216,425696
2021-01-14 11:32:42 INFO  root:390 - 5404413.382044250² = 29 207 684 004 018,97
2021-01-14 11:32:43 INFO  root:390 - 878662120.8362835² = 7,720471225925157e+17
2021-01-14 11:32:43 INFO  root:390 - 5.517821412482112² = 30,44635314004609
2021-01-14 11:32:44 INFO  root:390 - 13760775.77321016² = 189 358 949 880 567,7
2021-01-14 11:32:45 INFO  root:390 - 832310613.0216672² = 6,927409565485035e+17
2021-01-14 11:32:45 INFO  root:390 - 654744.5544037438² = 428 690 431 521,357
2021-01-14 11:32:46 INFO  root:390 - 62676477.16376306² = 3 928 340 789 659 712
2021-01-14 11:32:47 INFO  root:390 - 45801.03876184685² = 2 097 735 151,664198
2021-01-14 11:32:47 INFO  root:390 - 6062741261.282446² = 3,675683160125666e+19
2021-01-14 11:32:48 INFO  root:390 - 16063213.01074631² = 258 026 812 228 609,5
2021-01-14 11:32:49 INFO  root:393 - exponentOfTwo tests status: passed
2021-01-14 11:33:06 INFO  root:363 - exponentOfTwo tests status: start
2021-01-14 11:33:10 INFO  root:390 - 2162417.800445643² = 4 676 050 743 684,173
2021-01-14 11:33:11 INFO  root:390 - 4512360.542710355² = 20 361 397 667 409,29
2021-01-14 11:33:11 INFO  root:390 - 7447370.174430685² = 55 463 322 514 999,73
2021-01-14 11:33:12 INFO  root:390 - 6.126067145557534² = 37,52869867187943
2021-01-14 11:33:13 INFO  root:390 - 486068421132368² = 2,362625100221131e+29
2021-01-14 11:33:13 INFO  root:390 - 53135.58184074651² = 2 823 390 057,55467
2021-01-14 11:33:14 INFO  root:390 - 1.261774147548447² = 1,59207399942161
2021-01-14 11:33:14 INFO  root:390 - 8631.182113066235² = 74 497 304,66891452
2021-01-14 11:33:15 INFO  root:390 - 65151.45345148786² = 4 244 711 886,841389
2021-01-14 11:33:16 INFO  root:390 - 3413431.04361354² = 11 651 511 489 504,62
2021-01-14 11:33:16 INFO  root:390 - 1.016382410778820² = 1,033033204940566
2021-01-14 11:33:17 INFO  root:390 - 4533423148.133654² = 2,055192544003405e+19
2021-01-14 11:33:18 INFO  root:390 - 36185.37668860002² = 1 309 381 486,095878
2021-01-14 11:33:18 INFO  root:390 - 68032.61587131864² = 4 628 436 822,294397
2021-01-14 11:33:19 INFO  root:390 - 25.2315620330058² = 636,6317226254198
2021-01-14 11:33:19 INFO  root:390 - 771825035000878² = 5,957138846541065e+29
2021-01-14 11:33:20 INFO  root:390 - 411786721164030² = 1,695683037270226e+29
2021-01-14 11:34:47 INFO  root:363 - exponentOfTwo tests status: start
2021-01-14 11:34:52 INFO  root:390 - 67.20471657464623² = 4 516,47392987853
2021-01-14 11:34:52 INFO  root:390 - 68.557688581123² = 4 700,156663586243
2021-01-14 11:34:53 INFO  root:390 - 456735045044802² = 2,086069013720773e+29
2021-01-14 11:34:54 INFO  root:390 - 884167032762842² = 7,817513418246485e+29
2021-01-14 11:34:54 INFO  root:390 - 450238.5858483803² = 202 714 784 186,7493
2021-01-14 11:34:55 INFO  root:390 - 76546181627302.30² = 5,859317921719952e+27
2021-01-14 11:34:56 INFO  root:390 - 1336800433655.813² = 1,78703539942237e+24
2021-01-14 11:34:56 INFO  root:390 - 542682858606154² = 2,945046850249469e+29
2021-01-14 11:34:57 INFO  root:390 - 621807365657.7123² = 3,866443999861839e+23
2021-01-14 11:34:57 INFO  root:390 - 134315364.5205077² = 1,804061714627686e+16
2021-01-14 11:34:58 INFO  root:390 - 83882811877352² = 7,036326128451226e+27
2021-01-14 11:34:59 INFO  root:390 - 665448532277024² = 4,428217491096455e+29
2021-01-14 11:34:59 INFO  root:390 - 3400.422332461256² = 11 562 872,03910125
2021-01-14 11:35:00 INFO  root:390 - 6.246221523131067² = 39,01528331602579
2021-01-14 11:35:00 INFO  root:390 - 310370870137348² = 9,633007702981454e+28
2021-01-14 11:35:01 INFO  root:390 - 75840.73145501115² = 5 751 816 547,631118
2021-01-14 11:35:02 INFO  root:390 - 5100424777.346568² = 2,601433290937079e+19
2021-01-14 11:35:02 INFO  root:390 - 182.3875631412483² = 33 265,22318860284
2021-01-14 11:35:03 INFO  root:390 - 148066.7844612056² = 21 923 772 660,68112
2021-01-14 11:35:03 INFO  root:390 - 268.4711380502312² = 72 076,7519659863
2021-01-14 11:35:04 INFO  root:393 - exponentOfTwo tests status: passed
2021-01-14 11:35:13 INFO  root:363 - exponentOfTwo tests status: start
2021-01-14 11:35:17 INFO  root:390 - 86.47861045747538² = 7 478,55006665577
2021-01-14 11:35:18 INFO  root:390 - 45736.81346616865² = 2 091 856 106,039106
2021-01-14 11:35:19 INFO  root:390 - 684678506410278² = 4,687846571402091e+29
2021-01-14 11:35:19 INFO  root:390 - 8020.412655506117² = 64 327 019,16460268
2021-01-14 11:35:20 INFO  root:390 - 6.054241024303724² = 36,65383438036221
2021-01-14 11:35:21 INFO  root:390 - 2.322203237443736² = 5,392627875994169
2021-01-14 11:35:21 INFO  root:390 - 87266784770240² = 7,615491724135392e+27
2021-01-14 11:35:22 INFO  root:390 - 1.507250858022723² = 2,271805149010235
2021-01-14 11:35:22 INFO  root:390 - 107.6321660883077² = 11 584,68317686105
2021-01-14 11:35:23 INFO  root:390 - 1.57117653020346² = 2,468595689062184
2021-01-14 11:35:24 INFO  root:390 - 682473216574207² = 4,657696913411445e+29
2021-01-14 11:35:24 INFO  root:390 - 581142437072516² = 3,377265321665832e+29
2021-01-14 11:35:25 INFO  root:390 - 384.180532727435² = 147 594,6817267358
2021-01-14 11:35:25 INFO  root:390 - 1506348671412.238² = 2,269086319865415e+24
2021-01-14 11:35:26 INFO  root:390 - 0.544234561622224² = 0,2961912580641343
2021-01-14 11:35:27 INFO  root:390 - 45438208411625² = 2,064630783658269e+27
2021-01-14 11:35:27 INFO  root:390 - 5.83536502035535² = 34,05148492078679
2021-01-14 11:35:28 INFO  root:390 - 203.5855241623706² = 41 447,06564846718
2021-01-14 11:35:28 INFO  root:390 - 33.01636567182216² = 1 090,080402175477
2021-01-14 11:35:29 INFO  root:390 - 817004138374.801² = 6,67495762121551e+23
2021-01-14 11:35:30 INFO  root:393 - exponentOfTwo tests status: passed
2021-01-14 11:35:37 INFO  root:363 - exponentOfTwo tests status: start
2021-01-14 11:35:41 INFO  root:390 - 423647323.084285² = 1,794770543564806e+17
2021-01-14 11:35:42 INFO  root:390 - 257.2837240238720² = 66 194,91464759193
2021-01-14 11:35:43 INFO  root:390 - 7531844.515471542² = 56 728 681 805 238,75
2021-01-14 11:35:43 INFO  root:390 - 21470.56271880457² = 460 985 063,4621207
2021-01-14 11:35:44 INFO  root:390 - 251.6634234525383² = 63 334,4787038516
2021-01-14 11:35:44 INFO  root:390 - 383.5613582853855² = 147 119,3155697299
2021-01-14 11:35:45 INFO  root:390 - 138767.8388548881² = 19 256 513 100,45619
2021-01-14 11:35:46 INFO  root:390 - 1174630235755.833² = 1,379756190751804e+24
2021-01-14 11:35:46 INFO  root:390 - 250884010.6367441² = 6,294278679317793e+16
2021-01-14 11:35:47 INFO  root:390 - 43276.236633355² = 1 872 832 657,146137
2021-01-14 11:35:48 INFO  root:390 - 8.57133244103640² = 73,46773981476301
2021-01-14 11:35:48 INFO  root:390 - 6.050188110453341² = 36,60477617187097
2021-01-14 11:35:49 INFO  root:390 - 74316.67210336444² = 5 522 967 752,518986
2021-01-14 11:35:50 INFO  root:390 - 137436.5372681427² = 18 888 801 776,25758
2021-01-14 11:35:50 INFO  root:390 - 24432.80640246314² = 596 962 028,7002438
2021-01-14 11:35:51 INFO  root:390 - 6545271372.318755² = 4,284057733729544e+19
2021-01-14 11:35:51 INFO  root:390 - 586.1110123460110² = 343 526,1187932659
2021-01-14 11:35:52 INFO  root:390 - 2556.118804586331² = 6 533 743,343159854
2021-01-14 11:35:53 INFO  root:390 - 42.01760075287758² = 1 765,478773028219
2021-01-14 11:35:53 INFO  root:390 - 65.42775072525360² = 4 280,790564965923
2021-01-14 11:35:54 INFO  root:393 - exponentOfTwo tests status: passed
2021-01-14 11:36:11 INFO  root:363 - exponentOfTwo tests status: start
2021-01-14 11:36:15 INFO  root:390 - 5614.165305448413² = 31 518 852,07690067
2021-01-14 11:36:16 INFO  root:390 - 376.406328787780² = 141 681,7243514943
2021-01-14 11:36:17 INFO  root:390 - 15717687.31484447² = 247 045 694 527 222,8
2021-01-14 11:36:17 INFO  root:390 - 621284.6130120608² = 385 994 570 365,5461
2021-01-14 11:36:18 INFO  root:390 - 8601.448443780046² = 73 984 915,33100618
2021-01-14 11:36:18 INFO  root:390 - 877046703643176² = 7,69210920371361e+29
2021-01-14 11:36:19 INFO  root:390 - 646328140234616² = 4,177400648591374e+29
2021-01-14 11:36:20 INFO  root:390 - 5054475414.048632² = 2,554772171122209e+19
2021-01-14 11:36:20 INFO  root:390 - 33785750.13470755² = 1 141 476 912 164 891
2021-01-14 11:36:21 INFO  root:390 - 2006.330514781756² = 4 025 362,134544426
2021-01-14 11:36:22 INFO  root:390 - 34305887.62782873² = 1 176 893 925 933 212
2021-01-14 11:36:22 INFO  root:390 - 528.2381126551544² = 279 035,5036614796
2021-01-14 11:36:23 INFO  root:390 - 570280.2464278670² = 325 219 559 465,8287
2021-01-14 11:36:23 INFO  root:390 - 81.66353454407672² = 6 668,932874231612
2021-01-14 11:36:24 INFO  root:390 - 1066070041247.735² = 1,136505332845947e+24
2021-01-14 11:36:25 INFO  root:390 - 711807.4735747346² = 506 669 879 436,8465
2021-01-14 11:36:25 INFO  root:390 - 83200204.14847805² = 6 922 273 970 348 424
2021-01-14 11:36:26 INFO  root:390 - 14272338507248² = 2,036996464654741e+26
2021-01-14 11:36:27 INFO  root:390 - 227404707.3865404² = 5,171290094155806e+16
2021-01-14 11:36:27 INFO  root:390 - 6507.38475404151² = 42 346 056,33713188
2021-01-14 11:36:28 INFO  root:393 - exponentOfTwo tests status: passed
2021-01-14 11:36:34 INFO  root:363 - exponentOfTwo tests status: start
2021-01-14 11:36:39 INFO  root:390 - 85480.80453537807² = 7 306 967 944,015512
2021-01-14 11:36:39 INFO  root:390 - 827.703583787455² = 685 093,2226145965
2021-01-14 11:36:40 INFO  root:390 - 1.004003163080141² = 1,008022351474928
2021-01-14 11:36:41 INFO  root:390 - 44.54546717366170² = 1 984,298645719772
2021-01-14 11:36:41 INFO  root:390 - 67282271123883² = 4,5269040075877e+27
2021-01-14 11:36:42 INFO  root:390 - 751310348242064² = 5,644672393756115e+29
2021-01-14 11:36:42 INFO  root:390 - 216443026025628² = 4,684758351513068e+28
2021-01-14 11:36:43 INFO  root:390 - 185175.5356508613² = 34 289 979 003,5834
2021-01-14 11:36:44 INFO  root:390 - 343462014576237² = 1,179661554567672e+29
2021-01-14 11:36:44 INFO  root:390 - 825427787717.0220² = 6,813310327354171e+23
2021-01-14 11:36:45 INFO  root:390 - 6.634120803285631² = 44,01155883258719
2021-01-14 11:36:46 INFO  root:390 - 1.154010445023347² = 1,331740107222983
2021-01-14 11:36:46 INFO  root:390 - 4845.684838568633² = 23 480 661,55473392
2021-01-14 11:36:47 INFO  root:390 - 6.113870757578236² = 37,37941564037027
2021-01-14 11:36:48 INFO  root:390 - 3066.468533843021² = 9 403 229,269049367
2021-01-14 11:36:48 INFO  root:390 - 668204166508762² = 4,464968081396693e+29
2021-01-14 11:36:49 INFO  root:390 - 11.15715466475813² = 124,4821002133341
2021-01-14 11:36:49 INFO  root:390 - 862882824612442² = 7,445667690111463e+29
2021-01-14 11:36:50 INFO  root:390 - 7.060383703273002² = 49,84901803744299
2021-01-14 11:36:51 INFO  root:390 - 1.418238227420588² = 2,011399669717091
2021-01-14 11:36:51 INFO  root:393 - exponentOfTwo tests status: passed
2021-01-14 11:36:58 INFO  root:363 - exponentOfTwo tests status: start
2021-01-14 11:37:03 INFO  root:390 - 84.24283437113854² = 7 096,855142883081
2021-01-14 11:37:03 INFO  root:390 - 246865.3617614767² = 60 942 506 837,62476
2021-01-14 11:37:04 INFO  root:390 - 32518533.34374607² = 1 057 455 010 828 325
2021-01-14 11:37:05 INFO  root:390 - 405044.0362682857² = 164 060 671 316,5043
2021-01-14 11:37:05 INFO  root:390 - 802722375570171.7² = 6,443632122410198e+29
2021-01-14 11:37:06 INFO  root:390 - 5783675353.620578² = 3,345090059607812e+19
2021-01-14 11:37:07 INFO  root:390 - 253307325602284.4² = 6,416460120378173e+28
2021-01-14 11:37:07 INFO  root:390 - 66628635.84221362² = 4 439 375 114 194 313
2021-01-14 11:37:08 INFO  root:390 - 8456.147683231042² = 71 506 433,64061372
2021-01-14 11:37:08 INFO  root:390 - 6458754.552660804² = 41 715 510 371 516,66
2021-01-14 11:37:09 INFO  root:390 - 5.471280687521028² = 29,93491236164057
2021-01-14 11:37:10 INFO  root:390 - 57.53287606440110² = 3 310,031828241737
2021-01-14 11:37:10 INFO  root:390 - 7830608.614257550² = 61 318 431 269 684,55
2021-01-14 11:37:11 INFO  root:390 - 764352483381286² = 5,842347188511391e+29
2021-01-14 11:37:12 INFO  root:390 - 602670328828708² = 3,63211525250503e+29
2021-01-14 11:37:12 INFO  root:390 - 70586527.82004277² = 4 982 457 909 689 672
2021-01-14 11:37:13 INFO  root:390 - 6.272806528333010² = 39,34810174189723
2021-01-14 11:37:14 INFO  root:390 - 8.364323178051702² = 69,96190222689292
2021-01-14 11:37:14 INFO  root:390 - 60.12281020284276² = 3 614,752306687053
2021-01-14 11:37:15 INFO  root:390 - 15050375845046² = 2,265138130771441e+26
2021-01-14 11:37:15 INFO  root:393 - exponentOfTwo tests status: passed
2021-01-14 11:38:53 INFO  root:563 - squareRoot tests status: start
2021-01-14 11:38:56 INFO  root:582 - √(51308,76342665163)  = 226,5143779689308
2021-01-14 11:38:57 INFO  root:582 - √(5485,366053831252)  = 74,06325711060277
2021-01-14 11:38:57 INFO  root:582 - √(2187212,813210266)  = 1 478,922855733275
2021-01-14 11:38:58 INFO  root:582 - √(470,8825583876375)  = 21,69982853359993
2021-01-14 11:38:59 INFO  root:582 - √(6,723256721246761)  = 2,592924357023699
2021-01-14 11:38:59 INFO  root:582 - √(47,30518778508067)  = 6,877876691616437
2021-01-14 11:39:00 INFO  root:582 - √(8040,128348875423)  = 89,66676278797748
2021-01-14 11:39:01 INFO  root:582 - √(18,32768666347506)  = 4,281084753129172
2021-01-14 11:39:01 INFO  root:582 - √(37121315548514,61)  = 6 092 726,446223777
2021-01-14 11:39:02 INFO  root:582 - √(5726,667150005146)  = 75,67474578751584
2021-01-14 11:39:03 INFO  root:582 - √(1754125514,014554)  = 41 882,28162379115
2021-01-14 11:39:03 INFO  root:582 - √(5515506675,018027)  = 74 266,45726718104
2021-01-14 11:39:04 INFO  root:582 - √(582214502527,2174)  = 763 029,8175872404
2021-01-14 11:39:05 INFO  root:582 - √(671,5105743717410)  = 25,91352107243902
2021-01-14 11:41:47 INFO  root:563 - squareRoot tests status: start
2021-01-14 11:41:50 INFO  root:582 - √(256142048711271)  = 16 004 438,4066193
2021-01-14 11:41:51 INFO  root:582 - √(533026261785,2028)  = 730 086,4755528641
2021-01-14 11:41:52 INFO  root:582 - √(0,630633261105335)  = 0,7941242101241688
2021-01-14 11:41:52 INFO  root:582 - √(265224143482614)  = 16 285 703,6532848
2021-01-14 11:41:53 INFO  root:582 - √(573650088554065)  = 23 950 993,47739181
2021-01-14 11:41:53 INFO  root:582 - √(56,11106078041376)  = 7,490731658550703
2021-01-14 11:41:54 INFO  root:582 - √(1,712425263137562)  = 1,308596677031377
2021-01-14 11:41:55 INFO  root:582 - √(15,82626252041263)  = 3,978223538265872
2021-01-14 11:41:55 INFO  root:582 - √(28087313,0505106)  = 5 299,746508137026
2021-01-14 11:41:56 INFO  root:582 - √(778226667047517)  = 27 896 714,26974003
2021-01-14 11:41:57 INFO  root:582 - √(1,685188187341217)  = 1,298147983606344
2021-01-14 11:41:57 INFO  root:582 - √(36110123341312)  = 6 009 169,937796068
2021-01-14 11:41:58 INFO  root:582 - √(782743,7080056703)  = 884,7280418330089
2021-01-14 11:41:59 INFO  root:582 - √(213656077715558)  = 14 616 979,08993367
2021-01-14 11:41:59 INFO  root:582 - √(72854658216213,44)  = 8 535 494,02297333
2021-01-14 11:42:00 INFO  root:582 - √(31083164,0711468)  = 5 575,22771473478
2021-01-14 11:42:00 INFO  root:582 - √(6866,208274040812)  = 82,8625866965352
2021-01-14 11:42:01 INFO  root:582 - √(178462,648048644)  = 422,4483969062304
2021-01-14 11:42:02 INFO  root:582 - √(30,63156854144138)  = 5,5345793463859
2021-01-14 11:42:02 INFO  root:582 - √(13,35271344408556)  = 3,654136484052773
2021-01-14 11:42:03 INFO  root:585 - squareRoot tests status: passed
2021-01-14 11:58:12 INFO  root:301 - multiplication tests status: start
2021-01-14 11:58:27 INFO  root:355 - 485228847545555 * 323022183310.7817 = 1,567396817395396e+26
2021-01-14 11:58:28 INFO  root:355 - 61234.81562552187 * 840422.2257244042 = 51 463 100 039,82461
2021-01-14 11:58:29 INFO  root:355 - 588754803523510 * 1617887.844210251 = 9,525392398410815e+20
2021-01-14 11:58:30 INFO  root:355 - 783410885335532 * 3772.067713368052 = 2,955078906875241e+18
2021-01-14 11:58:31 INFO  root:355 - 56573.86724453886 * 20.54245740815614 = 1 162 166,258285619
2021-01-14 11:58:33 INFO  root:355 - 837430870158282 * 1.575328533424744 = 1 319 228 744 531 054
2021-01-14 11:58:34 INFO  root:355 - 8.527742162804035 * 338600553062070 = 2 887 498 212 696 179
2021-01-14 11:58:35 INFO  root:355 - 347471608448581.5 * 4366.188543817231 = 1,517126556109943e+18
2021-01-14 11:58:36 INFO  root:355 - 40.60244012816267 * 4.405670036131832 = 178,880953866483
2021-01-14 11:58:37 INFO  root:355 - 8.131424532117050 * 365562725.8565446 = 2 972 545 717,057487
2021-01-14 11:58:38 INFO  root:355 - 6.524487065766882 * 4846.017823300360 = 31 617,78060859898
2021-01-14 11:58:40 INFO  root:355 - 85526.00201208472 * 6885387.280200680 = 588 879 646 380,4259
2021-01-14 11:58:41 INFO  root:355 - 1314.604620415117 * 155258.1021722281 = 204 103 018,4724934
2021-01-14 11:58:42 INFO  root:355 - 16722561233343.7 * 4841810405.465117 = 8,096747098563111e+22
2021-01-14 11:58:43 INFO  root:355 - 72.01728074430402 * 345.5238756016331 = 24 883,68995306279
2021-01-14 11:58:44 INFO  root:355 - 153260184465865 * 182171.6818861466 = 2,791966557032771e+19
2021-01-14 11:58:46 INFO  root:355 - 4.883778531366470 * 6118.856256516152 = 29 883,13882209099
2021-01-14 11:58:47 INFO  root:355 - 6744353775.483535 * 50307127557.60240 = 3,392890656768475e+20
2021-01-14 11:58:48 INFO  root:355 - 58.46642311687415 * 212436451048565 = 1,242039943245252e+16
2021-01-14 11:58:49 INFO  root:355 - 527.1508514766015 * 417835.3674261677 = 220 262 269,7157429
2021-01-14 11:58:50 INFO  root:358 - multiplication tests status: passed
2021-01-14 11:58:51 INFO  root:398 - subtraction tests status: start
2021-01-14 11:58:51 INFO  root:407 - 141.474721484746 - 260.810375505018 = -119,335654020272
2021-01-14 11:58:52 INFO  root:407 - 626550342470015 - 3.516233040334432 = 626 550 342 470 011,5
2021-01-14 11:58:53 INFO  root:407 - 68.24704552824255 - 83.38411132554753 = -15,13706579730498
2021-01-14 11:58:54 INFO  root:407 - 2568632056.448816 - 23.78083624838418 = 2 568 632 032,66798
2021-01-14 11:58:55 INFO  root:407 - 82543227878640.16 - 36444220250.45373 = 82 506 783 658 389,71
2021-01-14 11:58:57 INFO  root:407 - 578.6387501637031 - 4.724121734420737 = 573,9146284292824
2021-01-14 11:58:58 INFO  root:407 - 806044755840843 - 143546617068054 = 662 498 138 772 789
2021-01-14 11:58:59 INFO  root:407 - 23018314423534 - 508600117158054 = -485 581 802 734 520
2021-01-14 11:59:00 INFO  root:407 - 34.78803348826535 - 7165241522.337363 = -7 165 241 487,54933
2021-01-14 11:59:01 INFO  root:407 - 756.4268808152466 - 763164.1064245426 = -762 407,6795437274
2021-01-14 11:59:02 INFO  root:407 - 660.7566115186008 - 31500402.41376066 = -31 499 741,65714914
2021-01-14 11:59:04 INFO  root:407 - 448535413330.6732 - 80687318826447.13 = -80 238 783 413 116,46
2021-01-14 11:59:05 INFO  root:407 - 347681.8866563152 - 7.703674258715300 = 347 674,1829820565
2021-01-14 11:59:06 INFO  root:407 - 667478351544601 - 3.61566701868536 = 667 478 351 544 597,4
2021-01-14 11:59:07 INFO  root:407 - 1040747586.830852 - 6557711.156570284 = 1 034 189 875,674282
2021-01-14 11:59:08 INFO  root:407 - 3505.323828126181 - 817.7638281207778 = 2 687,560000005403
2021-01-14 11:59:10 INFO  root:407 - 83.6341868381281 - 63.43245432247226 = 20,20173251565584
2021-01-14 11:59:11 INFO  root:407 - 2.076362578543351 - 147.8126680488848 = -145,7363054703414
2021-01-14 11:59:12 INFO  root:407 - 42.87162666741554 - 864314201672376.1 = -864 314 201 672 333,2
2021-01-14 11:59:13 INFO  root:407 - 82474.36713365558 - 304205836171520 = -304 205 836 089 045,6
2021-01-14 11:59:14 INFO  root:410 - subtraction tests status: passed
2021-01-14 11:59:17 INFO  root:565 - oneDividedByX tests status: start
2021-01-14 11:59:17 INFO  root:606 - oneDividedByX tests status: passed
2021-01-14 11:59:17 INFO  root:363 - exponentOfTwo tests status: start
2021-01-14 11:59:22 INFO  root:390 - 710235215.1373170² = 5,04434060821151e+17
2021-01-14 11:59:23 INFO  root:390 - 368.1208288712632² = 135 512,9446488658
2021-01-14 11:59:23 INFO  root:390 - 227.130503822527² = 51 588,26576667495
2021-01-14 11:59:24 INFO  root:390 - 245871266438834² = 6,04526796602361e+28
2021-01-14 11:59:24 INFO  root:390 - 3.011116557304233² = 9,066822921671696
2021-01-14 11:59:25 INFO  root:390 - 743.3634804187834² = 552 589,264020327
2021-01-14 11:59:26 INFO  root:390 - 1.201184607564848² = 1,442844461450718
2021-01-14 11:59:26 INFO  root:390 - 7586782.12557420² = 57 559 263 020 932,18
2021-01-14 11:59:27 INFO  root:390 - 307.8657584718125² = 94 781,32523942439
2021-01-14 11:59:27 INFO  root:390 - 516687.6303642800² = 266 966 107 371,4548
2021-01-14 11:59:28 INFO  root:390 - 216.6173028453508² = 46 923,05589199442
2021-01-14 11:59:29 INFO  root:390 - 6153705030840.003² = 3,786808560658556e+25
2021-01-14 11:59:29 INFO  root:390 - 722288666700.4226² = 5,217009180438742e+23
2021-01-14 11:59:30 INFO  root:390 - 582802665.205321² = 3,396589465704255e+17
2021-01-14 11:59:31 INFO  root:390 - 6.166230557764505² = 38,02239929150876
2021-01-14 11:59:31 INFO  root:390 - 188104471688066² = 3,538329226904642e+28
2021-01-14 11:59:32 INFO  root:390 - 624667818461.6363² = 3,902098834216198e+23
2021-01-14 11:59:33 INFO  root:390 - 65133342528.08243² = 4,242352308880511e+21
2021-01-14 11:59:33 INFO  root:390 - 4187456476.285263² = 1,753479174078339e+19
2021-01-14 11:59:34 INFO  root:390 - 31.15837067101310² = 970,8440628722493
2021-01-14 11:59:35 INFO  root:393 - exponentOfTwo tests status: passed
2021-01-14 11:59:54 INFO  root:528 - squareRoot tests status: start
2021-01-14 11:59:58 INFO  root:547 - √(38251,86587100622)  = 195,5808422903588
2021-01-14 11:59:58 INFO  root:547 - √(405034,0660716516)  = 636,4228673387307
2021-01-14 11:59:59 INFO  root:547 - √(736310676714501)  = 27 135 045,17620159
2021-01-14 12:00:00 INFO  root:547 - √(1105166303,340446)  = 33 244,04162162666
2021-01-14 12:00:00 INFO  root:547 - √(625340,8460010755)  = 790,7849555985973
2021-01-14 12:00:01 INFO  root:547 - √(6361618,008310644)  = 2 522,224813197793
2021-01-14 12:00:02 INFO  root:547 - √(8614717480,11352)  = 92 815,5023695585
2021-01-14 12:00:02 INFO  root:547 - √(308173,14823861)  = 555,133450837373
2021-01-14 12:00:03 INFO  root:547 - √(141,8601065055403)  = 11,91050404078435
2021-01-14 12:00:03 INFO  root:547 - √(821882406170640)  = 28 668 491,52241255
2021-01-14 12:00:04 INFO  root:547 - √(677150858375517)  = 26 022 122,48021896
2021-01-14 12:00:05 INFO  root:547 - √(670457407342,74)  = 818 814,6355206043
2021-01-14 12:00:05 INFO  root:547 - √(6352582360,123404)  = 79 703,08877404566
2021-01-14 12:00:06 INFO  root:547 - √(1234882,456704466)  = 1 111,252652057337
2021-01-14 12:00:07 INFO  root:547 - √(8,073230135687601)  = 2,84134301619632
2021-01-14 12:00:07 INFO  root:547 - √(8,416602137356575)  = 2,901138076230874
2021-01-14 12:00:08 INFO  root:547 - √(771486167738174,8)  = 27 775 639,82590095
2021-01-14 12:00:09 INFO  root:547 - √(5600323445203)  = 2 366 500,252525446
2021-01-14 12:00:09 INFO  root:547 - √(553685151,433165)  = 23 530,51532442851
2021-01-14 12:00:10 INFO  root:547 - √(14843358615,84405)  = 121 833,3230928388
2021-01-14 12:00:10 INFO  root:550 - squareRoot tests status: passed
2021-01-14 12:00:15 INFO  root:238 - division tests status: start
2021-01-14 12:00:32 INFO  root:293 - 1305248643874.404 / 84456376.72246265 = 15 454,70803422769
2021-01-14 12:00:33 INFO  root:293 - 212503751860244 / 3204807.066635067 = 66 307 814,30576579
2021-01-14 12:00:34 INFO  root:293 - 2367646175781.036 / 58.66774561667126 = 40 356 863 058,12706
2021-01-14 12:00:35 INFO  root:293 - 851131804125660 / 8.455405262828170 = 100 661 266 689 063,8
2021-01-14 12:00:37 INFO  root:293 - 760168.5147160438 / 773.2151376367766 = 983,1267880235662
2021-01-14 12:00:38 INFO  root:293 - 785672208177320 / 8.232372371302421 = 95 436 913 290 770,03
2021-01-14 12:00:39 INFO  root:293 - 4308.13480026431 / 1.864024361863577 = 2 311,200909390052
2021-01-14 12:00:40 INFO  root:293 - 106224380008415 / 4211305514567.084 = 25,22362237576456
2021-01-14 12:00:41 INFO  root:293 - 83752.58136353466 / 5200303414.33361 = 0,0000161053259186
2021-01-14 12:00:42 INFO  root:293 - 8.662836621577764 / 854370646313.5661 = 0,0000000000101394
2021-01-14 12:00:44 INFO  root:293 - 45200320086102 / 514152.3273140725 = 87 912 312,52852262
2021-01-14 12:00:45 INFO  root:293 - 277432311071811 / 483261702.7414216 = 574 082,9647745881
2021-01-14 12:00:46 INFO  root:293 - 7447370084458.357 / 18.15452470072745 = 410 221 154 628,1871
2021-01-14 12:00:47 INFO  root:293 - 0.677654062311685 / 7.160308117132833 = 0,0946403494411403
2021-01-14 12:00:48 INFO  root:293 - 81013455.58870116 / 8414756158.350424 = 0,0096275464272731
2021-01-14 12:00:49 INFO  root:293 - 720.0257353041877 / 713276734258.5005 = 0,000000001009462
2021-01-14 12:00:51 INFO  root:293 - 6.744756882064386 / 6.064115668170814 = 1,112240803299005
2021-01-14 12:00:52 INFO  root:293 - 7167663028.148321 / 45.2433036625745 = 158 424 837,4434568
2021-01-14 12:00:53 INFO  root:293 - 44314.82282802584 / 3485.660172072625 = 12,71346621310923
2021-01-14 12:00:54 INFO  root:293 - 47287672421.6535 / 88813705.16286442 = 532,4366586771548
2021-01-14 12:00:55 INFO  root:296 - division tests status: passed
2021-01-14 12:01:05 INFO  root:415 - addition tests status: start
2021-01-14 12:01:53 INFO  root:483 - 2248146468.347171 * 1367.526357444215 = 2 248 147 835,873528
2021-01-14 12:01:54 INFO  root:483 - 144411305874576 * 425.4834280358730 = 144 411 305 875 001,5
2021-01-14 12:01:55 INFO  root:483 - 402665000.8863307 * 77.07157334376271 = 402 665 077,957904
2021-01-14 12:01:57 INFO  root:483 - 78224182.70662318 * 431547271582740 = 431 547 349 806 922,7
2021-01-14 12:01:58 INFO  root:483 - 822.2881043887483 * 7001.508371385405 = 7 823,796475774153
2021-01-14 12:01:59 INFO  root:483 - 3.328617664442456 * 283568765327500.7 = 283 568 765 327 504
2021-01-14 12:02:00 INFO  root:483 - 746365.0045036674 * 566561288737063 = 566 561 289 483 428
2021-01-14 12:02:01 INFO  root:483 - 242.7032181744487 * 32180.57326001244 = 32 423,27647818689
2021-01-14 12:02:03 INFO  root:483 - 888136511510844 * 8842.431811055237 = 888 136 511 519 686,4
2021-01-14 12:02:04 INFO  root:483 - 214888100222338 * 716584557673685 = 931 472 657 896 023
2021-01-14 12:02:05 INFO  root:483 - 5.78858875370026 * 507241.2862450008 = 507 247,0748337545
2021-01-14 12:02:06 INFO  root:483 - 747478630147767 * 58241.25100481361 = 747 478 630 206 008,3
2021-01-14 12:02:07 INFO  root:483 - 4.872828488084642 * 51336101017.00801 = 51 336 101 021,88084
2021-01-14 12:02:08 INFO  root:483 - 80175712.64608538 * 6276.443372132148 = 80 181 989,08945751
2021-01-14 12:02:09 INFO  root:483 - 38008.00282111814 * 31.52168107843485 = 38 039,52450219657
2021-01-14 12:02:11 INFO  root:483 - 162.7070683667300 * 1671.108415524744 = 1 833,815483891474
2021-01-14 12:02:12 INFO  root:483 - 382857630110854 * 80.3628182757438 = 382 857 630 110 934,4
2021-01-14 12:02:13 INFO  root:483 - 2.387082136011413 * 4682.568131224048 = 4 684,955213360059
2021-01-14 12:02:14 INFO  root:483 - 7.282086415053182 * 758207223583575 = 758 207 223 583 582,3
2021-01-14 12:02:15 INFO  root:483 - 8854185836.84866 * 4826.887400334475 = 8 854 190 663,73606
2021-01-14 12:02:16 INFO  root:486 - addition tests status: passed
2021-01-14 12:09:39 INFO  root:393 - subtraction tests status: start
2021-01-14 12:09:39 INFO  root:402 - 661616140420.5323 - 1030.18101338234 = 661 616 139 390,3513
2021-01-14 12:09:40 INFO  root:402 - 166876246361103 - 852853676808861 = -685 977 430 447 758
2021-01-14 12:09:41 INFO  root:402 - 8622.401028236603 - 5.830415217103765 = 8 616,570613019499
2021-01-14 12:09:43 INFO  root:402 - 445518532675807.0 - 708262480736833.2 = -262 743 948 061 026,2
2021-01-14 12:09:44 INFO  root:402 - 82002751.86012146 - 8344.117877710255 = 81 994 407,74224375
2021-01-14 12:09:45 INFO  root:402 - 8503505.476801704 - 22870.02278466652 = 8 480 635,454017037
2021-01-14 12:09:46 INFO  root:402 - 348.8457523748805 - 852558.1230645740 = -852 209,2773121991
2021-01-14 12:09:47 INFO  root:402 - 20.6031728873233 - 44.26348361743036 = -23,66031073010706
2021-01-14 12:09:49 INFO  root:402 - 126204164.5173112 - 388745.8714025663 = 125 815 418,6459086
2021-01-14 12:09:50 INFO  root:402 - 342373856712.615 - 610402681678565 = -610 060 307 821 852,4
2021-01-14 12:09:51 INFO  root:402 - 88.74256328515244 - 206742012.343068 = -206 741 923,6005047
2021-01-14 12:09:52 INFO  root:402 - 2.787212061203418 - 880317177302565 = -880 317 177 302 562,2
2021-01-14 12:09:53 INFO  root:402 - 1666528.766220544 - 4616.740140225214 = 1 661 912,026080319
2021-01-14 12:09:55 INFO  root:402 - 2.422107852577380 - 3.270836087824305 = -0,848728235246925
2021-01-14 12:09:56 INFO  root:402 - 1075035336326.036 - 2123.13114462578 = 1 075 035 334 202,905
2021-01-14 12:09:57 INFO  root:402 - 5347421882.867186 - 413438081638720 = -413 432 734 216 837,1
2021-01-14 12:09:58 INFO  root:402 - 114.6641715805775 - 76088046371864 = -76 088 046 371 749,34
2021-01-14 12:09:59 INFO  root:402 - 6.337872676437715 - 324.243231235638 = -317,9053585592003
2021-01-14 12:10:00 INFO  root:402 - 70582513.15060737 - 5.674827642147642 = 70 582 507,47577973
2021-01-14 12:10:02 INFO  root:402 - 518388058202674 - 17234.86070476557 = 518 388 058 185 439,1
2021-01-14 12:10:03 INFO  root:405 - subtraction tests status: passed
2021-01-14 12:12:15 INFO  root:560 - oneDividedByX tests status: start
2021-01-14 12:12:50 INFO  root:560 - oneDividedByX tests status: start
2021-01-14 12:13:32 INFO  root:560 - oneDividedByX tests status: start
2021-01-14 12:15:48 INFO  root:560 - oneDividedByX tests status: start
2021-01-14 12:16:53 INFO  root:560 - oneDividedByX tests status: start
2021-01-14 12:17:28 INFO  root:560 - oneDividedByX tests status: start
2021-01-14 12:18:16 INFO  root:560 - oneDividedByX tests status: start
2021-01-14 12:18:58 INFO  root:560 - oneDividedByX tests status: start
2021-01-14 12:20:08 INFO  root:560 - oneDividedByX tests status: start
2021-01-14 12:21:19 INFO  root:560 - oneDividedByX tests status: start
2021-01-14 12:23:01 INFO  root:560 - oneDividedByX tests status: start
2021-01-14 12:24:16 INFO  root:560 - oneDividedByX tests status: start
2021-01-14 12:24:37 INFO  root:560 - oneDividedByX tests status: start
2021-01-14 12:27:16 INFO  root:560 - oneDividedByX tests status: start
2021-01-14 12:27:35 INFO  root:560 - oneDividedByX tests status: start
2021-01-14 12:30:04 INFO  root:560 - oneDividedByX tests status: start
2021-01-14 12:31:20 INFO  root:560 - oneDividedByX tests status: start
2021-01-14 12:31:44 INFO  root:560 - oneDividedByX tests status: start
2021-01-14 12:32:23 INFO  root:560 - oneDividedByX tests status: start
2021-01-14 12:35:27 INFO  root:560 - oneDividedByX tests status: start
2021-01-14 12:35:53 INFO  root:560 - oneDividedByX tests status: start
2021-01-14 12:36:39 INFO  root:560 - oneDividedByX tests status: start
2021-01-14 12:36:51 INFO  root:598 - √(3005133413204,731)  = 1 733 532,062929535
2021-01-14 12:36:51 INFO  root:598 - √(3727781512,542228)  = 61 055,56086502054
2021-01-14 12:36:52 INFO  root:598 - √(16418,83164417647)  = 128,1359888718875
2021-01-14 12:36:53 INFO  root:598 - √(503626800017821)  = 22 441 630,95717023
2021-01-14 12:36:53 INFO  root:598 - √(50475325767706)  = 7 104 598,916737383
2021-01-14 12:36:54 INFO  root:598 - √(5,720555182802006)  = 2,391768212599625
2021-01-14 12:36:55 INFO  root:598 - √(51,48130218471473)  = 7,175047190417268
2021-01-14 12:36:55 INFO  root:598 - √(622418761,73250)  = 24 948,32182196831
2021-01-14 12:40:07 INFO  root:560 - oneDividedByX tests status: start
2021-01-14 12:40:21 INFO  root:560 - oneDividedByX tests status: start
2021-01-14 12:40:33 INFO  root:598 - √(5,87617045845024)  = 2,424081363826355
2021-01-14 12:40:34 INFO  root:598 - √(824,4055502343456)  = 28,71246332578146
2021-01-14 12:40:35 INFO  root:598 - √(55,53281554336253)  = 7,452034322476147
2021-01-14 12:40:35 INFO  root:598 - √(30237,76642421066)  = 173,8900986951548
2021-01-14 12:40:36 INFO  root:598 - √(2271761,416122136)  = 1 507,236350451427
2021-01-14 12:40:37 INFO  root:598 - √(7784117357,161427)  = 88 227,64508452794
2021-01-14 12:40:37 INFO  root:598 - √(4,632000410358555)  = 2,152208263704643
2021-01-14 12:40:38 INFO  root:598 - √(4038703,68833608)  = 2 009,65262877346
2021-01-14 12:40:39 INFO  root:598 - √(54034,7535286684)  = 232,4537664325283
2021-01-14 12:40:39 INFO  root:598 - √(4,363505621552662)  = 2,0889005772302
2021-01-14 12:40:40 INFO  root:598 - √(7780010310507,661)  = 2 789 266,984443702
2021-01-14 12:40:41 INFO  root:598 - √(458757128354826)  = 21 418 616,39683633
2021-01-14 12:40:41 INFO  root:598 - √(241385,3066648181)  = 491,3097868604065
2021-01-14 12:40:42 INFO  root:598 - √(475778157477608,2)  = 21 812 339,56909731
2021-01-14 12:40:43 INFO  root:598 - √(7510025055578,821)  = 2 740 442,492660414
2021-01-14 12:40:43 INFO  root:598 - √(661740126762,5827)  = 813 474,1094605179
2021-01-14 12:40:44 INFO  root:598 - √(881471611272454,5)  = 29 689 587,59013763
2021-01-14 12:40:45 INFO  root:598 - √(68,02321626038167)  = 8,247618823659449
2021-01-14 12:40:45 INFO  root:598 - √(773,5154822270821)  = 27,81214630745139
2021-01-14 12:40:46 INFO  root:598 - √(1586853626571,65)  = 1 259 703,785249393
2021-01-14 12:40:47 INFO  root:601 - oneDividedByX tests status: passed
2021-01-14 12:42:22 INFO  root:560 - oneDividedByX tests status: start
2021-01-14 12:42:34 INFO  root:598 - 1/(52,14164574538836)  = 0,0191785277527118
2021-01-14 12:42:35 INFO  root:598 - 1/(23164776445212,87)  = 4,3168989882769e-14
2021-01-14 12:42:35 INFO  root:598 - 1/(44666,61678714128)  = 2,23880847023964e-5
2021-01-14 12:42:36 INFO  root:598 - 1/(817180174,507861)  = 1,223720338788494e-9
2021-01-14 12:42:37 INFO  root:598 - 1/(641168157115131)  = 1,55965324993586e-15
2021-01-14 12:42:37 INFO  root:598 - 1/(617360,6882681342)  = 1,61979863474183e-6
2021-01-14 12:42:38 INFO  root:598 - 1/(6,083258766562505)  = 0,1643855766084852
2021-01-14 12:42:38 INFO  root:598 - 1/(5,113738747457642)  = 0,1955516402743809
2021-01-14 12:42:39 INFO  root:598 - 1/(4,854558871010681)  = 0,2059919400651553
2021-01-14 12:42:40 INFO  root:598 - 1/(162447048238044,)  = 6,155852081317208e-15
2021-01-14 12:43:27 INFO  root:560 - oneDividedByX tests status: start
2021-01-14 12:43:39 INFO  root:598 - 1/(52076,61441638730)  = 1,920247718110729e-5
2021-01-14 12:44:21 INFO  root:560 - oneDividedByX tests status: start
2021-01-14 12:44:33 INFO  root:598 - 1/(665450647803048,7)  = 1,502741042181639e-15
2021-01-14 12:44:33 INFO  root:598 - 1/(474115158546477)  = 2,109192212005538e-15
2021-01-14 12:44:34 INFO  root:598 - 1/(320016,2018662462)  = 3,124841786660412e-6
2021-01-14 12:44:34 INFO  root:598 - 1/(486758881722808)  = 2,054405245695064e-15
2021-01-14 12:44:35 INFO  root:598 - 1/(261001580557582)  = 3,831394422454008e-15
2021-01-14 12:44:36 INFO  root:598 - 1/(723270528818208,1)  = 1,382608526347611e-15
2021-01-14 12:44:36 INFO  root:598 - 1/(53230,55022816804)  = 1,878620445803375e-5
2021-01-14 12:44:37 INFO  root:598 - 1/(886117234,2486434)  = 1,128518847563009e-9
2021-01-14 12:44:38 INFO  root:598 - 1/(5242,31137477022)  = 1,907555519904294e-4
2021-01-14 12:44:38 INFO  root:598 - 1/(41,774726754653)  = 0,0239379183943703
2021-01-14 12:44:39 INFO  root:598 - 1/(1415482,138377468)  = 7,064730616426394e-7
2021-01-14 12:44:39 INFO  root:598 - 1/(284334481,6325153)  = 3,516984624089448e-9
2021-01-14 12:44:40 INFO  root:598 - 1/(43536,31723785843)  = 2,296932913586952e-5
2021-01-14 12:44:41 INFO  root:598 - 1/(4,222781380351168)  = 0,2368107438980987
2021-01-14 12:44:41 INFO  root:598 - 1/(378,2565822773776)  = 0,0026437081252606
2021-01-14 12:44:42 INFO  root:598 - 1/(703504314635,068)  = 1,421455390104799e-12
2021-01-14 12:44:43 INFO  root:598 - 1/(56668,33313202067)  = 1,764653987034155e-5
2021-01-14 12:44:43 INFO  root:598 - 1/(44600830320,75862)  = 2,242110724863722e-11
2021-01-14 12:44:44 INFO  root:598 - 1/(2533110848,308454)  = 3,947715121380393e-10
2021-01-14 12:44:45 INFO  root:598 - 1/(825154667625648)  = 1,211894011188791e-15
2021-01-14 12:44:45 INFO  root:601 - oneDividedByX tests status: passed
2021-01-14 12:46:07 INFO  root:301 - multiplication tests status: start
2021-01-14 12:46:22 INFO  root:355 - 1870.125304682177 * 634234.8645563381 = 1 186 098 669,318481
2021-01-14 12:46:23 INFO  root:355 - 77870614.5868583 * 27.6281822661423 = 2 151 423 532,98224
2021-01-14 12:46:24 INFO  root:355 - 846372253776260.4 * 1.522356174130774 = 1 288 480 026 149 268
2021-01-14 12:46:25 INFO  root:355 - 3302218777.328551 * 748070.1048558384 = 2 470 291 147 013 088
2021-01-14 12:46:26 INFO  root:355 - 56.2585788635757 * 1.880325606112448 = 105,7844464006779
2021-01-14 12:46:28 INFO  root:355 - 4317831.773544640 * 675154.8614615154 = 2 915 205 112 881,661
2021-01-14 12:46:29 INFO  root:393 - subtraction tests status: start
2021-01-14 12:46:29 INFO  root:402 - 2757655325467.51 - 5408580163.722102 = 2 752 246 745 303,788
2021-01-14 12:46:30 INFO  root:402 - 6.128575371547536 - 5545028460356.334 = -5 545 028 460 350,205
2021-01-14 12:46:32 INFO  root:402 - 3648.185174115750 - 1.128264642365184 = 3 647,056909473385
2021-01-14 12:46:35 INFO  root:560 - oneDividedByX tests status: start
2021-01-14 12:46:47 INFO  root:598 - 1/(74,24646534650327)  = 0,0134686546400972
2021-01-14 12:46:48 INFO  root:598 - 1/(4,37724751708642)  = 0,228454067561073
2021-01-14 12:46:48 INFO  root:598 - 1/(611601548412161)  = 1,635051452365022e-15
2021-01-14 12:46:49 INFO  root:598 - 1/(700132077544062,4)  = 1,428301933412079e-15
2021-01-14 12:46:50 INFO  root:598 - 1/(7351831787482,151)  = 1,360205223550795e-13
2021-01-14 12:46:50 INFO  root:598 - 1/(233224142836,824)  = 4,287720764396391e-12
2021-01-14 12:46:51 INFO  root:598 - 1/(67,65070341827685)  = 0,0147818123015974
2021-01-14 12:46:52 INFO  root:598 - 1/(713705562603063,7)  = 1,40113802161321e-15
2021-01-14 12:46:52 INFO  root:598 - 1/(44816,0816521463)  = 2,231341882500584e-5
2021-01-14 12:46:53 INFO  root:598 - 1/(66018,2064006617)  = 1,514733668968591e-5
2021-01-14 12:46:54 INFO  root:598 - 1/(671753845,8487785)  = 1,488640528341857e-9
2021-01-14 12:46:54 INFO  root:598 - 1/(762742187645877)  = 1,311058987161041e-15
2021-01-14 12:46:55 INFO  root:598 - 1/(233787875152836)  = 4,277381790421176e-15
2021-01-14 12:46:55 INFO  root:598 - 1/(574358,183243876)  = 1,741073826705441e-6
2021-01-14 12:46:56 INFO  root:598 - 1/(5,050760117167425)  = 0,1979900008715562
2021-01-14 12:46:57 INFO  root:598 - 1/(6352,864775261336)  = 1,574093004299565e-4
2021-01-14 12:46:57 INFO  root:598 - 1/(31000552,38743353)  = 3,22574897215497e-8
2021-01-14 12:46:58 INFO  root:598 - 1/(1,315605280624552)  = 0,7601064048065192
2021-01-14 12:46:59 INFO  root:598 - 1/(4365,367533325428)  = 2,290757862576178e-4
2021-01-14 12:46:59 INFO  root:598 - 1/(2357,6072101683)  = 4,241588656867969e-4
2021-01-14 12:47:00 INFO  root:601 - oneDividedByX tests status: passed
2021-01-14 12:47:00 INFO  root:363 - exponentOfTwo tests status: start
2021-01-14 12:47:05 INFO  root:385 - 1.613635837750121² = 2,603820616871535
2021-01-14 12:47:05 INFO  root:385 - 81571.63320657860² = 6 653 931 343,988597
2021-01-14 12:47:06 INFO  root:385 - 458672758.437034² = 2,103806993322377e+17
2021-01-14 12:47:07 INFO  root:385 - 14.74313502503810² = 217,3600303665052
2021-01-14 12:47:07 INFO  root:385 - 4073211.513225533² = 16 591 052 031 473,04
2021-01-14 12:47:08 INFO  root:385 - 240576673880620² = 5,787713601546219e+28
2021-01-14 12:47:09 INFO  root:385 - 244668760788635² = 5,98628025058463e+28
2021-01-14 12:47:09 INFO  root:385 - 82448760424884.23² = 6,797798095599956e+27
2021-01-14 12:47:10 INFO  root:385 - 3321055745.826257² = 1,10294112668856e+19
2021-01-14 12:47:11 INFO  root:385 - 240.7728478456572² = 57 971,56425970799
2021-01-14 12:47:11 INFO  root:385 - 70233258.81520757² = 4 932 710 643 803 932
2021-01-14 12:47:12 INFO  root:385 - 852047836406410² = 7,259855155248444e+29
2021-01-14 12:47:12 INFO  root:385 - 105271102031417² = 1,108200492290901e+28
2021-01-14 12:47:13 INFO  root:385 - 6747256.245483020² = 45 525 466 842 209,62
2021-01-14 12:47:14 INFO  root:385 - 755032222722464² = 5,700736573492245e+29
2021-01-14 12:47:14 INFO  root:385 - 80576283.34404347² = 6 492 537 437 539 577
2021-01-14 12:47:15 INFO  root:385 - 7750631.354226427² = 60 072 286 389 117,78
2021-01-14 12:47:15 INFO  root:385 - 103.3701732264721² = 10 685,39271287085
2021-01-14 12:47:16 INFO  root:385 - 73762267.1210423² = 5 440 872 050 835 998
2021-01-14 12:47:17 INFO  root:385 - 6.642322805017257² = 44,12045224605232
2021-01-14 12:47:17 INFO  root:388 - exponentOfTwo tests status: passed
2021-01-14 12:47:37 INFO  root:523 - squareRoot tests status: start
2021-01-14 12:47:40 INFO  root:542 - √(488,5044161364182)  = 22,10213600845896
2021-01-14 12:47:41 INFO  root:542 - √(0,818256746643156)  = 0,9045754510504671
2021-01-14 12:47:42 INFO  root:542 - √(6,186762840567243)  = 2,487320413731862
2021-01-14 12:47:42 INFO  root:542 - √(268,4716041054214)  = 16,38510311549553
2021-01-14 12:47:43 INFO  root:542 - √(1414360303,145734)  = 37 607,98190737884
2021-01-14 12:47:44 INFO  root:542 - √(238446857014053)  = 15 441 724,54792705
2021-01-14 12:47:44 INFO  root:542 - √(2,12014715428747)  = 1,456072509969016
2021-01-14 12:47:45 INFO  root:542 - √(201152385,23728)  = 14 182,82007350019
2021-01-14 12:47:45 INFO  root:542 - √(8467637324,578285)  = 92 019,76594503099
2021-01-14 12:47:46 INFO  root:542 - √(15852,40622375401)  = 125,9063390928114
2021-01-14 12:47:47 INFO  root:542 - √(7,50276780541063)  = 2,739118070732007
2021-01-14 12:47:47 INFO  root:542 - √(304750140503143)  = 17 457 094,27433853
2021-01-14 12:47:48 INFO  root:542 - √(48,75020741462418)  = 6,982134875138419
2021-01-14 12:47:49 INFO  root:542 - √(25,8838224370427)  = 5,087614611686178
2021-01-14 12:47:49 INFO  root:542 - √(4,475061383118066)  = 2,115434088578055
2021-01-14 12:47:50 INFO  root:542 - √(47681280,66868666)  = 6 905,163333961526
2021-01-14 12:47:51 INFO  root:542 - √(631736237565488,4)  = 25 134 363,67934323
2021-01-14 12:47:51 INFO  root:542 - √(6302547551464,667)  = 2 510 487,512708372
2021-01-14 12:47:52 INFO  root:542 - √(3,276332244580301)  = 1,810064154824436
2021-01-14 12:47:53 INFO  root:542 - √(552183,3467411107)  = 743,0904028051437
2021-01-14 12:47:53 INFO  root:545 - squareRoot tests status: passed
2021-01-14 12:47:58 INFO  root:238 - division tests status: start
2021-01-14 12:48:15 INFO  root:293 - 430088172337651 / 2.456563210081507 = 175 077 185 302 055
2021-01-14 12:48:16 INFO  root:293 - 2684.745484132057 / 120673100711141 = 2,224808568198323e-11
2021-01-14 12:48:17 INFO  root:293 - 3681784.734050184 / 132422473683.5843 = 2,78033224394191e-5
2021-01-14 12:48:18 INFO  root:293 - 5720.107888588137 / 463053606168223.3 = 1,235301445100953e-11
2021-01-14 12:48:19 INFO  root:293 - 15876403326.26810 / 1618151167.318244 = 9,81144632647641
2021-01-14 12:48:30 INFO  root:410 - addition tests status: start
2021-01-14 12:49:18 INFO  root:478 - 858671.0112241672 * 856422003460047 = 856 422 004 318 718
2021-01-14 12:49:20 INFO  root:478 - 880247031220342 * 664.1858300614578 = 880 247 031 221 006,2
2021-01-14 12:49:21 INFO  root:478 - 70038867.05384387 * 0.473488876207652 = 70 038 867,52733275
2021-01-14 12:49:22 INFO  root:478 - 6320464.46728454 * 7.637470313123274 = 6 320 472,104754853
2021-01-14 12:49:23 INFO  root:478 - 8708301073766.124 * 3552153.584403604 = 8 708 304 625 919,708
2021-01-14 12:49:24 INFO  root:478 - 46560500202336 * 610322175232745 = 656 882 675 435 081
2021-01-14 12:49:25 INFO  root:478 - 5481262.325310467 * 883054017148715 = 883 054 022 629 977,3
2021-01-14 12:49:26 INFO  root:478 - 3.705553414624605 * 6.121586281168806 = 9,827139695793411
2021-01-14 12:49:28 INFO  root:478 - 4448542724222.085 * 40113044.14385018 = 4 448 582 837 266,229
2021-01-14 12:49:29 INFO  root:478 - 70537801848086.6 * 2742005.545527323 = 70 537 804 590 092,15
2021-01-14 12:49:30 INFO  root:478 - 4468627.723678576 * 1364613.343050134 = 5 833 241,06672871
2021-01-14 12:49:31 INFO  root:478 - 637316125.2501388 * 27.66355516125400 = 637 316 152,913694
2021-01-14 12:52:59 INFO  root:301 - multiplication tests status: start
2021-01-14 12:53:14 INFO  root:355 - 754014088,820687 * 227102022,5638673 =  = 1,712381246128295e+17
2021-01-14 12:53:15 INFO  root:355 - 63431257047,52776 * 2,34504100513023 =  = 148 748 898 783,4085
2021-01-14 12:53:16 INFO  root:355 - 5408,02871238162 * 266855813803876 =  = 1,443163903117325e+18
2021-01-14 12:53:17 INFO  root:355 - 644848,717733078 * 844337,7461023148 =  = 544 470 112 907,7149
2021-01-14 12:53:18 INFO  root:355 - 6073553335,022885 * 864348164258,6236 =  = 5,249664675653872e+21
2021-01-14 12:53:20 INFO  root:355 - 767367574020,2504 * 72208870,35685462 =  = 5,54107456684823e+19
2021-01-14 12:53:21 INFO  root:355 - 6,254035063313417 * 453002113612037 =  = 2 833 091 102 284 768
2021-01-14 12:53:22 INFO  root:355 - 802575845722572,8 * 704404,1804410113 =  = 5,653377808479604e+20
2021-01-14 12:53:23 INFO  root:355 - 553602042864,2833 * 17364070,47708282 =  = 9,612784888552439e+18
2021-01-14 12:53:24 INFO  root:355 - 485036888066660 * 7,670878270607885 =  = 3 720 658 925 113 811
2021-01-14 12:53:26 INFO  root:355 - 43,1255261621118 * 418314857111,5621 =  = 18 040 048 314 364,73
2021-01-14 12:53:27 INFO  root:355 - 32662856132,67782 * 6252,502571228521 =  = 204 224 591 953 235,3
2021-01-14 12:53:28 INFO  root:355 - 5163467,265850171 * 3,652037854881618 =  = 18 857 177,91732691
2021-01-14 12:53:29 INFO  root:355 - 233054366212383 * 0,18865888702671 =  = 43 967 777 346 343,46
2021-01-14 12:53:30 INFO  root:355 - 576646505710205 * 225,0518471426636 =  = 1,297753612584441e+17
2021-01-14 12:53:32 INFO  root:355 - 83,61648802223482 * 70782,1454167256 =  = 5 918 554,414425719
2021-01-14 12:53:33 INFO  root:355 - 2171301,802085875 * 15458712415,50353 =  = 3,35655301257101e+16
2021-01-14 12:53:34 INFO  root:355 - 430,1748471100301 * 57,47802751151846 =  = 24 725,60169695356
2021-01-14 12:53:35 INFO  root:355 - 58336448,36153601 * 728,3656468280556 =  = 42 490 264 944,50164
2021-01-14 12:53:36 INFO  root:355 - 2,823323365532157 * 834,8604444421166 =  = 2 357,080999751989
2021-01-14 12:53:38 INFO  root:358 - multiplication tests status: passed
2021-01-14 12:53:48 INFO  root:238 - division tests status: start
2021-01-14 12:54:05 INFO  root:293 - 21527.88455142142 / 6072375.081552425 = 0,0035452165359189
2021-01-14 12:54:06 INFO  root:293 - 631877123566376 / 7.446014500516135 = 84 861 119 129 243,73
2021-01-14 12:54:07 INFO  root:293 - 453072644638271.2 / 57.00057748462434 = 7 948 562 359 047,776
2021-01-14 12:54:08 INFO  root:293 - 8.527804301611530 / 8183214571.738753 = 1,042109335744762e-9
2021-01-14 12:54:09 INFO  root:293 - 7725.844756073752 / 4705567152661.860 = 1,641851982008879e-9
2021-01-14 12:54:11 INFO  root:293 - 732634412546704 / 7677306.531204315 = 95 428 573,75420933
2021-01-14 12:54:12 INFO  root:293 - 4702830.108315146 / 76218661123.82571 = 6,170181998703538e-5
2021-01-14 12:54:13 INFO  root:293 - 504605336344227 / 88061846.60108631 = 5 730 124,404840749
2021-01-14 12:54:14 INFO  root:293 - 407266626814660 / 51214.42451668780 = 7 952 185 944,83973
2021-01-14 12:54:15 INFO  root:293 - 65562.34345302264 / 71.0232660762425 = 923,1107927737703
2021-01-14 12:54:16 INFO  root:293 - 32.32583821673854 / 1.477432638333657 = 21,87973744318908
2021-01-14 12:54:18 INFO  root:293 - 12521.65758717581 / 641553521355657.2 = 1,951771312971127e-11
2021-01-14 12:54:19 INFO  root:293 - 841827357531216 / 4174686285.643172 = 201 650,4474662627
2021-01-14 12:54:20 INFO  root:293 - 28.45137800766842 / 2627103.278057774 = 1,082994271496727e-5
2021-01-14 12:54:21 INFO  root:293 - 7328.367517480084 / 4352.437866466368 = 1,683738571879901
2021-01-14 12:54:22 INFO  root:293 - 30110.57465315643 / 374708578466130 = 8,035731334578488e-11
2021-01-14 12:54:24 INFO  root:293 - 5002473488.143821 / 666315578611533 = 7,50766400894898e-6
2021-01-14 12:54:25 INFO  root:293 - 4.682277172178647 / 652037565487448 = 7,180992967296733e-15
2021-01-14 12:54:26 INFO  root:293 - 772.0126863704367 / 7750.160633666810 = 0,0996124755165464
2021-01-14 12:54:27 INFO  root:293 - 8756606.357407006 / 6.043376717577676 = 1 448 959,210491987
2021-01-14 12:54:28 INFO  root:296 - division tests status: passed
2021-01-14 12:55:03 INFO  root:393 - subtraction tests status: start
2021-01-14 12:55:03 INFO  root:402 - 7212833643,278508 - 334110028736815,7 =  = -334 102 815 903 172,4
2021-01-14 12:55:04 INFO  root:402 - 3070322402101,418 - 61315515225,32251 =  = 3 009 006 886 876,095
2021-01-14 12:55:06 INFO  root:402 - 41657653214136,85 - 5,836062284246364 =  = 41 657 653 214 131,01
2021-01-14 12:55:07 INFO  root:402 - 835502138722328 - 86022,63172681124 =  = 835 502 138 636 305,4
2021-01-14 12:55:08 INFO  root:402 - 30808,25463622504 - 8437,77133463823 =  = 22 370,48330158681
2021-01-14 12:55:09 INFO  root:402 - 36376106,01164621 - 158474268353235 =  = -158 474 231 977 129
2021-01-14 12:55:10 INFO  root:402 - 382877050820057,3 - 2836666,276454664 =  = 382 877 047 983 391
2021-01-14 12:55:12 INFO  root:402 - 8,25326521534846 - 38200,17220123655 =  = -38 191,9189360212
2021-01-14 12:55:13 INFO  root:402 - 36807278787376 - 8800266,603732554 =  = 36 807 269 987 109,4
2021-01-14 12:55:14 INFO  root:402 - 858556107735473 - 35,2827318860185 =  = 858 556 107 735 437,7
2021-01-14 12:55:15 INFO  root:402 - 2,67646134834722 - 21,82075111104414 =  = -19,14428976269692
2021-01-14 12:55:16 INFO  root:402 - 1510723168,683215 - 23058600,10052515 =  = 1 487 664 568,58269
2021-01-14 12:55:17 INFO  root:402 - 8153802810,667285 - 40,58501550244814 =  = 8 153 802 770,082269
2021-01-14 12:55:19 INFO  root:402 - 1332333307,676634 - 6607184,44274347 =  = 1 325 726 123,233891
2021-01-14 12:55:20 INFO  root:402 - 371318146,5027251 - 2014,125781527445 =  = 371 316 132,3769436
2021-01-14 12:55:21 INFO  root:402 - 13,36610182408741 - 2768137,355728187 =  = -2 768 123,989626363
2021-01-14 12:55:22 INFO  root:402 - 628372,4632050361 - 25371,58117412412 =  = 603 000,882030912
2021-01-14 12:55:24 INFO  root:402 - 6,07620568221445 - 8041051,488404836 =  = -8 041 045,412199154
2021-01-14 12:55:25 INFO  root:402 - 81,77448058081883 - 822335235255,0465 =  = -822 335 235 173,272
2021-01-14 12:55:26 INFO  root:402 - 1111563086,612873 - 1266057,5358521 =  = 1 110 297 029,077021
2021-01-14 12:55:27 INFO  root:405 - subtraction tests status: passed
2021-01-14 12:55:37 INFO  root:410 - addition tests status: start
2021-01-14 12:56:26 INFO  root:478 - 3.275424668835684 * 860.6855606278340 = 863,9609852966697
2021-01-14 12:56:27 INFO  root:478 - 842.0807737626656 * 64403467.61202185 = 64 404 309,69279561
2021-01-14 12:56:28 INFO  root:478 - 266346374306428 * 63.43631521617488 = 266 346 374 306 491,4
2021-01-14 12:56:29 INFO  root:478 - 77751.74671834556 * 887467634573474 = 887 467 634 651 225,7
2021-01-14 12:56:31 INFO  root:478 - 88008.17758218678 * 5417278545.378308 = 5 417 366 553,55589
2021-01-14 12:56:32 INFO  root:478 - 704852813017475.5 * 82172.76357774535 = 704 852 813 099 648,3
2021-01-14 12:56:33 INFO  root:478 - 10285.30301363153 * 6132700.648126055 = 6 142 985,951139687
2021-01-14 12:56:34 INFO  root:478 - 1085.712487602058 * 454344316778586 = 454 344 316 779 671,7
2021-01-14 12:56:35 INFO  root:478 - 64.54505762754326 * 554.6300735680184 = 619,1751311955617
2021-01-14 12:56:37 INFO  root:478 - 14.11322316254722 * 171208526864626 = 171 208 526 864 640,1
2021-01-14 12:56:38 INFO  root:478 - 16.03041632184385 * 4052.631413035543 = 4 068,661829357387
2021-01-14 12:56:39 INFO  root:478 - 0.877553755723748 * 242244463816641 = 242 244 463 816 641,9
2021-01-14 12:56:40 INFO  root:478 - 2408.165765365430 * 46243607431308 = 46 243 607 433 716,17
2021-01-14 12:56:41 INFO  root:478 - 17.77180784010248 * 866720.6485641726 = 866 738,4203720127
2021-01-14 12:56:42 INFO  root:478 - 7.403625253250113 * 7.276226028078137 = 14,67985128132825
2021-01-14 12:56:44 INFO  root:478 - 710430116281.2446 * 578184215338651 = 578 894 645 454 932,2
2021-01-14 12:56:45 INFO  root:478 - 452474014636017.0 * 473120085.1273707 = 452 474 487 756 102,1
2021-01-14 13:00:58 INFO  root:410 - addition tests status: start
2021-01-14 13:02:02 INFO  root:410 - addition tests status: start
2021-01-14 13:03:20 INFO  root:410 - addition tests status: start
2021-01-14 13:03:58 INFO  root:410 - addition tests status: start
2021-01-14 13:04:37 INFO  root:410 - addition tests status: start
2021-01-14 13:04:38 INFO  root:480 - 7126025.873512205 * 2.317506781671116 = 7 126 028,191018987
2021-01-14 13:04:39 INFO  root:480 - 87.03671417630013 * 81042.77650784281 = 81 129,81322201911
2021-01-14 13:04:41 INFO  root:480 - 607228523350500 * 836615530082737 = 1 443 844 053 433 237
2021-01-14 13:07:21 INFO  root:410 - addition tests status: start
2021-01-14 13:07:22 INFO  root:480 - 8831822.616026221 * 138432452531821.5 = 138 432 461 363 644,1
2021-01-14 13:07:23 INFO  root:480 - 55410117537.27505 * 6803858217105.476 = 6 859 268 334 642,751
2021-01-14 13:07:25 INFO  root:480 - 2453287368.187031 * 133455.151433727 = 2 453 420 823,338465
2021-01-14 13:08:04 INFO  root:410 - addition tests status: start
2021-01-14 13:08:53 INFO  root:410 - addition tests status: start
2021-01-14 13:08:54 INFO  root:480 - 247.0781712033785 * 285666.6514732684 = 285 913,7296444718
2021-01-14 13:09:17 INFO  root:410 - addition tests status: start
2021-01-14 13:09:17 INFO  root:480 - 438.4588827210630 * 24578.11827730008 = 25 016,57716002114
2021-01-14 13:09:19 INFO  root:480 - 23.78181151788320 * 8626185308.14523 = 8 626 185 331,927042
2021-01-14 13:09:20 INFO  root:480 - 66.14476610115847 * 14.73778200525862 = 80,88254810641709
2021-01-14 13:09:21 INFO  root:480 - 10224856.80134444 * 123043843.8684184 = 133 268 700,6697628
2021-01-14 13:09:22 INFO  root:480 - 52482.71186781856 * 7.567366114013562 = 52 490,27923393257
2021-01-14 13:09:23 INFO  root:480 - 5.355003521621584 * 110757.1445511230 = 110 762,4995546446
2021-01-14 13:09:25 INFO  root:480 - 431742.865003250 * 2.268105072511743 = 431 745,1331083225
2021-01-14 13:09:26 INFO  root:480 - 876843752306272 * 738.4718856362253 = 876 843 752 307 010,5
2021-01-14 13:09:27 INFO  root:480 - 838147440611402 * 81.13831453402164 = 838 147 440 611 483,1
2021-01-14 13:09:28 INFO  root:480 - 15.76724045181766 * 608037.8820532125 = 608 053,6492936643
2021-01-14 13:09:30 INFO  root:480 - 258227114706837 * 82.62330870233007 = 258 227 114 706 919,6
2021-01-14 13:09:31 INFO  root:480 - 581.4746068383064 * 337.7765536215525 = 919,2511604598589
2021-01-14 13:09:32 INFO  root:480 - 157424562230.7286 * 746626737422471 = 746 784 161 984 701,7
2021-01-14 13:09:33 INFO  root:480 - 538274062084885.3 * 30432.43045152722 = 538 274 062 115 317,7
2021-01-14 13:09:34 INFO  root:480 - 4171.54074787604 * 2.35011328521864 = 4 173,890861161259
2021-01-14 13:09:35 INFO  root:480 - 53676846.75134622 * 7045851063534.285 = 7 045 904 740 381,036
2021-01-14 13:09:37 INFO  root:480 - 6656.460528555438 * 453.2541345146728 = 7 109,714663070111
2021-01-14 13:09:38 INFO  root:480 - 5.212520432820073 * 400583673148837 = 400 583 673 148 842,2
2021-01-14 13:09:39 INFO  root:480 - 637172168530554 * 71703.52575263784 = 637 172 168 602 257,5
2021-01-14 13:09:40 INFO  root:480 - 6.580188726354215 * 164200123.5215863 = 164 200 130,101775
2021-01-14 13:09:41 INFO  root:483 - addition tests status: passed
2021-01-14 13:20:42 INFO  root:410 - addition tests status: start
2021-01-14 13:22:34 INFO  root:562 - oneDividedByX tests status: start
2021-01-14 13:22:53 INFO  root:562 - oneDividedByX tests status: start
2021-01-14 13:23:48 INFO  root:562 - oneDividedByX tests status: start
2021-01-14 13:24:09 INFO  root:562 - oneDividedByX tests status: start
2021-01-14 13:24:43 INFO  root:562 - oneDividedByX tests status: start
2021-01-14 13:24:59 INFO  root:562 - oneDividedByX tests status: start
2021-01-14 13:25:01 INFO  root:603 - 1/(48,28785858042325)  = 0,0207091395103907
2021-01-14 13:25:02 INFO  root:603 - 1/(38710374117720,13)  = 2,583286839230619e-14
2021-01-14 13:25:02 INFO  root:603 - 1/(308354,3071643537)  = 3,243022642349527e-6
2021-01-14 13:25:03 INFO  root:603 - 1/(600155656714237)  = 1,666234399047159e-15
2021-01-14 13:25:03 INFO  root:603 - 1/(147327636201072)  = 6,787592781541714e-15
2021-01-14 13:25:04 INFO  root:603 - 1/(446200328137132)  = 2,241145819356429e-15
2021-01-14 13:25:05 INFO  root:603 - 1/(716023762432516)  = 1,396601694617989e-15
2021-01-14 13:25:05 INFO  root:603 - 1/(234884500,160131)  = 4,25741161855404e-9
2021-01-14 13:25:06 INFO  root:603 - 1/(41242,51767353116)  = 2,424682236704927e-5
2021-01-14 13:25:06 INFO  root:603 - 1/(74141,55803216482)  = 1,348771224319524e-5
2021-01-14 13:25:07 INFO  root:603 - 1/(54213311158675,77)  = 1,844565437209916e-14
2021-01-14 13:25:08 INFO  root:603 - 1/(10116567,3544005)  = 9,884775783803984e-8
2021-01-14 13:25:08 INFO  root:603 - 1/(33310678,05720451)  = 3,002040361600258e-8
2021-01-14 13:25:09 INFO  root:603 - 1/(188,686025386763)  = 0,0052998095537294
2021-01-14 13:25:10 INFO  root:603 - 1/(8824,42874281725)  = 1,133217831028396e-4
2021-01-14 13:25:10 INFO  root:603 - 1/(400264242344064)  = 2,498349575629611e-15
2021-01-14 13:25:11 INFO  root:603 - 1/(7,265453868660182)  = 0,137637650458912
2021-01-14 13:25:12 INFO  root:603 - 1/(10760217523,84211)  = 9,293492420429562e-11
2021-01-14 13:25:12 INFO  root:603 - 1/(680771285725625)  = 1,468922119613364e-15
2021-01-14 13:25:13 INFO  root:603 - 1/(732882,2504148158)  = 1,364475670455921e-6
2021-01-14 13:25:13 INFO  root:606 - oneDividedByX tests status: passed
2021-01-14 13:27:52 INFO  root:410 - addition tests status: start
2021-01-14 13:28:41 INFO  root:480 - 50076086141667 * 838127862854217 = 888 203 948 995 884
2021-01-14 13:28:42 INFO  root:480 - 770668465084541 * 732044140567.6113 = 771 400 509 225 108,6
2021-01-14 13:28:43 INFO  root:480 - 3341845432357.312 * 21432250864725 = 24 774 096 297 082,31
2021-01-14 13:28:44 INFO  root:480 - 83.88771163067858 * 683860033.6784743 = 683 860 117,5661859
2021-01-14 13:28:45 INFO  root:480 - 3.327077363802044 * 5725.587105414267 = 5 728,914182778069
2021-01-14 13:28:46 INFO  root:480 - 5506.86864053624 * 312.5036404804051 = 5 819,372281016645
2021-01-14 13:28:48 INFO  root:480 - 85773556.80588034 * 2.502137306020601 = 85 773 559,30801765
2021-01-14 13:28:49 INFO  root:480 - 537575602718510 * 65347.17210884324 = 537 575 602 783 857,2
2021-01-14 13:28:50 INFO  root:480 - 581222276.8030721 * 4600665.542835455 = 585 822 942,3459076
2021-01-14 13:28:51 INFO  root:480 - 612.4823331505558 * 8.383624611803766 = 620,8659577623596
2021-01-14 13:28:52 INFO  root:480 - 1.028660710500047 * 222858.2383684853 = 222 859,2670291958
2021-01-14 13:28:54 INFO  root:480 - 1870.017337388425 * 4736.810453350256 = 6 606,827790738681
2021-01-14 13:28:55 INFO  root:480 - 171526563173235 * 867116050868216 = 1 038 642 614 041 451
2021-01-14 13:28:56 INFO  root:480 - 57523522.658216 * 32.46410613501606 = 57 523 555,12232214
2021-01-14 13:28:57 INFO  root:480 - 72.80547735458110 * 8608578570224.852 = 8 608 578 570 297,657
2021-01-14 13:28:58 INFO  root:480 - 0.033415772011621 * 22728.31124887057 = 22 728,34466464258
2021-01-14 13:29:00 INFO  root:480 - 80265.02357777041 * 5.325818671407875 = 80 270,34939644182
2021-01-14 13:29:01 INFO  root:480 - 3.526832788271733 * 1881123671581.634 = 1 881 123 671 585,161
2021-01-14 13:29:02 INFO  root:480 - 5181052548.183678 * 0.713636131532728 = 5 181 052 548,897314
2021-01-14 13:29:03 INFO  root:480 - 7.875766131020180 * 2268613.017226438 = 2 268 620,892992569
2021-01-14 13:29:04 INFO  root:483 - addition tests status: passed
2021-01-14 13:35:02 INFO  root:393 - subtraction tests status: start
2021-01-14 13:35:30 INFO  root:393 - subtraction tests status: start
2021-01-14 13:35:51 INFO  root:393 - subtraction tests status: start
2021-01-14 13:36:08 INFO  root:393 - subtraction tests status: start
2021-01-14 13:36:10 INFO  root:408 - 576388241,8835048 - 103301081554065 =  = -103 300 505 165 823,1
2021-01-14 13:36:11 INFO  root:408 - 211454333763706 - 75,0788384274862 =  = 211 454 333 763 630,9
2021-01-14 13:36:13 INFO  root:408 - 668,3713036144262 - 551534270277137 =  = -551 534 270 276 468,6
2021-01-14 13:36:14 INFO  root:408 - 23,501704034304 - 1717,570035260348 =  = -1 694,068331226044
2021-01-14 13:36:15 INFO  root:408 - 51405235704,75224 - 345805,6115280231 =  = 51 404 889 899,14071
2021-01-14 13:36:16 INFO  root:408 - 5787,820456871752 - 265524480886507 =  = -265 524 480 880 719,2
2021-01-14 13:36:17 INFO  root:408 - 2361138,230083747 - 41007116684,24258 =  = -41 004 755 546,0125
2021-01-14 13:36:18 INFO  root:408 - 66823,23720337454 - 6164,428505883445 =  = 60 658,8086974911
2021-01-14 13:36:20 INFO  root:408 - 68164,54082265763 - 5272670562,266257 =  = -5 272 602 397,725434
2021-01-14 13:36:21 INFO  root:408 - 5,3351334777264 - 588826040,0262703 =  = -588 826 034,6911368
2021-01-14 13:36:22 INFO  root:408 - 285415886,7647852 - 185230453683673 =  = -185 230 168 267 786,2
2021-01-14 13:36:23 INFO  root:408 - 174015478,3143866 - 4,864521457766813 =  = 174 015 473,4498651
2021-01-14 13:36:24 INFO  root:408 - 41,8060380176405 - 141824,3346375582 =  = -141 782,5285995406
2021-01-14 13:36:26 INFO  root:408 - 734167710,1376546 - 280031322531221 =  = -280 030 588 363 510,9
2021-01-14 13:36:27 INFO  root:408 - 686764165512368 - 65,62251244145643 =  = 686 764 165 512 302,4
2021-01-14 13:36:28 INFO  root:408 - 36551826731,7274 - 75,44702467474131 =  = 36 551 826 656,28038
2021-01-14 13:36:29 INFO  root:408 - 521481252481020 - 56,00752167145806 =  = 521 481 252 480 964
2021-01-14 13:36:30 INFO  root:408 - 475110544147,678 - 34,25588843221251 =  = 475 110 544 113,4221
2021-01-14 13:36:31 INFO  root:408 - 5,521368244355666 - 814,45308158433 =  = -808,9317133399743
2021-01-14 13:36:33 INFO  root:408 - 776,1708715740667 - 4652,022473681685 =  = -3 875,851602107618
2021-01-14 13:36:34 INFO  root:411 - subtraction tests status: passed
2021-01-14 14:14:13 INFO  root:301 - multiplication tests status: start
2021-01-14 14:14:28 INFO  root:355 - 737738,5045634862 * 8151,620881537775 =  = 6 013 764 598,914165
2021-01-14 14:14:29 INFO  root:355 - 315763565778103 * 421807662814867 =  = 1,331914916829501e+29
2021-01-14 14:14:30 INFO  root:355 - 44174244,23137317 * 8305364,724187865 =  = 366 883 209 756 906
2021-01-14 14:14:31 INFO  root:355 - 67622,02208645141 * 30447,48361427644 =  = 2 058 920 409,441469
2021-01-14 14:14:33 INFO  root:355 - 4353,782654872143 * 5,28346828102315 =  = 23 003,07255948573
2021-01-14 14:14:34 INFO  root:355 - 5428185688811,885 * 308264,5700586418 =  = 1,673317327560068e+18
2021-01-14 14:14:35 INFO  root:355 - 3,80264876616003 * 7633,073745515688 =  = 29 025,89846039375
2021-01-14 14:14:36 INFO  root:355 - 0,750235182867577 * 61,7752076067185 =  = 46,34593417550899
2021-01-14 14:14:38 INFO  root:355 - 732063,2225633468 * 5,508142560405525 =  = 4 032 308,593108793
2021-01-14 14:14:39 INFO  root:355 - 77717334,84348117 * 610787350051787 =  = 4,746876500213728e+22
2021-01-14 14:14:40 INFO  root:355 - 516166541052108 * 237661337380830 =  = 1,226728304576811e+29
2021-01-14 14:14:41 INFO  root:355 - 785,826678622572 * 225154808703672 =  = 1,769326554995071e+17
2021-01-14 14:14:42 INFO  root:355 - 854082,8876701765 * 434272423707,3424 =  = 3,709046456754934e+17
2021-01-14 14:14:43 INFO  root:355 - 661335086304770 * 457256,0672083588 =  = 3,023994806706197e+20
2021-01-14 14:14:44 INFO  root:355 - 56826883157,18667 * 15182,47106363643 =  = 862 772 509 170 635
2021-01-14 14:14:46 INFO  root:355 - 607,405663710314 * 720,8057573135317 =  = 437 821,4994272412
2021-01-14 14:14:47 INFO  root:355 - 761062060815130 * 13,0871681247242 =  = 9 960 147 143 236 680
2021-01-14 14:14:48 INFO  root:355 - 635462620202502 * 570371,2155553117 =  = 3,624495871248644e+20
2021-01-14 14:14:49 INFO  root:355 - 50511,25866031886 * 7,388826323814572 =  = 373 218,9176383708
2021-01-14 14:14:50 INFO  root:355 - 65613618,3036301 * 280650424647235 =  = 1,841448983955538e+22
2021-01-14 14:14:51 INFO  root:358 - multiplication tests status: passed
2021-01-14 14:14:52 INFO  root:393 - subtraction tests status: start
2021-01-14 14:14:54 INFO  root:408 - 1606182428,605314 - 6384540,175027288 =  = 1 599 797 888,430287
2021-01-14 14:14:56 INFO  root:408 - 582224174862156 - 3238858,646617773 =  = 582 224 171 623 297,4
2021-01-14 14:14:57 INFO  root:408 - 36053,58363572062 - 818520,2057457162 =  = -782 466,6221099956
2021-01-14 14:14:58 INFO  root:408 - 85008743665,86282 - 42,73210444880826 =  = 85 008 743 623,13072
2021-01-14 14:14:59 INFO  root:408 - 7,775743054746 - 256,3036360465225 =  = -248,5278929917765
2021-01-14 14:15:00 INFO  root:408 - 2130515535183,153 - 8617,507304681016 =  = 2 130 515 526 565,646
2021-01-14 14:15:02 INFO  root:408 - 734485718660758 - 64,14405212044264 =  = 734 485 718 660 693,9
2021-01-14 14:15:03 INFO  root:408 - 328354117658,2563 - 7144,034273741801 =  = 328 354 110 514,222
2021-01-14 14:15:04 INFO  root:408 - 436780404834213 - 5086362082,503583 =  = 436 775 318 472 130,5
2021-01-14 14:15:05 INFO  root:408 - 810,4720613483648 - 2812460,81771252 =  = -2 811 650,345651172
2021-01-14 14:15:06 INFO  root:408 - 528,2170460883472 - 8415545464,70662 =  = -8 415 544 936,489574
2021-01-14 14:15:07 INFO  root:408 - 7,450178267608377 - 222248841055448 =  = -222 248 841 055 440,5
2021-01-14 14:15:09 INFO  root:408 - 4400,418512343175 - 5576647630,875868 =  = -5 576 643 230,457356
2021-01-14 14:15:10 INFO  root:408 - 20503,40250414655 - 358250,7745303471 =  = -337 747,3720262006
2021-01-14 14:15:11 INFO  root:408 - 658886550038435 - 631528822743082 =  = 27 357 727 295 353
2021-01-14 14:15:12 INFO  root:408 - 33,3220564723715 - 5226717,04816202 =  = -5 226 683,726105548
2021-01-14 14:15:13 INFO  root:408 - 113,60108271078 - 8322,53162514081 =  = -8 208,93054243003
2021-01-14 14:15:14 INFO  root:408 - 61,56533655206227 - 136715567411,7163 =  = -136 715 567 350,151
2021-01-14 14:15:16 INFO  root:408 - 673530132111142 - 5112647785758,144 =  = 668 417 484 325 383,9
2021-01-14 14:15:17 INFO  root:408 - 7017730315,06828 - 34050,8861062388 =  = 7 017 696 264,182174
2021-01-14 14:15:18 INFO  root:411 - subtraction tests status: passed
2021-01-14 14:15:21 INFO  root:568 - oneDividedByX tests status: start
2021-01-14 14:15:32 INFO  root:363 - exponentOfTwo tests status: start
2021-01-14 14:15:36 INFO  root:385 - 33837871538.65328² = 1,145001550266402e+21
2021-01-14 14:15:37 INFO  root:385 - 625112553281118² = 3,907657042696386e+29
2021-01-14 14:15:37 INFO  root:385 - 14.46370400384575² = 209,1987335108636
2021-01-14 14:15:38 INFO  root:385 - 845203042153.142² = 7,143681824649259e+23
2021-01-14 14:15:39 INFO  root:385 - 33754.44237212203² = 1 139 362 379,852907
2021-01-14 14:15:39 INFO  root:385 - 657818333562373² = 4,327249599707774e+29
2021-01-14 14:15:40 INFO  root:385 - 74340726376327² = 5,526543598159921e+27
2021-01-14 14:15:40 INFO  root:385 - 42.47247648227472² = 1 803,911258537379
2021-01-14 14:15:41 INFO  root:385 - 6745.364811737676² = 45 499 946,44342885
2021-01-14 14:15:42 INFO  root:385 - 185280302.6544278² = 3,432879055171637e+16
2021-01-14 14:15:42 INFO  root:385 - 767863045.5551024² = 5,896136567291573e+17
2021-01-14 14:15:43 INFO  root:385 - 465452545332768² = 2,166460719567525e+29
2021-01-14 14:15:44 INFO  root:385 - 7314883110.343686² = 5,350751491799132e+19
2021-01-14 14:15:44 INFO  root:385 - 424010225434.3801² = 1,797846712729138e+23
2021-01-14 14:15:45 INFO  root:385 - 540820.6121784071² = 292 486 934 557,027
2021-01-14 14:15:46 INFO  root:385 - 211786.6486676828² = 44 853 584 553,88851
2021-01-14 14:15:46 INFO  root:385 - 525.6725016006484² = 276 331,5789390837
2021-01-14 14:15:47 INFO  root:385 - 63835568826.1404² = 4,074979847356908e+21
2021-01-14 14:15:48 INFO  root:385 - 14475.41423111261² = 209 537 617,1622975
2021-01-14 14:15:48 INFO  root:385 - 48256586027414.13² = 2,328698095021221e+27
2021-01-14 14:15:49 INFO  root:388 - exponentOfTwo tests status: passed
2021-01-14 14:16:09 INFO  root:531 - squareRoot tests status: start
2021-01-14 14:16:12 INFO  root:550 - √(43,10820373846452)  = 6,565683798239489
2021-01-14 14:16:13 INFO  root:550 - √(77,85736854183384)  = 8,823682255262473
2021-01-14 14:16:13 INFO  root:550 - √(126,418276056)  = 11,24358821978109
2021-01-14 14:16:14 INFO  root:550 - √(643747403,8406733)  = 25 372,17775124306
2021-01-14 14:16:15 INFO  root:550 - √(28,14284160025871)  = 5,30498271441658
2021-01-14 14:16:15 INFO  root:550 - √(1470,027336107426)  = 38,34093551424412
2021-01-14 14:16:16 INFO  root:550 - √(7542,631511250003)  = 86,84832474636458
2021-01-14 14:16:17 INFO  root:550 - √(602327553812275)  = 24 542 362,4333982
2021-01-14 14:16:17 INFO  root:550 - √(6042750327020,305)  = 2 458 200,627902512
2021-01-14 14:16:18 INFO  root:550 - √(3763,14118543806)  = 61,34444706277871
2021-01-14 14:16:19 INFO  root:550 - √(4374547882216,46)  = 2 091 541,986720912
2021-01-14 14:16:19 INFO  root:550 - √(743,7841775102763)  = 27,27240688883686
2021-01-14 14:16:20 INFO  root:550 - √(6657441055,736075)  = 81 593,14343580639
2021-01-14 14:16:21 INFO  root:550 - √(603374611436862)  = 24 563 684,80983385
2021-01-14 14:16:21 INFO  root:550 - √(48655416774,14246)  = 220 579,7288377662
2021-01-14 14:16:22 INFO  root:550 - √(128442081732128,3)  = 11 333 229,09554591
2021-01-14 14:16:23 INFO  root:550 - √(67756,73467585662)  = 260,3012383294721
2021-01-14 14:16:23 INFO  root:550 - √(63208252341,45625)  = 251 412,5142896754
2021-01-14 14:16:24 INFO  root:550 - √(7,4706741114855)  = 2,733253393208449
2021-01-14 14:16:24 INFO  root:550 - √(27583082042843)  = 5 251 959,828753739
2021-01-14 14:16:25 INFO  root:553 - squareRoot tests status: passed
2021-01-14 14:16:26 INFO  root:238 - division tests status: start
2021-01-14 14:16:43 INFO  root:293 - 476040130834727 / 462173553501134 = 1,030002965830798
2021-01-14 14:16:44 INFO  root:293 - 4.041053666013575 / 73485333.8036185 = 5,499129495434896e-8
2021-01-14 14:16:45 INFO  root:293 - 2.755786178055006 / 243805426358362 = 1,130321920728853e-14
2021-01-14 14:16:46 INFO  root:293 - 4753740048.047281 / 446784.3540716514 = 10 639,89820754761
2021-01-14 14:16:48 INFO  root:293 - 4.178687677531068 / 678.4355155531727 = 0,0061592997149094
2021-01-14 14:16:49 INFO  root:293 - 142463741476862 / 335881.0732577204 = 424 149 357,6732442
2021-01-14 14:16:50 INFO  root:293 - 4.512284636738727 / 61334.05771641417 = 7,356898931425424e-5
2021-01-14 14:16:51 INFO  root:293 - 177483800.5280007 / 5876.823305182346 = 30 200,63583866654
2021-01-14 14:16:52 INFO  root:293 - 41055.70068321527 / 831083710442563 = 4,940019900203864e-11
2021-01-14 14:16:54 INFO  root:293 - 312714866652154 / 54721000430000.11 = 5,714713989050389
2021-01-14 14:16:55 INFO  root:293 - 407088885442743 / 2758778.627511417 = 147 561 272,7252282
2021-01-14 14:16:56 INFO  root:293 - 830624206434477 / 26146330806550.75 = 31,76828950035203
2021-01-14 14:16:57 INFO  root:293 - 8.3242456526400 / 2413370.371157327 = 3,44922012473706e-6
2021-01-14 14:16:58 INFO  root:293 - 686247.7614574328 / 4142400.455685063 = 0,1656642733600565
2021-01-14 14:16:59 INFO  root:293 - 630122243137447.6 / 22581.84358537720 = 27 903 932 677,37809
2021-01-14 14:17:01 INFO  root:293 - 833505388448401 / 115502.4257825841 = 7 216 345 308,776018
2021-01-14 14:17:02 INFO  root:293 - 73.16243516442870 / 76564505287.36368 = 9,555659621887943e-10
2021-01-14 14:17:03 INFO  root:293 - 114345.0073060811 / 847.0235155015851 = 134,9962606863034
2021-01-14 14:17:04 INFO  root:293 - 3372682320.331707 / 88.78503572144050 = 37 987 058,21230239
2021-01-14 14:17:05 INFO  root:293 - 70663.30214737473 / 78600.82880175587 = 0,8990147206411668
2021-01-14 14:17:07 INFO  root:296 - division tests status: passed
2021-01-14 14:17:16 INFO  root:416 - addition tests status: start
2021-01-14 14:18:05 INFO  root:486 - 8575530.431411501 * 0.16733806771530 = 8 575 530,598749569
2021-01-14 14:18:07 INFO  root:486 - 858083212545683 * 1.123610647237384 = 858 083 212 545 684,1
2021-01-14 14:18:08 INFO  root:486 - 24518275103461.50 * 73.5104533176636 = 24 518 275 103 535,01
2021-01-14 14:18:09 INFO  root:486 - 1635415800206.020 * 784125612136307 = 785 761 027 936 513
2021-01-14 14:18:10 INFO  root:486 - 724.0360114053853 * 87.23005536427807 = 811,2660667696634
2021-01-14 14:18:11 INFO  root:486 - 1040.406163063334 * 1.754272368746857 = 1 042,160435432081
2021-01-14 14:18:12 INFO  root:486 - 86216875.23144688 * 4.504548266858572 = 86 216 879,73599515
2021-01-14 14:18:14 INFO  root:486 - 10618025231425 * 8225262206.850313 = 10 626 250 493 631,85
2021-01-14 14:18:15 INFO  root:486 - 786.8187146881746 * 876553752388323 = 876 553 752 389 109,8
2021-01-14 14:18:16 INFO  root:486 - 8188264.223145260 * 44.22171136233842 = 8 188 308,444856622
2021-01-14 14:18:17 INFO  root:486 - 727255260132.2300 * 36.77544452452380 = 727 255 260 169,0054
2021-01-14 14:18:18 INFO  root:486 - 76.34640827508203 * 431.5263527068803 = 507,8727609819623
2021-01-14 14:18:20 INFO  root:486 - 148417633675450 * 4.177761247452587 = 148 417 633 675 454,2
2021-01-14 14:18:21 INFO  root:486 - 81087004826.80714 * 1.870886620544405 = 81 087 004 828,67803
2021-01-14 14:18:22 INFO  root:486 - 306762321607160 * 7.280824818146600 = 306 762 321 607 167,3
2021-01-14 14:18:23 INFO  root:486 - 504401653211.0738 * 2.315242653012072 = 504 401 653 213,389
2021-01-14 14:18:24 INFO  root:486 - 426181474225.1883 * 50545.3305653480 = 426 181 524 770,5189
2021-01-14 14:18:26 INFO  root:486 - 40451720.62802546 * 7505717342.046444 = 7 546 169 062,674469
2021-01-14 14:18:27 INFO  root:486 - 8.563713585842846 * 8.383561403773553 = 16,9472749896164
2021-01-14 14:18:28 INFO  root:486 - 4265.844815266812 * 21736154.17165282 = 21 740 420,01646809
2021-01-14 14:18:29 INFO  root:489 - addition tests status: passed
2021-01-14 14:50:16 INFO  root:568 - oneDividedByX tests status: start
2021-01-14 14:50:57 INFO  root:568 - oneDividedByX tests status: start
2021-01-14 14:51:11 INFO  root:607 - 1/(8678783257338,40)  = 1,152235250436107e-13
2021-01-14 14:52:37 INFO  root:568 - oneDividedByX tests status: start
2021-01-14 14:52:52 INFO  root:607 - 1/(276088562685068)  = 3,622026172596986e-15
2021-01-14 14:52:52 INFO  root:607 - 1/(0,616512732705451)  = 1,622026516162427
2021-01-14 14:52:53 INFO  root:607 - 1/(8611466403324,646)  = 1,161242410019655e-13
2021-01-14 14:52:53 INFO  root:607 - 1/(465283821205735)  = 2,149225815349872e-15
2021-01-14 14:52:54 INFO  root:607 - 1/(728263640782223,1)  = 1,373129103254292e-15
2021-01-14 14:52:55 INFO  root:607 - 1/(510554102113501,3)  = 1,958656283164463e-15
2021-01-14 14:52:55 INFO  root:607 - 1/(5125,5434717541)  = 1,95101262043881e-4
2021-01-14 14:52:56 INFO  root:607 - 1/(2,384632838370521)  = 0,4193517693412814
2021-01-14 14:52:56 INFO  root:607 - 1/(166416,8561546348)  = 6,00900667821052e-6
2021-01-14 14:52:57 INFO  root:607 - 1/(218,4121867821264)  = 0,0045784990972025
2021-01-14 14:52:58 INFO  root:607 - 1/(757060141441,4732)  = 1,320899021438323e-12
2021-01-14 14:52:58 INFO  root:607 - 1/(36377750836157)  = 2,748933007166755e-14
2021-01-14 14:52:59 INFO  root:607 - 1/(53575485344732,68)  = 1,866525321358224e-14
2021-01-14 14:53:00 INFO  root:607 - 1/(36383,00656654883)  = 2,748535908297962e-5
2021-01-14 14:53:00 INFO  root:607 - 1/(773,4106846546855)  = 0,0012929741207887
2021-01-14 14:53:01 INFO  root:607 - 1/(37352155603642)  = 2,677221659203239e-14
2021-01-14 14:53:02 INFO  root:607 - 1/(6526,448270463606)  = 1,532226961064942e-4
2021-01-14 14:53:02 INFO  root:607 - 1/(0,150450217813153)  = 6,646716864457578
2021-01-14 14:53:03 INFO  root:607 - 1/(234,6272857871663)  = 0,0042620788824498
2021-01-14 14:53:03 INFO  root:607 - 1/(503681,7084618613)  = 1,985380813319171e-6
2021-01-14 14:53:04 INFO  root:610 - oneDividedByX tests status: passed
2021-01-14 15:04:01 INFO  root:393 - subtraction tests status: start
2021-01-14 15:04:20 INFO  root:393 - subtraction tests status: start
2021-01-14 15:04:23 INFO  root:415 - subtraction tests status: passed
2021-01-14 15:33:11 INFO  root:239 - multiplication tests status: start
2021-01-14 15:33:26 INFO  root:293 - 70351317,28147652 * 74357414465674,87 =  = 5,231142057304945e+21
2021-01-14 15:33:27 INFO  root:293 - 27,36524771508115 * 281630251655051 =  = 7 706 881 600 601 114
2021-01-14 15:33:29 INFO  root:293 - 3542,14686146037 * 83338,70881288033 =  = 295 197 945,8597037
2021-01-14 15:33:30 INFO  root:293 - 568085153186313 * 357441227567162 =  = 2,03057054517595e+29
2021-01-14 15:33:31 INFO  root:293 - 1743,515545632164 * 5707176675575,674 =  = 9 950 551 255 535 481
2021-01-14 15:33:32 INFO  root:293 - 604418640882567 * 4624044,525285787 =  = 2,79485870735371e+21
2021-01-14 15:33:33 INFO  root:293 - 65874166074,71486 * 1103,586572324656 =  = 72 697 845 143 139,71
2021-01-14 15:33:34 INFO  root:293 - 320147148320563 * 5,266148028130845 =  = 1 685 942 273 840 046
2021-01-14 15:33:36 INFO  root:293 - 876467446574780 * 4318,866307505521 =  = 3,785345724637213e+18
2021-01-14 15:33:37 INFO  root:293 - 45,62332664134731 * 565265216166047 =  = 2,578927959613536e+16
2021-01-14 15:33:38 INFO  root:293 - 54506,0314328077 * 2,002211375177823 =  = 109 132,5961505676
2021-01-14 15:33:39 INFO  root:293 - 603344048552203 * 17862,37273661252 =  = 1,077715628365629e+19
2021-01-14 15:33:40 INFO  root:293 - 670500233434661 * 361367474487504 =  = 2,422969759995653e+29
2021-01-14 15:33:41 INFO  root:293 - 156447838004846 * 23800588646231,83 =  = 3,723550636945654e+27
2021-01-14 15:33:43 INFO  root:293 - 8,387614372522732 * 524041574201,6255 =  = 4 395 458 639 572,992
2021-01-14 15:33:44 INFO  root:293 - 36655221466117,12 * 143436,225570874 =  = 5,257686614564318e+18
2021-01-14 15:33:45 INFO  root:293 - 200514538813,7671 * 72524,23040443273 =  = 1,454216261236821e+16
2021-01-14 15:33:46 INFO  root:293 - 12387,2732181828 * 5,87338772124854 =  = 72 755,25841942574
2021-01-14 15:33:47 INFO  root:293 - 250440177660576 * 623,6782034634611 =  = 1,561940800784181e+17
2021-01-14 15:33:48 INFO  root:293 - 143054717178578 * 63,66770334840603 =  = 9 107 965 295 915 828
2021-01-14 15:33:50 INFO  root:296 - multiplication tests status: passed
2021-01-14 15:33:50 INFO  root:331 - subtraction tests status: start
2021-01-14 15:34:12 INFO  root:374 - 7876051677175,378 - 7233,002184114871 =  = 7 876 051 669 942,376
2021-01-14 15:34:14 INFO  root:374 - 645737,2845363402 - 770277,6356541873 =  = -124 540,3511178471
2021-01-14 15:34:15 INFO  root:374 - 217437727571343 - 267,8801725138872 =  = 217 437 727 571 075,1
2021-01-14 15:34:16 INFO  root:374 - 435634562241880 - 5508551,40167464 =  = 435 634 556 733 328,6
2021-01-14 15:34:17 INFO  root:374 - 515748364365661 - 784285250077228 =  = -268 536 885 711 567
2021-01-14 15:34:18 INFO  root:374 - 233,8670015335255 - 3,616625372875318 =  = 230,2503761606502
2021-01-14 15:34:19 INFO  root:374 - 625727512052310 - 286,3508508537358 =  = 625 727 512 052 023,6
2021-01-14 15:34:21 INFO  root:374 - 0,762745313140422 - 5173766,632817016 =  = -5 173 765,870071703
2021-01-14 15:34:22 INFO  root:374 - 818351613763836 - 7732551160658 =  = 810 619 062 603 178
2021-01-14 15:34:23 INFO  root:374 - 78611450283,00124 - 8,148277857141568 =  = 78 611 450 274,85296
2021-01-14 15:34:24 INFO  root:374 - 186103603612446 - 7,20407252778076 =  = 186 103 603 612 438,8
2021-01-14 15:34:25 INFO  root:374 - 3156,778472027832 - 220041341453,8571 =  = -220 041 338 297,0786
2021-01-14 15:34:26 INFO  root:374 - 8,022311363601276 - 7076,552073647488 =  = -7 068,529762283887
2021-01-14 15:34:27 INFO  root:374 - 41840360,8431751 - 12756874483805,77 =  = -12 756 832 643 444,93
2021-01-14 15:34:29 INFO  root:374 - 2320,724474133453 - 1373218110767,802 =  = -1 373 218 108 447,078
2021-01-14 15:34:30 INFO  root:374 - 151522222375365 - 16,85203410687048 =  = 151 522 222 375 348,1
2021-01-14 15:34:31 INFO  root:374 - 342806322787723 - 614185,3357107552 =  = 342 806 322 173 537,7
2021-01-14 15:34:32 INFO  root:374 - 70263134,24403821 - 1252242244386,533 =  = -1 252 171 981 252,289
2021-01-14 15:34:33 INFO  root:374 - 26404540608767,63 - 2,621725113336116 =  = 26 404 540 608 765,01
2021-01-14 15:34:35 INFO  root:374 - 740650052,5257661 - 7627087316,370338 =  = -6 886 437 263,844572
2021-01-14 15:34:36 INFO  root:377 - subtraction tests status: passed
2021-01-14 15:34:38 INFO  root:547 - oneDividedByX tests status: start
2021-01-14 15:34:53 INFO  root:586 - 1/(4574304480,42406)  = 2,186124697819187e-10
2021-01-14 15:34:53 INFO  root:586 - 1/(261165558430502)  = 3,828988806983548e-15
2021-01-14 15:34:54 INFO  root:586 - 1/(85722244,32054018)  = 1,166558351249778e-8
2021-01-14 15:34:55 INFO  root:586 - 1/(74206826721,06341)  = 1,347584911235872e-11
2021-01-14 15:34:55 INFO  root:586 - 1/(2,446411763850008)  = 0,4087619323847034
2021-01-14 15:34:56 INFO  root:586 - 1/(723337075655143)  = 1,382481326695824e-15
2021-01-14 15:34:57 INFO  root:586 - 1/(15545,15148608367)  = 6,432873947193245e-5
2021-01-14 15:34:57 INFO  root:586 - 1/(2,118410621301068)  = 0,4720520138753025
2021-01-14 15:34:58 INFO  root:586 - 1/(454416,207266866)  = 2,200625734752299e-6
2021-01-14 15:34:58 INFO  root:586 - 1/(4100,230836018801)  = 2,438887077321162e-4
2021-01-14 15:34:59 INFO  root:586 - 1/(5264368840642,747)  = 1,899562949084522e-13
2021-01-14 15:35:00 INFO  root:586 - 1/(807578684314342)  = 1,238269433583465e-15
2021-01-14 15:35:00 INFO  root:586 - 1/(12,06535425225457)  = 0,0828819427173584
2021-01-14 15:35:01 INFO  root:586 - 1/(817667,2245654172)  = 1,222991419928188e-6
2021-01-14 15:35:02 INFO  root:586 - 1/(18,7206262558202)  = 0,0534170164146673
2021-01-14 15:35:02 INFO  root:586 - 1/(3,850214872817104)  = 0,2597257641541251
2021-01-14 15:35:03 INFO  root:586 - 1/(22706,41225680383)  = 4,404042297348655e-5
2021-01-14 15:35:04 INFO  root:586 - 1/(75412377,76542341)  = 1,326042262068151e-8
2021-01-14 15:35:04 INFO  root:586 - 1/(835,7582360041404)  = 0,0011965182715771
2021-01-14 15:35:05 INFO  root:586 - 1/(14858407811,35505)  = 6,730196214131253e-11
2021-01-14 15:35:06 INFO  root:589 - oneDividedByX tests status: passed
2021-01-14 15:35:06 INFO  root:301 - exponentOfTwo tests status: start
2021-01-14 15:35:11 INFO  root:323 - 57527560.80856111² = 3 309 420 252 582 696
2021-01-14 15:35:11 INFO  root:323 - 875631476136.8220² = 7,667304820015499e+23
2021-01-14 15:35:12 INFO  root:323 - 232.5847541514401² = 54 095,66786368583
2021-01-14 15:35:12 INFO  root:323 - 2288822547.02344² = 5,238708651762867e+18
2021-01-14 15:35:13 INFO  root:323 - 2018236.773048152² = 4 073 279 672 083,818
2021-01-14 15:35:14 INFO  root:323 - 53171320475460.01² = 2,827189321104073e+27
2021-01-14 15:35:14 INFO  root:323 - 835320400067873² = 6,977601707695514e+29
2021-01-14 15:35:15 INFO  root:323 - 53755783.00001004² = 2 889 684 205 944 168
2021-01-14 15:35:16 INFO  root:323 - 18650812400453² = 3,478528031968914e+26
2021-01-14 15:35:16 INFO  root:323 - 251188.4625131075² = 63 095 643 699,69881
2021-01-14 15:35:17 INFO  root:323 - 83804734582042.73² = 7,023233538366629e+27
2021-01-14 15:35:17 INFO  root:323 - 577.4381027472470² = 333 434,7625043402
2021-01-14 15:35:18 INFO  root:323 - 517158538573531² = 2,674529540195104e+29
2021-01-14 15:35:19 INFO  root:323 - 66.86530770108170² = 4 470,969373960336
2021-01-14 15:35:19 INFO  root:323 - 7660.140854755135² = 58 677 757,91468873
2021-01-14 15:35:20 INFO  root:323 - 4563281648222.158² = 2,082353940100113e+25
2021-01-14 15:35:21 INFO  root:323 - 461.582432408327² = 213 058,3419079878
2021-01-14 15:35:21 INFO  root:323 - 708443823642440² = 5,018926512571206e+29
2021-01-14 15:35:22 INFO  root:323 - 25752214428.40824² = 6,631765479667175e+20
2021-01-14 15:35:22 INFO  root:323 - 3705.118114837324² = 13 727 900,24489569
2021-01-14 15:35:23 INFO  root:326 - exponentOfTwo tests status: passed
2021-01-14 15:35:26 INFO  root:510 - squareRoot tests status: start
2021-01-14 15:35:29 INFO  root:529 - √(66444,134367011)  = 257,7675975894003
2021-01-14 15:35:30 INFO  root:529 - √(748077525604870)  = 27 351 005,93405789
2021-01-14 15:35:30 INFO  root:529 - √(81513301,64023842)  = 9 028,471722292673
2021-01-14 15:35:31 INFO  root:529 - √(84,54753738825326)  = 9,194973484913008
2021-01-14 15:35:31 INFO  root:529 - √(543640,4857353316)  = 737,3197988222828
2021-01-14 15:35:32 INFO  root:529 - √(8887846374745,023)  = 2 981 249,129936145
2021-01-14 15:35:33 INFO  root:529 - √(0,636276517371571)  = 0,7976694286304139
2021-01-14 15:35:33 INFO  root:529 - √(0,5315775201758)  = 0,7290936292245325
2021-01-14 15:35:34 INFO  root:529 - √(56534032782555)  = 7 518 911,675405889
2021-01-14 15:35:35 INFO  root:529 - √(56,53756407807756)  = 7,51914649930945
2021-01-14 15:35:35 INFO  root:529 - √(864180416802167)  = 29 396 945,7053308
2021-01-14 15:35:36 INFO  root:529 - √(377841536781067)  = 19 438 146,43377982
2021-01-14 15:35:37 INFO  root:529 - √(852,0381017361766)  = 29,18969170334241
2021-01-14 15:35:37 INFO  root:529 - √(7187,601768176117)  = 84,77972498289976
2021-01-14 15:35:38 INFO  root:529 - √(747347,2624511305)  = 864,4924883717212
2021-01-14 15:35:39 INFO  root:529 - √(61641578352,64584)  = 248 277,2207687323
2021-01-14 15:35:39 INFO  root:529 - √(303,68672005285)  = 17,42660953980579
2021-01-14 15:35:40 INFO  root:529 - √(82846,28533654572)  = 287,8303064942011
2021-01-14 15:35:41 INFO  root:529 - √(300,5357114736277)  = 17,33596583619233
2021-01-14 15:35:41 INFO  root:529 - √(1,257567230107183)  = 1,121413050622822
2021-01-14 15:35:42 INFO  root:532 - squareRoot tests status: passed
2021-01-14 15:35:47 INFO  root:176 - division tests status: start
2021-01-14 15:36:04 INFO  root:231 - 660053177636646 / 863854064813785.5 = 0,7640794950463406
2021-01-14 15:36:05 INFO  root:231 - 118763378765.7021 / 4581.001860105610 = 25 925 197,67345481
2021-01-14 15:36:06 INFO  root:231 - 1123518.420108280 / 8411.041167608715 = 133,5766164639638
2021-01-14 15:36:07 INFO  root:231 - 74646840.83462873 / 1528.32887740404 = 48 842,13204256204
2021-01-14 15:36:08 INFO  root:231 - 624218663564783 / 3511.021251655058 = 177 788 346 701,2719
2021-01-14 15:36:10 INFO  root:231 - 5582324286512 / 682065526377.8736 = 8,184439867760325
2021-01-14 15:36:11 INFO  root:231 - 723722516774677 / 183534078678.370 = 3 943,259595091043
2021-01-14 15:36:12 INFO  root:231 - 82088261477512 / 344.6453107888727 = 238 181 860 909,7476
2021-01-14 15:36:13 INFO  root:231 - 72625.34003272461 / 1061.420882353504 = 68,4227541026811
2021-01-14 15:36:14 INFO  root:231 - 7025.157733357441 / 208.486327538330 = 33,69601170640733
2021-01-14 15:36:15 INFO  root:231 - 742482432482175 / 702417817654813 = 1,057038152820677
2021-01-14 15:36:16 INFO  root:231 - 618060303686.3301 / 731622708.1088523 = 844,7800988626146
2021-01-14 15:36:17 INFO  root:231 - 6.02588275117402 / 813724606587.7663 = 7,405309735492291e-12
2021-01-14 15:36:19 INFO  root:231 - 128887.5860686076 / 168.0540545513257 = 766,9412464502236
2021-01-14 15:36:20 INFO  root:231 - 872735844757247 / 52.36114556240523 = 16 667 623 203 871,66
2021-01-14 15:36:21 INFO  root:231 - 780410434067331 / 72535.58553132743 = 10 759 000 955,88639
2021-01-14 15:36:22 INFO  root:231 - 35500.83065465607 / 4.414734605288307 = 8 041,441633236675
2021-01-14 15:36:23 INFO  root:231 - 741734723346015 / 8.212145338040708 = 90 321 675 130 384,57
2021-01-14 15:36:24 INFO  root:231 - 553426.2507858851 / 2631.245754073243 = 210,3286057294974
2021-01-14 15:36:26 INFO  root:231 - 447017127558414 / 4378627.512552204 = 102 090 695,3781638
2021-01-14 15:36:27 INFO  root:234 - division tests status: passed
2021-01-14 15:36:36 INFO  root:382 - addition tests status: start
2021-01-14 15:37:28 INFO  root:465 - 1058.265763103502 * 540843322470643 = 540 843 322 471 701,3
2021-01-14 15:37:29 INFO  root:465 - 25853210852.87210 * 768182284205223 = 768 208 137 416 075,9
2021-01-14 15:37:30 INFO  root:465 - 481.3446876827880 * 34151475432.23264 = 34 151 475 913,57733
2021-01-14 15:37:31 INFO  root:465 - 586163664763816 * 32808.42828483331 = 586 163 664 796 624,4
2021-01-14 15:37:32 INFO  root:465 - 604.1277733264445 * 128213313755375 = 128 213 313 755 979,1
2021-01-14 15:37:33 INFO  root:465 - 3.588061826477627 * 802764376.7303602 = 802 764 380,318422
2021-01-14 15:37:35 INFO  root:465 - 2618.821578408460 * 326673680462744 = 326 673 680 465 362,8
2021-01-14 15:37:36 INFO  root:465 - 226.0354740437740 * 8732856343.186206 = 8 732 856 569,22168
2021-01-14 15:37:37 INFO  root:465 - 1.835881627770526 * 382440737308128 = 382 440 737 308 129,8
2021-01-14 15:37:38 INFO  root:465 - 32487735.88335614 * 7722242104.775822 = 7 754 729 840,659178
2021-01-14 15:37:39 INFO  root:465 - 5.318355443351057 * 33828.61738661567 = 33 833,93574205902
2021-01-14 15:37:41 INFO  root:465 - 363615.7865852451 * 83.24078228266882 = 363 699,0273675278
2021-01-14 15:37:42 INFO  root:465 - 5148.418756323723 * 6127500587.816350 = 6 127 505 736,235106
2021-01-14 15:37:43 INFO  root:465 - 737.4764167171824 * 3.356337414472747 = 740,8327541316551
2021-01-14 15:37:44 INFO  root:465 - 675512856.8102880 * 371570873735363 = 371 571 549 248 219,8
2021-01-14 15:37:45 INFO  root:465 - 260868326135045 * 8643564.842247384 = 260 868 334 778 609,8
2021-01-14 15:37:47 INFO  root:465 - 12456.845138123 * 187160280667800 = 187 160 280 680 256,8
2021-01-14 15:37:48 INFO  root:465 - 30.65537415713712 * 320807136521608 = 320 807 136 521 638,7
2021-01-14 15:37:49 INFO  root:465 - 3827.77637020531 * 5546732406.275834 = 5 546 736 234,052204
2021-01-14 15:37:50 INFO  root:465 - 8.704413630540830 * 7870.860533818120 = 7 879,564947448661
2021-01-14 15:37:51 INFO  root:468 - addition tests status: passed
2021-01-14 16:15:16 INFO  root:300 - exponentOfTwo tests status: start
2021-01-14 16:15:23 INFO  root:326 - 64564.68354770842² = 4 168 598 361,61573
2021-01-14 16:15:23 INFO  root:326 - 2.352474701430230² = 5,53413722086925
2021-01-14 16:15:24 INFO  root:326 - 646.6518364331552² = 418 158,5975623721
2021-01-14 16:15:25 INFO  root:326 - 434.2183702753313² = 188 545,5930845647
2021-01-14 16:15:25 INFO  root:326 - 425477382104752² = 1,810310026827131e+29
2021-01-14 16:15:26 INFO  root:326 - 820353118846130² = 6,729792396005727e+29
2021-01-14 16:15:26 INFO  root:326 - 6507484474.272838² = 4,234735418290203e+19
2021-01-14 16:15:27 INFO  root:326 - 858616.7001146583² = 737 222 637 715,7851
2021-01-14 16:15:28 INFO  root:326 - 6657414340.806027² = 4,432116570516975e+19
2021-01-14 16:15:28 INFO  root:326 - 4435774503172.78² = 1,967609544299772e+25
2021-01-14 16:15:29 INFO  root:326 - 680677.2641013508² = 463 321 537 864,5001
2021-01-14 16:15:30 INFO  root:326 - 3061.312418666355² = 9 371 633,724680848
2021-01-14 16:15:30 INFO  root:326 - 5.27618560322730² = 27,83813451970303
2021-01-14 16:15:31 INFO  root:326 - 2131486086.781755² = 4,543232938144199e+18
2021-01-14 16:15:31 INFO  root:326 - 28027422335.47805² = 7,855364027712539e+20
2021-01-14 16:15:32 INFO  root:326 - 12837388.83717888² = 164 798 552 156 924,9
2021-01-14 16:15:33 INFO  root:326 - 1362038123.306442² = 1,855147849340135e+18
2021-01-14 16:15:33 INFO  root:326 - 6.655731738443176² = 44,29876497411982
2021-01-14 16:15:34 INFO  root:326 - 1011843.82518837² = 1 023 827 926 571,833
2021-01-14 16:15:35 INFO  root:326 - 46.64367874684787² = 2 175,632767039148
2021-01-14 16:15:35 INFO  root:329 - exponentOfTwo tests status: passed
2021-01-14 16:43:50 INFO  root:300 - exponentOfTwo tests status: start
2021-01-14 16:44:06 INFO  root:300 - exponentOfTwo tests status: start
2021-01-14 16:45:02 INFO  root:300 - exponentOfTwo tests status: start
2021-01-14 16:46:48 INFO  root:300 - exponentOfTwo tests status: start
2021-01-14 16:55:25 INFO  root:300 - exponentOfTwo tests status: start
2021-01-14 17:16:54 INFO  root:300 - exponentOfTwo tests status: start
2021-01-14 17:17:15 INFO  root:300 - exponentOfTwo tests status: start
2021-01-14 17:17:16 INFO  root:333 - exponentOfTwo tests status: passed
2021-01-15 14:02:54 INFO  root:238 - multiplication tests status: start
2021-01-15 14:03:10 INFO  root:292 - 2066,031104070382 * 2227121871172,846 =  = 4 601 303 058 398 530
2021-01-15 14:03:11 INFO  root:292 - 32303368533,63061 * 8721307,237004715 =  = 2,81727601771983e+17
2021-01-15 14:03:12 INFO  root:292 - 0,664252631200405 * 4343548705,226412 =  = 2 885 213 656,193756
2021-01-15 14:03:13 INFO  root:292 - 28128606187,41767 * 57308515,64662856 =  = 1,612008667809478e+18
2021-01-15 14:03:14 INFO  root:292 - 227417478000627,4 * 6740075878,654366 =  = 1,532811057856439e+24
2021-01-15 14:03:16 INFO  root:292 - 374058625141004 * 55872708334308 =  = 2,089966846243557e+28
2021-01-15 14:03:17 INFO  root:292 - 13,36238213122857 * 63074,61377802177 =  = 842 827,0920815815
2021-01-15 14:03:18 INFO  root:292 - 304648656,0681121 * 2702,71477313306 =  = 823 378 423 370,4192
2021-01-15 14:03:19 INFO  root:292 - 821,105420737818 * 622,3464660782758 =  = 511 012,0568738968
2021-01-15 14:03:20 INFO  root:292 - 23156060720001 * 50133162324817 =  = 1,160886550879129e+27
2021-01-15 14:03:21 INFO  root:292 - 683112127546,228 * 46724601113561,22 =  = 3,191814167543366e+25
2021-01-15 14:03:22 INFO  root:292 - 383782734823776 * 6303841,887657587 =  = 2,419305679541903e+21
2021-01-15 14:03:24 INFO  root:292 - 878883605821373 * 421125781631240 =  = 3,701205454644083e+29
2021-01-15 14:03:25 INFO  root:292 - 6752702,316320805 * 51,41783174457132 =  = 347 209 311,5217602
2021-01-15 14:03:26 INFO  root:292 - 648216520537483 * 32162,31121880475 =  = 2,084814147069727e+19
2021-01-15 14:03:27 INFO  root:292 - 324637131,8658757 * 60712434283211 =  = 1,970951053429708e+22
2021-01-15 14:03:28 INFO  root:292 - 2,855766454471857 * 372438245856716 =  = 1 063 596 648 879 952
2021-01-15 14:03:29 INFO  root:292 - 1767065707,582517 * 331271,0001225834 =  = 585 377 624 233 180,9
2021-01-15 14:03:30 INFO  root:292 - 56,3606166565372 * 334882473271571 =  = 1,887418270105208e+16
2021-01-15 14:03:32 INFO  root:292 - 840,085185142803 * 6,860170545725241 =  = 5 763,127643016793
2021-01-15 14:03:33 INFO  root:295 - multiplication tests status: passed
2021-01-15 14:03:33 INFO  root:337 - subtraction tests status: start
2021-01-15 14:03:56 INFO  root:380 - 160,55088841706 - 334270702146,1784 =  = -334 270 701 985,6275
2021-01-15 14:03:57 INFO  root:380 - 725320070578173 - 6610435428,647463 =  = 725 313 460 142 744,4
2021-01-15 14:03:58 INFO  root:380 - 735868584246407 - 768130,2777340338 =  = 735 868 583 478 276,7
2021-01-15 14:04:00 INFO  root:380 - 5834,470264005465 - 135,668000374547 =  = 5 698,802263630918
2021-01-15 14:04:01 INFO  root:380 - 778200823207646 - 5,805464744448213 =  = 778 200 823 207 640,2
2021-01-15 14:04:02 INFO  root:380 - 108080,3780613003 - 405028515430032 =  = -405 028 515 321 951,6
2021-01-15 14:04:03 INFO  root:380 - 868845817055126 - 3282,655883613727 =  = 868 845 817 051 843,3
2021-01-15 14:04:04 INFO  root:380 - 608633823272368 - 0,455852413278286 =  = 608 633 823 272 367,5
2021-01-15 14:04:05 INFO  root:380 - 7300682013174,834 - 8321016404120,408 =  = -1 020 334 390 945,574
2021-01-15 14:04:07 INFO  root:380 - 272238857801065 - 2270010,81760632 =  = 272 238 855 531 054,2
2021-01-15 14:04:08 INFO  root:380 - 566,065362667105 - 403363,064073545 =  = -402 796,9987108779
2021-01-15 14:04:09 INFO  root:380 - 5103823,2045385 - 757460265450776,1 =  = -757 460 260 346 952,9
2021-01-15 14:04:10 INFO  root:380 - 200720241440372 - 608352577632023 =  = -407 632 336 191 651
2021-01-15 14:04:11 INFO  root:380 - 310753008430,2543 - 26,70456042506206 =  = 310 753 008 403,5497
2021-01-15 14:04:13 INFO  root:380 - 585,6261575560128 - 886334244143323 =  = -886 334 244 142 737,4
2021-01-15 14:04:14 INFO  root:380 - 608147453,0385262 - 685,3451656803788 =  = 608 146 767,6933605
2021-01-15 14:04:15 INFO  root:380 - 58444347758,4131 - 50,60038800504825 =  = 58 444 347 707,81271
2021-01-15 14:04:16 INFO  root:380 - 5828,817118073388 - 803631036538307 =  = -803 631 036 532 478,2
2021-01-15 14:04:17 INFO  root:380 - 280365,0143123704 - 8,170476628262273 =  = 280 356,8438357421
2021-01-15 14:04:18 INFO  root:380 - 660671512,2277226 - 8432,260037643526 =  = 660 663 079,967685
2021-01-15 14:04:20 INFO  root:383 - subtraction tests status: passed
2021-01-15 14:04:22 INFO  root:523 - oneDividedByX tests status: start
2021-01-15 14:04:37 INFO  root:562 - 1/(2,14801031153424)  = 0,4655471133589387
2021-01-15 14:04:37 INFO  root:562 - 1/(3308882,884517541)  = 3,022168009266992e-7
2021-01-15 14:04:38 INFO  root:562 - 1/(522720203085326)  = 1,913069351629337e-15
2021-01-15 14:04:38 INFO  root:562 - 1/(14010824702553)  = 7,137338602329267e-14
2021-01-15 14:04:39 INFO  root:562 - 1/(156518,7781258215)  = 6,389009753169203e-6
2021-01-15 14:04:40 INFO  root:562 - 1/(0,535858208846477)  = 1,866165309201224
2021-01-15 14:04:40 INFO  root:562 - 1/(0,526452835461046)  = 1,899505392775101
2021-01-15 14:04:41 INFO  root:562 - 1/(334854720527678)  = 2,986369726023747e-15
2021-01-15 14:04:41 INFO  root:562 - 1/(812648,3166570206)  = 1,230544602754713e-6
2021-01-15 14:04:42 INFO  root:562 - 1/(2065,852220681444)  = 4,840617300641858e-4
2021-01-15 14:04:43 INFO  root:562 - 1/(138828435614740)  = 7,203135262397395e-15
2021-01-15 14:04:43 INFO  root:562 - 1/(622,7556238785165)  = 0,0016057663096995
2021-01-15 14:04:44 INFO  root:562 - 1/(802037884162287)  = 1,246823896659795e-15
2021-01-15 14:04:45 INFO  root:562 - 1/(386,3386253511465)  = 0,0025884028527851
2021-01-15 14:04:45 INFO  root:562 - 1/(8600035423,125167)  = 1,162785908196422e-10
2021-01-15 14:04:46 INFO  root:562 - 1/(58668,43356642863)  = 1,704494119257041e-5
2021-01-15 14:04:47 INFO  root:562 - 1/(328,3144206231527)  = 0,0030458607273539
2021-01-15 14:04:47 INFO  root:562 - 1/(51875333,62060382)  = 1,92769844588107e-8
2021-01-15 14:04:48 INFO  root:562 - 1/(4,565643083240558)  = 0,2190271954614178
2021-01-15 14:04:48 INFO  root:562 - 1/(3787575708,024417)  = 2,640211251438181e-10
2021-01-15 14:04:49 INFO  root:565 - oneDividedByX tests status: passed
2021-01-15 14:04:49 INFO  root:300 - exponentOfTwo tests status: start
2021-01-15 14:05:06 INFO  root:478 - squareRoot tests status: start
2021-01-15 14:05:14 INFO  root:175 - division tests status: start
2021-01-15 14:05:31 INFO  root:230 - 23244625052236.65 / 0.251338014636184 = 92 483 522 979 536,68
2021-01-15 14:05:32 INFO  root:230 - 423657.0410321060 / 501127628217140 = 8,454074714246931e-10
2021-01-15 14:05:33 INFO  root:230 - 131530067575381 / 15122.21458572214 = 8 697 804 599,305649
2021-01-15 14:05:34 INFO  root:230 - 82107706860342.50 / 4238482.705508581 = 19 371 957,50583823
2021-01-15 14:05:36 INFO  root:230 - 4.173687726872016 / 43.8468467388476 = 0,0951878649730631
2021-01-15 14:05:37 INFO  root:230 - 5.724324726610534 / 267634804.4345747 = 2,138856617959002e-8
2021-01-15 14:05:38 INFO  root:230 - 71462.7231652472 / 736473057374147 = 9,703372370476592e-11
2021-01-15 14:05:39 INFO  root:230 - 7873.505308105743 / 271555864425485 = 2,899405367202532e-11
2021-01-15 14:05:40 INFO  root:230 - 170813658050525 / 307448711.3575582 = 555 584,2380873449
2021-01-15 14:05:42 INFO  root:230 - 7500122361.380235 / 5781.216255277055 = 1 297 326,034903845
2021-01-15 14:05:43 INFO  root:230 - 851677808736.8802 / 20205.24827637754 = 42 151 316,18712144
2021-01-15 14:05:44 INFO  root:230 - 25.04001177436573 / 473.8475087351284 = 0,0528440295934163
2021-01-15 14:05:45 INFO  root:230 - 8644.530014481105 / 817728050527328.4 = 1,05713996345197e-11
2021-01-15 14:05:46 INFO  root:230 - 8.165681862562373 / 8832752673166.714 = 9,244775852684231e-13
2021-01-15 14:05:48 INFO  root:230 - 22.38546477325338 / 754178677008.1574 = 2,968191153594661e-11
2021-01-15 14:05:49 INFO  root:230 - 605204033107448.7 / 37034503510.10366 = 16 341,62674659155
2021-01-15 14:05:50 INFO  root:230 - 8454.357104631524 / 2.483337480063737 = 3 404,433417730455
2021-01-15 14:05:51 INFO  root:230 - 231318730.8248800 / 301154066634751 = 7,681076115283893e-7
2021-01-15 14:05:53 INFO  root:230 - 742283560022.7381 / 7.334707607336252 = 101 201 520 191,5204
2021-01-15 14:05:54 INFO  root:230 - 487370374140261 / 577435741886004 = 0,8440252980330347
2021-01-15 14:05:55 INFO  root:233 - division tests status: passed
2021-01-15 14:06:05 INFO  root:388 - addition tests status: start
2021-01-15 14:06:55 INFO  root:470 - 845727157310650 * 811761874707071 = 1 657 489 032 017 721
2021-01-15 14:06:57 INFO  root:470 - 7678881502057.783 * 54402502487587.84 = 62 081 383 989 645,62
2021-01-15 14:06:58 INFO  root:470 - 58425826160117.4 * 418.7815865084128 = 58 425 826 160 536,18
2021-01-15 14:06:59 INFO  root:470 - 85.43684328163774 * 1131784.767777755 = 1 131 870,204621037
2021-01-15 14:07:00 INFO  root:470 - 8.876306652654244 * 8.204647663768155 = 17,0809543164224
2021-01-15 14:07:01 INFO  root:470 - 83.60608130578213 * 3.342210372607462 = 86,94829167838959
2021-01-15 14:07:03 INFO  root:470 - 77103053.03464567 * 7333.022750180577 = 77 110 386,05739585
2021-01-15 14:07:04 INFO  root:470 - 66248202350336.00 * 57388176578.01148 = 66 305 590 526 914,01
2021-01-15 14:07:05 INFO  root:470 - 448866177.2851603 * 8.485465618561874 = 448 866 185,7706259
2021-01-15 14:07:06 INFO  root:470 - 526461645145128 * 536.8252862647167 = 526 461 645 145 664,8
2021-01-15 14:07:07 INFO  root:470 - 8.066546638187106 * 631.6428115658485 = 639,7093582040356
2021-01-15 14:07:09 INFO  root:470 - 10501184.27051467 * 3001052544237.472 = 3 001 063 045 421,743
2021-01-15 14:07:10 INFO  root:470 - 6285371.504444477 * 37585.18236315583 = 6 322 956,686807633
2021-01-15 14:07:11 INFO  root:470 - 74057211528.66643 * 18212.37450525353 = 74 057 229 741,04094
2021-01-15 14:07:12 INFO  root:470 - 55841431.44285820 * 0.886158716775352 = 55 841 432,32901692
2021-01-15 14:07:14 INFO  root:470 - 8482.335626243583 * 71882066721648.1 = 71 882 066 730 130,44
2021-01-15 14:07:15 INFO  root:470 - 60.35811006240317 * 51.40156783237550 = 111,7596778947787
2021-01-15 14:07:16 INFO  root:470 - 605180138704341 * 20017.75758068707 = 605 180 138 724 358,8
2021-01-15 14:07:17 INFO  root:470 - 771358802633240 * 74468.32548442457 = 771 358 802 707 708,3
2021-01-15 14:07:18 INFO  root:470 - 5818631.226321635 * 406570614.4583351 = 412 389 245,6846567
2021-01-15 14:07:20 INFO  root:473 - addition tests status: passed
2021-01-15 14:08:26 INFO  root:478 - squareRoot tests status: start
2021-01-15 14:08:30 INFO  root:497 - √(411,3230016444304)  = 20,2810996162543
2021-01-15 14:08:31 INFO  root:497 - √(4475,26138628036)  = 66,89739446555718
2021-01-15 14:08:31 INFO  root:497 - √(42,82831210881221)  = 6,54433435185063
2021-01-15 14:08:32 INFO  root:497 - √(6431,31233272616)  = 80,19546329267111
2021-01-15 14:08:32 INFO  root:497 - √(3470,141254330422)  = 58,90790485436078
2021-01-15 14:08:33 INFO  root:497 - √(48,42820003673641)  = 6,959037292380061
2021-01-15 14:08:34 INFO  root:497 - √(513473471,763484)  = 22 659,95303974578
2021-01-15 14:08:34 INFO  root:497 - √(83,84584315581286)  = 9,156737582557057
2021-01-15 14:08:35 INFO  root:497 - √(6743,484864147658)  = 82,11872419946414
2021-01-15 14:08:36 INFO  root:497 - √(8342340,170623241)  = 2 888,31095462785
2021-01-15 14:08:36 INFO  root:497 - √(33212,70236118185)  = 182,2435248813572
2021-01-15 14:08:37 INFO  root:497 - √(2252,3737561531)  = 47,45917989338943
2021-01-15 14:08:38 INFO  root:497 - √(838108070585,7473)  = 915 482,4250556355
2021-01-15 14:08:38 INFO  root:497 - √(80885,35414752133)  = 284,4035058636256
2021-01-15 14:08:39 INFO  root:497 - √(2546161,51660407)  = 1 595,669613862491
2021-01-15 14:08:40 INFO  root:497 - √(6,720327280000754)  = 2,592359404095187
2021-01-15 14:08:41 INFO  root:497 - √(5,828672800668807)  = 2,414264442986478
2021-01-15 14:08:41 INFO  root:497 - √(124316100812086)  = 11 149 713,037208
2021-01-15 14:08:42 INFO  root:497 - √(85484318606883,53)  = 9 245 773,012943998
2021-01-15 14:08:42 INFO  root:497 - √(4667218422454,334)  = 2 160 374,60234431
2021-01-15 14:08:43 INFO  root:500 - squareRoot tests status: passed
2021-01-15 16:21:19 INFO  root:239 - multiplication tests status: start
2021-01-15 16:21:34 INFO  root:293 - 883017373305645 * 462535603,7618388 =  = 4,084269738941195e+23
2021-01-15 16:21:35 INFO  root:293 - 6786446,743277068 * 4780,048788052188 =  = 32 439 546 530,38227
2021-01-15 16:21:36 INFO  root:293 - 253478425200,6433 * 384114456824756,3 =  = 9,736472761273972e+25
2021-01-15 16:21:37 INFO  root:293 - 23651,76703005638 * 44,88220663223805 =  = 1 061 543,495060546
2021-01-15 16:21:39 INFO  root:293 - 411682433641555 * 45581540,51066127 =  = 1,876511952656016e+22
2021-01-15 16:21:40 INFO  root:293 - 864,2821587831658 * 6,028647015044283 =  = 5 210,452056704162
2021-01-15 16:21:41 INFO  root:293 - 2488652,068348421 * 2163,402532128142 =  = 5 383 956 186,250912
2021-01-15 16:21:42 INFO  root:293 - 80203,68173236443 * 3433561766113 =  = 2,753842950977422e+17
2021-01-15 16:21:43 INFO  root:293 - 7,573781527321005 * 63723678,25138852 =  = 482 629 217,1933137
2021-01-15 16:21:44 INFO  root:293 - 55,03386112722356 * 87108572230376 =  = 4 793 921 067 117 235
2021-01-15 16:21:45 INFO  root:293 - 608771268056806 * 4026326425,465736 =  = 2,451111843641403e+24
2021-01-15 16:21:46 INFO  root:293 - 5174,056660346347 * 57037,17336400843 =  = 295 113 566,7313771
2021-01-15 16:21:48 INFO  root:293 - 778735351,5041725 * 5400,076612450302 =  = 4 205 230 558 945,947
2021-01-15 16:21:49 INFO  root:293 - 3,063557614455787 * 0,861373614303417 =  = 2,638867694990535
2021-01-15 16:21:50 INFO  root:293 - 535,5221782842623 * 162233840675,3428 =  = 86 879 819 749 881,53
2021-01-15 16:21:51 INFO  root:293 - 6556,188175415123 * 46438232,70803715 =  = 304 457 792 167,609
2021-01-15 16:21:52 INFO  root:293 - 733,2711400553188 * 38,30508647251624 =  = 28 088,01442761955
2021-01-15 16:21:53 INFO  root:293 - 63304883845,32864 * 7078504,764564052 =  = 4,481039219193327e+17
2021-01-15 16:21:55 INFO  root:293 - 23806010188,75022 * 3404036648,07731 =  = 8,103653112700759e+19
2021-01-15 16:21:56 INFO  root:293 - 630583448483,282 * 65251354054,78814 =  = 4,114642385807189e+22
2021-01-15 16:21:57 INFO  root:296 - multiplication tests status: passed
2021-01-15 16:21:57 INFO  root:338 - subtraction tests status: start
2021-01-15 16:22:19 INFO  root:381 - 577261364117286 - 357781745317866 =  = 219 479 618 799 420
2021-01-15 16:22:20 INFO  root:381 - 4505481410825,077 - 413880308137534 =  = -409 374 826 726 708,9
2021-01-15 16:22:21 INFO  root:381 - 3178,487478712032 - 52241,88721674547 =  = -49 063,39973803344
2021-01-15 16:22:22 INFO  root:381 - 666131782532015 - 705531176525557 =  = -39 399 393 993 542
2021-01-15 16:22:23 INFO  root:381 - 322375084877055 - 761174,2652772435 =  = 322 375 084 115 880,7
2021-01-15 16:22:24 INFO  root:381 - 254882588628081 - 5703,263658777702 =  = 254 882 588 622 377,7
2021-01-15 16:22:25 INFO  root:381 - 245343344257838 - 65,25303542171471 =  = 245 343 344 257 772,7
2021-01-15 16:22:26 INFO  root:381 - 88662576,26484142 - 6063282,887841638 =  = 82 599 293,37699978
2021-01-15 16:22:27 INFO  root:381 - 246047171513775 - 573,8575130422541 =  = 246 047 171 513 201,1
2021-01-15 16:22:29 INFO  root:381 - 15,88644724475373 - 87,28234107057781 =  = -71,39589382582408
2021-01-15 16:22:30 INFO  root:381 - 7,852877724003333 - 2245,62852828572 =  = -2 237,775650561717
2021-01-15 16:22:31 INFO  root:381 - 35887,25285028604 - 53231,00846614664 =  = -17 343,7556158606
2021-01-15 16:22:32 INFO  root:381 - 300330130218256 - 4356,307313152533 =  = 300 330 130 213 899,7
2021-01-15 16:22:33 INFO  root:381 - 71402382402311 - 435051436128140 =  = -363 649 053 725 829
2021-01-15 16:22:34 INFO  root:381 - 78,88686658828711 - 387112,0643668686 =  = -387 033,1775002803
2021-01-15 16:22:35 INFO  root:381 - 73647583455247,77 - 306340778210563 =  = -232 693 194 755 315,2
2021-01-15 16:22:36 INFO  root:381 - 2316555,066061444 - 646221087,2611563 =  = -643 904 532,1950949
2021-01-15 16:22:38 INFO  root:381 - 32210,18632428844 - 788,722572466542 =  = 31 421,4637518219
2021-01-15 16:22:39 INFO  root:381 - 44458438656457,45 - 5,605287543381233 =  = 44 458 438 656 451,84
2021-01-15 16:22:40 INFO  root:381 - 52325,17442636815 - 23186867,83336473 =  = -23 134 542,65893836
2021-01-15 16:22:41 INFO  root:384 - subtraction tests status: passed
2021-01-15 16:22:44 INFO  root:524 - oneDividedByX tests status: start
2021-01-15 16:22:57 INFO  root:563 - 1/(282748305118281)  = 3,536714391910055e-15
2021-01-15 16:22:58 INFO  root:563 - 1/(108606283483433,8)  = 9,207570390276125e-15
2021-01-15 16:22:58 INFO  root:563 - 1/(678781787515720)  = 1,473227506088385e-15
2021-01-15 16:22:59 INFO  root:563 - 1/(602,6301072538677)  = 0,0016593926987102
2021-01-15 16:22:59 INFO  root:563 - 1/(3657,010522134252)  = 2,734473947907578e-4
2021-01-15 16:23:00 INFO  root:563 - 1/(147768183717405)  = 6,767356645002967e-15
2021-01-15 16:23:01 INFO  root:563 - 1/(53,65877744733435)  = 0,0186362799819935
2021-01-15 16:23:01 INFO  root:563 - 1/(710,0351534168762)  = 0,0014083809726712
2021-01-15 16:23:02 INFO  root:563 - 1/(534325241112442)  = 1,871519297718452e-15
2021-01-15 16:23:02 INFO  root:563 - 1/(6,205072022232073)  = 0,1611584839655548
2021-01-15 16:23:03 INFO  root:563 - 1/(305365630576804)  = 3,274762775729226e-15
2021-01-15 16:23:04 INFO  root:563 - 1/(2626,12547034855)  = 3,807891173864118e-4
2021-01-15 16:23:04 INFO  root:563 - 1/(41,42167871463674)  = 0,0241419476716341
2021-01-15 16:23:05 INFO  root:563 - 1/(21288752,38113642)  = 4,697316132466654e-8
2021-01-15 16:23:05 INFO  root:563 - 1/(118721037356,7221)  = 8,423106993205354e-12
2021-01-15 16:23:06 INFO  root:563 - 1/(6352253687768,432)  = 1,574244432217101e-13
2021-01-15 16:23:07 INFO  root:563 - 1/(766846185774513)  = 1,304042477553699e-15
2021-01-15 16:23:07 INFO  root:563 - 1/(1082383,423187186)  = 9,238870242999474e-7
2021-01-15 16:23:08 INFO  root:563 - 1/(240182820368140)  = 4,163495117874171e-15
2021-01-15 16:23:08 INFO  root:563 - 1/(5,718273867574568)  = 0,1748779479889015
2021-01-15 16:23:09 INFO  root:566 - oneDividedByX tests status: passed
2021-01-15 16:23:09 INFO  root:301 - exponentOfTwo tests status: start
2021-01-15 16:23:25 INFO  root:479 - squareRoot tests status: start
2021-01-15 16:23:28 INFO  root:498 - √(72,87452801514761)  = 8,536657894934505
2021-01-15 16:23:29 INFO  root:498 - √(475403546046704)  = 21 803 750,73345648
2021-01-15 16:23:29 INFO  root:498 - √(676886118533141)  = 26 017 035,16031642
2021-01-15 16:23:30 INFO  root:498 - √(188270318604,582)  = 433 901,2774866905
2021-01-15 16:23:31 INFO  root:498 - √(5750086,666726313)  = 2 397,933832849921
2021-01-15 16:23:31 INFO  root:498 - √(838376053604534)  = 28 954 724,20183853
2021-01-15 16:23:32 INFO  root:498 - √(8627,412845000115)  = 92,88386751745491
2021-01-15 16:23:33 INFO  root:498 - √(786047334731078)  = 28 036 535,71201474
2021-01-15 16:23:33 INFO  root:498 - √(6015708541133,627)  = 2 452 694,139336095
2021-01-15 16:23:34 INFO  root:498 - √(576234,8708878)  = 759,1013574535353
2021-01-15 16:23:34 INFO  root:498 - √(1563,47202384251)  = 39,5407640776264
2021-01-15 16:23:35 INFO  root:498 - √(683834,2854707106)  = 826,9427340939097
2021-01-15 16:23:36 INFO  root:498 - √(323143827,8824264)  = 17 976,20170899365
2021-01-15 16:23:36 INFO  root:498 - √(112242,5312372225)  = 335,0261650039031
2021-01-15 16:23:37 INFO  root:498 - √(374,4627060867807)  = 19,35103888908243
2021-01-15 16:23:38 INFO  root:498 - √(45101156446258,72)  = 6 715 739,456400815
2021-01-15 16:23:38 INFO  root:498 - √(183740182078011)  = 13 555 079,5673803
2021-01-15 16:23:39 INFO  root:498 - √(87,8416805144874)  = 9,372389263922375
2021-01-15 16:23:39 INFO  root:498 - √(836352886381,3853)  = 914 523,3110103784
2021-01-15 16:23:40 INFO  root:498 - √(28182325,46375827)  = 5 308,70280424119
2021-01-15 16:23:41 INFO  root:501 - squareRoot tests status: passed
2021-01-15 16:23:45 INFO  root:176 - division tests status: start
2021-01-15 16:24:02 INFO  root:231 - 5441.531003424623 / 4243403.580881184 = 0,0012823505706461
2021-01-15 16:24:03 INFO  root:231 - 806040853487583 / 63424155618585.06 = 12,70873605846461
2021-01-15 16:24:04 INFO  root:231 - 688788700676570 / 14556060137.42424 = 47 319,72073306192
2021-01-15 16:24:05 INFO  root:231 - 352887470500105 / 4788578025.205556 = 73 693,58265493791
2021-01-15 16:24:06 INFO  root:231 - 5.718654872041186 / 27.25775063775110 = 0,2097992218081647
2021-01-15 16:24:07 INFO  root:231 - 0.538545108103265 / 230471307.3373473 = 2,336712167449901e-9
2021-01-15 16:24:08 INFO  root:231 - 6585.828552060053 / 67171474713084 = 9,804501955913188e-11
2021-01-15 16:24:09 INFO  root:231 - 18734574672216 / 8.076618043405131 = 2 319 606 371 321,905
2021-01-15 16:24:10 INFO  root:231 - 728860341.5314472 / 4.230655260123657 = 172 280 721,7126322
2021-01-15 16:24:11 INFO  root:231 - 443753524538736 / 842617276.8473333 = 526 637,106467894
2021-01-15 16:24:13 INFO  root:231 - 858636.4818302272 / 2814530.022385057 = 0,3050727741403203
2021-01-15 16:24:14 INFO  root:231 - 288640.2015064432 / 1354.673660827104 = 213,0699148090118
2021-01-15 16:24:15 INFO  root:231 - 2140.36388583028 / 3082.723361036341 = 0,6943094255174226
2021-01-15 16:24:16 INFO  root:231 - 202.0568651456374 / 8.115727681501207 = 24,89694985776826
2021-01-15 16:24:17 INFO  root:231 - 7283833.133650206 / 220361037108308 = 3,305408809666377e-8
2021-01-15 16:24:18 INFO  root:231 - 8817142621.285076 / 404755.2858740784 = 21 783,8850510482
2021-01-15 16:24:19 INFO  root:231 - 7327343204.121436 / 561362835418603 = 1,305277574825114e-5
2021-01-15 16:24:20 INFO  root:231 - 638736783001203 / 872604083622011 = 0,7319892205293493
2021-01-15 16:24:21 INFO  root:231 - 616153034810553 / 7.457117010555840 = 82 626 172 277 887,6
2021-01-15 16:24:23 INFO  root:231 - 4384.486821264448 / 73.33013308701523 = 59,79106591913197
2021-01-15 16:24:24 INFO  root:234 - division tests status: passed
2021-01-15 16:24:33 INFO  root:389 - addition tests status: start
2021-01-15 16:25:20 INFO  root:471 - 787256666381737 * 15.16014282300330 = 787 256 666 381 752,2
2021-01-15 16:25:22 INFO  root:471 - 54568518.81765483 * 7015113818188 = 7 015 168 386 706,818
2021-01-15 16:25:23 INFO  root:471 - 65245736536468.04 * 214.0367537512677 = 65 245 736 536 682,08
2021-01-15 16:25:24 INFO  root:471 - 45621817734.50162 * 336548727076211 = 336 594 348 893 945,5
2021-01-15 16:25:25 INFO  root:471 - 8.343478283254627 * 223038568785627 = 223 038 568 785 635,3
2021-01-15 16:25:26 INFO  root:471 - 5.12137188850683 * 38262.54872012860 = 38 267,67009201711
2021-01-15 16:25:27 INFO  root:471 - 213246338471.1222 * 4637135.168073571 = 213 250 975 606,2903
2021-01-15 16:25:28 INFO  root:471 - 214648.7652200856 * 353.0752087040488 = 215 001,8404287896
2021-01-15 16:25:29 INFO  root:471 - 502867051554505 * 168512077604016 = 671 379 129 158 521
2021-01-15 16:25:30 INFO  root:471 - 216.1223188251348 * 815225417.4458572 = 815 225 633,568176
2021-01-15 16:25:32 INFO  root:471 - 844.7312417401216 * 34.55524126127011 = 879,2864830013917
2021-01-15 16:25:33 INFO  root:471 - 227564750304406 * 3225654.750435603 = 227 564 753 530 060,8
2021-01-15 16:25:34 INFO  root:471 - 408127861306078.3 * 4288.787108252723 = 408 127 861 310 367,1
2021-01-15 16:25:35 INFO  root:471 - 18455.38753573014 * 51020881.34818643 = 51 039 336,73572216
2021-01-15 16:25:36 INFO  root:471 - 460818.1421327446 * 474804613608611 = 474 804 614 069 429,1
2021-01-15 16:25:37 INFO  root:471 - 2.842574477135331 * 78888485.55870173 = 78 888 488,40127621
2021-01-15 16:25:38 INFO  root:471 - 5043121.47165733 * 157768202281765 = 157 768 207 324 886,5
2021-01-15 16:25:39 INFO  root:471 - 406444.0352076000 * 342504268.5323177 = 342 910 712,5675253
2021-01-15 16:25:41 INFO  root:471 - 531.8251768880525 * 68255485456483 = 68 255 485 457 014,83
2021-01-15 16:25:42 INFO  root:471 - 3570.140212128865 * 8015188083.875174 = 8 015 191 654,015386
2021-01-15 16:25:43 INFO  root:474 - addition tests status: passed
2021-01-15 17:56:33 INFO  root:239 - multiplication tests status: start
2021-01-15 17:56:47 INFO  root:293 - 163,5650500808745 * 21,00011864138452 =  = 3 434,885457282365
2021-01-15 17:56:48 INFO  root:293 - 875780508616110 * 6744856067324,446 =  = 5,907013477183859e+27
2021-01-15 17:56:50 INFO  root:293 - 102704787,111541 * 417025305306750 =  = 4,283049520165515e+22
2021-01-15 17:56:51 INFO  root:293 - 2145,48034631516 * 64,2826258551337 =  = 137 917,1103817201
2021-01-15 17:56:52 INFO  root:293 - 6366655380,368562 * 26527527,7830034 =  = 1,688916274875351e+17
2021-01-15 17:56:53 INFO  root:293 - 800617,820163345 * 317337268304302 =  = 2,540658720063808e+20
2021-01-15 17:56:54 INFO  root:293 - 480172750316,2857 * 27758,52268038262 =  = 1,332888618015632e+16
2021-01-15 17:56:55 INFO  root:293 - 8,36440835305375 * 4,521806672783522 =  = 37,82223750472468
2021-01-15 17:56:57 INFO  root:293 - 25663583610485 * 1832214,237370065 =  = 4,702118327306767e+19
2021-01-15 17:56:58 INFO  root:293 - 744018222817456 * 4542,306367447461 =  = 3,379558711000674e+18
2021-01-15 17:56:59 INFO  root:293 - 4,557518668561127 * 120,6702322426247 =  = 549,9568361853689
2021-01-15 17:57:00 INFO  root:293 - 8726,05503375047 * 6,732740023425336 =  = 58 750,25997234391
2021-01-15 17:57:01 INFO  root:293 - 3,846303863461857 * 7,308144517601063 =  = 28,10934449278656
2021-01-15 17:57:02 INFO  root:293 - 8073577,438877635 * 825036486570508 =  = 6,660995964226524e+21
2021-01-15 17:57:03 INFO  root:293 - 54653,5533118273 * 786857527177286 =  = 4,30045598103964e+19
2021-01-15 17:57:04 INFO  root:293 - 13130606,84472382 * 17244773738021 =  = 2,264343440801721e+20
2021-01-15 17:57:06 INFO  root:293 - 3786076,343565382 * 6018742666,155874 =  = 2,278741922634039e+16
2021-01-15 17:57:07 INFO  root:293 - 5810117521,716188 * 84,50010625166232 =  = 490 955 547 919,6628
2021-01-15 17:57:08 INFO  root:293 - 467070481552366,8 * 2,288715586152836 =  = 1 068 991 490 960 813
2021-01-15 17:57:09 INFO  root:293 - 623,0308084045877 * 384867030307530 =  = 2,397840170207734e+17
2021-01-15 17:57:10 INFO  root:296 - multiplication tests status: passed
2021-01-15 17:57:11 INFO  root:338 - subtraction tests status: start
2021-01-15 17:57:31 INFO  root:381 - 186,3805052855037 - 6815528700157,057 =  = -6 815 528 699 970,676
2021-01-15 17:57:33 INFO  root:381 - 4141864652,03467 - 40,47126302007303 =  = 4 141 864 611,563407
2021-01-15 17:57:34 INFO  root:381 - 313,7055268616245 - 360337,8146483171 =  = -360 024,1091214555
2021-01-15 17:57:35 INFO  root:381 - 227141,3028178001 - 1,521343858531257 =  = 227 139,7814739416
2021-01-15 17:57:36 INFO  root:381 - 613018032866,402 - 265373407,0514711 =  = 612 752 659 459,3505
2021-01-15 17:57:37 INFO  root:381 - 57331877265,2747 - 87515727,8405681 =  = 57 244 361 537,43413
2021-01-15 17:57:38 INFO  root:381 - 31262,4472087885 - 32868287,51584582 =  = -32 837 025,06863703
2021-01-15 17:57:39 INFO  root:381 - 38684084475166,38 - 7,744344852217877 =  = 38 684 084 475 158,64
2021-01-15 17:57:41 INFO  root:381 - 62373620118850 - 530750357446878 =  = -468 376 737 328 028
2021-01-15 17:57:42 INFO  root:381 - 58531,76446818111 - 134774048021584 =  = -134 774 047 963 052,2
2021-01-15 17:57:43 INFO  root:381 - 4852073244412,462 - 6816,183474175066 =  = 4 852 073 237 596,279
2021-01-15 17:57:44 INFO  root:381 - 806674057475,2865 - 453,180816656823 =  = 806 674 057 022,1057
2021-01-15 17:57:45 INFO  root:381 - 34847,3437312877 - 7,841037442070858 =  = 34 839,50269384563
2021-01-15 17:57:46 INFO  root:381 - 50,66074202685272 - 1374,201651044166 =  = -1 323,540909017313
2021-01-15 17:57:47 INFO  root:381 - 5800,156401212653 - 43883888867,37008 =  = -43 883 883 067,21368
2021-01-15 17:57:49 INFO  root:381 - 872008178545313 - 30,41420220458221 =  = 872 008 178 545 282,6
2021-01-15 17:57:50 INFO  root:381 - 428,1863213335238 - 265046557287736 =  = -265 046 557 287 307,8
2021-01-15 17:57:51 INFO  root:381 - 34347541667,265 - 333882514,2824807 =  = 34 013 659 152,98252
2021-01-15 17:57:52 INFO  root:381 - 1331017,55187041 - 532007211444534 =  = -532 007 210 113 516,4
2021-01-15 17:57:53 INFO  root:381 - 570768282728771 - 173583,0507746654 =  = 570 768 282 555 187,9
2021-01-15 17:57:54 INFO  root:384 - subtraction tests status: passed
2021-01-15 17:57:57 INFO  root:524 - oneDividedByX tests status: start
2021-01-15 17:58:10 INFO  root:563 - 1/(26803243,4420002)  = 3,730891756305201e-8
2021-01-15 17:58:11 INFO  root:563 - 1/(10438706,03804363)  = 9,579731399232074e-8
2021-01-15 17:58:11 INFO  root:563 - 1/(752,5702341554555)  = 0,0013287796336009
2021-01-15 17:58:12 INFO  root:563 - 1/(0,853411660426426)  = 1,171767443979296
2021-01-15 17:58:12 INFO  root:563 - 1/(5616,876630422552)  = 1,780348876782738e-4
2021-01-15 17:58:13 INFO  root:563 - 1/(88745,7413371762)  = 1,126814633505228e-5
2021-01-15 17:58:14 INFO  root:563 - 1/(22318328,511548)  = 4,480622280842303e-8
2021-01-15 17:58:14 INFO  root:563 - 1/(1511555,185266476)  = 6,615702884997265e-7
2021-01-15 17:58:15 INFO  root:563 - 1/(2,858204468268731)  = 0,3498700009400374
2021-01-15 17:58:15 INFO  root:563 - 1/(341,1731217473817)  = 0,0029310632528093
2021-01-15 17:58:16 INFO  root:563 - 1/(1577654503,213707)  = 6,338523409041614e-10
2021-01-15 17:58:17 INFO  root:563 - 1/(867458703724008)  = 1,152792629443904e-15
2021-01-15 17:58:17 INFO  root:563 - 1/(70,31325765712368)  = 0,0142220689713512
2021-01-15 17:58:18 INFO  root:563 - 1/(5,808426186076077)  = 0,1721636753165933
2021-01-15 17:58:18 INFO  root:563 - 1/(5331543,36764731)  = 1,875629496082065e-7
2021-01-15 17:58:19 INFO  root:563 - 1/(5140,410175080548)  = 1,945370050132878e-4
2021-01-15 17:58:20 INFO  root:563 - 1/(111605472173481)  = 8,960134127165261e-15
2021-01-15 17:58:20 INFO  root:563 - 1/(557756371781780)  = 1,792897491794582e-15
2021-01-15 17:58:21 INFO  root:563 - 1/(8155,01838587244)  = 1,226238804969927e-4
2021-01-15 17:58:21 INFO  root:563 - 1/(1,762815404453041)  = 0,5672743711416998
2021-01-15 17:58:22 INFO  root:566 - oneDividedByX tests status: passed
2021-01-15 17:58:22 INFO  root:301 - exponentOfTwo tests status: start
2021-01-15 17:58:38 INFO  root:479 - squareRoot tests status: start
2021-01-15 17:58:41 INFO  root:498 - √(51543672,58635474)  = 7 179,392215665247
2021-01-15 17:58:42 INFO  root:498 - √(857617,5132126355)  = 926,0764078695858
2021-01-15 17:58:42 INFO  root:498 - √(270,4578516583615)  = 16,44560280617167
2021-01-15 17:58:43 INFO  root:498 - √(6,787280536025285)  = 2,605240974655758
2021-01-15 17:58:43 INFO  root:498 - √(535,785102334226)  = 23,14703225759678
2021-01-15 17:58:44 INFO  root:498 - √(5183,66018807133)  = 71,99764015626714
2021-01-15 17:58:45 INFO  root:498 - √(5435584008,442024)  = 73 726,41323462049
2021-01-15 17:58:45 INFO  root:498 - √(375343472740,1872)  = 612 652,8158265391
2021-01-15 17:58:46 INFO  root:498 - √(6,512741723400581)  = 2,552007390937687
2021-01-15 17:58:47 INFO  root:498 - √(42800600445,68462)  = 206 883,0598325649
2021-01-15 17:58:47 INFO  root:498 - √(1165,861831171527)  = 34,14471893531307
2021-01-15 17:58:48 INFO  root:498 - √(181204663781022)  = 13 461 228,16763099
2021-01-15 17:58:49 INFO  root:498 - √(82436,5048007837)  = 287,1175800970461
2021-01-15 17:58:49 INFO  root:498 - √(13567,20703734475)  = 116,4783543725818
2021-01-15 17:58:50 INFO  root:498 - √(2780,320220713503)  = 52,7287418844173
2021-01-15 17:58:51 INFO  root:498 - √(7488,618271541318)  = 86,53680298890939
2021-01-15 17:58:51 INFO  root:498 - √(40818268836004,83)  = 6 388 917,657632224
2021-01-15 17:58:52 INFO  root:498 - √(348481046,6587323)  = 18 667,64705737529
2021-01-15 17:58:53 INFO  root:498 - √(365071106758882)  = 19 106 834,03285018
2021-01-15 17:58:53 INFO  root:498 - √(363876561766217)  = 19 075 548,79331698
2021-01-15 17:58:54 INFO  root:501 - squareRoot tests status: passed
2021-01-15 17:58:58 INFO  root:176 - division tests status: start
2021-01-15 17:59:14 INFO  root:231 - 36134468.25253506 / 714643745065680 = 5,056291124357926e-8
2021-01-15 17:59:16 INFO  root:231 - 4537851.734827138 / 1408.363346487504 = 3 222,074577661128
2021-01-15 17:59:17 INFO  root:231 - 804244366706133 / 727.5881107413631 = 1 105 356 663 795,21
2021-01-15 17:59:18 INFO  root:231 - 0.518644510050531 / 305417662578.5203 = 1,698148383665244e-12
2021-01-15 17:59:19 INFO  root:231 - 157203110687.4674 / 473283583761310.6 = 3,321541589043348e-4
2021-01-15 17:59:20 INFO  root:231 - 570.0876250868308 / 6.087831301247002 = 93,64379478946087
2021-01-15 17:59:21 INFO  root:231 - 27.33407588406841 / 3134804.327701658 = 8,719547705903836e-6
2021-01-15 17:59:22 INFO  root:231 - 76115.65874152433 / 31070.443824502 = 2,449777002589834
2021-01-15 17:59:23 INFO  root:231 - 843278075.475264 / 55485325477842 = 1,519821805518697e-5
2021-01-15 17:59:24 INFO  root:231 - 2724712442.72004 / 585008357100262 = 4,657561570959e-6
2021-01-15 17:59:26 INFO  root:231 - 511481422537222 / 8.808831605275354 = 58 064 615 769 350,23
2021-01-15 17:59:27 INFO  root:231 - 8855385441846.426 / 67500675.57352242 = 131 189,5824242685
2021-01-15 17:59:28 INFO  root:231 - 50182812.50428527 / 56776743138274 = 8,838621190734755e-7
2021-01-15 17:59:29 INFO  root:231 - 35660743058.77444 / 661136003864540 = 5,393858880824309e-5
2021-01-15 17:59:30 INFO  root:231 - 43656535565.01037 / 586568886276288 = 7,442695408233279e-5
2021-01-15 17:59:31 INFO  root:231 - 828156677182.4617 / 36883.47630618185 = 22 453 324,90646112
2021-01-15 17:59:32 INFO  root:231 - 11.34636072358237 / 204073522067306 = 5,559937716878429e-14
2021-01-15 17:59:33 INFO  root:231 - 35231346722.17073 / 3708206305100 = 0,0095009133320646
2021-01-15 17:59:34 INFO  root:231 - 7775218341768.557 / 456118540847.2375 = 17,04648604576813
2021-01-15 17:59:36 INFO  root:231 - 500330268447340 / 564080610515188 = 0,8869836316309059
2021-01-15 17:59:37 INFO  root:234 - division tests status: passed
2021-01-15 17:59:46 INFO  root:389 - addition tests status: start
2021-01-15 18:00:33 INFO  root:471 - 57002161.84752601 * 656.5257021127077 = 57 002 818,37322812
2021-01-15 18:00:34 INFO  root:471 - 303004306303575 * 6.483030742310047 = 303 004 306 303 581,5
2021-01-15 18:00:36 INFO  root:471 - 615518543845.7404 * 7.103618702462587 = 615 518 543 852,844
2021-01-15 18:00:37 INFO  root:471 - 737843737055168 * 841538284841220 = 1 579 382 021 896 388
2021-01-15 18:00:38 INFO  root:471 - 81.42723020151553 * 260882348773264 = 260 882 348 773 345,4
2021-01-15 18:00:39 INFO  root:471 - 312703644484626 * 756285201008.5712 = 313 459 929 685 634,6
2021-01-15 18:00:40 INFO  root:471 - 675750774161.3460 * 3142880.103331140 = 675 753 917 041,4493
2021-01-15 18:00:41 INFO  root:471 - 260022.7647574154 * 20056382474.05373 = 20 056 642 496,81849
2021-01-15 18:00:42 INFO  root:471 - 34.86725130073580 * 1568036.067724831 = 1 568 070,934976132
2021-01-15 18:00:43 INFO  root:471 - 250788625261417 * 48088424.81863873 = 250 788 673 349 841,8
2021-01-15 18:00:44 INFO  root:471 - 415.8885530430271 * 21567474.50034430 = 21 567 890,38889734
2021-01-15 18:00:46 INFO  root:471 - 687460.5664313606 * 56743772575.23744 = 56 744 460 035,80387
2021-01-15 18:00:47 INFO  root:471 - 632171263148248.6 * 13140600072.31834 = 632 184 403 748 320,9
2021-01-15 18:00:48 INFO  root:471 - 4722.247621508288 * 40.47101804186220 = 4 762,71863955015
2021-01-15 18:00:49 INFO  root:471 - 30.73816035083300 * 637636208381863 = 637 636 208 381 893,7
2021-01-15 18:00:50 INFO  root:471 - 2564464.074542364 * 86420865710.30560 = 86 423 430 174,38014
2021-01-15 18:00:51 INFO  root:471 - 517816228.0547061 * 384863820434150 = 384 864 338 250 378,1
2021-01-15 18:00:52 INFO  root:471 - 18406.05175648701 * 771464568443.6646 = 771 464 586 849,7164
2021-01-15 18:00:53 INFO  root:471 - 2830.175810742754 * 3771167.861133428 = 3 773 998,036944171
2021-01-15 18:00:54 INFO  root:471 - 673041.2020027320 * 7805030.407483788 = 8 478 071,60948652
2021-01-15 18:00:56 INFO  root:474 - addition tests status: passed
2021-01-15 18:12:44 INFO  root:239 - multiplication tests status: start
2021-01-15 18:12:59 INFO  root:293 - 135218762322031,7 * 7,11075126134456 =  = 961 506 984 738 837,2
2021-01-15 18:13:00 INFO  root:293 - 25545614,10464842 * 81484705178,23625 =  = 2,08157683391427e+18
2021-01-15 18:13:01 INFO  root:293 - 844342,5088388303 * 326655853,143221 =  = 275 809 422 569 835,7
2021-01-15 18:13:02 INFO  root:293 - 37826172174678 * 4,513143148331352 =  = 170 714 929 777 750,1
2021-01-15 18:13:03 INFO  root:293 - 57867854628638 * 152463360012,4853 =  = 8,822727553396199e+24
2021-01-15 18:13:04 INFO  root:293 - 42708147523470,25 * 47307053687407,16 =  = 2,020396627782512e+27
2021-01-15 18:13:06 INFO  root:293 - 538447328038161 * 736653015046825 =  = 3,966488476432181e+29
2021-01-15 18:13:07 INFO  root:293 - 5052804,342485686 * 6,766000544683572 =  = 34 187 276,93343767
2021-01-15 18:13:08 INFO  root:293 - 327518580802,345 * 237033336,5631104 =  = 7,763282199399451e+19
2021-01-15 18:13:09 INFO  root:293 - 8416,724681811345 * 46684471113,16762 =  = 392 930 340 275 506,7
2021-01-15 18:13:10 INFO  root:293 - 758488646521323 * 736137730,5830752 =  = 5,58352110923235e+23
2021-01-15 18:13:11 INFO  root:293 - 637364124645111,2 * 77173721265,80812 =  = 4,91877613001876e+25
2021-01-15 18:13:12 INFO  root:293 - 638771674645,3415 * 35572872068818 =  = 2,272294306334337e+25
2021-01-15 18:13:14 INFO  root:293 - 527206608363847 * 2384,518223023578 =  = 1,257133764942048e+18
2021-01-15 18:13:15 INFO  root:293 - 0,66084604114143 * 4118,723448807427 =  = 2 721,842085700765
2021-01-15 18:13:16 INFO  root:293 - 32058826,41014738 * 16353827281735,6 =  = 5,24284509966694e+20
2021-01-15 18:13:17 INFO  root:293 - 207,3024240816512 * 28015428206587,34 =  = 5 807 666 178 911 022
2021-01-15 18:13:18 INFO  root:293 - 6,445207303205805 * 822788701617027 =  = 5 303 043 748 657 284
2021-01-15 18:13:19 INFO  root:293 - 665282534318068 * 7678268,055327308 =  = 5,108217631021615e+21
2021-01-15 18:13:20 INFO  root:293 - 2274,758266444665 * 57587,74462123672 =  = 130 998 198,1230625
2021-01-15 18:13:22 INFO  root:296 - multiplication tests status: passed
2021-01-15 18:13:22 INFO  root:338 - subtraction tests status: start
2021-01-15 18:13:34 INFO  root:524 - oneDividedByX tests status: start
2021-01-15 18:13:36 INFO  root:301 - exponentOfTwo tests status: start
2021-01-15 18:13:43 INFO  root:331 - 3516.18568765284² = 12 363 561,79005468
2021-01-15 18:13:44 INFO  root:331 - 860262128187606² = 7,400509291938691e+29
2021-01-15 18:13:45 INFO  root:331 - 62.51813341158823² = 3 908,517005269145
2021-01-15 18:13:45 INFO  root:331 - 882285682602058² = 7,784280257245794e+29
2021-01-15 18:13:46 INFO  root:331 - 332078283.5223081² = 1,102759863871224e+17
2021-01-15 18:13:46 INFO  root:331 - 1151.552200037022² = 1 326 072,469410106
2021-01-15 18:13:47 INFO  root:331 - 487311454106347² = 2,374724533032423e+29
2021-01-15 18:13:48 INFO  root:331 - 317066740.407334² = 1,005313178725317e+17
2021-01-15 18:13:48 INFO  root:331 - 4.564421672340272² = 20,83394520292957
2021-01-15 18:13:49 INFO  root:331 - 105771568635410² = 1,118762473159525e+28
2021-01-15 18:13:49 INFO  root:331 - 68.86667126261107² = 4 742,618410792541
2021-01-15 18:13:50 INFO  root:331 - 45.68012400348731² = 2 086,673728973978
2021-01-15 18:13:51 INFO  root:331 - 42.75842677602410² = 1 828,283060360615
2021-01-15 18:13:51 INFO  root:331 - 117884081838053² = 1,389665675080078e+28
2021-01-15 18:13:52 INFO  root:331 - 52632236815782.11² = 2,77015235223257e+27
2021-01-15 18:13:52 INFO  root:331 - 2786801281.306830² = 7,766261381493389e+18
2021-01-15 18:13:53 INFO  root:331 - 806257811084722.5² = 6,500516579351281e+29
2021-01-15 18:13:54 INFO  root:331 - 251471.7083844408² = 63 238 020 117,78923
2021-01-15 18:13:54 INFO  root:331 - 4366.702245237112² = 19 068 088,49855884
2021-01-15 18:13:55 INFO  root:331 - 6328826246.33327² = 4,005404165627687e+19
2021-01-15 18:13:56 INFO  root:334 - exponentOfTwo tests status: passed
2021-01-15 18:14:04 INFO  root:479 - squareRoot tests status: start
2021-01-15 18:14:09 INFO  root:176 - division tests status: start
2021-01-15 18:14:27 INFO  root:389 - addition tests status: start
2021-01-15 18:15:15 INFO  root:471 - 8036762.654166115 * 733483306167167 = 733 483 314 203 929,7
2021-01-15 18:15:16 INFO  root:471 - 6741883.717620776 * 568080675528425 = 568 080 682 270 308,7
2021-01-15 18:15:17 INFO  root:471 - 5317.567630374520 * 868707.4035757780 = 874 024,9712061525
2021-01-15 18:15:18 INFO  root:471 - 1811.328215553144 * 534356324458364 = 534 356 324 460 175,3
2021-01-15 18:15:19 INFO  root:471 - 1.552105107043520 * 80134635063306 = 80 134 635 063 307,55
2021-01-15 18:15:20 INFO  root:471 - 577564840673610.3 * 421.4817888165634 = 577 564 840 674 031,8
2021-01-15 18:15:22 INFO  root:471 - 878.7181710035013 * 13417173037661.21 = 13 417 173 038 539,93
2021-01-15 18:15:23 INFO  root:471 - 203850634863515 * 227224304527670 = 431 074 939 391 185
2021-01-15 18:15:24 INFO  root:471 - 50.08522074222885 * 548.7108330248247 = 598,7960537670536
2021-01-15 18:15:25 INFO  root:471 - 576263.1120870647 * 718165.7866246417 = 1 294 428,898711706
2021-01-15 18:15:26 INFO  root:471 - 166843253816516 * 63614258408.76612 = 166 906 868 074 924,8
2021-01-15 18:15:27 INFO  root:471 - 64.25861511806324 * 377324420050.8670 = 377 324 420 115,1256
2021-01-15 18:15:28 INFO  root:471 - 802313785078048 * 34712136.06125543 = 802 313 819 790 184,1
2021-01-15 18:15:29 INFO  root:471 - 361706.2133353580 * 75.04831255806488 = 361 781,2616479161
2021-01-15 18:15:31 INFO  root:471 - 237.1202020707053 * 4.840443033832574 = 241,9606451045379
2021-01-15 18:15:32 INFO  root:471 - 6563.612452354481 * 375.6120854048810 = 6 939,224537759362
2021-01-15 18:15:33 INFO  root:471 - 562450671861030.2 * 36232.35184320417 = 562 450 671 897 262,6
2021-01-15 18:15:34 INFO  root:471 - 6.401503010465877 * 61.23215666072033 = 67,63365967118621
2021-01-15 18:15:35 INFO  root:471 - 62660800064.10726 * 521040.5115627467 = 62 661 321 104,61882
2021-01-15 18:15:36 INFO  root:471 - 60251173052146.15 * 65.07683347674160 = 60 251 173 052 211,23
2021-01-15 18:15:38 INFO  root:474 - addition tests status: passed
2021-01-15 18:19:23 INFO  root:239 - multiplication tests status: start
2021-01-15 18:19:38 INFO  root:293 - 348,8653740035236 * 418558546,7002154 =  = 146 020 583 936,9419
2021-01-15 18:19:39 INFO  root:293 - 63255,42635271111 * 812553250175064 =  = 5,139840227410481e+19
2021-01-15 18:19:40 INFO  root:293 - 113,5475307123081 * 383228448147268,8 =  = 4,351464398583218e+16
2021-01-15 18:19:41 INFO  root:293 - 88434,12825440311 * 8670264486282,161 =  = 7,667472815794731e+17
2021-01-15 18:19:43 INFO  root:293 - 5658057531831,7 * 85878,35354448 =  = 4,859046650936506e+17
2021-01-15 18:19:44 INFO  root:293 - 20856024221150 * 3,382141675021667 =  = 70 538 028 693 612,72
2021-01-15 18:19:45 INFO  root:293 - 82,27881622615227 * 282136033,100811 =  = 23 213 818 818,27724
2021-01-15 18:19:46 INFO  root:293 - 2,851741250204618 * 3752,01600703244 =  = 10 699,77881868243
2021-01-15 18:19:47 INFO  root:293 - 1488775367405,617 * 572265476663548 =  = 8,519747452733242e+26
2021-01-15 18:19:48 INFO  root:293 - 542,2566126756717 * 1273170663363 =  = 690 385 211 273 258,3
2021-01-15 18:19:49 INFO  root:293 - 580334275088322 * 550862466178853 =  = 3,1968436998327e+29
2021-01-15 18:19:50 INFO  root:293 - 48408477,52801444 * 6047303630,433435 =  = 2,927407618989171e+17
2021-01-15 18:19:51 INFO  root:293 - 155323365463858,3 * 846300831016385,2 =  = 1,31450293268325e+29
2021-01-15 18:19:53 INFO  root:293 - 2323487,767540482 * 4841771,002377222 =  = 11 249 795 697 255,69
2021-01-15 18:19:54 INFO  root:293 - 2,630207068535047 * 3522,041217125608 =  = 9 263,697704955554
2021-01-15 18:19:55 INFO  root:293 - 8053353654412,357 * 2543,10450843688 =  = 2,048051998657269e+16
2021-01-15 18:19:56 INFO  root:293 - 884116,0304502575 * 333385850538714 =  = 2,947517747865707e+20
2021-01-15 18:19:57 INFO  root:293 - 27101058330,30475 * 41482,01463562845 =  = 1 124 206 498 298 722
2021-01-15 18:19:58 INFO  root:293 - 232050788602766 * 61,36626150167403 =  = 1,424008937506702e+16
2021-01-15 18:19:59 INFO  root:293 - 32,28054757430661 * 84,38484824470727 =  = 2 723,989108313917
2021-01-15 18:20:01 INFO  root:296 - multiplication tests status: passed
2021-01-15 18:20:01 INFO  root:338 - subtraction tests status: start
2021-01-15 18:20:22 INFO  root:381 - 474384735154063 - 424,2572882368211 =  = 474 384 735 153 638,7
2021-01-15 18:20:23 INFO  root:381 - 18061834,12805611 - 368,5621141011274 =  = 18 061 465,56594201
2021-01-15 18:20:24 INFO  root:381 - 5,836032232781753 - 8648736776,647655 =  = -8 648 736 770,811623
2021-01-15 18:20:26 INFO  root:381 - 2548482770103,167 - 5,220748768616653 =  = 2 548 482 770 097,946
2021-01-15 18:20:27 INFO  root:381 - 6186,718622544523 - 557434028864076 =  = -557 434 028 857 889,3
2021-01-15 18:20:28 INFO  root:381 - 1203288173361,463 - 24,12622480172546 =  = 1 203 288 173 337,337
2021-01-15 18:20:29 INFO  root:381 - 2,830881537225063 - 803253703,2802174 =  = -803 253 700,4493359
2021-01-15 18:20:30 INFO  root:381 - 31160520445554,24 - 503,2020403653472 =  = 31 160 520 445 051,04
2021-01-15 18:20:31 INFO  root:381 - 6631178160832,563 - 845,2845732847318 =  = 6 631 178 159 987,278
2021-01-15 18:20:32 INFO  root:381 - 562,0341484623664 - 853,2700054220405 =  = -291,2358569596741
2021-01-15 18:20:33 INFO  root:381 - 283563052163475 - 85514478768001,08 =  = 198 048 573 395 473,9
2021-01-15 18:20:34 INFO  root:381 - 6,850482435340271 - 148823,4402586445 =  = -148 816,5897762092
2021-01-15 18:20:36 INFO  root:381 - 260021512,4161378 - 2528,812835877186 =  = 260 018 983,6033019
2021-01-15 18:20:37 INFO  root:381 - 4647061522,406051 - 727357038,057561 =  = 3 919 704 484,34849
2021-01-15 18:20:38 INFO  root:381 - 546315884307541 - 43,72066425582622 =  = 546 315 884 307 497,3
2021-01-15 18:20:39 INFO  root:381 - 7557,282471004641 - 32,66237546401 =  = 7 524,620095540631
2021-01-15 18:20:40 INFO  root:381 - 800,4471543402151 - 43431462650,15273 =  = -43 431 461 849,70558
2021-01-15 18:20:41 INFO  root:381 - 72615885,02063604 - 3,63346108440674 =  = 72 615 881,38717496
2021-01-15 18:20:42 INFO  root:381 - 251735247062012 - 481105506842056 =  = -229 370 259 780 044
2021-01-15 18:20:43 INFO  root:381 - 511764806283,0654 - 50,12263855345077 =  = 511 764 806 232,9428
2021-01-15 18:20:45 INFO  root:384 - subtraction tests status: passed
2021-01-15 18:20:47 INFO  root:524 - oneDividedByX tests status: start
2021-01-15 18:21:01 INFO  root:563 - 1/(3677034,403888434)  = 2,719582930588052e-7
2021-01-15 18:21:01 INFO  root:563 - 1/(88778833417717)  = 1,126394616264958e-14
2021-01-15 18:21:02 INFO  root:563 - 1/(616258723880164)  = 1,622695081221207e-15
2021-01-15 18:21:03 INFO  root:563 - 1/(241872,6625571472)  = 4,134406879337719e-6
2021-01-15 18:21:03 INFO  root:563 - 1/(257676817553,2543)  = 3,880830295466254e-12
2021-01-15 18:21:04 INFO  root:563 - 1/(23046088661756,22)  = 4,339131098022059e-14
2021-01-15 18:21:04 INFO  root:563 - 1/(5,76128674775213)  = 0,1735723361435131
2021-01-15 18:21:05 INFO  root:563 - 1/(47421,00818058067)  = 2,108770012210557e-5
2021-01-15 18:21:06 INFO  root:563 - 1/(5240681,706413657)  = 1,908148702822724e-7
2021-01-15 18:21:06 INFO  root:563 - 1/(4888873007688,023)  = 2,045461189986823e-13
2021-01-15 18:21:07 INFO  root:563 - 1/(170110217078858)  = 5,878541672405426e-15
2021-01-15 18:21:07 INFO  root:563 - 1/(530108715,0461865)  = 1,886405508185002e-9
2021-01-15 18:21:08 INFO  root:563 - 1/(0,850867640215205)  = 1,175270926682646
2021-01-15 18:21:09 INFO  root:563 - 1/(871271272744104)  = 1,147748159824505e-15
2021-01-15 18:21:09 INFO  root:563 - 1/(883,3078247068422)  = 0,0011321081643671
2021-01-15 18:21:10 INFO  root:563 - 1/(53017383485173,26)  = 1,886173806143523e-14
2021-01-15 18:21:10 INFO  root:563 - 1/(146772278533,8878)  = 6,813275708390076e-12
2021-01-15 18:21:11 INFO  root:563 - 1/(61,04641065814605)  = 0,0163809794747787
2021-01-15 18:21:12 INFO  root:563 - 1/(36057560673,2166)  = 2,773343457875107e-11
2021-01-15 18:21:12 INFO  root:563 - 1/(7036171171,800605)  = 1,421227505106436e-10
2021-01-15 18:21:13 INFO  root:566 - oneDividedByX tests status: passed
2021-01-15 18:21:13 INFO  root:301 - exponentOfTwo tests status: start
2021-01-15 18:21:21 INFO  root:331 - 40043581.86358508² = 1 603 488 448 465 640
2021-01-15 18:21:21 INFO  root:331 - 460258122882707.3² = 2,118375396795133e+29
2021-01-15 18:21:22 INFO  root:331 - 85.24006026225628² = 7 265,867873513082
2021-01-15 18:21:23 INFO  root:331 - 75554334052.07783² = 5,708457394052968e+21
2021-01-15 18:21:23 INFO  root:331 - 444543221172051² = 1,976186754900231e+29
2021-01-15 18:21:24 INFO  root:331 - 27.57451712434081² = 760,3539946405646
2021-01-15 18:21:24 INFO  root:331 - 1.5114734365321² = 2,284551949342156
2021-01-15 18:21:25 INFO  root:331 - 73.7185754580076² = 5 434,42836755796
2021-01-15 18:21:26 INFO  root:331 - 724166453758643² = 5,244170527493688e+29
2021-01-15 18:21:26 INFO  root:331 - 430367875445370² = 1,852165082153615e+29
2021-01-15 18:21:27 INFO  root:331 - 66.43804634572146² = 4 414,014002236233
2021-01-15 18:21:27 INFO  root:331 - 5471022675.226737² = 2,993208911284512e+19
2021-01-15 18:21:28 INFO  root:331 - 17.32280370728550² = 300,0795282811443
2021-01-15 18:21:28 INFO  root:331 - 656357.8180321174² = 430 805 585 291,8821
2021-01-15 18:21:29 INFO  root:331 - 243306643208115² = 5,919812262920097e+28
2021-01-15 18:21:30 INFO  root:331 - 33251.03774418152² = 1 105 631 511,064984
2021-01-15 18:21:30 INFO  root:331 - 708824067188855² = 5,024315582261504e+29
2021-01-15 18:21:31 INFO  root:331 - 356774808.6665352² = 1,272882640990428e+17
2021-01-15 18:21:31 INFO  root:331 - 8441.830847568055² = 71 264 508,05895159
2021-01-15 18:21:32 INFO  root:331 - 617071328737.7446² = 3,807770247501657e+23
2021-01-15 18:21:33 INFO  root:334 - exponentOfTwo tests status: passed
2021-01-15 18:21:41 INFO  root:479 - squareRoot tests status: start
2021-01-15 18:21:44 INFO  root:498 - √(1334066854,331751)  = 36 524,87993589782
2021-01-15 18:21:45 INFO  root:498 - √(4813,276028853387)  = 69,37777762982457
2021-01-15 18:21:45 INFO  root:498 - √(115828645183773)  = 10 762 371,72670471
2021-01-15 18:21:46 INFO  root:498 - √(770112246311517)  = 27 750 896,3154619
2021-01-15 18:21:46 INFO  root:498 - √(412374113856355)  = 20 306 996,67248594
2021-01-15 18:21:47 INFO  root:498 - √(501,2516465420252)  = 22,38864994907074
2021-01-15 18:21:48 INFO  root:498 - √(20333232110037,04)  = 4 509 238,528846865
2021-01-15 18:21:48 INFO  root:498 - √(8486246,845770777)  = 2 913,116346075243
2021-01-15 18:21:49 INFO  root:498 - √(423134075,282041)  = 20 570,22302460625
2021-01-15 18:21:50 INFO  root:498 - √(388,4545724005351)  = 19,70925093453668
2021-01-15 18:21:50 INFO  root:498 - √(436,7475104784607)  = 20,89850498189908
2021-01-15 18:21:51 INFO  root:498 - √(30702068420400,4)  = 5 540 944,722734599
2021-01-15 18:21:52 INFO  root:498 - √(7528,101847571708)  = 86,76463477461141
2021-01-15 18:21:52 INFO  root:498 - √(5668618562,14471)  = 75 290,2288623478
2021-01-15 18:21:53 INFO  root:498 - √(36360200631,1487)  = 190 683,5090697376
2021-01-15 18:21:53 INFO  root:498 - √(5382372776,117355)  = 73 364,65617800819
2021-01-15 18:21:54 INFO  root:498 - √(54,23886738183472)  = 7,36470416118901
2021-01-15 18:21:55 INFO  root:498 - √(883138173308158,4)  = 29 717 640,77628233
2021-01-15 18:21:55 INFO  root:498 - √(3646,825380581512)  = 60,38895081537277
2021-01-15 18:21:56 INFO  root:498 - √(13463,50876313363)  = 116,032360844437
2021-01-15 18:21:57 INFO  root:501 - squareRoot tests status: passed
2021-01-15 18:22:01 INFO  root:176 - division tests status: start
2021-01-15 18:22:17 INFO  root:231 - 45837535300826 / 663507837186.4634 = 69,08363810018484
2021-01-15 18:22:18 INFO  root:231 - 8452.512453602138 / 7.155306476473102 = 1 181,292860256132
2021-01-15 18:22:20 INFO  root:231 - 5111222241517.523 / 4431.701431716765 = 1 153 331 811,781716
2021-01-15 18:22:21 INFO  root:231 - 25.67356178453206 / 3.718786815622634 = 6,903746586568865
2021-01-15 18:22:22 INFO  root:231 - 285122005436782.3 / 138640.5651141588 = 2 056 555 418,697323
2021-01-15 18:22:23 INFO  root:231 - 578522586673362 / 2405583814.252687 = 240 491,5527140277
2021-01-15 18:22:24 INFO  root:231 - 6531614433.082048 / 512306540414.0484 = 0,0127494262083853
2021-01-15 18:22:25 INFO  root:231 - 8372205.576428875 / 7837821185.202333 = 0,0010681802223602
2021-01-15 18:22:26 INFO  root:231 - 57642336.27014317 / 160.8344510728654 = 358 395,4549888602
2021-01-15 18:22:28 INFO  root:231 - 3.570265854711400 / 361888831.8205278 = 9,865642542077697e-9
2021-01-15 18:22:29 INFO  root:231 - 750.6552583273700 / 341.4553567427825 = 2,198399420316715
2021-01-15 18:22:30 INFO  root:231 - 5668.300237714513 / 38118160523824.57 = 1,487034043568739e-10
2021-01-15 18:22:31 INFO  root:231 - 77.36053407367833 / 663.4826640361584 = 0,116597672052306
2021-01-15 18:22:32 INFO  root:231 - 1505786377.512388 / 543266.67334625 = 2 771,726025889826
2021-01-15 18:22:33 INFO  root:231 - 211107418586085 / 181725806523.1848 = 1 161,681010666758
2021-01-15 18:22:34 INFO  root:231 - 808531.2788225347 / 785.5407567671386 = 1 029,267128226437
2021-01-15 18:22:35 INFO  root:231 - 80.6344386265731 / 348082305242105.7 = 2,316533687930172e-13
2021-01-15 18:22:37 INFO  root:231 - 541621651170273 / 745.2808843865338 = 726 734 929 765,5746
2021-01-15 18:22:38 INFO  root:231 - 766.2157477450104 / 55.80242027860768 = 13,73086944830501
2021-01-15 18:22:39 INFO  root:231 - 181208.5281245637 / 32354.30715381408 = 5,600754399192936
2021-01-15 18:22:40 INFO  root:234 - division tests status: passed
2021-01-15 18:22:49 INFO  root:389 - addition tests status: start
2021-01-15 18:23:36 INFO  root:471 - 381378.4083746722 * 882886132574506 = 882 886 132 955 884,4
2021-01-15 18:23:37 INFO  root:471 - 311488.0208450745 * 455854.4371024883 = 767 342,4579475628
2021-01-15 18:23:38 INFO  root:471 - 523234824876677 * 5800014220.746431 = 523 240 624 890 897,7
2021-01-15 18:23:39 INFO  root:471 - 50020402.60374721 * 681774554178406 = 681 774 604 198 808,6
2021-01-15 18:23:40 INFO  root:471 - 72406763830361.34 * 0.677743607782334 = 72 406 763 830 362,02
2021-01-15 18:23:41 INFO  root:471 - 4.602465082282140 * 6352551.857286556 = 6 352 556,459751638
2021-01-15 18:23:43 INFO  root:471 - 53316.2780556670 * 273813256836720 = 273 813 256 890 036,3
2021-01-15 18:23:44 INFO  root:471 - 827826626.1146642 * 54710216276770.88 = 54 711 044 103 396,99
2021-01-15 18:23:45 INFO  root:471 - 8.13010738304461 * 14.55487774075074 = 22,68498512379535
2021-01-15 18:23:46 INFO  root:471 - 126136.3461125015 * 553.2753516285837 = 126 689,6214641301
2021-01-15 18:23:47 INFO  root:471 - 561438787.3853133 * 5763283228382.027 = 5 763 844 667 169,412
2021-01-15 18:23:48 INFO  root:471 - 625516085075382 * 26417785.78253587 = 625 516 111 493 167,8
2021-01-15 18:23:49 INFO  root:471 - 382.6003560437600 * 67.64847835461645 = 450,2488343983765
2021-01-15 18:23:51 INFO  root:471 - 176152.3684172414 * 405253042654675 = 405 253 042 830 827,4
2021-01-15 18:23:52 INFO  root:471 - 315.3581273728648 * 533678283.8734078 = 533 678 599,2315352
2021-01-15 18:23:53 INFO  root:471 - 4375421.580645207 * 7266685.124744222 = 11 642 106,70538943
2021-01-15 18:23:54 INFO  root:471 - 2185660625.233488 * 752561883576784 = 752 564 069 237 409,2
2021-01-15 18:23:55 INFO  root:471 - 424733810368681 * 76707350842.34740 = 424 810 517 719 523,3
2021-01-15 18:23:56 INFO  root:471 - 0.366264764000387 * 247062.1641626360 = 247 062,5304274
2021-01-15 18:23:57 INFO  root:471 - 4530863138.000662 * 5708.738505840117 = 4 530 868 846,739168
2021-01-15 18:23:58 INFO  root:474 - addition tests status: passed
2021-01-15 18:27:33 INFO  root:239 - multiplication tests status: start
2021-01-15 18:27:47 INFO  root:293 - 57756031075175 * 541661,8826474233 =  = 3,128424052642237e+19
2021-01-15 18:27:48 INFO  root:293 - 47,04104235703006 * 73674655767,7362 =  = 3 465 732 602 609,688
2021-01-15 18:27:50 INFO  root:293 - 30,3761770131741 * 2032,285702276776 =  = 61 733,07023370219
2021-01-15 18:27:51 INFO  root:293 - 4331487582,512742 * 84,40853623006026 =  = 365 614 526 538,5829
2021-01-15 18:27:52 INFO  root:293 - 455473325516,202 * 4417230250470 =  = 2,011930551752337e+24
2021-01-15 18:27:53 INFO  root:293 - 225227028124046 * 70286026225,02082 =  = 1,58303128053102e+25
2021-01-15 18:27:54 INFO  root:293 - 601070113572086 * 7764,242201348311 =  = 4,666853941765612e+18
2021-01-15 18:27:55 INFO  root:293 - 22062140631,46636 * 715725317214225 =  = 1,57904326018811e+25
2021-01-15 18:27:56 INFO  root:293 - 5381,311487758581 * 414544342851,3312 =  = 2 230 792 234 371 200
2021-01-15 18:27:57 INFO  root:293 - 544482346301305 * 761668422603161 =  = 4,14715009842583e+29
2021-01-15 18:27:58 INFO  root:293 - 1264021,135388105 * 1561302866602,612 =  = 1,973519822127737e+18
2021-01-15 18:28:00 INFO  root:293 - 222163734458877 * 708103315,2863807 =  = 1,573148769067339e+23
2021-01-15 18:28:01 INFO  root:293 - 111174232728202 * 38,52102557808145 =  = 4 282 545 462 546 649
2021-01-15 18:28:02 INFO  root:293 - 812868367062454 * 80432084060,54135 =  = 6,538069682972228e+25
2021-01-15 18:28:03 INFO  root:293 - 5123256651,041817 * 547824330380450 =  = 2,80664464422417e+24
2021-01-15 18:28:04 INFO  root:293 - 1,638462837843015 * 610283,783365842 =  = 999 927,2995831693
2021-01-15 18:28:05 INFO  root:293 - 5,176801402135172 * 37,577088353073 =  = 194,5291236743455
2021-01-15 18:28:06 INFO  root:293 - 25285,32373871483 * 555,636020708316 =  = 14 049 436,66450103
2021-01-15 18:28:08 INFO  root:293 - 608444216437205 * 46,55440587651507 =  = 2,832575900523582e+16
2021-01-15 18:28:09 INFO  root:293 - 533864864352724,3 * 35,13763342382886 =  = 1,875874790148815e+16
2021-01-15 18:28:10 INFO  root:296 - multiplication tests status: passed
2021-01-15 18:28:10 INFO  root:338 - subtraction tests status: start
2021-01-15 18:28:32 INFO  root:381 - 630570176400,1004 - 477,4186261561385 =  = 630 570 175 922,6818
2021-01-15 18:28:33 INFO  root:381 - 7446,062646324245 - 53,12402672275654 =  = 7 392,938619601488
2021-01-15 18:28:34 INFO  root:381 - 25,43776081343886 - 70447648150413 =  = -70 447 648 150 387,56
2021-01-15 18:28:35 INFO  root:381 - 44486381,81407804 - 326883840826036 =  = -326 883 796 339 654,2
2021-01-15 18:28:36 INFO  root:381 - 3716645811,125607 - 23,4384587556072 =  = 3 716 645 787,687148
2021-01-15 18:28:37 INFO  root:381 - 642,3488330381535 - 6425680,025201731 =  = -6 425 037,676368693
2021-01-15 18:28:39 INFO  root:381 - 8,431055454117432 - 37,13137843341527 =  = -28,70032297929784
2021-01-15 18:28:40 INFO  root:381 - 2,283111817882441 - 184251040566132 =  = -184 251 040 566 129,7
2021-01-15 18:28:41 INFO  root:381 - 754667,2772881871 - 26,41280518770804 =  = 754 640,8644829994
2021-01-15 18:28:42 INFO  root:381 - 6228,434831706165 - 774403357557613 =  = -774 403 357 551 384,6
2021-01-15 18:28:43 INFO  root:381 - 642,4452107248542 - 742860234,206728 =  = -742 859 591,7615173
2021-01-15 18:28:44 INFO  root:381 - 721860655006524 - 245,8654251400061 =  = 721 860 655 006 278,1
2021-01-15 18:28:45 INFO  root:381 - 682137705035810 - 2774,062882740415 =  = 682 137 705 033 035,9
2021-01-15 18:28:46 INFO  root:381 - 150838636518230 - 280660510,5235415 =  = 150 838 355 857 719,5
2021-01-15 18:28:48 INFO  root:381 - 65467030863,6358 - 281848065664016 =  = -281 782 598 633 152,4
2021-01-15 18:28:49 INFO  root:381 - 340572671813,7643 - 15443236484247,5 =  = -15 102 663 812 433,74
2021-01-15 18:28:50 INFO  root:381 - 56,1780327504057 - 76,61223581084803 =  = -20,43420306044233
2021-01-15 18:28:51 INFO  root:381 - 742335,7167346024 - 812265,4460114277 =  = -69 929,7292768253
2021-01-15 18:28:52 INFO  root:381 - 6,00640231333871 - 3782155,462873354 =  = -3 782 149,456471041
2021-01-15 18:28:53 INFO  root:381 - 42064713,80004746 - 886,227465140251 =  = 42 063 827,57258232
2021-01-15 18:28:54 INFO  root:384 - subtraction tests status: passed
2021-01-15 18:28:56 INFO  root:524 - oneDividedByX tests status: start
2021-01-15 18:28:57 INFO  root:301 - exponentOfTwo tests status: start
2021-01-15 18:29:05 INFO  root:331 - 450814121455087² = 2,032333721033219e+29
2021-01-15 18:29:05 INFO  root:331 - 8036.602255023580² = 64 586 975,80545009
2021-01-15 18:29:06 INFO  root:331 - 10544.14540554507² = 111 179 002,3332772
2021-01-15 18:29:06 INFO  root:331 - 6540.025455178643² = 42 771 932,95438462
2021-01-15 18:29:07 INFO  root:331 - 55.66087067645483² = 3 098,132524461029
2021-01-15 18:29:08 INFO  root:331 - 533645450777880² = 2,847774671359267e+29
2021-01-15 18:29:08 INFO  root:331 - 574.1282500280200² = 329 623,2474802366
2021-01-15 18:29:09 INFO  root:331 - 8.047240220608555² = 64,75807516818002
2021-01-15 18:29:09 INFO  root:331 - 757125258576271² = 5,732386571741852e+29
2021-01-15 18:29:10 INFO  root:331 - 7348.064258728742² = 53 994 048,35040678
2021-01-15 18:29:11 INFO  root:331 - 5.60024205374488² = 31,36271106053267
2021-01-15 18:29:11 INFO  root:331 - 8.441368531665744² = 71,25670268739668
2021-01-15 18:29:12 INFO  root:331 - 74044452100.45756² = 5,482580886856954e+21
2021-01-15 18:29:12 INFO  root:331 - 81.21610650511374² = 6 596,055955849978
2021-01-15 18:29:13 INFO  root:331 - 48.56302070570172² = 2 358,366980062414
2021-01-15 18:29:14 INFO  root:331 - 844173071707.5314² = 7,12628174996129e+23
2021-01-15 18:29:14 INFO  root:331 - 5360604376.41358² = 2,873607928042443e+19
2021-01-15 18:29:15 INFO  root:331 - 712250380671.0477² = 5,073006047660524e+23
2021-01-15 18:29:17 INFO  root:479 - squareRoot tests status: start
2021-01-15 18:29:19 INFO  root:176 - division tests status: start
2021-01-15 18:29:22 INFO  root:389 - addition tests status: start
2021-01-15 18:30:32 INFO  root:239 - multiplication tests status: start
2021-01-15 18:30:46 INFO  root:293 - 865176,7340870482 * 4363,578647264534 =  = 3 775 266 722,972309
2021-01-15 18:30:48 INFO  root:293 - 6481654,737035385 * 16,50263024866537 =  = 106 964 351,5248053
2021-01-15 18:30:49 INFO  root:293 - 46,16703022723733 * 5114884360,805354 =  = 236 139 020 894,1243
2021-01-15 18:30:50 INFO  root:293 - 30120210337278,7 * 414345157,762017 =  = 1,248016330402488e+22
2021-01-15 18:30:51 INFO  root:293 - 1462006480170,616 * 5,201623004883375 =  = 7 604 806 540 544,046
2021-01-15 18:30:52 INFO  root:293 - 25583,5232148212 * 77,63631256736842 =  = 1 986 210,404880385
2021-01-15 18:30:54 INFO  root:293 - 1652623,882620807 * 17566637150,78104 =  = 2,903104409271467e+16
2021-01-15 18:30:55 INFO  root:293 - 123424125675036 * 784056876060343 =  = 9,67715344072479e+28
2021-01-15 18:30:56 INFO  root:293 - 422476256717468 * 542301166262384 =  = 2,291093667360492e+29
2021-01-15 18:30:57 INFO  root:293 - 733851104351426 * 757587420465061 =  = 5,559563651510331e+29
2021-01-15 18:30:58 INFO  root:293 - 61612,87587863778 * 41364,3614350638 =  = 2 548 577 266,897697
2021-01-15 18:30:59 INFO  root:293 - 643220501780605 * 8470514704,38645 =  = 5,448408718495445e+24
2021-01-15 18:31:00 INFO  root:293 - 13671,35816450128 * 53077,47457425332 =  = 725 641 165,3718272
2021-01-15 18:31:01 INFO  root:293 - 6,287750164685157 * 86246,88546776053 =  = 542 298,8683034931
2021-01-15 18:31:02 INFO  root:293 - 457662412637063 * 754283226,0051045 =  = 3,452070810251632e+23
2021-01-15 18:31:04 INFO  root:293 - 234138267756222 * 24737083501,65042 =  = 5,791897880417448e+24
2021-01-15 18:31:05 INFO  root:293 - 2,747476071512231 * 8517563,767523283 =  = 23 401 802,63884979
2021-01-15 18:31:06 INFO  root:293 - 5676242527,886207 * 476,2021123714417 =  = 2 703 038 682 112,024
2021-01-15 18:31:07 INFO  root:293 - 781,0861760476468 * 84550773632,53584 =  = 66 041 440 458 507,62
2021-01-15 18:31:08 INFO  root:293 - 148016,587742878 * 3047107273,041638 =  = 451 022 421 042 129,3
2021-01-15 18:31:09 INFO  root:296 - multiplication tests status: passed
2021-01-15 18:31:10 INFO  root:338 - subtraction tests status: start
2021-01-15 18:31:31 INFO  root:381 - 0,6164528311681 - 52378548148184,85 =  = -52 378 548 148 184,23
2021-01-15 18:31:32 INFO  root:381 - 520461218,4401387 - 16007765,8517215 =  = 504 453 452,5884172
2021-01-15 18:31:34 INFO  root:381 - 80,18626702610336 - 1,523164772881061 =  = 78,6631022532223
2021-01-15 18:31:35 INFO  root:381 - 323045761,6303445 - 7176,434632652483 =  = 323 038 585,1957118
2021-01-15 18:31:36 INFO  root:381 - 876486017750312 - 52625620,57116512 =  = 876 485 965 124 691,4
2021-01-15 18:31:37 INFO  root:381 - 5308752851,551244 - 448,550641762224 =  = 5 308 752 403,000602
2021-01-15 18:31:38 INFO  root:381 - 7280411,88430528 - 8653577782,757436 =  = -8 646 297 370,873131
2021-01-15 18:31:39 INFO  root:381 - 875503647243002 - 44,48602724623808 =  = 875 503 647 242 957,5
2021-01-15 18:31:40 INFO  root:381 - 566084167,6835387 - 733,8628881822363 =  = 566 083 433,8206505
2021-01-15 18:31:42 INFO  root:381 - 4754248845,26362 - 77863838164465,05 =  = -77 859 083 915 619,79
2021-01-15 18:31:43 INFO  root:381 - 7588,65853158345 - 5,281635458417354 =  = 7 583,376896125033
2021-01-15 18:31:44 INFO  root:381 - 10326806,6283342 - 386506666103278 =  = -386 506 655 776 471,4
2021-01-15 18:31:45 INFO  root:381 - 8277253200,432224 - 483576408216560 =  = -483 568 130 963 359,6
2021-01-15 18:31:46 INFO  root:381 - 306630,1467742743 - 533053324,1112634 =  = -532 746 693,9644891
2021-01-15 18:31:47 INFO  root:381 - 345267340032345 - 56478056238,57006 =  = 345 210 861 976 106,4
2021-01-15 18:31:48 INFO  root:381 - 218602503674335 - 2,834320237304353 =  = 218 602 503 674 332,2
2021-01-15 18:31:50 INFO  root:381 - 83543534,47265475 - 510726574820546 =  = -510 726 491 277 011,5
2021-01-15 18:31:51 INFO  root:381 - 22,73268662462523 - 3582,326481757246 =  = -3 559,593795132621
2021-01-15 18:31:52 INFO  root:381 - 315108007285680 - 2872,104140778825 =  = 315 108 007 282 807,9
2021-01-15 18:31:53 INFO  root:381 - 12,68874130124002 - 8066,627640671874 =  = -8 053,938899370634
2021-01-15 18:31:54 INFO  root:384 - subtraction tests status: passed
2021-01-15 18:31:55 INFO  root:524 - oneDividedByX tests status: start
2021-01-15 18:31:57 INFO  root:301 - exponentOfTwo tests status: start
2021-01-15 18:32:04 INFO  root:331 - 554717564751175² = 3,07711576643474e+29
2021-01-15 18:32:05 INFO  root:331 - 674.8321314007450² = 455 398,4055708724
2021-01-15 18:32:06 INFO  root:331 - 3.853756007033470² = 14,85143536174655
2021-01-15 18:32:06 INFO  root:331 - 240.812255238031² = 57 990,54227282659
2021-01-15 18:32:07 INFO  root:331 - 364307327522.4608² = 1,327198288865575e+23
2021-01-15 18:32:08 INFO  root:331 - 75300483.0451047² = 5 670 162 746 826 100
2021-01-15 18:33:03 INFO  root:239 - multiplication tests status: start
2021-01-15 18:33:17 INFO  root:293 - 836,6876665864075 * 3628,51023288052 =  = 3 035 929,759933704
2021-01-15 18:33:18 INFO  root:293 - 3078,301513405447 * 13,64243281775085 =  = 41 995,52158941458
2021-01-15 18:33:20 INFO  root:293 - 32442218,88160085 * 272408605024527 =  = 8,837539589437258e+21
2021-01-15 18:33:21 INFO  root:293 - 18118013,60810405 * 35016,65468086341 =  = 634 432 226 018,1636
2021-01-15 18:33:22 INFO  root:293 - 61031325,7354373 * 322,0678337867037 =  = 19 656 226 872,74299
2021-01-15 18:33:23 INFO  root:293 - 34774074,3772748 * 781,144331244454 =  = 27 163 571 074,08123
2021-01-15 18:33:24 INFO  root:293 - 881137737062,2448 * 653664,0266076138 =  = 5,759680412040278e+17
2021-01-15 18:33:25 INFO  root:293 - 7604784874,380445 * 8810047,567120785 =  = 6,699851648101238e+16
2021-01-15 18:33:27 INFO  root:293 - 2713036070,106618 * 470113052323325 =  = 1,275433667981101e+24
2021-01-15 18:33:28 INFO  root:293 - 81246,5247271418 * 106,0450427511152 =  = 8 615 791,18806929
2021-01-15 18:33:29 INFO  root:293 - 3,753834081683513 * 7,225145262048168 =  = 27,12199652979057
2021-01-15 18:33:30 INFO  root:293 - 780,243520358582 * 8260062108626,323 =  = 6 444 859 938 015 134
2021-01-15 18:33:31 INFO  root:293 - 560,0882820278866 * 418125,2805275244 =  = 234 187 070,0430893
2021-01-15 18:33:32 INFO  root:293 - 4118,661130017808 * 557570177077180 =  = 2,296442615584927e+18
2021-01-15 18:33:33 INFO  root:293 - 421805432641765,5 * 50,68143385460584 =  = 2,137770413394704e+16
2021-01-15 18:33:35 INFO  root:293 - 5183,30886647504 * 36702,24375503146 =  = 190 239 065,4749827
2021-01-15 18:33:36 INFO  root:293 - 2175,473845431834 * 731780844212314 =  = 1,591970087171917e+18
2021-01-15 18:33:37 INFO  root:293 - 4,7846345473355 * 2456,22127821776 =  = 11 752,12118366126
2021-01-15 18:33:38 INFO  root:293 - 26367083511,13477 * 3,415038611247316 =  = 90 044 608 256,50769
2021-01-15 18:33:39 INFO  root:293 - 573088787827081 * 801858332014187 =  = 4,595360195030555e+29
2021-01-15 18:33:40 INFO  root:296 - multiplication tests status: passed
2021-01-15 18:33:41 INFO  root:338 - subtraction tests status: start
2021-01-15 18:34:02 INFO  root:381 - 171447720072146 - 564436688,686361 =  = 171 447 155 635 457,3
2021-01-15 18:34:03 INFO  root:381 - 4,62508717076617 - 2441257371,544806 =  = -2 441 257 366,919719
2021-01-15 18:34:04 INFO  root:381 - 127,3253126171204 - 376012026072173,7 =  = -376 012 026 072 046,4
2021-01-15 18:34:05 INFO  root:381 - 583312342282550 - 4502,871877470847 =  = 583 312 342 278 047,1
2021-01-15 18:34:07 INFO  root:381 - 774666168743622 - 843,6776612535818 =  = 774 666 168 742 778,3
2021-01-15 18:34:08 INFO  root:381 - 52318145131628,34 - 525087331630332 =  = -472 769 186 498 703,7
2021-01-15 18:34:09 INFO  root:381 - 163514305022674 - 202,267164160376 =  = 163 514 305 022 471,7
2021-01-15 18:34:10 INFO  root:381 - 360166815555163,8 - 72110615424031 =  = 288 056 200 131 132,8
2021-01-15 18:34:11 INFO  root:381 - 84528028,44712324 - 34486273313024,3 =  = -34 486 188 784 995,85
2021-01-15 18:34:12 INFO  root:381 - 84602171713428 - 7004,37542547165 =  = 84 602 171 706 423,62
2021-01-15 18:34:13 INFO  root:381 - 255464187533433 - 156373023825252 =  = 99 091 163 708 181
2021-01-15 18:34:14 INFO  root:381 - 515308380586270 - 282003263835164 =  = 233 305 116 751 106
2021-01-15 18:34:15 INFO  root:381 - 174146,3172311663 - 43267,5305833524 =  = 130 878,7866478139
2021-01-15 18:34:16 INFO  root:381 - 374203161402360 - 77,5755010836468 =  = 374 203 161 402 282,4
2021-01-15 18:34:17 INFO  root:381 - 744815365461680 - 40,4007404462864 =  = 744 815 365 461 639,6
2021-01-15 18:34:18 INFO  root:381 - 136126613576045 - 3552,454420052172 =  = 136 126 613 572 492,5
2021-01-15 18:34:19 INFO  root:381 - 5542385077,844217 - 342455686147427 =  = -342 450 143 762 349,2
2021-01-15 18:34:20 INFO  root:381 - 773152853447261 - 41,8054660163072 =  = 773 152 853 447 219,2
2021-01-15 18:34:21 INFO  root:381 - 688285,5616520677 - 10383,22165110228 =  = 677 902,3400009654
2021-01-15 18:34:23 INFO  root:381 - 437336548,1733873 - 528117721818756 =  = -528 117 284 482 207,8
2021-01-15 18:34:24 INFO  root:384 - subtraction tests status: passed
2021-01-15 18:34:25 INFO  root:524 - oneDividedByX tests status: start
2021-01-15 18:34:26 INFO  root:301 - exponentOfTwo tests status: start
2021-01-15 18:34:34 INFO  root:331 - 507406587557315² = 2,574614450965592e+29
2021-01-15 18:34:35 INFO  root:331 - 2032.742484135314² = 4 132 042,006808607
2021-01-15 18:34:35 INFO  root:331 - 852760035211643.5² = 7,271996776541635e+29
2021-01-15 18:34:36 INFO  root:331 - 731818.8146848374² = 535 558 777 526,7204
2021-01-15 18:34:36 INFO  root:331 - 708513866767655² = 5,019918994020544e+29
2021-01-15 18:34:37 INFO  root:331 - 38.2125201048222² = 1 460,196692761441
2021-01-15 18:34:38 INFO  root:331 - 17414617153.4065² = 3,032688905997199e+20
2021-01-15 18:34:38 INFO  root:331 - 233.0531867464717² = 54 313,78785268581
2021-01-15 18:34:39 INFO  root:331 - 7577120087401.782² = 5,741274881890759e+25
2021-01-15 18:34:39 INFO  root:331 - 175142572543652.1² = 3,067492071720844e+28
2021-01-15 18:34:40 INFO  root:331 - 881171555180476² = 7,764633096591787e+29
2021-01-15 18:34:41 INFO  root:331 - 410384843421663² = 1,684157197102229e+29
2021-01-15 18:34:41 INFO  root:331 - 438350067687686² = 1,921507818417989e+29
2021-01-15 18:34:42 INFO  root:331 - 61105.5044830507² = 3 733 882 678,128129
2021-01-15 18:34:42 INFO  root:331 - 840384588803046² = 7,062462570976647e+29
2021-01-15 18:34:43 INFO  root:331 - 25508131.16761551² = 650 664 755 664 277,8
2021-01-15 18:34:44 INFO  root:331 - 608110.6888711552² = 369 798 609 919,3509
2021-01-15 18:34:44 INFO  root:331 - 1.352520058351467² = 1,829310508243056
2021-01-15 18:34:47 INFO  root:479 - squareRoot tests status: start
2021-01-15 18:34:49 INFO  root:176 - division tests status: start
2021-01-15 18:35:41 INFO  root:239 - multiplication tests status: start
2021-01-15 18:35:56 INFO  root:293 - 26246,36414140681 * 63,01015684361728 =  = 1 653 787,521124735
2021-01-15 18:35:57 INFO  root:293 - 855078310486074 * 3344760,384308815 =  = 2,860032058395533e+21
2021-01-15 18:35:58 INFO  root:293 - 31482,46347830067 * 533727622576205 =  = 1,680306038511562e+19
2021-01-15 18:35:59 INFO  root:293 - 30145,85107383841 * 834356844720,7507 =  = 2,515239718338947e+16
2021-01-15 18:36:00 INFO  root:293 - 3083064,532835387 * 383417584126442 =  = 1,182101154885662e+21
2021-01-15 18:36:02 INFO  root:293 - 383254620276760 * 80313214,73625236 =  = 3,078041061694828e+22
2021-01-15 18:36:03 INFO  root:293 - 31,76771773000287 * 68333013,41127687 =  = 2 170 783 881,689944
2021-01-15 18:36:04 INFO  root:293 - 6078,26606727358 * 761410712805318,6 =  = 4,628056898903157e+18
2021-01-15 18:36:05 INFO  root:293 - 133,1750705041 * 37,86174610261851 =  = 5 042,240706624553
2021-01-15 18:36:06 INFO  root:293 - 16600536,50537365 * 554321828783444 =  = 9,202039754445044e+21
2021-01-15 18:36:07 INFO  root:293 - 54734,64071364655 * 558583634358445 =  = 3,05738745351324e+19
2021-01-15 18:36:08 INFO  root:293 - 58,12165647877014 * 777242355873084 =  = 4,51746132088054e+16
2021-01-15 18:36:09 INFO  root:293 - 6627,475338243341 * 147042770244,5385 =  = 974 522 333 462 660,7
2021-01-15 18:36:11 INFO  root:293 - 166815378458358 * 2474443,062070107 =  = 4,127751558728831e+20
2021-01-15 18:36:12 INFO  root:293 - 756250086702,6484 * 412657340580616 =  = 3,120721495925752e+26
2021-01-15 18:36:13 INFO  root:293 - 10,16280846753155 * 3111570,857524348 =  = 31 622 298,65817285
2021-01-15 18:36:14 INFO  root:293 - 105237562341722 * 18302246521,70201 =  = 1,92608380932118e+24
2021-01-15 18:36:15 INFO  root:293 - 342053805,8375526 * 653081,3036721256 =  = 223 388 945 442 401
2021-01-15 18:36:16 INFO  root:293 - 57,21562442384251 * 81,88743524000211 =  = 4 685,240739723687
2021-01-15 18:36:17 INFO  root:293 - 503,7043374821715 * 308484,5600835438 =  = 155 385 010,9603606
2021-01-15 18:36:19 INFO  root:296 - multiplication tests status: passed
2021-01-15 18:36:19 INFO  root:338 - subtraction tests status: start
2021-01-15 18:36:41 INFO  root:381 - 2321468,002380708 - 4,454315327836035 =  = 2 321 463,54806538
2021-01-15 18:36:42 INFO  root:381 - 348856678637046 - 5,177161604186805 =  = 348 856 678 637 040,8
2021-01-15 18:36:43 INFO  root:381 - 370661163446,4 - 574457201578055 =  = -574 086 540 414 608,6
2021-01-15 18:36:44 INFO  root:381 - 6617420027685,43 - 2,627313651681567 =  = 6 617 420 027 682,803
2021-01-15 18:36:45 INFO  root:381 - 8,7340133035604 - 43,44165663303724 =  = -34,70764332947684
2021-01-15 18:36:46 INFO  root:381 - 273,1557258578587 - 33778253186,5572 =  = -33 778 252 913,40147
2021-01-15 18:36:47 INFO  root:381 - 860843603317,1371 - 1,740067503041466 =  = 860 843 603 315,397
2021-01-15 18:36:48 INFO  root:381 - 4315146844,541572 - 7163,727184363675 =  = 4 315 139 680,814388
2021-01-15 18:36:50 INFO  root:381 - 551,43487602858 - 660152831222088 =  = -660 152 831 221 536,6
2021-01-15 18:36:51 INFO  root:381 - 232682616751315 - 3638665,405668408 =  = 232 682 613 112 649,6
2021-01-15 18:36:52 INFO  root:381 - 757383055838078 - 512023380626588 =  = 245 359 675 211 490
2021-01-15 18:36:53 INFO  root:381 - 685827831811846 - 123,2516551144146 =  = 685 827 831 811 722,7
2021-01-15 18:36:54 INFO  root:381 - 46465203724,273 - 80656,75400065664 =  = 46 465 123 067,519
2021-01-15 18:36:55 INFO  root:381 - 46,47632062775821 - 44071588323,77473 =  = -44 071 588 277,29841
2021-01-15 18:36:56 INFO  root:381 - 20222054,30672088 - 5404740148478,342 =  = -5 404 719 926 424,035
2021-01-15 18:36:57 INFO  root:381 - 41,35446453612117 - 743,5568818668252 =  = -702,202417330704
2021-01-15 18:36:59 INFO  root:381 - 877825684478445 - 838535851057,66 =  = 876 987 148 627 387,3
2021-01-15 18:37:00 INFO  root:381 - 4211307,555510604 - 6384,587630700041 =  = 4 204 922,967879904
2021-01-15 18:37:01 INFO  root:381 - 6,41504071740376 - 762205065,1056503 =  = -762 205 058,6906096
2021-01-15 18:37:02 INFO  root:381 - 48040,15048732306 - 86,58673432452586 =  = 47 953,56375299853
2021-01-15 18:37:03 INFO  root:384 - subtraction tests status: passed
2021-01-15 18:37:06 INFO  root:524 - oneDividedByX tests status: start
2021-01-15 18:37:19 INFO  root:563 - 1/(3,0754462640542)  = 0,3251560632640521
2021-01-15 18:37:20 INFO  root:563 - 1/(785737644888124)  = 1,27268943585156e-15
2021-01-15 18:37:20 INFO  root:563 - 1/(12,24272560626803)  = 0,081681157624575
2021-01-15 18:37:21 INFO  root:563 - 1/(68773002684,1328)  = 1,454058948964167e-11
2021-01-15 18:37:21 INFO  root:563 - 1/(5580,678401880108)  = 1,791896841185301e-4
2021-01-15 18:37:22 INFO  root:563 - 1/(53023052,08564111)  = 1,885972158646833e-8
2021-01-15 18:37:23 INFO  root:563 - 1/(8,117068700383217)  = 0,1231971832334977
2021-01-15 18:37:23 INFO  root:563 - 1/(556,1178406013688)  = 0,0017981800384585
2021-01-15 18:37:24 INFO  root:563 - 1/(66054,1345472051)  = 1,513909775451463e-5
2021-01-15 18:37:24 INFO  root:563 - 1/(462634,8548560048)  = 2,161531906866918e-6
2021-01-15 18:37:25 INFO  root:563 - 1/(646,575244781706)  = 0,0015466104031521
2021-01-15 18:37:26 INFO  root:563 - 1/(2,332500436001855)  = 0,428724464340981
2021-01-15 18:37:26 INFO  root:563 - 1/(1,844877504377402)  = 0,5420414079673403
2021-01-15 18:37:27 INFO  root:563 - 1/(1642,073647367088)  = 6,089860839088471e-4
2021-01-15 18:37:27 INFO  root:563 - 1/(82687017202,38265)  = 1,209379699297201e-11
2021-01-15 18:37:28 INFO  root:563 - 1/(568,640704270085)  = 0,0017585797015421
2021-01-15 18:37:29 INFO  root:563 - 1/(104870500442,7715)  = 9,535570019957198e-12
2021-01-15 18:37:29 INFO  root:563 - 1/(26416,37521831432)  = 3,785530723786456e-5
2021-01-15 18:37:30 INFO  root:563 - 1/(801,3151317028016)  = 0,0012479484792394
2021-01-15 18:37:31 INFO  root:563 - 1/(522652652304742)  = 1,913316608248899e-15
2021-01-15 18:37:31 INFO  root:566 - oneDividedByX tests status: passed
2021-01-15 18:37:31 INFO  root:301 - exponentOfTwo tests status: start
2021-01-15 18:37:39 INFO  root:331 - 172064640.0476850² = 2,96062403547394e+16
2021-01-15 18:37:40 INFO  root:331 - 368.3676767161832² = 135 694,7452492785
2021-01-15 18:37:40 INFO  root:331 - 7.435250043274427² = 55,28294320601237
2021-01-15 18:37:41 INFO  root:331 - 8880715615.572567² = 7,886710984467444e+19
2021-01-15 18:37:42 INFO  root:331 - 572.2877404743474² = 327 513,257897234
2021-01-15 18:37:42 INFO  root:331 - 83577666.3205024² = 6 985 226 307 581 241
2021-01-15 18:37:43 INFO  root:331 - 55.17711148702734² = 3 044,513632051844
2021-01-15 18:37:43 INFO  root:331 - 655723451835232² = 4,299732452867118e+29
2021-01-15 18:37:44 INFO  root:331 - 40762.77261266074² = 1 661 603 631,071484
2021-01-15 18:37:45 INFO  root:331 - 87148828373.65407² = 7,594918286900613e+21
2021-01-15 18:37:45 INFO  root:331 - 16026483446.46222² = 2,568481716597276e+20
2021-01-15 18:37:46 INFO  root:331 - 164152.1257353803² = 26 945 920 383,4441
2021-01-15 18:37:46 INFO  root:331 - 85.51523205840270² = 7 312,854914002465
2021-01-15 18:37:47 INFO  root:331 - 53.04677521748465² = 2 813,960360974344
2021-01-15 18:37:48 INFO  root:331 - 4.631878274664323² = 21,45429635130735
2021-01-15 18:37:48 INFO  root:331 - 608735730753762.2² = 3,705591898963169e+29
2021-01-15 18:37:49 INFO  root:331 - 7.663102005122880² = 58,7231323409183
2021-01-15 18:37:50 INFO  root:331 - 481327348828086² = 2,31676016729874e+29
2021-01-15 18:37:50 INFO  root:331 - 0.578220038058343² = 0,3343384124121916
2021-01-15 18:37:51 INFO  root:331 - 55428857372.55842² = 3,072358229627424e+21
2021-01-15 18:37:51 INFO  root:334 - exponentOfTwo tests status: passed
2021-01-15 18:38:00 INFO  root:479 - squareRoot tests status: start
2021-01-15 18:38:03 INFO  root:498 - √(5612045613,416423)  = 74 913,58764213888
2021-01-15 18:38:03 INFO  root:498 - √(557646114,7478873)  = 23 614,53185536159
2021-01-15 18:38:04 INFO  root:498 - √(265832318824336)  = 16 304 365,02364738
2021-01-15 18:38:05 INFO  root:498 - √(20553,00328887634)  = 143,3631866584875
2021-01-15 18:38:05 INFO  root:498 - √(228,8733043246376)  = 15,12855922831509
2021-01-15 18:38:06 INFO  root:498 - √(180244038832350,3)  = 13 425 499,57477748
2021-01-15 18:38:07 INFO  root:498 - √(452644814470553)  = 21 275 450,98160208
2021-01-15 18:38:07 INFO  root:498 - √(2533338,334643321)  = 1 591,646422621344
2021-01-15 18:38:08 INFO  root:498 - √(16,20078364638783)  = 4,02501970757757
2021-01-15 18:38:09 INFO  root:498 - √(655482142,700333)  = 25 602,38548847222
2021-01-15 18:38:09 INFO  root:498 - √(601750,362254545)  = 775,7257003957939
2021-01-15 18:38:10 INFO  root:498 - √(43,22138165071014)  = 6,574297046126691
2021-01-15 18:38:10 INFO  root:498 - √(35271415832156)  = 5 938 974,308090245
2021-01-15 18:38:11 INFO  root:498 - √(37663858307,11803)  = 194 071,7864789162
2021-01-15 18:38:12 INFO  root:498 - √(81235,74241132313)  = 285,0188457125653
2021-01-15 18:38:12 INFO  root:498 - √(15651,66451081637)  = 125,1066125782981
2021-01-15 18:38:13 INFO  root:498 - √(16142066784,4184)  = 127 051,4336181155
2021-01-15 18:38:14 INFO  root:498 - √(820,6318133121426)  = 28,64667194129438
2021-01-15 18:38:14 INFO  root:498 - √(2741,102354303733)  = 52,35553795257702
2021-01-15 18:38:15 INFO  root:498 - √(5788,652765421858)  = 76,0831963407286
2021-01-15 18:38:16 INFO  root:501 - squareRoot tests status: passed
2021-01-15 18:38:20 INFO  root:176 - division tests status: start
2021-01-15 18:38:37 INFO  root:231 - 6326827132.026183 / 765860467804173 = 8,26107025757063e-6
2021-01-15 18:38:38 INFO  root:231 - 5.065610254044464 / 131480312616264 = 3,852751908819125e-14
2021-01-15 18:38:39 INFO  root:231 - 68.87373144375684 / 701085032808774 = 9,823877022139003e-14
2021-01-15 18:38:40 INFO  root:231 - 6.447703852585737 / 2562.440277476364 = 0,0025162357574772
2021-01-15 18:38:41 INFO  root:231 - 300757323758354 / 87001605.6574202 = 3 456 916,93257506
2021-01-15 18:38:42 INFO  root:231 - 755150237280572 / 1882744.530237802 = 401 090 124,0994135
2021-01-15 18:38:43 INFO  root:231 - 223132750760.3404 / 47.5022241713834 = 4 697 311 644,930544
2021-01-15 18:38:44 INFO  root:231 - 0.73200536151028 / 71344805828735.73 = 1,026010727771086e-14
2021-01-15 18:38:45 INFO  root:231 - 612144086553034.0 / 5610.714781204452 = 109 102 691 978,5121
2021-01-15 18:38:47 INFO  root:231 - 82132180862030.44 / 78221543434783 = 1,049994378217657
2021-01-15 18:38:48 INFO  root:231 - 14.37477082261306 / 44204408.30570625 = 3,251886265098464e-7
2021-01-15 18:38:49 INFO  root:231 - 141.0364213850370 / 74670258.81436673 = 1,88878977553378e-6
2021-01-15 18:38:50 INFO  root:231 - 1232.78786606714 / 685157426284253 = 1,799276806722796e-12
2021-01-15 18:38:51 INFO  root:231 - 222227683287055.8 / 50721557001402.01 = 4,381326134781571
2021-01-15 18:38:52 INFO  root:231 - 5628043608.20152 / 435410018640846 = 1,292584774638337e-5
2021-01-15 18:38:53 INFO  root:231 - 565400.0255485531 / 615218777531875.1 = 9,190227057386251e-10
2021-01-15 18:38:54 INFO  root:231 - 57.16437780368140 / 341808605463228 = 1,672408970693138e-13
2021-01-15 18:38:55 INFO  root:231 - 3.602616573324144 / 726.5035802417333 = 0,0049588421465527
2021-01-15 18:38:57 INFO  root:231 - 32.41750781433572 / 8780467350.602768 = 3,692002546095715e-9
2021-01-15 18:38:58 INFO  root:231 - 828863627487182 / 751103250.2431327 = 1 103 528,212957244
2021-01-15 18:38:59 INFO  root:234 - division tests status: passed
2021-01-15 18:39:08 INFO  root:389 - addition tests status: start
2021-01-15 18:39:55 INFO  root:471 - 1.837650007205708 * 1380.041450006675 = 1 381,879100013881
2021-01-15 18:39:56 INFO  root:471 - 358.6586705537651 * 73507873488.25733 = 73 507 873 846,916
2021-01-15 18:39:58 INFO  root:471 - 277274870644182 * 22353250301258 = 299 628 120 945 440
2021-01-15 18:39:59 INFO  root:471 - 87351.77552280716 * 200617583876618 = 200 617 583 963 969,8
2021-01-15 18:40:00 INFO  root:471 - 5435.715357043328 * 25762223700.32228 = 25 762 229 136,03764
2021-01-15 18:40:01 INFO  root:471 - 3588.43205284471 * 803.7425224581815 = 4 392,174575302892
2021-01-15 18:40:02 INFO  root:471 - 4.007404748813261 * 68602370385.45847 = 68 602 370 389,46587
2021-01-15 18:40:03 INFO  root:471 - 546015775045.3176 * 5605410.483234466 = 546 021 380 455,8008
2021-01-15 18:40:04 INFO  root:471 - 46472.78766586564 * 73.20117222430162 = 46 545,98883808994
2021-01-15 18:40:05 INFO  root:471 - 442578.731344254 * 4213517853.261257 = 4 213 960 431,992601
2021-01-15 18:40:07 INFO  root:471 - 53.42467460083624 * 32758512688.02254 = 32 758 512 741,44721
2021-01-15 18:40:08 INFO  root:471 - 321528548244.8088 * 756212787836060 = 756 534 316 384 304,8
2021-01-15 18:40:09 INFO  root:471 - 41203068.56748212 * 14715334466857.63 = 14 715 375 669 926,2
2021-01-15 18:40:10 INFO  root:471 - 8524706636.433005 * 275616807622145 = 275 625 332 328 781,4
2021-01-15 18:40:11 INFO  root:471 - 855.4280236245483 * 6.436828653543387 = 861,8648522780917
2021-01-15 18:40:12 INFO  root:471 - 56626.42740378126 * 11565.64230264582 = 68 192,06970642708
2021-01-15 18:40:13 INFO  root:471 - 1.47235583640134 * 67646628635756.52 = 67 646 628 635 757,99
2021-01-15 18:40:14 INFO  root:471 - 537145413.3560132 * 1675273.877685817 = 538 820 687,233699
2021-01-15 18:40:16 INFO  root:471 - 20.77316452000830 * 25123.86646784100 = 25 144,63963236101
2021-01-15 18:40:17 INFO  root:471 - 250145354741115 * 1853.75207387204 = 250 145 354 742 968,8
2021-01-15 18:40:18 INFO  root:474 - addition tests status: passed
2021-01-15 18:41:59 INFO  root:239 - multiplication tests status: start
2021-01-15 18:42:14 INFO  root:293 - 328,637313734721 * 5,564074587630764 =  = 1 828,5625258986
2021-01-15 18:42:15 INFO  root:293 - 728403743648408 * 504623504468847 =  = 3,675696497880873e+29
2021-01-15 18:42:16 INFO  root:293 - 731,320853742608 * 283275625328052 =  = 2,071653721593821e+17
2021-01-15 18:42:17 INFO  root:293 - 88715752654,58436 * 1314,2024055815 =  = 116 590 455 551 628,1
2021-01-15 18:42:18 INFO  root:293 - 221618,6252018025 * 6874,734872301357 =  = 1 523 569 291,026316
2021-01-15 18:42:19 INFO  root:293 - 88,24578706365161 * 51154,3041827708 =  = 4 514 151,834302055
2021-01-15 18:42:20 INFO  root:293 - 545,3725137426447 * 208881883,3654581 =  = 113 918 437 806,3178
2021-01-15 18:42:22 INFO  root:293 - 184485720280440 * 11777753185244,64 =  = 2,172827279665104e+27
2021-01-15 18:42:23 INFO  root:293 - 88884,55672881318 * 51370276028567,71 =  = 4,566024213836018e+18
2021-01-15 18:42:24 INFO  root:293 - 6205,260464321135 * 446324,3457084075 =  = 2 769 558 816,68838
2021-01-15 18:42:25 INFO  root:293 - 1800537,601217282 * 8425,11124822838 =  = 15 169 729 596,87387
2021-01-15 18:42:26 INFO  root:293 - 20222716,01032587 * 283456243006806 =  = 5,732255103680556e+21
2021-01-15 18:42:27 INFO  root:293 - 133,3102064142245 * 5354,50385850815 =  = 713 810,014623483
2021-01-15 18:42:28 INFO  root:293 - 41008168181308,4 * 57787667741,30525 =  = 2,369766397541016e+24
2021-01-15 18:42:30 INFO  root:293 - 311264383574522,1 * 6084568270,340581 =  = 1,893909391984657e+24
2021-01-15 18:42:31 INFO  root:293 - 4070306042,708462 * 151333521227865 =  = 6,159737459181282e+23
2021-01-15 18:42:32 INFO  root:293 - 802178,2286063743 * 76384,6745268311 =  = 61 274 122 904,60781
2021-01-15 18:42:33 INFO  root:293 - 372476850237137 * 56,6846750823156 =  = 2,111372923137644e+16
2021-01-15 18:42:34 INFO  root:293 - 0,23046416876428 * 5028,446544033604 =  = 1 158,876752946321
2021-01-15 18:42:35 INFO  root:293 - 573850717015456 * 6,387313831000116 =  = 3 665 364 621 722 156
2021-01-15 18:42:36 INFO  root:296 - multiplication tests status: passed
2021-01-15 18:42:37 INFO  root:338 - subtraction tests status: start
2021-01-15 18:42:47 INFO  root:524 - oneDividedByX tests status: start
2021-01-15 18:43:01 INFO  root:563 - 1/(831344131003,55)  = 1,202871305283479e-12
2021-01-15 18:43:01 INFO  root:563 - 1/(5183,288758014066)  = 1,929277041441816e-4
2021-01-15 18:43:02 INFO  root:563 - 1/(65158137530,72471)  = 1,534727722271772e-11
2021-01-15 18:43:02 INFO  root:563 - 1/(21,80742601216222)  = 0,0458559391393689
2021-01-15 18:43:03 INFO  root:563 - 1/(45,77633204452081)  = 0,0218453501042291
2021-01-15 18:43:04 INFO  root:563 - 1/(22413883232,47738)  = 4,46152052113404e-11
2021-01-15 18:43:04 INFO  root:563 - 1/(5644,676655014662)  = 1,77158066106694e-4
2021-01-15 18:43:05 INFO  root:563 - 1/(5888570756403,746)  = 1,698204948819733e-13
2021-01-15 18:43:05 INFO  root:563 - 1/(60588818720157)  = 1,650469543924802e-14
2021-01-15 18:43:06 INFO  root:563 - 1/(60,40527647563672)  = 0,0165548451781912
2021-01-15 18:43:07 INFO  root:563 - 1/(40114188,24037786)  = 2,492883550347971e-8
2021-01-15 18:43:07 INFO  root:563 - 1/(342,3558287205704)  = 0,002920937562936
2021-01-15 18:43:08 INFO  root:563 - 1/(466824074,0704352)  = 2,142134597473905e-9
2021-01-15 18:43:09 INFO  root:563 - 1/(5223161457750,487)  = 1,914549278418593e-13
2021-01-15 18:43:09 INFO  root:563 - 1/(2444743,363132585)  = 4,090408895593215e-7
2021-01-15 18:43:10 INFO  root:563 - 1/(5750757737657,587)  = 1,738901281568023e-13
2021-01-15 18:43:10 INFO  root:563 - 1/(771417444467626)  = 1,296314994134109e-15
2021-01-15 18:43:11 INFO  root:563 - 1/(688062,4116700124)  = 1,453356531383362e-6
2021-01-15 18:43:12 INFO  root:563 - 1/(2028223766,041176)  = 4,930422455071944e-10
2021-01-15 18:43:12 INFO  root:563 - 1/(6,307525532155053)  = 0,158540777187839
2021-01-15 18:43:13 INFO  root:566 - oneDividedByX tests status: passed
2021-01-15 18:43:13 INFO  root:301 - exponentOfTwo tests status: start
2021-01-15 18:43:21 INFO  root:331 - 830037078483274² = 6,889615516570488e+29
2021-01-15 18:43:21 INFO  root:331 - 518054481725100² = 2,68380446035462e+29
2021-01-15 18:43:22 INFO  root:331 - 422735.6883180637² = 178 705 462 177,7471
2021-01-15 18:43:22 INFO  root:331 - 84282580830518² = 7,1035534314528e+27
2021-01-15 18:43:23 INFO  root:331 - 83171.43704217268² = 6 917 487 939,660094
2021-01-15 18:43:24 INFO  root:331 - 1.774343127022466² = 3,148293532411863
2021-01-15 18:43:24 INFO  root:331 - 8416.121700062521² = 70 831 104,47026326
2021-01-15 18:43:25 INFO  root:331 - 163876202840307.2² = 2,685540985735751e+28
2021-01-15 18:43:25 INFO  root:331 - 508052222.1146085² = 2,581170603955915e+17
2021-01-15 18:43:26 INFO  root:331 - 3058610.762542802² = 9 355 099 796 742,661
2021-01-15 18:43:27 INFO  root:331 - 834058.4034763773² = 695 653 420 409,5634
2021-01-15 18:43:27 INFO  root:331 - 4180647545.32151² = 1,747781389820277e+19
2021-01-15 18:43:28 INFO  root:331 - 66872716558.31363² = 4,471960219888554e+21
2021-01-15 18:43:28 INFO  root:331 - 140886113005881² = 1,984889683790587e+28
2021-01-15 18:43:29 INFO  root:331 - 7.630183155144875² = 58,2196949810566
2021-01-15 18:43:30 INFO  root:331 - 2.737305720158385² = 7,492842605611815
2021-01-15 18:43:30 INFO  root:331 - 631160766105.7021² = 3,983639126711368e+23
2021-01-15 18:43:31 INFO  root:331 - 683053825.8832265² = 4,665625290537131e+17
2021-01-15 18:43:31 INFO  root:331 - 10458.67688451212² = 109 383 922,1746281
2021-01-15 18:43:32 INFO  root:331 - 1428802127.431101² = 2,04147551935164e+18
2021-01-15 18:43:33 INFO  root:334 - exponentOfTwo tests status: passed
2021-01-15 18:43:41 INFO  root:479 - squareRoot tests status: start
2021-01-15 18:43:44 INFO  root:498 - √(34644815052601,1)  = 5 885 984,628981042
2021-01-15 18:43:45 INFO  root:498 - √(217020210518802)  = 14 731 605,83639143
2021-01-15 18:43:45 INFO  root:498 - √(47030713511766)  = 6 857 894,247636515
2021-01-15 18:43:46 INFO  root:498 - √(47288,51186603774)  = 217,4592188573245
2021-01-15 18:43:47 INFO  root:498 - √(50116001537,71761)  = 223 866,0348014357
2021-01-15 18:43:47 INFO  root:498 - √(386,8334750636744)  = 19,66808264838427
2021-01-15 18:43:48 INFO  root:498 - √(23,87540486045131)  = 4,886246500172838
2021-01-15 18:43:48 INFO  root:498 - √(0,333562783081287)  = 0,5775489443166588
2021-01-15 18:43:49 INFO  root:498 - √(63362388,42155313)  = 7 960,049523812847
2021-01-15 18:43:50 INFO  root:498 - √(4668421,167240464)  = 2 160,652949281875
2021-01-15 18:43:50 INFO  root:498 - √(434570404,123436)  = 20 846,35229778668
2021-01-15 18:43:51 INFO  root:498 - √(202,1743746684214)  = 14,21880355966779
2021-01-15 18:43:52 INFO  root:498 - √(425838565,2660267)  = 20 635,85630076995
2021-01-15 18:43:52 INFO  root:498 - √(57537671025251,6)  = 7 585 358,991191623
2021-01-15 18:43:53 INFO  root:498 - √(855200300412755,5)  = 29 243 807,89864336
2021-01-15 18:43:54 INFO  root:498 - √(16674083465136,23)  = 4 083 391,172192083
2021-01-15 18:43:54 INFO  root:498 - √(7041,27413456344)  = 83,91230025784921
2021-01-15 18:43:55 INFO  root:498 - √(17286,4874435027)  = 131,4780873130679
2021-01-15 18:43:55 INFO  root:498 - √(5,662603057883082)  = 2,379622461207467
2021-01-15 18:43:56 INFO  root:498 - √(837706267305747)  = 28 943 155,7938271
2021-01-15 18:43:57 INFO  root:501 - squareRoot tests status: passed
2021-01-15 18:44:01 INFO  root:176 - division tests status: start
2021-01-15 18:44:17 INFO  root:231 - 35651883335.18307 / 126778001388.8322 = 0,2812150605359174
2021-01-15 18:44:19 INFO  root:231 - 254013206337185 / 600408733074684 = 0,4230671413395126
2021-01-15 18:44:20 INFO  root:231 - 103137478725000 / 77.60157632025324 = 1 329 064 222 862,727
2021-01-15 18:44:21 INFO  root:231 - 5.507220365064870 / 251173163.7268336 = 2,192599035402649e-8
2021-01-15 18:44:22 INFO  root:231 - 84.4106705423424 / 363371.8036840425 = 2,322983503027626e-4
2021-01-15 18:44:23 INFO  root:231 - 537706.1028586674 / 202100.5044476106 = 2,66058763350615
2021-01-15 18:44:24 INFO  root:231 - 865364.4688704334 / 576.2418118704382 = 1 501,738421343506
2021-01-15 18:44:25 INFO  root:231 - 538054607.0710744 / 2.286281554053806 = 235 340 483,8161992
2021-01-15 18:44:27 INFO  root:231 - 4.556226771738720 / 53.24175167333600 = 0,0855761996655066
2021-01-15 18:44:28 INFO  root:231 - 777788363.8201258 / 178.0504718855822 = 4 368 358,901738513
2021-01-15 18:44:29 INFO  root:231 - 16.65515177244072 / 7533111.751083303 = 2,210925885978741e-6
2021-01-15 18:44:30 INFO  root:231 - 30763650076.48314 / 337074210013752.5 = 9,126669784445388e-5
2021-01-15 18:44:31 INFO  root:231 - 6073.087286254163 / 6023270673878.36 = 1,008270691302625e-9
2021-01-15 18:44:32 INFO  root:231 - 372.2366714447127 / 332674514726.1783 = 1,118921513272809e-9
2021-01-15 18:44:33 INFO  root:231 - 52050524827.64156 / 363456538054328 = 1,43209763418429e-4
2021-01-15 18:44:35 INFO  root:231 - 48.24650738214065 / 637374.8618085188 = 7,56956545873862e-5
2021-01-15 18:44:36 INFO  root:231 - 52.7734360533856 / 6.12221651015847 = 8,619988523081421
2021-01-15 18:44:37 INFO  root:231 - 584.6316151674401 / 834480221117251 = 7,005937353250878e-13
2021-01-15 18:44:38 INFO  root:231 - 3105785717.430223 / 136813708.3600121 = 22,70083717968997
2021-01-15 18:44:39 INFO  root:231 - 718355662552876 / 2.624556354400823 = 273 705 558 407 365,2
2021-01-15 18:44:40 INFO  root:234 - division tests status: passed
2021-01-15 18:44:49 INFO  root:389 - addition tests status: start
2021-01-15 18:45:37 INFO  root:471 - 334802.8458324443 * 6.304701854112276 = 334 809,1505342984
2021-01-15 18:45:38 INFO  root:471 - 742166623646878 * 867762883.2855880 = 742 167 491 409 761,3
2021-01-15 18:45:39 INFO  root:471 - 466425702461072 * 72.35616686600240 = 466 425 702 461 144,4
2021-01-15 18:45:40 INFO  root:471 - 8283842685373.027 * 85221.05807840778 = 8 283 842 770 594,085
2021-01-15 18:45:42 INFO  root:471 - 1.142281326183812 * 35.74237867626215 = 36,88466000244596
2021-01-15 18:45:43 INFO  root:471 - 178817407775238 * 308.8670524765476 = 178 817 407 775 546,9
2021-01-15 18:45:44 INFO  root:471 - 136417511326247 * 7511.631186007355 = 136 417 511 333 758,6
2021-01-15 18:45:45 INFO  root:471 - 350358.4761226811 * 82767820774863.27 = 82 767 821 125 221,75
2021-01-15 18:45:46 INFO  root:471 - 705257844.020241 * 460851615674278 = 460 852 320 932 122
2021-01-15 18:45:47 INFO  root:471 - 6734.608441525647 * 835362153217136 = 835 362 153 223 870,6
2021-01-15 18:45:48 INFO  root:471 - 6800004018.18747 * 7511.332186815200 = 6 800 011 529,519657
2021-01-15 18:45:49 INFO  root:471 - 554040783717.0018 * 5482851615668.084 = 6 036 892 399 385,086
2021-01-15 18:45:50 INFO  root:471 - 6.250236573532356 * 5.852318063416326 = 12,10255463694868
2021-01-15 18:45:52 INFO  root:471 - 0.775801135845074 * 7443308.057136571 = 7 443 308,832937707
2021-01-15 18:45:53 INFO  root:471 - 5.342436365126603 * 84.84425708033761 = 90,18669344546421
2021-01-15 18:45:54 INFO  root:471 - 252683048783344 * 81560087.16504102 = 252 683 130 343 431,2
2021-01-15 18:45:55 INFO  root:471 - 46774473.03385080 * 71871.68713531467 = 46 846 344,72098611
2021-01-15 18:45:56 INFO  root:471 - 142861.8378363740 * 18148670684.53262 = 18 148 813 546,37046
2021-01-15 18:45:57 INFO  root:471 - 2661520356415 * 310.1255714413273 = 2 661 520 356 725,126
2021-01-15 18:45:58 INFO  root:471 - 1200001151780.775 * 6703613.226607667 = 1 200 007 855 394,002
2021-01-15 18:45:59 INFO  root:474 - addition tests status: passed
2021-01-15 18:49:32 INFO  root:239 - multiplication tests status: start
2021-01-15 18:49:47 INFO  root:293 - 450657363271325 * 118467628644588,3 =  = 5,338830915797666e+28
2021-01-15 18:49:48 INFO  root:293 - 7675630301,368048 * 635,7886136437475 =  = 4 880 078 348 148,731
2021-01-15 18:49:49 INFO  root:293 - 50067271,2851562 * 343435445,1735078 =  = 1,71948756024404e+16
2021-01-15 18:49:50 INFO  root:293 - 11,25211781108502 * 4,078328070735775 =  = 45,88982792417402
2021-01-15 18:49:51 INFO  root:293 - 414403,2065806832 * 227205250724824 =  = 9,415458445233516e+19
2021-01-15 18:49:52 INFO  root:293 - 82,68512705788717 * 810438,2130786787 =  = 67 011 186,62097758
2021-01-15 18:49:54 INFO  root:293 - 7,21360006014032 * 73767816460,15438 =  = 532 131 525 253,3897
2021-01-15 18:49:55 INFO  root:293 - 3,176013225037123 * 5272,080361770665 =  = 16 744,19695244213
2021-01-15 18:49:56 INFO  root:293 - 2158546542,868674 * 3,067814817383138 =  = 6 622 021 068,223665
2021-01-15 18:49:57 INFO  root:293 - 453,010750314222 * 812217588,538408 =  = 367 943 299 202,1922
2021-01-15 18:49:58 INFO  root:293 - 5,558007455775773 * 5248,765637660345 =  = 29 172,67854773588
2021-01-15 18:49:59 INFO  root:293 - 676370,477577524 * 211606,4264838304 =  = 143 124 339 739,3416
2021-01-15 18:50:01 INFO  root:293 - 808678765702872 * 1136,27642447702 =  = 9,188826164433492e+17
2021-01-15 18:50:02 INFO  root:293 - 850676856265,6428 * 615517244083238 =  = 5,236062741740212e+26
2021-01-15 18:50:03 INFO  root:293 - 514503874,226861 * 6520878362,125621 =  = 3,35501718067574e+18
2021-01-15 18:50:04 INFO  root:293 - 33,065202227748 * 323251585,6502128 =  = 10 688 379 049,96449
2021-01-15 18:50:05 INFO  root:293 - 4704264,158625088 * 5303873660,047635 =  = 2,495082276083775e+16
2021-01-15 18:50:06 INFO  root:293 - 16211271724483,35 * 6731,44422504228 =  = 1,091252714303647e+17
2021-01-15 18:50:07 INFO  root:293 - 86165,38274345264 * 11145268,47324612 =  = 960 336 323 775,788
2021-01-15 18:50:09 INFO  root:293 - 75,43740735883427 * 48877586,63835726 =  = 3 687 198 413,954472
2021-01-15 18:50:10 INFO  root:296 - multiplication tests status: passed
2021-01-15 18:50:10 INFO  root:338 - subtraction tests status: start
2021-01-15 18:50:14 INFO  root:524 - oneDividedByX tests status: start
2021-01-15 18:50:15 INFO  root:301 - exponentOfTwo tests status: start
2021-01-15 18:57:25 INFO  root:239 - multiplication tests status: start
2021-01-15 18:57:40 INFO  root:293 - 855566,7042168 * 44850376835,78884 =  = 3,837248909227737e+16
2021-01-15 18:57:41 INFO  root:293 - 841,0156517757142 * 1547824,66886153 =  = 1 301 744 772,717109
2021-01-15 18:57:42 INFO  root:293 - 5,326175874615604 * 21182,60105554466 =  = 112 822,258703649
2021-01-15 18:57:43 INFO  root:293 - 15734428733804,1 * 0,016038870663638 =  = 252 362 467 427,7134
2021-01-15 18:57:45 INFO  root:293 - 21510,87884745375 * 88715588466,31238 =  = 1 908 350 275 379 411
2021-01-15 18:57:46 INFO  root:293 - 3613003473,382635 * 331,6312414442074 =  = 1 198 184 827 220,117
2021-01-15 18:57:47 INFO  root:293 - 883411882132517 * 2563,787207367244 =  = 2,264880082247567e+18
2021-01-15 18:57:48 INFO  root:293 - 114224358824,243 * 84632364,66470388 =  = 9,66707758960532e+18
2021-01-15 18:57:49 INFO  root:293 - 671313213702658 * 13778,4004307882 =  = 9,249622272874514e+18
2021-01-15 18:57:50 INFO  root:293 - 40,68753003461686 * 461418328128158 =  = 1,877397208423713e+16
2021-01-15 18:57:51 INFO  root:293 - 425817736347030 * 1623317,764864875 =  = 6,912374960066814e+20
2021-01-15 18:57:52 INFO  root:293 - 340760684846821 * 362,5832045173577 =  = 1,235541010852898e+17
2021-01-15 18:57:54 INFO  root:293 - 8212,202020336238 * 5733362238204,808 =  = 4,708352895590502e+16
2021-01-15 18:57:55 INFO  root:293 - 632367013572568 * 2,832448238278214 =  = 1 791 146 833 538 876
2021-01-15 18:57:56 INFO  root:293 - 861855,0845308722 * 43852,08406723275 =  = 37 794 141 620,6198
2021-01-15 18:57:57 INFO  root:293 - 684746477745800 * 8872,566543641642 =  = 6,075458689323841e+18
2021-01-15 18:57:58 INFO  root:293 - 82435011,32733187 * 2654065147,528862 =  = 2,187878905000185e+17
2021-01-15 18:57:59 INFO  root:293 - 861512,8423234061 * 13,86113255230134 =  = 11 941 543,70295462
2021-01-15 18:58:00 INFO  root:293 - 2627,752132634542 * 38657852,16576513 =  = 101 583 253 471,6602
2021-01-15 18:58:02 INFO  root:293 - 4,588767316251733 * 5,358258285448178 =  = 24,58780049229965
2021-01-15 18:58:03 INFO  root:296 - multiplication tests status: passed
2021-01-15 18:58:03 INFO  root:338 - subtraction tests status: start
2021-01-15 18:58:25 INFO  root:381 - 144,6203101103774 - 7,2323816404362 =  = 137,3879284699412
2021-01-15 18:58:26 INFO  root:381 - 700344114455548 - 202230,6105351128 =  = 700 344 114 253 317,4
2021-01-15 18:58:27 INFO  root:381 - 826121304705644,2 - 175271,3334165347 =  = 826 121 304 530 372,9
2021-01-15 18:58:28 INFO  root:381 - 6102,455671606763 - 662284542,0051521 =  = -662 278 439,5494805
2021-01-15 18:58:29 INFO  root:381 - 7646,340534447231 - 872508857434870,7 =  = -872 508 857 427 224,4
2021-01-15 18:58:30 INFO  root:381 - 414331602432,6884 - 34576171578460 =  = -34 161 839 976 027,31
2021-01-15 18:58:31 INFO  root:381 - 26,76480111166048 - 472626105730,3766 =  = -472 626 105 703,6118
2021-01-15 18:58:32 INFO  root:381 - 8763664,205550424 - 647388605831847 =  = -647 388 597 068 182,8
2021-01-15 18:58:34 INFO  root:381 - 7,61560045482607 - 0,827647273030687 =  = 6,787953181795383
2021-01-15 18:58:35 INFO  root:381 - 831,8121546348466 - 854402705042,2825 =  = -854 402 704 210,4703
2021-01-15 18:58:36 INFO  root:381 - 3021141,481518206 - 20104543,08034281 =  = -17 083 401,5988246
2021-01-15 18:58:37 INFO  root:381 - 5,513645050621154 - 8,244610635744513 =  = -2,730965585123359
2021-01-15 18:58:38 INFO  root:381 - 341318805625777 - 120550455471450,7 =  = 220 768 350 154 326,3
2021-01-15 18:58:39 INFO  root:381 - 83413,0686384016 - 485405801775604 =  = -485 405 801 692 190,9
2021-01-15 18:58:40 INFO  root:381 - 835805602300000 - 303855782612117 =  = 531 949 819 687 883
2021-01-15 18:58:41 INFO  root:381 - 446,4023685260762 - 3547,12445650651 =  = -3 100,722087980434
2021-01-15 18:58:43 INFO  root:381 - 5077002,1405771 - 730156052740722 =  = -730 156 047 663 719,9
2021-01-15 18:58:44 INFO  root:381 - 6351882,138742054 - 7,10061271610024 =  = 6 351 875,038129338
2021-01-15 18:58:45 INFO  root:381 - 0,083086202073568 - 5533,10604753368 =  = -5 533,022961331606
2021-01-15 18:58:46 INFO  root:381 - 531308251,0142044 - 347828503262341 =  = -347 827 971 954 090
2021-01-15 18:58:47 INFO  root:384 - subtraction tests status: passed
2021-01-15 18:58:50 INFO  root:524 - oneDividedByX tests status: start
2021-01-15 18:59:03 INFO  root:563 - 1/(473175617082548)  = 2,113380241707477e-15
2021-01-15 18:59:04 INFO  root:563 - 1/(155674631661477)  = 6,423654190327906e-15
2021-01-15 18:59:04 INFO  root:563 - 1/(5233673,071405246)  = 1,910703986199694e-7
2021-01-15 18:59:05 INFO  root:563 - 1/(614825,5424537701)  = 1,626477644388354e-6
2021-01-15 18:59:06 INFO  root:563 - 1/(828425745617818)  = 1,207108790727196e-15
2021-01-15 18:59:06 INFO  root:563 - 1/(1045,225000445358)  = 9,567318037493476e-4
2021-01-15 18:59:07 INFO  root:563 - 1/(55452431285355,86)  = 1,803347439995989e-14
2021-01-15 18:59:08 INFO  root:563 - 1/(47,42822285373536)  = 0,0210844923092294
2021-01-15 18:59:08 INFO  root:563 - 1/(117,136353668168)  = 0,0085370593217616
2021-01-15 18:59:09 INFO  root:563 - 1/(64722370008,03036)  = 1,54506084971228e-11
2021-01-15 18:59:09 INFO  root:563 - 1/(24,80475663138523)  = 0,040314848271267
2021-01-15 18:59:10 INFO  root:563 - 1/(82408464,78256761)  = 1,213467575980782e-8
2021-01-15 18:59:11 INFO  root:563 - 1/(41527866,71756558)  = 2,408021598607706e-8
2021-01-15 18:59:11 INFO  root:563 - 1/(84,43506680657536)  = 0,0118434204865475
2021-01-15 18:59:12 INFO  root:563 - 1/(0,831874253816053)  = 1,202104759719037
2021-01-15 18:59:13 INFO  root:563 - 1/(50433,73342453214)  = 1,982799868457838e-5
2021-01-15 18:59:13 INFO  root:563 - 1/(85658,08410674368)  = 1,167432134897904e-5
2021-01-15 18:59:14 INFO  root:563 - 1/(72086530,87348538)  = 1,38722170131205e-8
2021-01-15 18:59:14 INFO  root:563 - 1/(32312605587634,43)  = 3,094767450083585e-14
2021-01-15 18:59:15 INFO  root:563 - 1/(123407,0117771484)  = 8,103267274681491e-6
2021-01-15 18:59:16 INFO  root:566 - oneDividedByX tests status: passed
2021-01-15 18:59:16 INFO  root:301 - exponentOfTwo tests status: start
2021-01-15 18:59:24 INFO  root:331 - 621831615732224² = 3,866745583241483e+29
2021-01-15 18:59:24 INFO  root:331 - 244088.8304361734² = 59 579 357 143,69901
2021-01-15 18:59:25 INFO  root:331 - 454643.1347575758² = 206 700 379 982,1952
2021-01-15 18:59:25 INFO  root:331 - 806736185.0178687² = 6,508232722171849e+17
2021-01-15 18:59:26 INFO  root:331 - 8664480370807.586² = 7,507322009610996e+25
2021-01-15 18:59:27 INFO  root:331 - 827032587774532² = 6,83982901241039e+29
2021-01-15 18:59:27 INFO  root:331 - 0.628273540115160² = 0,3947276412088356
2021-01-15 18:59:28 INFO  root:331 - 44.81111705000700² = 2 008,036211269428
2021-01-15 18:59:28 INFO  root:331 - 246583885866.0506² = 6,080361276880147e+22
2021-01-15 18:59:29 INFO  root:331 - 4.161487172504705² = 17,3179754869212
2021-01-15 18:59:29 INFO  root:331 - 8.416540481158505² = 70,83815367097984
2021-01-15 18:59:30 INFO  root:331 - 501.5270843640661² = 251 529,4163507211
2021-01-15 18:59:31 INFO  root:331 - 746630550318806² = 5,574571786693631e+29
2021-01-15 18:59:31 INFO  root:331 - 51780.1568011315² = 2 681 184 638,349765
2021-01-15 18:59:32 INFO  root:331 - 372374.518743567² = 138 662 782 209,5031
2021-01-15 18:59:32 INFO  root:331 - 318578.1284827206² = 101 492 023 947,5528
2021-01-15 18:59:33 INFO  root:331 - 725071580471874² = 5,257287968079813e+29
2021-01-15 18:59:34 INFO  root:331 - 15563682351.40505² = 2,42228208335437e+20
2021-01-15 18:59:34 INFO  root:331 - 85600534341856.36² = 7,32745147961133e+27
2021-01-15 18:59:35 INFO  root:331 - 18881.77881328628² = 356 521 571,1538666
2021-01-15 18:59:35 INFO  root:334 - exponentOfTwo tests status: passed
2021-01-15 18:59:44 INFO  root:479 - squareRoot tests status: start
2021-01-15 18:59:47 INFO  root:498 - √(718582862232064)  = 26 806 395,92022889
2021-01-15 18:59:47 INFO  root:498 - √(72,54766358727033)  = 8,517491625312603
2021-01-15 18:59:48 INFO  root:498 - √(86,21640136542107)  = 9,285278744626952
2021-01-15 18:59:49 INFO  root:498 - √(86,84662533873247)  = 9,31915368146338
2021-01-15 18:59:49 INFO  root:498 - √(1883,180177857105)  = 43,39562394824051
2021-01-15 18:59:50 INFO  root:498 - √(787225,55413827)  = 887,2573212649586
2021-01-15 18:59:51 INFO  root:498 - √(8574,603245034424)  = 92,59915358703029
2021-01-15 18:59:51 INFO  root:498 - √(1,44566405763724)  = 1,202357707854547
2021-01-15 18:59:52 INFO  root:498 - √(5313488,04370878)  = 2 305,100441132399
2021-01-15 18:59:53 INFO  root:498 - √(1321463218227,541)  = 1 149 549,136934799
2021-01-15 18:59:53 INFO  root:498 - √(2,135732556432708)  = 1,461414573771833
2021-01-15 18:59:54 INFO  root:498 - √(204557266276418)  = 14 302 351,77432082
2021-01-15 18:59:54 INFO  root:498 - √(127,1167722144886)  = 11,27460740844171
2021-01-15 18:59:55 INFO  root:498 - √(52143584,38662264)  = 7 221,051473755234
2021-01-15 18:59:56 INFO  root:498 - √(482,7646803515278)  = 21,97190661621171
2021-01-15 18:59:56 INFO  root:498 - √(625746480308348)  = 25 014 925,15096433
2021-01-15 18:59:57 INFO  root:498 - √(8,18205563034413)  = 2,860429273788137
2021-01-15 18:59:57 INFO  root:498 - √(287014,5603786662)  = 535,737398711968
2021-01-15 18:59:58 INFO  root:498 - √(3485,035361277655)  = 59,03418807163909
2021-01-15 18:59:59 INFO  root:498 - √(76486313,60550148)  = 8 745,645408173229
2021-01-15 18:59:59 INFO  root:501 - squareRoot tests status: passed
2021-01-15 19:00:04 INFO  root:176 - division tests status: start
2021-01-15 19:00:20 INFO  root:231 - 78833382.26033771 / 707124465618837 = 1,114844501828218e-7
2021-01-15 19:00:21 INFO  root:231 - 561851040041547 / 642848166.6223233 = 874 002,7104590585
2021-01-15 19:00:22 INFO  root:231 - 633752765176447 / 152482.4017121767 = 4 156 235 461,01214
2021-01-15 19:00:24 INFO  root:231 - 8.02358754588454 / 4715.788153855755 = 0,0017014308709615
2021-01-15 19:00:25 INFO  root:231 - 665746464340620 / 38072.32685453280 = 17 486 361 337,57498
2021-01-15 19:00:26 INFO  root:231 - 61.62137853057855 / 686788215442834 = 8,972398935361131e-14
2021-01-15 19:00:27 INFO  root:231 - 30360212624.66328 / 32778.40874425513 = 926 225,9453026172
2021-01-15 19:00:28 INFO  root:231 - 65751767510.03274 / 6388.338521258618 = 10 292 467,64103516
2021-01-15 19:00:29 INFO  root:231 - 351105.6685522034 / 85718348470102 = 4,096038652385688e-9
2021-01-15 19:00:30 INFO  root:231 - 530684566338054 / 685870.6121106118 = 773 738 598,7496857
2021-01-15 19:00:31 INFO  root:231 - 643.6082503771204 / 67048.46626683463 = 0,0095991494841319
2021-01-15 19:00:33 INFO  root:231 - 758517328335223 / 676481430066.847 = 1 121,268514732577
2021-01-15 19:00:34 INFO  root:231 - 2480551.278471224 / 161736131151833 = 1,533702618459791e-8
2021-01-15 19:00:35 INFO  root:231 - 826867335174331 / 342.4642208874571 = 2 414 463 423 453,692
2021-01-15 19:00:36 INFO  root:231 - 0.422432285518340 / 1.681117353141102 = 0,2512806644515577
2021-01-15 19:00:37 INFO  root:231 - 3583333670.143621 / 412785.4803216606 = 8 680,861708971279
2021-01-15 19:00:38 INFO  root:231 - 16424.03224167213 / 83.6485501465848 = 196,3456893501541
2021-01-15 19:00:39 INFO  root:231 - 10.60637664384500 / 31833620.37506731 = 3,331816023084862e-7
2021-01-15 19:00:41 INFO  root:231 - 5.278750432073278 / 74406052437863 = 7,094517527968035e-14
2021-01-15 19:00:42 INFO  root:231 - 3.345157683761447 / 70.43101285067874 = 0,047495521480765
2021-01-15 19:00:43 INFO  root:234 - division tests status: passed
2021-01-15 19:00:52 INFO  root:389 - addition tests status: start
2021-01-15 19:01:40 INFO  root:471 - 84741.42850106506 * 427086116115476 = 427 086 116 200 217,4
2021-01-15 19:01:42 INFO  root:471 - 806217600.6428502 * 722618.4375505762 = 806 940 219,0804008
2021-01-15 19:01:43 INFO  root:471 - 365144256875.4572 * 40.57410360076583 = 365 144 256 916,0313
2021-01-15 19:01:44 INFO  root:471 - 745275805055042 * 68751331205070.83 = 814 027 136 260 112,8
2021-01-15 19:01:45 INFO  root:471 - 283426805506040 * 5660.550384726378 = 283 426 805 511 700,6
2021-01-15 19:01:46 INFO  root:471 - 712.0338504260566 * 2353377.607554243 = 2 354 089,641404669
2021-01-15 19:01:47 INFO  root:471 - 862237620063406 * 41.00015880406367 = 862 237 620 063 447
2021-01-15 19:01:48 INFO  root:471 - 24470.16805374735 * 158.0303225216472 = 24 628,198376269
2021-01-15 19:01:49 INFO  root:471 - 2727.386101652884 * 47.81443105074460 = 2 775,200532703629
2021-01-15 19:01:51 INFO  root:471 - 78.78235384020527 * 85.88735162012141 = 164,6697054603267
2021-01-15 19:01:52 INFO  root:471 - 363411024770.4607 * 1365747.682626148 = 363 412 390 518,1433
2021-01-15 19:01:53 INFO  root:471 - 355.5240308621586 * 8545.653664335776 = 8 901,177695197935
2021-01-15 19:01:54 INFO  root:471 - 863688552873.3402 * 756.4111534457870 = 863 688 553 629,7514
2021-01-15 19:01:55 INFO  root:471 - 0.763847175646445 * 70841568255258 = 70 841 568 255 258,76
2021-01-15 19:01:56 INFO  root:471 - 7.344043142231170 * 142.103130678061 = 149,4471738202922
2021-01-15 19:01:57 INFO  root:471 - 421836085441384 * 38.30562117287534 = 421 836 085 441 422,3
2021-01-15 19:01:58 INFO  root:471 - 154545.4515128288 * 4536.677536154158 = 159 082,129048983
2021-01-15 19:02:00 INFO  root:471 - 2775.646652682353 * 4702321.881088868 = 4 705 097,52774155
2021-01-15 19:02:01 INFO  root:471 - 42114757.07545234 * 885.076485165000 = 42 115 642,15193751
2021-01-15 19:02:02 INFO  root:471 - 5.888161288474842 * 23836627405.78324 = 23 836 627 411,6714
2021-01-15 19:02:03 INFO  root:474 - addition tests status: passed
2021-01-15 19:08:32 INFO  root:239 - multiplication tests status: start
2021-01-15 19:08:47 INFO  root:293 - 630,213307214133 * 227555600467161 =  = 1,434085675455074e+17
2021-01-15 19:08:48 INFO  root:293 - 103028258,1042373 * 55,3008800121222 =  = 5 697 553 339,280384
2021-01-15 19:08:49 INFO  root:293 - 6,722541173432633 * 450262121722200 =  = 3 026 905 652 114 625
2021-01-15 19:08:50 INFO  root:293 - 115,4136358005013 * 2665082783,477088 =  = 307 586 893 750,4109
2021-01-15 19:08:52 INFO  root:293 - 320,0664576337288 * 1,238715210877213 =  = 396,4711895624869
2021-01-15 19:08:53 INFO  root:293 - 616158612406647 * 6017,30573404023 =  = 3,707614751512789e+18
2021-01-15 19:08:54 INFO  root:293 - 4,812481804048641 * 561075,2204122836 =  = 2 700 164,288936695
2021-01-15 19:08:55 INFO  root:293 - 61363,32307836741 * 725021877218112 =  = 4,448975169061943e+19
2021-01-15 19:08:56 INFO  root:293 - 748647312545605 * 10,05605531123758 =  = 7 528 438 783 567 972
2021-01-15 19:08:57 INFO  root:293 - 88,36141756607007 * 210,3426486357456 =  = 18 586,17460805628
2021-01-15 19:08:58 INFO  root:293 - 7735168,074707644 * 10,12520775584602 =  = 78 320 183,78280236
2021-01-15 19:09:00 INFO  root:293 - 166577848,528347 * 3405,3110534756 =  = 567 249 388 857,7642
2021-01-15 19:09:01 INFO  root:293 - 51776,7128126806 * 40123837463131,72 =  = 2,077480409271246e+18
2021-01-15 19:09:02 INFO  root:293 - 155641,5420117402 * 743544363270720 =  = 1,157263912535924e+20
2021-01-15 19:09:03 INFO  root:293 - 347,868404733347 * 16552,01617086124 =  = 5 757 923,460478062
2021-01-15 19:09:04 INFO  root:293 - 2867610050055,107 * 184305602208483 =  = 5,285165971745046e+26
2021-01-15 19:09:05 INFO  root:293 - 553,8583702507328 * 376,3144755057817 =  = 208 424,9221053916
2021-01-15 19:09:07 INFO  root:293 - 146860123362460 * 870773,7830861038 =  = 1,278819452048212e+20
2021-01-15 19:09:08 INFO  root:293 - 316010635873128 * 62104822816204 =  = 1,962578454893657e+28
2021-01-15 19:09:09 INFO  root:293 - 7700,501415363608 * 6743750,581684308 =  = 51 930 260 899,11917
2021-01-15 19:09:10 INFO  root:296 - multiplication tests status: passed
2021-01-15 19:09:10 INFO  root:338 - subtraction tests status: start
2021-01-15 19:09:32 INFO  root:381 - 345067006,0456585 - 580,4076710545846 =  = 345 066 425,6379874
2021-01-15 19:09:33 INFO  root:381 - 772,1218270008566 - 3664740,572170568 =  = -3 663 968,450343567
2021-01-15 19:09:34 INFO  root:381 - 0,722268371430461 - 845660183465145 =  = -845 660 183 465 144,3
2021-01-15 19:09:35 INFO  root:381 - 44,3723746727435 - 340052742,2318741 =  = -340 052 697,8594994
2021-01-15 19:09:36 INFO  root:381 - 603,8420773435374 - 238672811160,8636 =  = -238 672 810 557,0215
2021-01-15 19:09:37 INFO  root:381 - 235456883230372 - 86635320,34688531 =  = 235 456 796 595 051,7
2021-01-15 19:09:38 INFO  root:381 - 78760572020667 - 424,8265227876175 =  = 78 760 572 020 242,17
2021-01-15 19:09:39 INFO  root:381 - 8273205311,487322 - 7081,116432088201 =  = 8 273 198 230,37089
2021-01-15 19:09:41 INFO  root:381 - 13384155745,25775 - 166708365606280 =  = -166 694 981 450 534,7
2021-01-15 19:09:42 INFO  root:381 - 64147,4085472307 - 512116,8138346867 =  = -447 969,405287456
2021-01-15 19:09:43 INFO  root:381 - 325,5116760286267 - 22145578,63885538 =  = -22 145 253,12717935
2021-01-15 19:09:44 INFO  root:381 - 707053367136100 - 430,5161568150315 =  = 707 053 367 135 669,5
2021-01-15 19:09:45 INFO  root:381 - 45718,56314682004 - 340046342083458 =  = -340 046 342 037 739,4
2021-01-15 19:09:46 INFO  root:381 - 37100610173285 - 370170,4367085228 =  = 37 100 609 803 114,56
2021-01-15 19:09:47 INFO  root:381 - 125,3874831334884 - 77,28578865754127 =  = 48,10169447594713
2021-01-15 19:09:48 INFO  root:381 - 768481035,1743158 - 270732085704806 =  = -270 731 317 223 770,8
2021-01-15 19:09:49 INFO  root:381 - 1588,683578773567 - 36136070,50885202 =  = -36 134 481,82527325
2021-01-15 19:09:51 INFO  root:381 - 88275771584045 - 567141761,2754516 =  = 88 275 204 442 283,72
2021-01-15 19:09:52 INFO  root:381 - 4230631,367253157 - 17035,236452647 =  = 4 213 596,13080051
2021-01-15 19:09:53 INFO  root:381 - 0,203583634202216 - 330212800161662 =  = -330 212 800 161 661,8
2021-01-15 19:09:54 INFO  root:384 - subtraction tests status: passed
2021-01-15 19:09:57 INFO  root:524 - oneDividedByX tests status: start
2021-01-15 19:10:10 INFO  root:563 - 1/(810861083441518)  = 1,233256867817264e-15
2021-01-15 19:10:11 INFO  root:563 - 1/(5282,412733083863)  = 1,893074340323653e-4
2021-01-15 19:10:11 INFO  root:563 - 1/(414267,2748617748)  = 2,413900543637346e-6
2021-01-15 19:10:12 INFO  root:563 - 1/(62,00155445236437)  = 0,0161286278841331
2021-01-15 19:10:12 INFO  root:563 - 1/(523378018608231)  = 1,910664881683805e-15
2021-01-15 19:10:13 INFO  root:563 - 1/(43017,48582741305)  = 2,324636088710573e-5
2021-01-15 19:10:14 INFO  root:563 - 1/(7,524236388541771)  = 0,1329038520803045
2021-01-15 19:10:14 INFO  root:563 - 1/(20475448085,75677)  = 4,883898002191341e-11
2021-01-15 19:10:15 INFO  root:563 - 1/(60,02773564810034)  = 0,0166589658797441
2021-01-15 19:10:16 INFO  root:563 - 1/(68820380313,24336)  = 1,453057939302853e-11
2021-01-15 19:10:16 INFO  root:563 - 1/(724304022854502)  = 1,380635711588309e-15
2021-01-15 19:10:17 INFO  root:563 - 1/(2856,562283510666)  = 3,500711347245743e-4
2021-01-15 19:10:17 INFO  root:563 - 1/(5,71311351564786)  = 0,1750359059488425
2021-01-15 19:10:18 INFO  root:563 - 1/(243,5848544368781)  = 0,0041053455573492
2021-01-15 19:10:18 INFO  root:563 - 1/(428718563431314)  = 2,332532540686712e-15
2021-01-15 19:10:19 INFO  root:563 - 1/(8,500431755122658)  = 0,117641083277607
2021-01-15 19:10:20 INFO  root:563 - 1/(628,3601177183237)  = 0,0015914440967883
2021-01-15 19:10:20 INFO  root:563 - 1/(5,457542544620316)  = 0,1832326531262196
2021-01-15 19:10:21 INFO  root:563 - 1/(34561576,42328515)  = 2,893386539296485e-8
2021-01-15 19:10:22 INFO  root:563 - 1/(15083481228203,25)  = 6,629769248031347e-14
2021-01-15 19:10:22 INFO  root:566 - oneDividedByX tests status: passed
2021-01-15 19:10:22 INFO  root:301 - exponentOfTwo tests status: start
2021-01-15 19:10:30 INFO  root:331 - 82254.32142244785² = 6 765 773 392,667363
2021-01-15 19:10:31 INFO  root:331 - 85870332.4017777² = 7 373 713 986 791 793
2021-01-15 19:10:31 INFO  root:331 - 857223813010338² = 7,348326655919829e+29
2021-01-15 19:10:32 INFO  root:331 - 785221173414.1840² = 6,16572291177948e+23
2021-01-15 19:10:32 INFO  root:331 - 5144.684640336722² = 26 467 780,04851659
2021-01-15 19:10:33 INFO  root:331 - 55585.21717216632² = 3 089 716 368,076894
2021-01-15 19:10:34 INFO  root:331 - 45271112.20107453² = 2 049 473 599 922 279
2021-01-15 19:10:34 INFO  root:331 - 550488814706340² = 3,030379351167911e+29
2021-01-15 19:10:35 INFO  root:331 - 1186.022815873578² = 1 406 650,119772691
2021-01-15 19:10:35 INFO  root:331 - 803648037724373² = 6,458501685382352e+29
2021-01-15 19:10:36 INFO  root:331 - 174.0860568140673² = 30 305,95517707067
2021-01-15 19:10:37 INFO  root:331 - 841865.7000250571² = 708 737 856 878,6794
2021-01-15 19:10:37 INFO  root:331 - 2122.262566314164² = 4 503 998,400378381
2021-01-15 19:10:38 INFO  root:331 - 821441588460733² = 6,747662832528922e+29
2021-01-15 19:10:38 INFO  root:331 - 5877431137755.617² = 3,454419677905929e+25
2021-01-15 19:10:39 INFO  root:331 - 504503458330114² = 2,545237394670451e+29
2021-01-15 19:10:40 INFO  root:331 - 517150532177303² = 2,674446729312677e+29
2021-01-15 19:10:40 INFO  root:331 - 13573816264447² = 1,842484879809659e+26
2021-01-15 19:10:41 INFO  root:331 - 4385787451882.344² = 1,923513157308862e+25
2021-01-15 19:10:41 INFO  root:331 - 178577.6202584267² = 31 889 966 457,16285
2021-01-15 19:10:42 INFO  root:334 - exponentOfTwo tests status: passed
2021-01-15 19:10:50 INFO  root:479 - squareRoot tests status: start
2021-01-15 19:10:53 INFO  root:498 - √(3,057737834323265)  = 1,74863885188545
2021-01-15 19:10:54 INFO  root:498 - √(4,511851743316671)  = 2,124111989353827
2021-01-15 19:10:55 INFO  root:498 - √(0,170337882564517)  = 0,4127201019632034
2021-01-15 19:10:55 INFO  root:498 - √(0,125201768845472)  = 0,3538386197766886
2021-01-15 19:10:56 INFO  root:498 - √(337816271537,252)  = 581 219,6413897693
2021-01-15 19:10:57 INFO  root:498 - √(18,27840873530734)  = 4,275325570679658
2021-01-15 19:10:57 INFO  root:498 - √(500837283001754)  = 22 379 394,16073979
2021-01-15 19:10:58 INFO  root:498 - √(36248437,60456673)  = 6 020,667538119567
2021-01-15 19:10:58 INFO  root:498 - √(523514431207036)  = 22 880 437,74072157
2021-01-15 19:10:59 INFO  root:498 - √(481,8412235433136)  = 21,95088206754602
2021-01-15 19:11:00 INFO  root:498 - √(660376317,1574575)  = 25 697,78817636758
2021-01-15 19:11:00 INFO  root:498 - √(42350520614172,12)  = 6 507 727,761221433
2021-01-15 19:11:01 INFO  root:498 - √(603,853852302823)  = 24,57343794227464
2021-01-15 19:11:01 INFO  root:498 - √(2531205532264,302)  = 1 590 976,282747264
2021-01-15 19:11:02 INFO  root:498 - √(667385233232052,2)  = 25 833 800,20887466
2021-01-15 19:11:03 INFO  root:498 - √(336724837364258)  = 18 350 063,68828888
2021-01-15 19:11:03 INFO  root:498 - √(8034240108,585555)  = 89 633,92275576003
2021-01-15 19:11:04 INFO  root:498 - √(744104567,5251006)  = 27 278,28014236053
2021-01-15 19:11:05 INFO  root:498 - √(0,345727166020706)  = 0,5879856852175111
2021-01-15 19:11:05 INFO  root:498 - √(45321,56500588251)  = 212,8886211282381
2021-01-15 19:11:06 INFO  root:501 - squareRoot tests status: passed
2021-01-15 19:11:11 INFO  root:176 - division tests status: start
2021-01-15 19:11:27 INFO  root:231 - 75617.8552438765 / 70452.43633203731 = 1,073317818102059
2021-01-15 19:11:28 INFO  root:231 - 87518241828.36646 / 542258115.4421683 = 161,3959096896177
2021-01-15 19:11:29 INFO  root:231 - 632.8460286100374 / 1515.225654048120 = 0,4176579421812902
2021-01-15 19:11:30 INFO  root:231 - 804475551578868 / 28468822.26716318 = 28 258 125,46895468
2021-01-15 19:11:31 INFO  root:231 - 266231273122605 / 8.723877057652280 = 30 517 540 694 716,26
2021-01-15 19:11:32 INFO  root:231 - 2618351340.106241 / 801.5782646334388 = 3 266 494,93334704
2021-01-15 19:11:34 INFO  root:231 - 157314.5767734175 / 6837457575412.726 = 2,300775910319584e-8
2021-01-15 19:11:35 INFO  root:231 - 241018.616820888 / 84.44216505855207 = 2 854,244874628286
2021-01-15 19:11:36 INFO  root:231 - 564457.3112861711 / 578587.4063570060 = 0,9755782878860032
2021-01-15 19:11:37 INFO  root:231 - 384.3458838460443 / 181428075125755.8 = 2,118447674537897e-12
2021-01-15 19:11:38 INFO  root:231 - 7730.861762828656 / 1732015522.141777 = 4,463506050609074e-6
2021-01-15 19:11:39 INFO  root:231 - 251327.8674586382 / 260171767256323 = 9,660074577232213e-10
2021-01-15 19:11:40 INFO  root:231 - 576708836185734 / 6.716327581880682 = 85 866 692 646 377,15
2021-01-15 19:11:42 INFO  root:231 - 244.6173585686567 / 744.775840387034 = 0,3284442718248454
2021-01-15 19:11:43 INFO  root:231 - 801.0753240184280 / 213.8068427865123 = 3,746724443325266
2021-01-15 19:11:44 INFO  root:231 - 5264464.20734381 / 78.22502622760371 = 67 298,97657082675
2021-01-15 19:11:45 INFO  root:231 - 352320517283437 / 3624847333.067237 = 97 195,96024622476
2021-01-15 19:11:46 INFO  root:231 - 52.43531406248428 / 81616815.82726822 = 6,424572378988303e-7
2021-01-15 19:11:47 INFO  root:231 - 756.4120336725872 / 26845.2107371422 = 0,0281767962665325
2021-01-15 19:11:48 INFO  root:231 - 6358218.84022013 / 82070047821.00686 = 7,747307341756738e-5
2021-01-15 19:11:50 INFO  root:234 - division tests status: passed
2021-01-15 19:11:59 INFO  root:389 - addition tests status: start
2021-01-15 19:12:46 INFO  root:471 - 517732121113755 * 88.78866240838757 = 517 732 121 113 843,8
2021-01-15 19:12:47 INFO  root:471 - 51.84037681114205 * 666.5048828870024 = 718,3452596981445
2021-01-15 19:12:48 INFO  root:471 - 80538434.04247316 * 1322.336238871840 = 80 539 756,37871203
2021-01-15 19:12:49 INFO  root:471 - 886511644074321 * 788114.2176533241 = 886 511 644 862 435,2
2021-01-15 19:12:50 INFO  root:471 - 610356232367750 * 738853283101207 = 1 349 209 515 468 957
2021-01-15 19:12:51 INFO  root:471 - 43221268412562 * 800874351220867 = 844 095 619 633 429
2021-01-15 19:12:52 INFO  root:471 - 858543604537401 * 5305882245.460254 = 858 548 910 419 646,5
2021-01-15 19:12:54 INFO  root:471 - 38318.70375327582 * 17288642344285.81 = 17 288 642 382 604,51
2021-01-15 19:12:55 INFO  root:471 - 822260557804688 * 51.85438364241423 = 822 260 557 804 739,9
2021-01-15 19:12:56 INFO  root:471 - 1285438.610241231 * 4887151448342.141 = 4 887 152 733 780,751
2021-01-15 19:12:57 INFO  root:471 - 256246320027000 * 33204364.0440455 = 256 246 353 231 364
2021-01-15 19:12:58 INFO  root:471 - 147227285475.2656 * 5280384030.142040 = 152 507 669 505,4076
2021-01-15 19:12:59 INFO  root:471 - 8777104450036.843 * 310668025883251.2 = 319 445 130 333 288
2021-01-15 19:13:00 INFO  root:471 - 50804316870.47134 * 13868313003068.41 = 13 919 117 319 938,88
2021-01-15 19:13:01 INFO  root:471 - 80.72828214145561 * 35268.17456330780 = 35 348,90284544926
2021-01-15 19:13:02 INFO  root:471 - 68565648785562 * 32203.87577847210 = 68 565 648 817 765,88
2021-01-15 19:13:04 INFO  root:471 - 368472.188684373 * 53066.20282764660 = 421 538,3915120196
2021-01-15 19:13:05 INFO  root:471 - 68064310.3311682 * 1586.358047026114 = 68 065 896,68921523
2021-01-15 19:13:06 INFO  root:471 - 6516.213783204242 * 72202388132.00878 = 72 202 394 648,22256
2021-01-15 19:13:07 INFO  root:471 - 81086.03606803528 * 3707647.266602281 = 3 788 733,302670316
2021-01-15 19:13:08 INFO  root:474 - addition tests status: passed
2021-01-18 09:07:28 INFO  root:524 - oneDividedByX tests status: start
2021-01-18 09:09:43 INFO  root:524 - oneDividedByX tests status: start
2021-01-18 09:10:07 INFO  root:524 - oneDividedByX tests status: start
2021-01-18 09:10:42 INFO  root:524 - oneDividedByX tests status: start
2021-01-18 09:11:21 INFO  root:524 - oneDividedByX tests status: start
2021-01-18 09:13:55 INFO  root:524 - oneDividedByX tests status: start
2021-01-18 09:14:28 INFO  root:524 - oneDividedByX tests status: start
2021-01-18 09:15:15 INFO  root:524 - oneDividedByX tests status: start
2021-01-18 09:15:38 INFO  root:524 - oneDividedByX tests status: start
2021-01-18 09:22:08 INFO  root:524 - oneDividedByX tests status: start
2021-01-18 09:24:26 INFO  root:524 - oneDividedByX tests status: start
2021-01-18 09:24:43 INFO  root:524 - oneDividedByX tests status: start
2021-01-18 09:27:04 INFO  root:524 - oneDividedByX tests status: start
2021-01-18 09:27:35 INFO  root:524 - oneDividedByX tests status: start
2021-01-18 09:28:14 INFO  root:609 - 1/(1202777732648,263)  = 8,314088071768762e-13
2021-01-18 09:28:15 INFO  root:609 - 1/(32376224,36660671)  = 3,08868628002039e-8
2021-01-18 09:28:15 INFO  root:609 - 1/(8270658,212760207)  = 1,209093610538967e-7
2021-01-18 09:28:16 INFO  root:609 - 1/(564664031165272)  = 1,770964582136292e-15
2021-01-18 09:28:17 INFO  root:609 - 1/(3171741,853752154)  = 3,152841706890506e-7
2021-01-18 09:28:17 INFO  root:609 - 1/(2210836,707127478)  = 4,523174401691981e-7
2021-01-18 09:28:18 INFO  root:609 - 1/(8062144071,652188)  = 1,240364834853501e-10
2021-01-18 09:28:19 INFO  root:609 - 1/(40511,5578435031)  = 2,468431364360311e-5
2021-01-18 09:28:19 INFO  root:609 - 1/(317,256181764483)  = 0,0031520268397555
2021-01-18 09:28:20 INFO  root:609 - 1/(4310513,104051661)  = 2,319909430411083e-7
2021-01-18 09:28:21 INFO  root:609 - 1/(203574666500878)  = 4,912202570135057e-15
2021-01-18 09:28:21 INFO  root:609 - 1/(5636,201658816172)  = 1,77424453654137e-4
2021-01-18 09:28:22 INFO  root:609 - 1/(858460560144340)  = 1,164875879483458e-15
2021-01-18 09:28:22 INFO  root:609 - 1/(745017873567014)  = 1,342249676792553e-15
2021-01-18 09:28:23 INFO  root:609 - 1/(86,04218363643254)  = 0,0116222061985951
2021-01-18 09:28:24 INFO  root:609 - 1/(601040808485348)  = 1,663780538496294e-15
2021-01-18 09:28:24 INFO  root:609 - 1/(837,7535320467712)  = 0,0011936684976509
2021-01-18 09:28:25 INFO  root:609 - 1/(532227303104267)  = 1,878896468045521e-15
2021-01-18 09:28:26 INFO  root:609 - 1/(4527756,143132177)  = 2,208599510194088e-7
2021-01-18 09:28:26 INFO  root:609 - 1/(72331,05081733656)  = 1,382532105783145e-5
2021-01-18 09:28:27 INFO  root:612 - oneDividedByX tests status: passed
2021-01-18 11:10:35 INFO  root:338 - subtraction tests status: start
2021-01-18 11:11:16 INFO  root:338 - subtraction tests status: start
2021-01-18 11:11:44 INFO  root:395 - 44,53750060084317 - 41311,41275227333 =  = -41 266,87525167249
2021-01-18 11:11:45 INFO  root:395 - 46173,51173152171 - 660226,0145173346 =  = -614 052,5027858129
2021-01-18 11:11:46 INFO  root:395 - 520,2028684220527 - 4,206885574162441 =  = 515,9959828478903
2021-01-18 11:11:47 INFO  root:395 - 22854146031,74373 - 665538383,4116143 =  = 22 188 607 648,33212
2021-01-18 11:11:48 INFO  root:395 - 76,7421868457815 - 1508,563857451754 =  = -1 431,821670605973
2021-01-18 11:11:50 INFO  root:395 - 5,781705536131316 - 70,11528247557026 =  = -64,33357693943894
2021-01-18 11:11:51 INFO  root:395 - 7,136356026463304 - 258,645640461034 =  = -251,5092844345707
2021-01-18 11:11:52 INFO  root:395 - 5417883,355202724 - 538664365076634,6 =  = -538 664 359 658 751,2
2021-01-18 11:11:53 INFO  root:395 - 0,274751420617658 - 343,4164472586084 =  = -343,1416958379907
2021-01-18 11:11:54 INFO  root:395 - 0,444661385871464 - 250886817053162 =  = -250 886 817 053 161,6
2021-01-18 11:11:56 INFO  root:395 - 45403731126,4288 - 7,88880268082652 =  = 45 403 731 118,54
2021-01-18 11:11:57 INFO  root:395 - 2256774803,041605 - 525375638364883 =  = -525 373 381 590 080
2021-01-18 11:11:58 INFO  root:395 - 653063732242474 - 51,34768032084028 =  = 653 063 732 242 422,7
2021-01-18 11:11:59 INFO  root:395 - 286047075,3343746 - 313213627313078,3 =  = -313 213 341 266 003
2021-01-18 11:12:00 INFO  root:395 - 783,8058815805021 - 63146355,14048 =  = -63 145 571,33459842
2021-01-18 11:12:01 INFO  root:395 - 876826201286132 - 87757735,808855 =  = 876 826 113 528 396,2
2021-01-18 11:12:02 INFO  root:395 - 702161,111828658 - 32683587,35554657 =  = -31 981 426,24371791
2021-01-18 11:12:03 INFO  root:395 - 720157,0150831772 - 7144662145671,45 =  = -7 144 661 425 514,435
2021-01-18 11:12:05 INFO  root:395 - 174,4043232855846 - 3,340132336116836 =  = 171,0641909494678
2021-01-18 11:12:06 INFO  root:395 - 3644,14014813353 - 878087,1181511868 =  = -874 442,9780030533
2021-01-18 11:12:07 INFO  root:398 - subtraction tests status: passed
2021-01-18 11:26:45 INFO  root:301 - exponentOfTwo tests status: start
2021-01-18 11:26:54 INFO  root:345 - 185556018405883² = 3,443103596664439e+28
2021-01-18 11:26:55 INFO  root:345 - 55313.7535760066² = 3 059 611 334,667183
2021-01-18 11:26:56 INFO  root:345 - 814478807350322.2² = 6,633757276228033e+29
2021-01-18 11:26:56 INFO  root:345 - 2081526.67376666² = 4 332 753 293 602,095
2021-01-18 11:26:57 INFO  root:345 - 360142330608530² = 1,297024982961437e+29
2021-01-18 11:26:57 INFO  root:345 - 8012.115705683847² = 64 193 998,08126577
2021-01-18 11:26:58 INFO  root:345 - 54.12363675673137² = 2 929,368055774603
2021-01-18 11:26:59 INFO  root:345 - 570814121257864² = 3,258287610273875e+29
2021-01-18 11:26:59 INFO  root:345 - 5156.120324346213² = 26 585 576,7991361
2021-01-18 11:27:00 INFO  root:345 - 4.663848757880621² = 21,75148523638461
2021-01-18 11:27:01 INFO  root:345 - 118.8000080310561² = 14 113,44190817899
2021-01-18 11:27:01 INFO  root:345 - 336875808075802.4² = 1,134853100667249e+29
2021-01-18 11:27:02 INFO  root:345 - 5.016518345837176² = 25,16545631412096
2021-01-18 11:27:03 INFO  root:345 - 1538.773458738560² = 2 367 823,757318231
2021-01-18 11:27:03 INFO  root:345 - 7121.267423772384² = 50 712 449,72088177
2021-01-18 11:27:04 INFO  root:345 - 106312475105005² = 1,130234236295231e+28
2021-01-18 11:27:04 INFO  root:345 - 85235667470.63174² = 7,26511900916411e+21
2021-01-18 11:27:05 INFO  root:345 - 2.878830766144413² = 8,287666580099628
2021-01-18 11:27:06 INFO  root:345 - 6.368680780380272² = 40,56009488238507
2021-01-18 11:27:06 INFO  root:345 - 818835611570886² = 6,704917587766669e+29
2021-01-18 11:27:07 INFO  root:348 - exponentOfTwo tests status: passed
2021-01-18 11:57:21 INFO  root:239 - multiplication tests status: start
2021-01-18 11:58:06 INFO  root:239 - multiplication tests status: start
2021-01-18 11:58:28 INFO  root:239 - multiplication tests status: start
2021-01-18 11:58:57 INFO  root:239 - multiplication tests status: start
2021-01-18 11:59:32 INFO  root:239 - multiplication tests status: start
2021-01-18 11:59:48 INFO  root:239 - multiplication tests status: start
2021-01-18 12:00:05 INFO  root:239 - multiplication tests status: start
2021-01-18 12:00:30 INFO  root:239 - multiplication tests status: start
2021-01-18 12:08:58 INFO  root:239 - multiplication tests status: start
2021-01-18 12:09:30 INFO  root:239 - multiplication tests status: start
2021-01-18 12:09:49 INFO  root:239 - multiplication tests status: start
2021-01-18 12:10:05 INFO  root:239 - multiplication tests status: start
2021-01-18 12:10:28 INFO  root:239 - multiplication tests status: start
2021-01-18 12:10:31 INFO  root:303 - 763101430015615 * 6,273687252455023 =  = 4 787 459 713 819 163
2021-01-18 12:10:32 INFO  root:303 - 43352518,40861677 * 7,086673703510603 =  = 307 225 152,1873038
2021-01-18 12:10:33 INFO  root:303 - 442534214666122 * 883084775440074 =  = 3,907952275829818e+29
2021-01-18 12:10:34 INFO  root:303 - 2,47523883802731 * 76030804,51367002 =  = 188 194 400,2186981
2021-01-18 12:10:35 INFO  root:303 - 533744623027,1761 * 15628,71350227658 =  = 8 341 741 796 672 350
2021-01-18 12:10:37 INFO  root:303 - 15,35283621736275 * 683,8172425766418 =  = 10 498,5341278878
2021-01-18 12:10:38 INFO  root:303 - 814514517632833 * 3144,781665468113 =  = 2,561470321309337e+18
2021-01-18 12:10:39 INFO  root:303 - 5,618202355256218 * 704561024182761 =  = 3 958 366 405 485 321
2021-01-18 12:10:40 INFO  root:303 - 64614,26427245228 * 766744583822501 =  = 4,954263716857852e+19
2021-01-18 12:10:41 INFO  root:303 - 7734074764863 * 832458667017476 =  = 6,438297569371352e+27
2021-01-18 12:10:42 INFO  root:303 - 52606305524371 * 3763,063184188512 =  = 1,979608515749332e+17
2021-01-18 12:10:43 INFO  root:303 - 246860377823,028 * 3152,336407848645 =  = 778 186 956 666 803,4
2021-01-18 12:10:45 INFO  root:303 - 423107117744806 * 66657254,17054778 =  = 2,820315868888342e+22
2021-01-18 12:10:46 INFO  root:303 - 60155633641,11168 * 275165203,8816345 =  = 1,655273719548541e+19
2021-01-18 12:10:47 INFO  root:303 - 315180455050055 * 853445720840876 =  = 2,689894106551495e+29
2021-01-18 12:10:48 INFO  root:303 - 5,11330020416177 * 873200608,4415487 =  = 4 464 936 849,418353
2021-01-18 12:10:49 INFO  root:303 - 106406073663221 * 2458341023117,167 =  = 2,615824159951234e+26
2021-01-18 12:10:50 INFO  root:303 - 64475527,3022134 * 7,053145630621285 =  = 454 755 283,6736098
2021-01-18 12:10:51 INFO  root:303 - 254343107138,6104 * 10722233084153 =  = 2,72712607808788e+24
2021-01-18 12:10:52 INFO  root:303 - 751878,4615781503 * 5214,172642658583 =  = 3 920 424 104,965014
2021-01-18 12:10:54 INFO  root:306 - multiplication tests status: passed
2021-01-18 12:24:25 INFO  root:176 - division tests status: start
2021-01-18 12:25:34 INFO  root:176 - division tests status: start
2021-01-18 12:25:52 INFO  root:176 - division tests status: start
2021-01-18 12:25:52 INFO  root:231 - 4.040318630645856 / 412783770021658 = 9,787978414058934e-15
2021-01-18 12:25:53 INFO  root:231 - 6.081826706875156 / 8470.467807271304 = 7,180036386720381e-4
2021-01-18 12:25:55 INFO  root:231 - 1.302650405712288 / 6.700232087120465 = 0,1944186990501882
2021-01-18 12:25:56 INFO  root:231 - 3531272616763.417 / 31283.80616707557 = 112 878 611,9535506
2021-01-18 12:25:57 INFO  root:231 - 2.162505515666355 / 384576133501.4571 = 5,623088193168289e-12
2021-01-18 12:25:58 INFO  root:231 - 4.722170100236337 / 3.625685527611355 = 1,302421311576727
2021-01-18 12:25:59 INFO  root:231 - 6.106350867217551 / 233.276755860232 = 0,0261764222701904
2021-01-18 12:26:00 INFO  root:231 - 587053362837088.1 / 7422.466168733557 = 79 091 416 449,96583
2021-01-18 12:26:02 INFO  root:231 - 706522368027500.4 / 821.3458010780110 = 860 200 864 362,1169
2021-01-18 12:26:03 INFO  root:231 - 81716326.0182828 / 73155.53468728207 = 1 117,021786083521
2021-01-18 12:26:04 INFO  root:231 - 440.315505075852 / 2.873844353513715 = 153,2148059923631
2021-01-18 12:26:05 INFO  root:231 - 356471826632316 / 785.4036071451127 = 453 870 880 384,7568
2021-01-18 12:26:06 INFO  root:231 - 40.0603034236128 / 400435410662273 = 1,000418603273816e-13
2021-01-18 12:26:07 INFO  root:231 - 4.720845255482282 / 0.136021488810487 = 34,70661361499753
2021-01-18 12:26:09 INFO  root:231 - 455.5747521881485 / 58170134113.08555 = 7,83176382750793e-9
2021-01-18 12:26:10 INFO  root:231 - 438534361868137 / 41482.72777563674 = 10 571 492 893,13836
2021-01-18 12:26:11 INFO  root:231 - 28105541853226.00 / 681363863357715 = 0,0412489469499069
2021-01-18 12:26:12 INFO  root:231 - 4.51882165106135 / 767430707.2720471 = 5,888247118914763e-9
2021-01-18 12:26:13 INFO  root:231 - 843463476227231 / 71.63764776077242 = 11 774 025 286 870,15
2021-01-18 12:26:14 INFO  root:231 - 70586.08365554833 / 157146472118648 = 4,491738357464032e-10
2021-01-18 12:26:16 INFO  root:234 - division tests status: passed
2021-01-18 12:42:46 INFO  root:321 - exponentOfTwo tests status: start
2021-01-18 12:43:19 INFO  root:321 - exponentOfTwo tests status: start
2021-01-18 12:43:36 INFO  root:321 - exponentOfTwo tests status: start
2021-01-18 12:44:58 INFO  root:321 - exponentOfTwo tests status: start
2021-01-18 12:45:16 INFO  root:321 - exponentOfTwo tests status: start
2021-01-18 12:45:36 INFO  root:321 - exponentOfTwo tests status: start
2021-01-18 12:45:58 INFO  root:321 - exponentOfTwo tests status: start
2021-01-18 15:50:52 INFO  root:312 - 40437502381458 * 810434623481,7155 =  = 3,277195201705789e+25
2021-01-18 15:50:54 INFO  root:312 - 175061718261687 * 787022045073451 =  = 1,377774315203852e+29
2021-01-18 15:50:55 INFO  root:312 - 317488,0430175056 * 410772057430672 =  = 1,304152166399385e+20
2021-01-18 15:50:56 INFO  root:312 - 40870146,84003276 * 8,774163375711038 =  = 358 601 345,5637477
2021-01-18 15:50:57 INFO  root:312 - 340677033665706 * 4648074,73615487 =  = 1,58349231336975e+21
2021-01-18 15:50:58 INFO  root:312 - 31,82604260486541 * 6,301081261442455 =  = 200,5384806833867
2021-01-18 15:50:59 INFO  root:312 - 67261,88771045475 * 3167004,018640658 =  = 213 018 668 680,3669
2021-01-18 15:51:00 INFO  root:312 - 130604,805264222 * 77821474544,61047 =  = 1,016385852827346e+16
2021-01-18 15:51:02 INFO  root:312 - 542806703228370 * 527775280,1572017 =  = 2,8647995986756e+23
2021-01-18 15:51:03 INFO  root:312 - 210153638,4511714 * 421734611202761 =  = 8,862906300505037e+22
2021-01-18 15:51:04 INFO  root:312 - 58278716842,52261 * 4,156705231703457 =  = 242 247 447 196,2781
2021-01-18 15:51:05 INFO  root:312 - 6548506,627774231 * 68522632,70322614 =  = 448 720 914 409 615,6
2021-01-18 15:51:06 INFO  root:312 - 4682084000,525836 * 468556211343241 =  = 2,193819540477191e+24
2021-01-18 15:51:07 INFO  root:312 - 341070,3740300782 * 64344584,55373636 =  = 21 946 031 520 552,85
2021-01-18 15:51:09 INFO  root:312 - 84077832,8355662 * 34,58265280021125 =  = 2 907 634 501,146587
2021-01-18 15:51:10 INFO  root:312 - 413123786407435,3 * 3,247085611668413 =  = 1 341 448 302 681 558
2021-01-18 15:51:11 INFO  root:312 - 575526763,0852625 * 16,3263787265348 =  = 9 396 267 901,386664
2021-01-18 15:51:12 INFO  root:312 - 835180257226517 * 8,060656000377582 =  = 6 732 100 751 809 817
2021-01-18 15:51:13 INFO  root:312 - 724646745117664 * 112466,674852301 =  = 8,149860986592655e+19
2021-01-18 15:51:15 INFO  root:312 - 3,818106432372266 * 603,5417147848645 =  = 2 304,386503425079
2021-01-18 15:51:16 INFO  root:315 - multiplication tests status: passed
2021-01-18 15:52:50 INFO  root:244 - multiplication tests status: start
2021-01-18 15:53:07 INFO  root:244 - multiplication tests status: start
2021-01-18 15:53:32 INFO  root:244 - multiplication tests status: start
2021-01-18 15:54:11 INFO  root:244 - multiplication tests status: start
2021-01-18 15:54:47 INFO  root:244 - multiplication tests status: start
2021-01-18 15:54:56 INFO  root:320 - multiplication tests status: passed
2021-01-19 15:01:06 INFO  root:245 - multiplication tests status: start
2021-01-19 15:01:38 INFO  root:318 - 67,75875387186161 * 321371,4722880665 =  = 21 775 730,49220489
2021-01-19 15:01:39 INFO  root:318 - 7675662861,30731 * 686023,4567102513 =  = 5 265 684 768 656 539
2021-01-19 15:01:40 INFO  root:318 - 603843706237403 * 314,0314134130873 =  = 1,896258925503287e+17
2021-01-19 15:01:41 INFO  root:318 - 56158113,60857843 * 88342,4684838058 =  = 4 961 146 381 575,826
2021-01-19 15:01:42 INFO  root:318 - 8,111773553427265 * 75857438,70716512 =  = 615 338 365,1355118
2021-01-19 15:01:43 INFO  root:318 - 451332004222,306 * 628618224,3247601 =  = 2,837155230751611e+20
2021-01-19 15:01:45 INFO  root:318 - 6,332278417702334 * 774488,1070284507 =  = 4 904 274,324903394
2021-01-19 15:01:46 INFO  root:318 - 236,8312702620562 * 55632,80342146235 =  = 13 175 587,50254419
2021-01-19 15:01:47 INFO  root:318 - 375106558308577 * 4763722,458300232 =  = 1,786903536070274e+21
2021-01-19 15:01:48 INFO  root:318 - 777650543222857 * 5840035272326,817 =  = 4,541506601965595e+27
2021-01-19 15:01:49 INFO  root:318 - 7034,477587611387 * 1521,252556440213 =  = 10 701 217,0133752
2021-01-19 15:01:50 INFO  root:318 - 200763427462751 * 17420,03102212177 =  = 3,497305134508616e+18
2021-01-19 15:01:51 INFO  root:318 - 7176,766628468687 * 1,224021101443585 =  = 8 784,513793381806
2021-01-19 15:01:53 INFO  root:318 - 1073,154362157043 * 330,1231434836465 =  = 354 273,0914784706
2021-01-19 15:01:54 INFO  root:318 - 4457555616,222062 * 4810066777,8256 =  = 2,144114017989966e+19
2021-01-19 15:01:55 INFO  root:318 - 100518035782064 * 314715,6584747212 =  = 3,163459981973786e+19
2021-01-19 15:01:56 INFO  root:318 - 24661745158747 * 5548727,232362217 =  = 1,368412969599165e+20
2021-01-19 15:01:57 INFO  root:318 - 456622455030,017 * 16670310055,30581 =  = 7,612037903565317e+21
2021-01-19 15:01:58 INFO  root:318 - 880,1686045643384 * 7443368,50286181 =  = 6 551 419 268,422028
2021-01-19 15:01:59 INFO  root:318 - 358210367141381 * 23742144,3513226 =  = 8,504682244810934e+21
2021-01-19 15:02:01 INFO  root:321 - multiplication tests status: passed
2021-01-19 15:02:01 INFO  root:377 - subtraction tests status: start
2021-01-19 15:02:12 INFO  root:654 - oneDividedByX tests status: start
2021-01-19 15:02:49 INFO  root:738 - 1/(4,707180087801641)  = 0,2124414153160268
2021-01-19 15:02:50 INFO  root:738 - 1/(42087,16543666177)  = 2,376021263548694e-5
2021-01-19 15:02:50 INFO  root:738 - 1/(67237536,56662388)  = 1,487264482108333e-8
2021-01-19 15:02:51 INFO  root:738 - 1/(447050503548783)  = 2,236883734749844e-15
2021-01-19 15:02:51 INFO  root:738 - 1/(647,4046402566514)  = 0,0015446290276875
2021-01-19 15:02:52 INFO  root:738 - 1/(26411778211,54662)  = 3,786189600679075e-11
2021-01-19 15:02:53 INFO  root:738 - 1/(546005202811,5632)  = 1,831484379362442e-12
2021-01-19 15:02:53 INFO  root:738 - 1/(62465,32823145262)  = 1,600888089941195e-5
2021-01-19 15:02:54 INFO  root:738 - 1/(420874372567877)  = 2,37600591810499e-15
2021-01-19 15:02:54 INFO  root:738 - 1/(25030288,32424841)  = 3,9951597322642e-8
2021-01-19 15:02:55 INFO  root:738 - 1/(4,332451726583327)  = 0,2308161897948309
2021-01-19 15:02:56 INFO  root:738 - 1/(433656666250775)  = 2,305971700252199e-15
2021-01-19 15:02:56 INFO  root:738 - 1/(728822358248007,8)  = 1,372076458252279e-15
2021-01-19 15:02:57 INFO  root:738 - 1/(22616362,57807414)  = 4,421577504109652e-8
2021-01-19 15:02:58 INFO  root:738 - 1/(18508706338871,8)  = 5,402862748434287e-14
2021-01-19 15:02:58 INFO  root:738 - 1/(3604664,705857025)  = 2,774183125479477e-7
2021-01-19 15:02:59 INFO  root:738 - 1/(1,342650181508485)  = 0,7447956390818694
2021-01-19 15:02:59 INFO  root:738 - 1/(5312,088651286523)  = 1,882498703702568e-4
2021-01-19 15:03:00 INFO  root:738 - 1/(5,004323466220343)  = 0,199827210760874
2021-01-19 15:03:01 INFO  root:738 - 1/(17,76602254482122)  = 0,0562872189021002
2021-01-19 15:03:01 INFO  root:741 - oneDividedByX tests status: passed
2021-01-19 15:03:02 INFO  root:326 - exponentOfTwo tests status: start
2021-01-19 15:03:13 INFO  root:369 - 506.7127808871512² = 256 757,8423143901
2021-01-19 15:03:13 INFO  root:369 - 2344.633081571813² = 5 497 304,287200936
2021-01-19 15:03:14 INFO  root:369 - 768.7153787213756² = 590 923,3334827479
2021-01-19 15:03:15 INFO  root:369 - 3.566468307348462² = 12,719696187321
2021-01-19 15:03:15 INFO  root:369 - 846631165632760² = 7,167843306206859e+29
2021-01-19 15:03:16 INFO  root:369 - 5.244321252078555² = 27,50290539500278
2021-01-19 15:03:16 INFO  root:369 - 4.318748441633382² = 18,65158810211077
2021-01-19 15:03:17 INFO  root:369 - 256024606.6201453² = 6,554859919500015e+16
2021-01-19 15:03:18 INFO  root:369 - 4365.20457538274² = 19 055 010,98494241
2021-01-19 15:03:18 INFO  root:369 - 2.335614066748042² = 5,455093068791327
2021-01-19 15:03:19 INFO  root:369 - 557.2073634428645² = 310 480,0458749485
2021-01-19 15:03:20 INFO  root:369 - 221452846176.0125² = 4,904136307945665e+22
2021-01-19 15:03:20 INFO  root:369 - 3364.834147013361² = 11 322 108,83690713
2021-01-19 15:03:21 INFO  root:369 - 46427830177413² = 2,155543414982701e+27
2021-01-19 15:03:21 INFO  root:369 - 640780126845708² = 4,105991709604016e+29
2021-01-19 15:03:22 INFO  root:369 - 440136423.8144406² = 1,937200715681649e+17
2021-01-19 15:03:22 INFO  root:369 - 867122684866828² = 7,519017506106563e+29
2021-01-19 15:03:23 INFO  root:369 - 1.874438006051524² = 3,513517838530413
2021-01-19 15:03:24 INFO  root:369 - 5735.831130564343² = 32 899 758,75835103
2021-01-19 15:03:24 INFO  root:369 - 5.118262013043310² = 26,19660603416216
2021-01-19 15:03:25 INFO  root:372 - exponentOfTwo tests status: passed
2021-01-19 15:04:13 INFO  root:558 - squareRoot tests status: start
2021-01-19 15:04:32 INFO  root:185 - division tests status: start
2021-01-19 15:04:45 INFO  root:237 - 7.111833016776234 / 41432681750.4847 = 1,716479048979985e-10
2021-01-19 15:04:46 INFO  root:237 - 4.065741107773170 / 55883.67807205446 = 7,275364199419633e-5
2021-01-19 15:04:47 INFO  root:237 - 5307231722.178737 / 174512.8506064842 = 30 411,69577904735
2021-01-19 15:04:49 INFO  root:237 - 17114641680174 / 4.883738624663231 = 3 504 413 932 748,946
2021-01-19 15:04:50 INFO  root:237 - 88.63563672874050 / 38525658.50702115 = 2,300691024206296e-6
2021-01-19 15:04:51 INFO  root:237 - 612761745214370 / 762014052.2146866 = 804 134,4427093755
2021-01-19 15:04:52 INFO  root:237 - 44044727117.52084 / 33.62360057078055 = 1 309 934 878,175909
2021-01-19 15:04:53 INFO  root:237 - 5653.548051311155 / 824.4527212741647 = 6,857334454028827
2021-01-19 15:04:54 INFO  root:237 - 5.615450800058647 / 708.0886856686483 = 0,0079304342997035
2021-01-19 15:04:55 INFO  root:237 - 4241872483.150264 / 113844536.6312747 = 37,26022002170425
2021-01-19 15:04:56 INFO  root:237 - 8678.831868323104 / 15561724106848 = 5,577037485521253e-10
2021-01-19 15:04:58 INFO  root:237 - 37738850.40454075 / 5858.225408446807 = 6 442,027708617389
2021-01-19 15:04:59 INFO  root:237 - 62718856.51152524 / 2.673188215341818 = 23 462 192,50540331
2021-01-19 15:05:00 INFO  root:237 - 120178231353805 / 24387501805.58076 = 4 927,861505121602
2021-01-19 15:05:01 INFO  root:237 - 412.118228573505 / 526880232345312 = 7,821857858265726e-13
2021-01-19 15:05:02 INFO  root:237 - 304.3418034027443 / 3210886.445838814 = 9,478435582708309e-5
2021-01-19 15:05:03 INFO  root:237 - 88.22017346042566 / 72.41626225002286 = 1,218237046753926
2021-01-19 15:05:04 INFO  root:237 - 1781532033583.672 / 420586800525.5100 = 4,235824879329793
2021-01-19 15:05:05 INFO  root:237 - 24385055.54620354 / 654140540074234.0 = 3,727800686903803e-8
2021-01-19 15:05:07 INFO  root:237 - 1788425.822741303 / 6.433277354854302 = 277 996,0701355159
2021-01-19 15:05:08 INFO  root:240 - division tests status: passed
2021-01-19 15:05:17 INFO  root:459 - addition tests status: start
2021-01-19 15:21:16 INFO  root:245 - multiplication tests status: start
2021-01-19 15:21:48 INFO  root:318 - 5264771,7236651 * 61681,42303685325 =  = 324 738 611 879,8501
2021-01-19 15:21:49 INFO  root:318 - 2,24472743033866 * 3567,544402580002 =  = 8 008,164779422478
2021-01-19 15:21:50 INFO  root:318 - 1841075,74222887 * 41262047253540,2 =  = 7,596655427319423e+19
2021-01-19 15:21:51 INFO  root:318 - 6866625180144,326 * 480570884107,3451 =  = 3,299900133655717e+24
2021-01-19 15:21:52 INFO  root:318 - 3532224352510,054 * 6,83483121787416 =  = 24 142 157 273 071,06
2021-01-19 15:21:53 INFO  root:318 - 400057003,5513021 * 13,20801801080164 =  = 5 283 960 108,252934
2021-01-19 15:21:55 INFO  root:318 - 73,47172151454603 * 15712744078172,2 =  = 1 154 442 357 140 800
2021-01-19 15:21:56 INFO  root:318 - 230518,5603168212 * 775182883126382 =  = 1,786940422005362e+20
2021-01-19 15:21:57 INFO  root:318 - 4561,414242405405 * 4327856240,323453 =  = 19 741 145 093 694,51
2021-01-19 15:21:58 INFO  root:318 - 862048,1247336578 * 3180,65376680038 =  = 2 741 876 615,097313
2021-01-19 15:21:59 INFO  root:318 - 0,421823130013423 * 207,5748353084553 =  = 87,55986674183341
2021-01-19 15:22:00 INFO  root:318 - 3045524,8615003 * 858305228161670 =  = 2,613989911122053e+21
2021-01-19 15:22:01 INFO  root:318 - 83635118,4201674 * 3631627,710553525 =  = 303 731 613 630 105,5
2021-01-19 15:22:02 INFO  root:318 - 608026,6718470683 * 7617366,167837751 =  = 4 631 561 799 270,844
2021-01-19 15:22:03 INFO  root:318 - 6613186624040,807 * 538040,6370026014 =  = 3,558163143815999e+18
2021-01-19 15:22:05 INFO  root:318 - 83537867,32613448 * 880338432045370,8 =  = 7,354159513830344e+22
2021-01-19 15:22:06 INFO  root:318 - 12,11070175060074 * 511,0250421044762 =  = 6 188,871872015497
2021-01-19 15:22:07 INFO  root:318 - 51500465,37857628 * 223008585084106 =  = 1,148504591524928e+22
2021-01-19 15:22:08 INFO  root:318 - 80548763022505 * 227124,411266373 =  = 1,829459037972104e+19
2021-01-19 15:22:09 INFO  root:318 - 11185,08140203432 * 237311213240064 =  = 2,654345237705641e+18
2021-01-19 15:22:10 INFO  root:321 - multiplication tests status: passed
2021-01-19 15:22:11 INFO  root:377 - subtraction tests status: start
2021-01-19 15:22:22 INFO  root:654 - oneDividedByX tests status: start
2021-01-19 15:22:59 INFO  root:738 - 1/(763,4120550770071)  = 0,0013099085786628
2021-01-19 15:22:59 INFO  root:738 - 1/(1218008182256,414)  = 8,210125470154526e-13
2021-01-19 15:23:00 INFO  root:738 - 1/(0,620438537842121)  = 1,611763194913698
2021-01-19 15:23:00 INFO  root:738 - 1/(280407,6805550683)  = 3,56623612456155e-6
2021-01-19 15:23:01 INFO  root:738 - 1/(2221224437,842522)  = 4,502021420992924e-10
2021-01-19 15:23:02 INFO  root:738 - 1/(7,28316863113455)  = 0,1373028760758246
2021-01-19 15:23:02 INFO  root:738 - 1/(868548,1145238278)  = 1,151346693727197e-6
2021-01-19 15:23:03 INFO  root:738 - 1/(327224817,660232)  = 3,056002925298692e-9
2021-01-19 15:23:03 INFO  root:738 - 1/(2211,611170771644)  = 4,52159047311691e-4
2021-01-19 15:23:04 INFO  root:738 - 1/(25666,38535125444)  = 3,896146599198181e-5
2021-01-19 15:23:05 INFO  root:738 - 1/(6,050224046466501)  = 0,1652831353549672
2021-01-19 15:23:05 INFO  root:738 - 1/(34888,63887508483)  = 2,866262577856353e-5
2021-01-19 15:23:06 INFO  root:738 - 1/(2785,878186320475)  = 3,589532395602614e-4
2021-01-19 15:23:06 INFO  root:738 - 1/(777763443613687)  = 1,285737981401833e-15
2021-01-19 15:23:07 INFO  root:738 - 1/(11,6485367288036)  = 0,0858476925713148
2021-01-19 15:23:07 INFO  root:738 - 1/(57334022641,3148)  = 1,74416507673997e-11
2021-01-19 15:23:08 INFO  root:738 - 1/(313064742315120,6)  = 3,194227470666221e-15
2021-01-19 15:23:09 INFO  root:738 - 1/(366445145288721)  = 2,728921402989534e-15
2021-01-19 15:23:09 INFO  root:738 - 1/(1352043,400267081)  = 7,396212279890285e-7
2021-01-19 15:23:10 INFO  root:738 - 1/(17,63806377865485)  = 0,0566955654854914
2021-01-19 15:23:10 INFO  root:741 - oneDividedByX tests status: passed
2021-01-19 15:23:11 INFO  root:326 - exponentOfTwo tests status: start
2021-01-19 15:23:22 INFO  root:369 - 7233754852216.733² = 5,232720926196913e+25
2021-01-19 15:23:22 INFO  root:369 - 511.4283722708285² = 261 558,9799635891
2021-01-19 15:23:23 INFO  root:369 - 50660.36861533602² = 2 566 472 948,241723
2021-01-19 15:23:24 INFO  root:369 - 1.44157304574625² = 2,07813284622212
2021-01-19 15:23:24 INFO  root:369 - 13153.58483604244² = 173 016 794,0389656
2021-01-19 15:23:25 INFO  root:369 - 710.1056408125775² = 504 250,0211138413
2021-01-19 15:23:25 INFO  root:369 - 143180062.3622321² = 2,050053025805267e+16
2021-01-19 15:23:26 INFO  root:369 - 482577620431083² = 2,328811597409264e+29
2021-01-19 15:23:27 INFO  root:369 - 75633718654422.22² = 5,720459397496296e+27
2021-01-19 15:23:27 INFO  root:369 - 633272861214520.5² = 4,010345167508253e+29
2021-01-19 15:23:28 INFO  root:369 - 252151640555632² = 6,358044983489664e+28
2021-01-19 15:23:28 INFO  root:369 - 77.0356036853538² = 5 934,484235166896
2021-01-19 15:23:29 INFO  root:369 - 56438866.34046431² = 3 185 345 633 796 795
2021-01-19 15:23:30 INFO  root:369 - 41232576.78340346² = 1 700 125 388 199 262
2021-01-19 15:23:30 INFO  root:369 - 665168615060851² = 4,424492864619706e+29
2021-01-19 15:23:31 INFO  root:369 - 33340.16751518653² = 1 111 566 769,940699
2021-01-19 15:23:31 INFO  root:369 - 555.2546712433564² = 308 307,7499375678
2021-01-19 15:23:32 INFO  root:369 - 651285540378113² = 4,241728551056107e+29
2021-01-19 15:23:33 INFO  root:369 - 612222.5165583727² = 374 816 409 781,0669
2021-01-19 15:23:33 INFO  root:369 - 24.11781028478303² = 581,6687729327861
2021-01-19 15:23:34 INFO  root:372 - exponentOfTwo tests status: passed
2021-01-19 15:24:23 INFO  root:558 - squareRoot tests status: start
2021-01-19 15:24:41 INFO  root:185 - division tests status: start
2021-01-19 15:24:55 INFO  root:237 - 348487886572215 / 62611250382.18386 = 5 565,898851165219
2021-01-19 15:24:56 INFO  root:237 - 860.4873443826535 / 880363436638430 = 9,774228558018366e-13
2021-01-19 15:24:57 INFO  root:237 - 3.486281433874326 / 881326010121461 = 3,95572284697902e-15
2021-01-19 15:24:58 INFO  root:237 - 180104372716158 / 650.6345877428665 = 276 813 400 500,2144
2021-01-19 15:24:59 INFO  root:237 - 15451354187.4820 / 31.08608737615122 = 497 050 465,0686933
2021-01-19 15:25:00 INFO  root:237 - 531438.3062356051 / 15230.50034603308 = 34,89303004901103
2021-01-19 15:25:01 INFO  root:237 - 720651303024372 / 6.240576700731640 = 115 478 318 364 372,2
2021-01-19 15:25:02 INFO  root:237 - 57751764220.02347 / 65843001.83652281 = 877,1131723825634
2021-01-19 15:25:04 INFO  root:237 - 7301517.502745308 / 3636.136622356174 = 2 008,04267305391
2021-01-19 15:25:05 INFO  root:237 - 2100388.775222568 / 2282658525242.301 = 9,201502335964223e-7
2021-01-19 15:25:06 INFO  root:237 - 716143108803066 / 382835.2831620240 = 1 870 629 851,272039
2021-01-19 15:25:07 INFO  root:237 - 6158464687.178757 / 210757747.6030224 = 29,22058504239984
2021-01-19 15:25:08 INFO  root:237 - 613820816380241.7 / 425737512026566 = 1,441782316663558
2021-01-19 15:25:09 INFO  root:237 - 38073057275453 / 7136.647623066363 = 5 334 865 792,223936
2021-01-19 15:25:10 INFO  root:237 - 27140.1735872015 / 1344.427243167340 = 20,18716425536118
2021-01-19 15:25:11 INFO  root:237 - 160624032865117 / 550014736132042 = 0,2920358716108217
2021-01-19 15:25:13 INFO  root:237 - 30770008682.65813 / 753534740783.1107 = 0,0408342270333554
2021-01-19 15:25:14 INFO  root:237 - 340227435175.310 / 716235.780782064 = 475 021,5561749969
2021-01-19 15:25:15 INFO  root:237 - 630.1352227278741 / 826.4262448127268 = 0,7624821049465419
2021-01-19 15:25:16 INFO  root:237 - 43652.42802077483 / 56226586754.73074 = 7,763663160133412e-7
2021-01-19 15:25:17 INFO  root:240 - division tests status: passed
2021-01-19 15:25:27 INFO  root:459 - addition tests status: start
2021-01-19 15:28:51 INFO  root:459 - addition tests status: start
2021-01-19 15:29:46 INFO  root:550 - 5817.814710573162 * 68.35601657671383 = 5 886,170727149876
2021-01-19 15:29:47 INFO  root:550 - 4.271327882432631 * 85625.34221211521 = 85 629,61353999764
2021-01-19 15:29:48 INFO  root:550 - 8854.417568104382 * 56310123265.1660 = 56 310 132 119,58357
2021-01-19 15:29:50 INFO  root:550 - 723545241628428 * 5224762382065.667 = 728 770 004 010 493,7
2021-01-19 15:29:51 INFO  root:550 - 12210558200.81186 * 1664.027612583825 = 12 210 559 864,83947
2021-01-19 15:29:52 INFO  root:550 - 410757831313045.5 * 874474.2376220403 = 410 757 832 187 519,7
2021-01-19 15:29:53 INFO  root:550 - 34.38306261726057 * 507873202501582.5 = 507 873 202 501 616,9
2021-01-19 15:29:54 INFO  root:550 - 38651.63020374528 * 54160174.86677828 = 54 198 826,49698203
2021-01-19 15:29:55 INFO  root:550 - 443500751778163 * 6.404514276184578 = 443 500 751 778 169,4
2021-01-19 15:29:56 INFO  root:550 - 72262504.71780341 * 425.361864034830 = 72 262 930,07966744
2021-01-19 15:29:57 INFO  root:550 - 706884254085252 * 15872365707207.33 = 722 756 619 792 459,3
2021-01-19 15:29:59 INFO  root:550 - 463145581615244 * 87161022.50716822 = 463 145 668 776 266,5
2021-01-19 15:30:00 INFO  root:550 - 57261630810386 * 1448714140.167030 = 57 263 079 524 526,17
2021-01-19 15:30:01 INFO  root:550 - 6.087652455860006 * 258302150875350 = 258 302 150 875 356,1
2021-01-19 15:30:02 INFO  root:550 - 2457132.826834253 * 3078764.053600180 = 5 535 896,880434433
2021-01-19 15:30:03 INFO  root:550 - 13.33468372735658 * 26.37457008185446 = 39,70925380921104
2021-01-19 15:30:04 INFO  root:550 - 53703.47254667356 * 62241.23677011033 = 115 944,7093167839
2021-01-19 15:30:05 INFO  root:550 - 2881112520841.85 * 60641.36885773733 = 2 881 112 581 483,219
2021-01-19 15:30:07 INFO  root:550 - 12.16273770000888 * 0.415146840542012 = 12,57788454055089
2021-01-19 15:30:08 INFO  root:550 - 307883486286112 * 65262372302711.13 = 373 145 858 588 823,1
2021-01-19 15:30:09 INFO  root:553 - addition tests status: passed
2021-01-19 15:30:09 INFO  root:558 - squareRoot tests status: start
2021-01-19 15:30:16 INFO  root:377 - subtraction tests status: start
2021-01-19 15:31:20 INFO  root:459 - addition tests status: start
2021-01-19 15:32:16 INFO  root:550 - 434.4750248181734 * 38.60067282765554 = 473,0756976458289
2021-01-19 15:32:17 INFO  root:550 - 1023.433047712584 * 14525824574637 = 14 525 824 575 660,43
2021-01-19 15:32:18 INFO  root:550 - 628204517805238 * 343571026810.0566 = 628 548 088 832 048,1
2021-01-19 15:32:19 INFO  root:550 - 77373.03484534288 * 744667424060651 = 744 667 424 138 024
2021-01-19 15:32:20 INFO  root:550 - 444543514171317 * 7775855.648828553 = 444 543 521 947 172,6
2021-01-19 15:32:21 INFO  root:550 - 4215.137347354702 * 2725148625348.464 = 2 725 148 629 563,601
2021-01-19 15:32:22 INFO  root:550 - 55873.84150120821 * 3567853564.482084 = 3 567 909 438,323585
2021-01-19 15:32:24 INFO  root:550 - 13.18137448200737 * 412.485340708866 = 425,6667151908734
2021-01-19 15:32:25 INFO  root:550 - 213234.1367807456 * 732.2687052365066 = 213 966,4054859821
2021-01-19 15:32:26 INFO  root:550 - 330153707473.0200 * 35610303287.28143 = 365 764 010 760,3014
2021-01-19 15:32:27 INFO  root:550 - 206786306602852 * 262252466877306 = 469 038 773 480 158
2021-01-19 15:32:28 INFO  root:550 - 54.52756211572228 * 201358338.7472004 = 201 358 393,2747625
2021-01-19 15:32:29 INFO  root:550 - 477446.3365786740 * 6.644322624134804 = 477 452,9809012981
2021-01-19 15:32:30 INFO  root:550 - 3.581231665333627 * 568012261720452 = 568 012 261 720 455,6
2021-01-19 15:32:31 INFO  root:550 - 32558301278327 * 238241331.4427175 = 32 558 539 519 658,44
2021-01-19 15:32:32 INFO  root:550 - 11403314438.34027 * 143423403846385 = 143 434 807 160 823,3
2021-01-19 15:32:33 INFO  root:550 - 36.83741774807356 * 6128366.280254033 = 6 128 403,117671781
2021-01-19 15:32:35 INFO  root:550 - 8427.653757063643 * 270156448108025 = 270 156 448 116 452,7
2021-01-19 15:32:36 INFO  root:550 - 346115465.383178 * 70145.56170410038 = 346 185 610,9448821
2021-01-19 15:32:37 INFO  root:550 - 575707511563738.5 * 33546541058701 = 609 254 052 622 439,5
2021-01-19 15:32:38 INFO  root:553 - addition tests status: passed
2021-01-19 15:32:38 INFO  root:558 - squareRoot tests status: start
2021-01-19 15:32:49 INFO  root:585 - √(201005786,336634)  = 14 177,65094564801
2021-01-19 15:32:49 INFO  root:585 - √(43,17633680607872)  = 6,570870323334552
2021-01-19 15:32:50 INFO  root:585 - √(552135183737411)  = 23 497 556,97380923
2021-01-19 15:32:51 INFO  root:585 - √(1408,251206803735)  = 37,52667327120451
2021-01-19 15:32:51 INFO  root:585 - √(1,306078481064487)  = 1,142837906732397
2021-01-19 15:32:52 INFO  root:585 - √(6802601,31548408)  = 2 608,179693863918
2021-01-19 15:32:52 INFO  root:585 - √(635876476853475)  = 25 216 591,30123409
2021-01-19 15:32:53 INFO  root:585 - √(681867585850588)  = 26 112 594,39141557
2021-01-19 15:32:54 INFO  root:585 - √(60224,06571212453)  = 245,4059202874383
2021-01-19 15:32:54 INFO  root:585 - √(116505614,3523457)  = 10 793,77664917825
2021-01-19 15:32:55 INFO  root:585 - √(6833748033,08547)  = 82 666,48675905775
2021-01-19 15:32:56 INFO  root:585 - √(5504505,533735731)  = 2 346,168266287764
2021-01-19 15:32:56 INFO  root:585 - √(834060,312828586)  = 913,2690254402511
2021-01-19 15:32:57 INFO  root:585 - √(7780818,477745851)  = 2 789,411851581951
2021-01-19 15:32:58 INFO  root:585 - √(182711315,2371242)  = 13 517,07495122832
2021-01-19 15:32:58 INFO  root:585 - √(45412220360,38203)  = 213 101,4320936911
2021-01-19 15:32:59 INFO  root:585 - √(60,44663251076618)  = 7,774743244041322
2021-01-19 15:32:59 INFO  root:585 - √(51648,50381871502)  = 227,2630718324361
2021-01-19 15:33:00 INFO  root:585 - √(317744114,1610656)  = 17 825,37837357361
2021-01-19 15:33:01 INFO  root:585 - √(73373,4631382875)  = 270,8753645835802
2021-01-19 15:33:01 INFO  root:588 - squareRoot tests status: passed
2021-01-19 15:33:02 INFO  root:377 - subtraction tests status: start
2021-01-19 15:33:42 INFO  root:459 - addition tests status: start
2021-01-19 15:34:38 INFO  root:550 - 5112730116108.265 * 45110551016.60752 = 5 157 840 667 124,873
2021-01-19 15:34:39 INFO  root:550 - 8.443334022058582 * 568341610273.4886 = 568 341 610 281,9319
2021-01-19 15:34:40 INFO  root:550 - 601.861804556877 * 31444817260.4357 = 31 444 817 862,2975
2021-01-19 15:34:41 INFO  root:550 - 633760046.5248710 * 54330330.05227178 = 688 090 376,5771428
2021-01-19 15:34:42 INFO  root:550 - 305732208221410 * 857002386257401 = 1 162 734 594 478 811
2021-01-19 15:34:43 INFO  root:550 - 35.24355634380124 * 2687010403.781072 = 2 687 010 439,024628
2021-01-19 15:34:44 INFO  root:550 - 8.046718826154588 * 3.360436350205125 = 11,40715517635971
2021-01-19 15:34:46 INFO  root:550 - 248768.8606408845 * 652545420413547 = 652 545 420 662 315,9
2021-01-19 15:34:47 INFO  root:550 - 66.76151703246830 * 871648770775206 = 871 648 770 775 272,8
2021-01-19 15:34:48 INFO  root:550 - 272.8461037174828 * 315448464685337 = 315 448 464 685 609,8
2021-01-19 15:34:49 INFO  root:550 - 726706410.3752685 * 73578244354.06380 = 74 304 950 764,43907
2021-01-19 15:34:50 INFO  root:550 - 86008105.74270337 * 82253.54353363281 = 86 090 359,286237
2021-01-19 15:34:51 INFO  root:550 - 535205334.5405276 * 504.2123687652501 = 535 205 838,7528964
2021-01-19 15:34:52 INFO  root:550 - 765740704856776 * 50.85774360525251 = 765 740 704 856 826,9
2021-01-19 15:34:53 INFO  root:550 - 3263.351078832725 * 387737067772542.0 = 387 737 067 775 805,4
2021-01-19 15:34:55 INFO  root:550 - 106168.5657730432 * 23.88641148461146 = 106 192,4521845278
2021-01-19 15:34:56 INFO  root:550 - 106617430704625 * 5530.251725384370 = 106 617 430 710 155,3
2021-01-19 15:34:57 INFO  root:550 - 3.71874303668464 * 1187810.275111114 = 1 187 813,993854151
2021-01-19 15:34:58 INFO  root:550 - 148.6437153283254 * 1085451763.661671 = 1 085 451 912,305386
2021-01-19 15:34:59 INFO  root:550 - 55027.55011703547 * 83584058.03157172 = 83 639 085,58168876
2021-01-19 15:35:00 INFO  root:553 - addition tests status: passed
2021-01-19 15:35:01 INFO  root:558 - squareRoot tests status: start
2021-01-19 15:35:11 INFO  root:585 - √(25642451703630)  = 5 063 837,645860104
2021-01-19 15:35:12 INFO  root:585 - √(306233544842061)  = 17 499 529,84631476
2021-01-19 15:35:12 INFO  root:585 - √(851128346120,46)  = 922 566,1743855885
2021-01-19 15:35:13 INFO  root:585 - √(66682,42371453721)  = 258,2294013363645
2021-01-19 15:35:14 INFO  root:585 - √(54830652826336,44)  = 7 404 772,300775794
2021-01-19 15:35:14 INFO  root:585 - √(310,3508680466041)  = 17,61677802683011
2021-01-19 15:35:15 INFO  root:585 - √(77517272034418)  = 8 804 389,361813686
2021-01-19 15:35:15 INFO  root:585 - √(76700,50362084574)  = 276,948557715771
2021-01-19 15:35:16 INFO  root:585 - √(87737154,55724143)  = 9 366,811333492387
2021-01-19 15:35:17 INFO  root:585 - √(7011778272076,621)  = 2 647 976,259726779
2021-01-19 15:35:17 INFO  root:585 - √(257134,646357408)  = 507,0844568288482
2021-01-19 15:35:18 INFO  root:585 - √(6574443,742647431)  = 2 564,067811632023
2021-01-19 15:35:19 INFO  root:585 - √(243137,7302050372)  = 493,0899818542628
2021-01-19 15:35:19 INFO  root:585 - √(178618550483820)  = 13 364 825,11983677
2021-01-19 15:35:20 INFO  root:585 - √(88742437050271)  = 9 420 320,432462529
2021-01-19 15:35:20 INFO  root:585 - √(144732864670604)  = 12 030 497,27445229
2021-01-19 15:35:21 INFO  root:585 - √(754244,7544035832)  = 868,4726561058691
2021-01-19 15:35:22 INFO  root:585 - √(726618650672871)  = 26 955 864,86597807
2021-01-19 15:35:22 INFO  root:585 - √(327478,727224677)  = 572,2575707010585
2021-01-19 15:35:23 INFO  root:585 - √(426,6050514722281)  = 20,65441965953602
2021-01-19 15:35:24 INFO  root:588 - squareRoot tests status: passed
2021-01-19 15:35:24 INFO  root:377 - subtraction tests status: start
2021-01-19 15:36:08 INFO  root:377 - subtraction tests status: start
2021-01-19 15:36:53 INFO  root:377 - subtraction tests status: start
2021-01-19 15:37:47 INFO  root:377 - subtraction tests status: start
2021-01-19 15:38:31 INFO  root:377 - subtraction tests status: start
2021-01-19 15:38:53 INFO  root:377 - subtraction tests status: start
2021-01-19 15:40:09 INFO  root:377 - subtraction tests status: start
2021-01-19 15:40:40 INFO  root:377 - subtraction tests status: start
2021-01-19 15:41:04 INFO  root:377 - subtraction tests status: start
2021-01-19 15:41:25 INFO  root:377 - subtraction tests status: start
2021-01-19 15:41:46 INFO  root:377 - subtraction tests status: start
2021-01-19 15:42:15 INFO  root:377 - subtraction tests status: start
2021-01-19 15:42:28 INFO  root:451 - 40,1536648800383 - 28,40485477263806 =  = 11,74881010740024
2021-01-19 15:42:29 INFO  root:451 - 13,83165644607505 - 86836728450,31677 =  = -86 836 728 436,48511
2021-01-19 15:42:31 INFO  root:451 - 818366675734422,3 - 631857,6612446 =  = 818 366 675 102 564,6
2021-01-19 15:42:32 INFO  root:451 - 2026,232653455474 - 8528,828703082236 =  = -6 502,596049626762
2021-01-19 15:42:33 INFO  root:451 - 80635445646537 - 7,53248313242072 =  = 80 635 445 646 529,47
2021-01-19 15:42:34 INFO  root:451 - 610424557762741,2 - 8,776376003153342 =  = 610 424 557 762 732,4
2021-01-19 15:42:35 INFO  root:451 - 838477,6767500366 - 823713534300304 =  = -823 713 533 461 826,3
2021-01-19 15:42:36 INFO  root:451 - 41315762,54786561 - 57,740383613031 =  = 41 315 704,807482
2021-01-19 15:42:37 INFO  root:451 - 624770831411106 - 533417002611124 =  = 91 353 828 799 982
2021-01-19 15:42:38 INFO  root:451 - 1125,602522017088 - 528,7384672243377 =  = 596,8640547927503
2021-01-19 15:42:39 INFO  root:451 - 85367432828858 - 411663178,8303668 =  = 85 367 021 165 679,17
2021-01-19 15:42:41 INFO  root:451 - 74754,21351076145 - 7487,428382473861 =  = 67 266,78512828759
2021-01-19 15:42:42 INFO  root:451 - 6030435010485,656 - 46,3630453215 =  = 6 030 435 010 439,293
2021-01-19 15:42:43 INFO  root:451 - 24028730774230,5 - 7,586123221350811 =  = 24 028 730 774 222,91
2021-01-19 15:42:44 INFO  root:451 - 6,867848237834766 - 433055353,0027648 =  = -433 055 346,1349166
2021-01-19 15:42:45 INFO  root:451 - 410534618476,1117 - 4255,220786686278 =  = 410 534 614 220,8909
2021-01-19 15:42:46 INFO  root:451 - 86765,6504768356 - 238,810277626731 =  = 86 526,84019920887
2021-01-19 15:42:47 INFO  root:451 - 7651,110176818544 - 4,326145453443551 =  = 7 646,7840313651
2021-01-19 15:42:49 INFO  root:451 - 37,8180548766521 - 24,36654867325672 =  = 13,45150620339538
2021-01-19 15:42:50 INFO  root:451 - 774118673816736 - 377245380065828 =  = 396 873 293 750 908
2021-01-19 15:42:51 INFO  root:454 - subtraction tests status: passed
2021-01-19 15:47:03 INFO  root:377 - subtraction tests status: start
2021-01-19 15:47:35 INFO  root:451 - 820570,4576172611 - 4258074,20702138 =  = -3 437 503,749404119
2021-01-19 15:47:36 INFO  root:451 - 536527321814253 - 281623667420650 =  = 254 903 654 393 603
2021-01-19 15:47:37 INFO  root:451 - 27506,5148284335 - 420860118037187 =  = -420 860 118 009 680,5
2021-01-19 15:47:38 INFO  root:451 - 575,0561100443654 - 762703866,3643672 =  = -762 703 291,3082572
2021-01-19 15:47:40 INFO  root:451 - 21,35607405536647 - 4542275661,804184 =  = -4 542 275 640,44811
2021-01-19 15:47:41 INFO  root:451 - 83783426571,3724 - 52,186475005866 =  = 83 783 426 519,18592
2021-01-19 15:47:42 INFO  root:451 - 38,50808405833378 - 8,777846706422348 =  = 29,73023735191143
2021-01-19 15:47:43 INFO  root:451 - 60,44002358634366 - 76145360134451,1 =  = -76 145 360 134 390,66
2021-01-19 15:47:44 INFO  root:451 - 4848848,42453342 - 758757350351164 =  = -758 757 345 502 315,6
2021-01-19 15:47:45 INFO  root:451 - 150,7156611132207 - 5584,535033880758 =  = -5 433,819372767537
2021-01-19 15:47:46 INFO  root:451 - 154354,2576176182 - 7786,073743264262 =  = 146 568,1838743539
2021-01-19 15:47:48 INFO  root:451 - 22,83221083188065 - 12850137,57606076 =  = -12 850 114,74384993
2021-01-19 15:47:49 INFO  root:451 - 60427,14074028361 - 8751706,17666128 =  = -8 691 279,035920996
2021-01-19 15:47:50 INFO  root:451 - 207353,1256543547 - 868104,361033467 =  = -660 751,2353791123
2021-01-19 15:47:51 INFO  root:451 - 24,87681410550166 - 432380513327617 =  = -432 380 513 327 592,1
2021-01-19 15:47:52 INFO  root:451 - 46,5843410084236 - 138244545633624 =  = -138 244 545 633 577,4
2021-01-19 15:47:53 INFO  root:451 - 7,812374330557401 - 860,2012501067237 =  = -852,3888757761663
2021-01-19 15:47:54 INFO  root:451 - 16,36885543437504 - 2,804064522423833 =  = 13,56479091195121
2021-01-19 15:47:56 INFO  root:451 - 25087182,55783273 - 610868787424347 =  = -610 868 762 337 164,4
2021-01-19 15:47:57 INFO  root:451 - 258530846348610 - 2,32002310447113 =  = 258 530 846 348 607,7
2021-01-19 15:47:58 INFO  root:454 - subtraction tests status: passed
2021-01-19 15:48:34 INFO  root:377 - subtraction tests status: start
2021-01-19 15:49:06 INFO  root:451 - 122651204862518,3 - 2262,137716262703 =  = 122 651 204 860 256,2
2021-01-19 15:49:07 INFO  root:451 - 187347647,3474812 - 7,56131537162126 =  = 187 347 639,7861658
2021-01-19 15:49:08 INFO  root:451 - 2,786265011206807 - 3107331857851,305 =  = -3 107 331 857 848,519
2021-01-19 15:49:09 INFO  root:451 - 833472172,1646432 - 170211830863287 =  = -170 210 997 391 114,8
2021-01-19 15:49:10 INFO  root:451 - 3538,606274882684 - 717135821762214,7 =  = -717 135 821 758 676,1
2021-01-19 15:49:12 INFO  root:451 - 450447007578181,4 - 86806188,13617143 =  = 450 446 920 771 993,3
2021-01-19 15:49:13 INFO  root:451 - 608,1412101251777 - 104154,7521801746 =  = -103 546,6109700494
2021-01-19 15:49:14 INFO  root:451 - 420,3708187275345 - 758115836,238522 =  = -758 115 415,8677033
2021-01-19 15:49:15 INFO  root:451 - 7576615478668,555 - 150152732877775 =  = -142 576 117 399 106,4
2021-01-19 15:49:16 INFO  root:451 - 177,5881633361651 - 77,67173518788508 =  = 99,91642814828002
2021-01-19 15:49:17 INFO  root:451 - 722,4160818285851 - 7307708,153100053 =  = -7 306 985,737018224
2021-01-19 15:49:18 INFO  root:451 - 268873563158436 - 838,5332200287352 =  = 268 873 563 157 597,5
2021-01-19 15:49:20 INFO  root:451 - 738602886,6682538 - 414560,7585545676 =  = 738 188 325,9096992
2021-01-19 15:49:21 INFO  root:451 - 77,64382705634084 - 137812478,152203 =  = -137 812 400,5083759
2021-01-19 15:49:22 INFO  root:451 - 67257783,17548084 - 2,364707546851823 =  = 67 257 780,81077329
2021-01-19 15:49:23 INFO  root:451 - 1,122625384626453 - 314435584018243 =  = -314 435 584 018 241,9
2021-01-19 15:49:24 INFO  root:451 - 2,843664752088605 - 672724,8174027871 =  = -672 721,973738035
2021-01-19 15:49:25 INFO  root:451 - 5767013016,255388 - 771163775008885 =  = -771 158 007 995 868,7
2021-01-19 15:49:26 INFO  root:451 - 433283608641142 - 74401162813,76057 =  = 433 209 207 478 328,2
2021-01-19 15:49:28 INFO  root:451 - 26,77362766188365 - 2063835658,685827 =  = -2 063 835 631,912199
2021-01-19 15:49:29 INFO  root:454 - subtraction tests status: passed
2021-01-19 15:50:13 INFO  root:377 - subtraction tests status: start
2021-01-19 15:50:45 INFO  root:451 - 70168614266,35701 - 53028310815,86064 =  = 17 140 303 450,49637
2021-01-19 15:50:46 INFO  root:451 - 74574484370208,7 - 438834615,280426 =  = 74 574 045 535 593,42
2021-01-19 15:50:48 INFO  root:451 - 32220,2125660631 - 662,55847766768 =  = 31 557,65408839542
2021-01-19 15:50:49 INFO  root:451 - 722164370333703 - 7014,786128846765 =  = 722 164 370 326 688,2
2021-01-19 15:50:50 INFO  root:451 - 555810346025570 - 16,3687445156144 =  = 555 810 346 025 553,6
2021-01-19 15:50:51 INFO  root:451 - 762545,8818032357 - 47626888,41834761 =  = -46 864 342,53654437
2021-01-19 15:50:52 INFO  root:451 - 3846522521638,038 - 402,8688325788038 =  = 3 846 522 521 235,169
2021-01-19 15:50:53 INFO  root:451 - 5400,456683821783 - 312285462824,6145 =  = -312 285 457 424,1578
2021-01-19 15:50:54 INFO  root:451 - 36415,37726234108 - 3574633187568,643 =  = -3 574 633 151 153,266
2021-01-19 15:50:56 INFO  root:451 - 232,1311854072725 - 347274420548428 =  = -347 274 420 548 195,9
2021-01-19 15:50:57 INFO  root:451 - 461641,0526248187 - 1363,551135876057 =  = 460 277,5014889426
2021-01-19 15:50:58 INFO  root:451 - 83,52737141840414 - 650048043,417648 =  = -650 047 959,8902766
2021-01-19 15:50:59 INFO  root:451 - 772302005123677 - 48,7387631677718 =  = 772 302 005 123 628,3
2021-01-19 15:51:00 INFO  root:451 - 547850102685738 - 68,71628842820558 =  = 547 850 102 685 669,3
2021-01-19 15:51:01 INFO  root:451 - 2018867,20225824 - 68,86563044147728 =  = 2 018 798,336627799
2021-01-19 15:51:02 INFO  root:451 - 108834077526337 - 385176761240467 =  = -276 342 683 714 130
2021-01-19 15:51:03 INFO  root:451 - 6727636050,646438 - 60406426,8583574 =  = 6 667 229 623,788081
2021-01-19 15:51:05 INFO  root:451 - 128347733553036 - 4182021,123747343 =  = 128 347 729 371 014,9
2021-01-19 15:51:06 INFO  root:451 - 673566722184422 - 755160158544508 =  = -81 593 436 360 086
2021-01-19 15:51:07 INFO  root:451 - 858836031625705 - 125833243836052 =  = 733 002 787 789 653
2021-01-19 15:51:08 INFO  root:454 - subtraction tests status: passed
2021-01-19 16:17:37 INFO  root:245 - multiplication tests status: start
2021-01-19 16:22:48 INFO  root:245 - multiplication tests status: start
2021-01-19 16:23:19 INFO  root:318 - 507,6770050031383 * 57,35733468057486 =  = 29 118,99988559688
2021-01-19 16:23:21 INFO  root:318 - 641278501560650 * 55670351,30606844 =  = 3,570019946691054e+22
2021-01-19 16:23:22 INFO  root:318 - 160572685811087 * 33878673785,28837 =  = 5,439989641421419e+24
2021-01-19 16:23:23 INFO  root:318 - 8442621264,576881 * 702308350456135 =  = 5,929323413850878e+24
2021-01-19 16:23:24 INFO  root:318 - 663780125848527 * 20607101,45008458 =  = 1,367858439391051e+22
2021-01-19 16:23:25 INFO  root:318 - 816,7355272400661 * 22514,55473661041 =  = 18 388 436,73338083
2021-01-19 16:23:26 INFO  root:318 - 2851687856563,561 * 5832325451,884464 =  = 1,663197166666551e+22
2021-01-19 16:23:27 INFO  root:318 - 130856645625,1675 * 466632013,2146824 =  = 6,106189999059217e+19
2021-01-19 16:23:29 INFO  root:318 - 507451,4746636561 * 3441,617848643466 =  = 1 746 454 052,522886
2021-01-19 16:23:30 INFO  root:318 - 4653543723,36057 * 60147,53036077157 =  = 279 899 162 386 007,9
2021-01-19 16:23:31 INFO  root:318 - 328552470572051 * 34247735612,02642 =  = 1,125217814682969e+25
2021-01-19 16:23:32 INFO  root:318 - 5518716038,106422 * 301,0114287516504 =  = 1 661 196 599 505,062
2021-01-19 16:23:33 INFO  root:318 - 40242,61680438505 * 7550735372,085674 =  = 303 861 350 170 159,5
2021-01-19 16:23:34 INFO  root:318 - 2,708444583754858 * 242187,7811386211 =  = 655 952,1840765053
2021-01-19 16:23:35 INFO  root:318 - 34320,25167850174 * 14233806,20724818 =  = 488 507 811 375,7778
2021-01-19 16:23:37 INFO  root:318 - 150305,310843424 * 6012570281578,654 =  = 9,03721245140613e+17
2021-01-19 16:23:38 INFO  root:318 - 5178658,65817338 * 2861771731884,871 =  = 1,482013895704142e+19
2021-01-19 16:23:39 INFO  root:318 - 54716761,82236323 * 1147538588,072303 =  = 6,278959560552319e+16
2021-01-19 16:23:40 INFO  root:318 - 804614168172200 * 15,12065786765532 =  = 1,216629555239992e+16
2021-01-19 16:23:41 INFO  root:318 - 2,6651561281274 * 542846,3046100284 =  = 1 446 770,15536273
2021-01-19 16:23:42 INFO  root:321 - multiplication tests status: passed
2021-01-19 16:23:43 INFO  root:377 - subtraction tests status: start
2021-01-19 16:24:15 INFO  root:451 - 82843,66888722067 - 587582146267283 =  = -587 582 146 184 439,3
2021-01-19 16:24:16 INFO  root:451 - 804764675472,5458 - 70,5673812377564 =  = 804 764 675 401,9784
2021-01-19 16:24:17 INFO  root:451 - 17644676,65272766 - 551643762747457 =  = -551 643 745 102 780,3
2021-01-19 16:24:18 INFO  root:451 - 11743,6827716134 - 877416503633075 =  = -877 416 503 621 331,3
2021-01-19 16:24:19 INFO  root:451 - 3124836,015654401 - 48807,05410840483 =  = 3 076 028,961545996
2021-01-19 16:24:20 INFO  root:451 - 724571016138000 - 22741232708680,3 =  = 701 829 783 429 319,7
2021-01-19 16:24:22 INFO  root:451 - 1306371888203,26 - 424,7082621540132 =  = 1 306 371 887 778,552
2021-01-19 16:24:23 INFO  root:451 - 33747,85013262188 - 7626713,315155657 =  = -7 592 965,465023035
2021-01-19 16:24:24 INFO  root:451 - 207863437304663 - 33268145,85068108 =  = 207 863 404 036 517,1
2021-01-19 16:24:25 INFO  root:451 - 2682221816,675821 - 51818280175150,14 =  = -51 815 597 953 333,46
2021-01-19 16:24:26 INFO  root:451 - 8,885728804162464 - 151550423833181 =  = -151 550 423 833 172,1
2021-01-19 16:24:27 INFO  root:451 - 565810358315247,4 - 42,11843238713275 =  = 565 810 358 315 205,3
2021-01-19 16:24:28 INFO  root:451 - 612667888880645 - 880331,3326326663 =  = 612 667 888 000 313,7
2021-01-19 16:24:30 INFO  root:451 - 323245564828028 - 852118475206010 =  = -528 872 910 377 982
2021-01-19 16:24:31 INFO  root:451 - 855607658400573 - 777,8673210326345 =  = 855 607 658 399 795,1
2021-01-19 16:24:32 INFO  root:451 - 365861766617105 - 725845127407515 =  = -359 983 360 790 410
2021-01-19 16:24:33 INFO  root:451 - 886056755354357 - 42564020410054,51 =  = 843 492 734 944 302,5
2021-01-19 16:24:34 INFO  root:451 - 34065754085,205 - 2166846,158084031 =  = 34 063 587 239,04692
2021-01-19 16:24:35 INFO  root:451 - 4570317504,773715 - 617,4347705032775 =  = 4 570 316 887,338944
2021-01-19 16:24:36 INFO  root:451 - 3256502,57351676 - 573868074822180 =  = -573 868 071 565 677,4
2021-01-19 16:24:37 INFO  root:454 - subtraction tests status: passed
2021-01-19 16:24:40 INFO  root:654 - oneDividedByX tests status: start
2021-01-19 16:25:18 INFO  root:738 - 1/(84106836,30871557)  = 1,188963993758466e-8
2021-01-19 16:25:18 INFO  root:738 - 1/(164410728543146)  = 6,082328135524148e-15
2021-01-19 16:25:19 INFO  root:738 - 1/(43,48413156603328)  = 0,0229968948208484
2021-01-19 16:25:19 INFO  root:738 - 1/(548427436,0326387)  = 1,823395283128189e-9
2021-01-19 16:25:20 INFO  root:738 - 1/(30516,45562562118)  = 3,276920531886456e-5
2021-01-19 16:25:21 INFO  root:738 - 1/(385737303118728)  = 2,592437889503793e-15
2021-01-19 16:25:21 INFO  root:738 - 1/(660171067850537)  = 1,514758899168239e-15
2021-01-19 16:25:22 INFO  root:738 - 1/(68,10366730617274)  = 0,0146834970795965
2021-01-19 16:25:22 INFO  root:738 - 1/(1228461,441354701)  = 8,140263636579734e-7
2021-01-19 16:25:23 INFO  root:738 - 1/(7080,61633873301)  = 1,412306432322441e-4
2021-01-19 16:25:24 INFO  root:738 - 1/(56,30264780575467)  = 0,0177611540304467
2021-01-19 16:25:24 INFO  root:738 - 1/(7373754873431,008)  = 1,356161165057417e-13
2021-01-19 16:25:25 INFO  root:738 - 1/(706145023264,4211)  = 1,416139698014331e-12
2021-01-19 16:25:26 INFO  root:738 - 1/(633587818853032)  = 1,578313171819298e-15
2021-01-19 16:25:26 INFO  root:738 - 1/(206026020704500)  = 4,853755834241369e-15
2021-01-19 16:25:27 INFO  root:738 - 1/(203078343207840)  = 4,924207988916635e-15
2021-01-19 16:25:27 INFO  root:738 - 1/(30342044517272)  = 3,295756815038475e-14
2021-01-19 16:25:28 INFO  root:738 - 1/(1,526011732036217)  = 0,6553029567247566
2021-01-19 16:25:28 INFO  root:738 - 1/(40088806023753,85)  = 2,494461918889451e-14
2021-01-19 16:25:29 INFO  root:738 - 1/(447310434765220)  = 2,235583885998256e-15
2021-01-19 16:25:29 INFO  root:741 - oneDividedByX tests status: passed
2021-01-19 16:25:30 INFO  root:326 - exponentOfTwo tests status: start
2021-01-19 16:25:41 INFO  root:369 - 4100142613.452534² = 1,681116945064938e+19
2021-01-19 16:25:42 INFO  root:369 - 1105.752860612037² = 1 222 689,388751703
2021-01-19 16:25:42 INFO  root:369 - 288637341345771.7² = 8,331151481915553e+28
2021-01-19 16:25:43 INFO  root:369 - 884155225.1471462² = 7,817304621550008e+17
2021-01-19 16:25:44 INFO  root:369 - 733753743358581² = 5,383945558927304e+29
2021-01-19 16:25:44 INFO  root:369 - 3.114272660874061² = 9,698694206267604
2021-01-19 16:25:45 INFO  root:369 - 827623.5003271263² = 684 960 658 293,7248
2021-01-19 16:25:45 INFO  root:369 - 302818315388767² = 9,169893213489076e+28
2021-01-19 16:25:46 INFO  root:369 - 285251264470.1103² = 8,136828388179681e+22
2021-01-19 16:25:47 INFO  root:369 - 130057435.5618007² = 1,691493654491194e+16
2021-01-19 16:25:47 INFO  root:369 - 80.07567885717400² = 6 412,114344437263
2021-01-19 16:25:48 INFO  root:369 - 1.601240465558618² = 2,56397102854238
2021-01-19 16:25:48 INFO  root:369 - 5637082.814201757² = 31 776 702 654 168,8
2021-01-19 16:25:49 INFO  root:369 - 6506037.801231606² = 42 328 527 871 054,59
2021-01-19 16:25:50 INFO  root:369 - 113807.7638446212² = 12 952 207 111,31307
2021-01-19 16:25:50 INFO  root:369 - 534570505652351² = 2,857656255134102e+29
2021-01-19 16:25:51 INFO  root:369 - 7682.433510026416² = 59 019 784,6359768
2021-01-19 16:25:52 INFO  root:369 - 41686011201.03388² = 1,737723529852722e+21
2021-01-19 16:25:52 INFO  root:369 - 346.1674535725083² = 119 831,9059128747
2021-01-19 16:25:53 INFO  root:369 - 76836430826.58307² = 5,903837102168285e+21
2021-01-19 16:25:54 INFO  root:372 - exponentOfTwo tests status: passed
2021-01-19 16:26:42 INFO  root:558 - squareRoot tests status: start
2021-01-19 16:26:52 INFO  root:585 - √(5,676313823266502)  = 2,382501589352356
2021-01-19 16:26:53 INFO  root:585 - √(0,147186588015785)  = 0,3836490427666737
2021-01-19 16:26:54 INFO  root:585 - √(646223625286707)  = 25 420 928,88323924
2021-01-19 16:26:54 INFO  root:585 - √(137,1848482152061)  = 11,71259357338101
2021-01-19 16:26:55 INFO  root:585 - √(1,70314201753017)  = 1,305044833532615
2021-01-19 16:26:55 INFO  root:585 - √(385515836886005)  = 19 634 557,21135582
2021-01-19 16:26:56 INFO  root:585 - √(6304,31014520368)  = 79,39968605229922
2021-01-19 16:26:57 INFO  root:585 - √(415633324287786)  = 20 387 087,19478548
2021-01-19 16:26:57 INFO  root:585 - √(8,004176158824227)  = 2,829165275982339
2021-01-19 16:26:58 INFO  root:585 - √(103311634,8063637)  = 10 164,23311452289
2021-01-19 16:26:59 INFO  root:585 - √(6,53152744034077)  = 2,55568531715874
2021-01-19 16:26:59 INFO  root:585 - √(352522372455336)  = 18 775 579,15099654
2021-01-19 16:27:00 INFO  root:585 - √(4,64866056818724)  = 2,156075269601514
2021-01-19 16:27:00 INFO  root:585 - √(5140262873254,837)  = 2 267 214,783220777
2021-01-19 16:27:01 INFO  root:585 - √(53615465401,83853)  = 231 550,1358277264
2021-01-19 16:27:02 INFO  root:585 - √(551878512075825,4)  = 23 492 094,67194923
2021-01-19 16:27:02 INFO  root:585 - √(347042162,7470157)  = 18 629,06768324748
2021-01-19 16:27:03 INFO  root:585 - √(83876711177881)  = 9 158 422,963473624
2021-01-19 16:27:04 INFO  root:585 - √(601,5875044032727)  = 24,527280819595
2021-01-19 16:27:04 INFO  root:585 - √(542251734400504)  = 23 286 299,28521284
2021-01-19 16:27:05 INFO  root:588 - squareRoot tests status: passed
2021-01-19 16:27:17 INFO  root:185 - division tests status: start
2021-01-19 16:27:33 INFO  root:237 - 10203.70601028768 / 335016755007654 = 3,04573005909945e-11
2021-01-19 16:27:34 INFO  root:237 - 745.2547830208311 / 62.40616228842050 = 11,94200629701457
2021-01-19 16:27:35 INFO  root:237 - 7.420813147487574 / 23.42881647375571 = 0,3167387117398848
2021-01-19 16:27:36 INFO  root:237 - 57842735863.11272 / 7747560120.661748 = 7,465929268345214
2021-01-19 16:27:37 INFO  root:237 - 738132336525545 / 86735367813.67160 = 8 510,165519920669
2021-01-19 16:27:38 INFO  root:237 - 7830184.245284613 / 685240631556726 = 1,142691178060478e-8
2021-01-19 16:27:40 INFO  root:237 - 6267250.632035512 / 341046125705477 = 1,837654838937484e-8
2021-01-19 16:27:41 INFO  root:237 - 224.27061636254 / 23225.35585840183 = 0,0096562833193968
2021-01-19 16:27:42 INFO  root:237 - 55651.66362004446 / 42614732.82140041 = 0,0013059254378828
2021-01-19 16:27:43 INFO  root:237 - 813875337524833 / 27.03476705127825 = 30 104 766 058 502,12
2021-01-19 16:27:44 INFO  root:237 - 2255.325273580237 / 336014431680262 = 6,71198931040651e-12
2021-01-19 16:27:45 INFO  root:237 - 58777704177.77123 / 16385681448017.17 = 0,0035871382196853
2021-01-19 16:27:46 INFO  root:237 - 818702044721531 / 810.4161150261756 = 1 010 224 290 388,263
2021-01-19 16:27:47 INFO  root:237 - 168720.2074426527 / 2.754142223012612 = 61 260,52824465198
2021-01-19 16:27:48 INFO  root:237 - 4542163753064.284 / 2.376573868372273 = 1 911 223 469 008,028
2021-01-19 16:27:50 INFO  root:237 - 747176735810671 / 325661612751583 = 2,294334691453557
2021-01-19 16:27:51 INFO  root:237 - 177834004715222 / 831014470.1721821 = 213 996,2793648776
2021-01-19 16:27:52 INFO  root:237 - 145734475772438 / 37604.37015235305 = 3 875 466 473,231671
2021-01-19 16:27:53 INFO  root:237 - 852.635226271318 / 163303618115.527 = 5,221165557202366e-9
2021-01-19 16:27:54 INFO  root:237 - 138338310313874 / 240104352721066 = 0,576159110595485
2021-01-19 16:27:55 INFO  root:240 - division tests status: passed
2021-01-19 16:28:04 INFO  root:459 - addition tests status: start
2021-01-19 16:29:00 INFO  root:550 - 11.45254513028626 * 218560.2212003253 = 218 571,6737454556
2021-01-19 16:29:01 INFO  root:550 - 1147270.225284827 * 8485.50123482481 = 1 155 755,726519652
2021-01-19 16:29:02 INFO  root:550 - 77.7650851251525 * 8.301348055807668 = 86,06643318096017
2021-01-19 16:29:03 INFO  root:550 - 84378366182706.80 * 17028536028148 = 101 406 902 210 854,8
2021-01-19 16:29:04 INFO  root:550 - 26.22628156063571 * 341471018.2314543 = 341 471 044,4577359
2021-01-19 16:29:06 INFO  root:550 - 3760.011674013744 * 371451033683540 = 371 451 033 687 300
2021-01-19 16:29:07 INFO  root:550 - 88.41783882638321 * 6373206230360.13 = 6 373 206 230 448,548
2021-01-19 16:29:08 INFO  root:550 - 438226650758754 * 61656058054.10410 = 438 288 306 816 808,1
2021-01-19 16:29:09 INFO  root:550 - 5744283386.770186 * 383831.3836067303 = 5 744 667 218,153793
2021-01-19 16:29:10 INFO  root:550 - 4501472.716658011 * 34582.31105813362 = 4 536 055,027716145
2021-01-19 16:29:11 INFO  root:550 - 214087041644.2835 * 848133.621881843 = 214 087 889 777,9054
2021-01-19 16:29:13 INFO  root:550 - 6.130778827247326 * 6.836341314751353 = 12,96712014199868
2021-01-19 16:29:14 INFO  root:550 - 826.110156658603 * 488024568870447 = 488 024 568 871 273,1
2021-01-19 16:29:15 INFO  root:550 - 225.2123828633086 * 541451124411753 = 541 451 124 411 978,2
2021-01-19 16:29:16 INFO  root:550 - 661442477737063 * 7731.543768182128 = 661 442 477 744 794,5
2021-01-19 16:29:17 INFO  root:550 - 721804268.1470463 * 612.6051282158145 = 721 804 880,7521745
2021-01-19 16:29:18 INFO  root:550 - 604474202.3800732 * 3.841786035843172 = 604 474 206,2218592
2021-01-19 16:29:19 INFO  root:550 - 583456311438146 * 6784226882.817714 = 583 463 095 665 028,8
2021-01-19 16:29:20 INFO  root:550 - 504583083014451 * 14744027876802.86 = 519 327 110 891 253,9
2021-01-19 16:29:22 INFO  root:550 - 783.2377652458576 * 704741726310708 = 704 741 726 311 491,2
2021-01-19 16:29:23 INFO  root:553 - addition tests status: passed
2021-01-19 16:41:01 INFO  root:245 - multiplication tests status: start
2021-01-19 16:41:25 INFO  root:377 - subtraction tests status: start
2021-01-19 16:41:29 INFO  root:654 - oneDividedByX tests status: start
2021-01-19 16:41:31 INFO  root:326 - exponentOfTwo tests status: start
2021-01-19 16:50:18 INFO  root:245 - multiplication tests status: start
2021-01-19 16:50:19 INFO  root:377 - subtraction tests status: start
2021-01-19 16:50:22 INFO  root:654 - oneDividedByX tests status: start
2021-01-19 16:50:23 INFO  root:326 - exponentOfTwo tests status: start
2021-01-19 16:50:56 INFO  root:245 - multiplication tests status: start
2021-01-19 16:51:28 INFO  root:318 - 480313826845188 * 606083064177,7526 =  = 2,91110075941274e+26
2021-01-19 16:51:30 INFO  root:318 - 23,43721652665766 * 688468,3223774188 =  = 16 135 781,14330431
2021-01-19 16:51:31 INFO  root:318 - 842048432,3421058 * 812,1343426225148 =  = 683 856 450 056,4752
2021-01-19 16:51:32 INFO  root:318 - 67,4603316115613 * 74,40205811106641 =  = 5 019,187512755194
2021-01-19 16:51:33 INFO  root:318 - 88065,06632076324 * 615035075533751 =  = 5,416310471647541e+19
2021-01-19 16:51:34 INFO  root:318 - 2,08514664134286 * 3181012810751,615 =  = 6 632 878 178 407,341
2021-01-19 16:51:35 INFO  root:318 - 6,205468706486187 * 680652480,8612088 =  = 4 223 767 669,97642
2021-01-19 16:51:37 INFO  root:318 - 42638215358300 * 85031146,7086228 =  = 3,625576345525461e+21
2021-01-19 16:51:38 INFO  root:318 - 700,1617717276802 * 301485,7686650144 =  = 211 088 809,939178
2021-01-19 16:51:39 INFO  root:318 - 6555,460108782863 * 864,2104435245856 =  = 5 665 297,088118966
2021-01-19 16:51:40 INFO  root:318 - 235671446735,3527 * 60431608373412 =  = 1,424200457390626e+25
2021-01-19 16:51:41 INFO  root:318 - 1020,707541117651 * 6082700,108537731 =  = 6 208 657 871,141616
2021-01-19 16:51:42 INFO  root:318 - 324,6531788687115 * 48,20347564364671 =  = 15 649,41160023041
2021-01-19 16:51:43 INFO  root:318 - 21455235244544 * 352207148763417,1 =  = 7,556687231529218e+27
2021-01-19 16:51:45 INFO  root:318 - 307844750280508 * 3506,236112710744 =  = 1,079376380541938e+18
2021-01-19 16:51:46 INFO  root:318 - 214438846,5823283 * 461700737231184 =  = 9,900657355806574e+22
2021-01-19 16:51:47 INFO  root:318 - 118788027702853 * 650408250604200 =  = 7,726071329093587e+28
2021-01-19 16:51:48 INFO  root:318 - 3087,04703216138 * 751,3725760658153 =  = 2 319 522,480991426
2021-01-19 16:51:49 INFO  root:318 - 848312247210836 * 6,335416112025407 =  = 5 374 411 079 008 011
2021-01-19 16:51:50 INFO  root:318 - 4,122023407515144 * 52856,25202303854 =  = 217 874,7080724845
2021-01-19 16:51:51 INFO  root:321 - multiplication tests status: passed
2021-01-19 16:51:52 INFO  root:377 - subtraction tests status: start
2021-01-19 16:52:24 INFO  root:451 - 7,653437503145466 - 487836317805818 =  = -487 836 317 805 810,3
2021-01-19 16:52:25 INFO  root:451 - 26102746,365008 - 468617130082302 =  = -468 617 103 979 555,6
2021-01-19 16:52:26 INFO  root:451 - 584,5222381081346 - 780018546802886 =  = -780 018 546 802 301,5
2021-01-19 16:52:27 INFO  root:451 - 8515817,047234362 - 83201482242127 =  = -83 201 473 726 309,95
2021-01-19 16:52:28 INFO  root:451 - 643261534523,7677 - 75653178087,32135 =  = 567 608 356 436,4464
2021-01-19 16:52:29 INFO  root:451 - 348113120137043 - 7201572,20302462 =  = 348 113 112 935 470,8
2021-01-19 16:52:30 INFO  root:451 - 50017137,61728026 - 0,320270353338148 =  = 50 017 137,29700991
2021-01-19 16:52:32 INFO  root:451 - 658521440764125 - 0,72271722124166 =  = 658 521 440 764 124,3
2021-01-19 16:52:33 INFO  root:451 - 1,686525420543017 - 254210770753130 =  = -254 210 770 753 128,3
2021-01-19 16:52:34 INFO  root:451 - 58773188,6282118 - 5610110,10131512 =  = 53 163 078,52689668
2021-01-19 16:52:35 INFO  root:451 - 526,5040658624258 - 702813,1535041641 =  = -702 286,6494383017
2021-01-19 16:52:36 INFO  root:451 - 44125,21666806753 - 6,10220285647612 =  = 44 119,11446521105
2021-01-19 16:52:37 INFO  root:451 - 5484,38418261288 - 365322,7343377654 =  = -359 838,3501551525
2021-01-19 16:52:38 INFO  root:451 - 685,8755165064854 - 5,544744477320701 =  = 680,3307720291647
2021-01-19 16:52:40 INFO  root:451 - 2522526420,14726 - 0,024770532121234 =  = 2 522 526 420,122489
2021-01-19 16:52:41 INFO  root:451 - 6434,480888567382 - 658783236231871 =  = -658 783 236 225 436,5
2021-01-19 16:52:42 INFO  root:451 - 5,20741621570864 - 18825001434156 =  = -18 825 001 434 150,79
2021-01-19 16:52:43 INFO  root:451 - 0,616551886021102 - 535140785351667 =  = -535 140 785 351 666,4
2021-01-19 16:52:44 INFO  root:451 - 2606,373577502227 - 5,74124483481264 =  = 2 600,632332667414
2021-01-19 16:52:45 INFO  root:451 - 834000658742030,5 - 613308877031182 =  = 220 691 781 710 848,5
2021-01-19 16:52:46 INFO  root:454 - subtraction tests status: passed
2021-01-19 16:52:49 INFO  root:654 - oneDividedByX tests status: start
2021-01-19 16:53:27 INFO  root:738 - 1/(633756274505584)  = 1,577893648122278e-15
2021-01-19 16:53:28 INFO  root:738 - 1/(8,138146048014572)  = 0,1228781093507121
2021-01-19 16:53:28 INFO  root:738 - 1/(0,230122581884848)  = 4,34551008340587
2021-01-19 16:53:29 INFO  root:738 - 1/(845677886710437)  = 1,182483325761128e-15
2021-01-19 16:53:29 INFO  root:738 - 1/(106451448127608)  = 9,393953934767109e-15
2021-01-19 16:53:30 INFO  root:738 - 1/(84,4665560881443)  = 0,0118390052384338
2021-01-19 16:53:31 INFO  root:738 - 1/(314,1803035854622)  = 0,0031828857143108
2021-01-19 16:53:31 INFO  root:738 - 1/(36,48623410424823)  = 0,0274075969896703
2021-01-19 16:53:32 INFO  root:738 - 1/(3728757175,158082)  = 2,681858734760878e-10
2021-01-19 16:53:33 INFO  root:738 - 1/(41026,57244507604)  = 2,437444661843836e-5
2021-01-19 16:53:33 INFO  root:738 - 1/(46,64807443821765)  = 0,0214371120789656
2021-01-19 16:53:34 INFO  root:738 - 1/(6465,101323875083)  = 1,546766167928541e-4
2021-01-19 16:53:34 INFO  root:738 - 1/(28450527128143,04)  = 3,514873364194394e-14
2021-01-19 16:53:35 INFO  root:738 - 1/(865360,4670776885)  = 1,155587801898309e-6
2021-01-19 16:53:36 INFO  root:738 - 1/(741317,434871603)  = 1,348949792571924e-6
2021-01-19 16:53:36 INFO  root:738 - 1/(621061366100784)  = 1,610146846322627e-15
2021-01-19 16:53:37 INFO  root:738 - 1/(33304771405700)  = 3,002572777991965e-14
2021-01-19 16:53:38 INFO  root:738 - 1/(82353524,6323273)  = 1,214277111349594e-8
2021-01-19 16:53:38 INFO  root:738 - 1/(77426631,60111846)  = 1,29154527237054e-8
2021-01-19 16:53:39 INFO  root:738 - 1/(684416706263281)  = 1,461098174326739e-15
2021-01-19 16:53:39 INFO  root:741 - oneDividedByX tests status: passed
2021-01-19 16:53:40 INFO  root:326 - exponentOfTwo tests status: start
2021-01-19 16:53:51 INFO  root:369 - 5.743353020875765² = 32,98610392240278
2021-01-19 16:53:52 INFO  root:369 - 280856144238054² = 7,888017375626659e+28
2021-01-19 16:53:52 INFO  root:369 - 4154025618.537274² = 1,725592883946398e+19
2021-01-19 16:53:53 INFO  root:369 - 2870.084822245156² = 8 237 386,886882009
2021-01-19 16:53:54 INFO  root:369 - 136830724864627² = 1,872264726697925e+28
2021-01-19 16:53:54 INFO  root:369 - 515628344.4874301² = 2,658725896388479e+17
2021-01-19 16:53:55 INFO  root:369 - 454084466674867² = 2,061927028753984e+29
2021-01-19 16:53:55 INFO  root:369 - 1531346.33124776² = 2 345 021 586 225,974
2021-01-19 16:53:56 INFO  root:369 - 2.010580653674544² = 4,042434564930357
2021-01-19 16:53:57 INFO  root:369 - 2618.83718244213² = 6 858 308,188141434
2021-01-19 16:53:57 INFO  root:369 - 4774062.702867168² = 22 791 674 690 907,37
2021-01-19 16:53:58 INFO  root:369 - 61.78102810840863² = 3 816,895434131977
2021-01-19 16:53:58 INFO  root:369 - 201.5107026008108² = 40 606,56326267242
2021-01-19 16:53:59 INFO  root:369 - 48.68061244478805² = 2 369,802027999653
2021-01-19 16:54:00 INFO  root:369 - 345045860142815² = 1,19056645601695e+29
2021-01-19 16:54:00 INFO  root:369 - 768.8363821077412² = 591 109,3824525206
2021-01-19 16:54:01 INFO  root:369 - 574646132245450² = 3,302181773046552e+29
2021-01-19 16:54:02 INFO  root:369 - 6257.073151818514² = 39 150 964,42720807
2021-01-19 16:54:02 INFO  root:369 - 8045663.851102613² = 64 732 706 804 939,33
2021-01-19 16:54:03 INFO  root:369 - 32717712161.13263² = 1,070448689058726e+21
2021-01-19 16:54:03 INFO  root:372 - exponentOfTwo tests status: passed
2021-01-19 16:54:54 INFO  root:558 - squareRoot tests status: start
2021-01-19 16:55:04 INFO  root:585 - √(246517,5726433268)  = 496,5053601355446
2021-01-19 16:55:04 INFO  root:585 - √(16468,60437505873)  = 128,3300602939885
2021-01-19 16:55:05 INFO  root:585 - √(662831402620,3524)  = 814 144,5833636384
2021-01-19 16:55:06 INFO  root:585 - √(63,64086626752542)  = 7,977522564526246
2021-01-19 16:55:06 INFO  root:585 - √(761,5372682732127)  = 27,59596470995737
2021-01-19 16:55:07 INFO  root:585 - √(3188,433788117704)  = 56,46621811417605
2021-01-19 16:55:08 INFO  root:585 - √(34602700351863,07)  = 5 882 406,000257299
2021-01-19 16:55:08 INFO  root:585 - √(344431081835162)  = 18 558 854,53995375
2021-01-19 16:55:09 INFO  root:585 - √(431234,2166762543)  = 656,6842595009068
2021-01-19 16:55:09 INFO  root:585 - √(1714,564641627046)  = 41,40730179119434
2021-01-19 16:55:10 INFO  root:585 - √(342327742031327)  = 18 502 101,01667719
2021-01-19 16:55:11 INFO  root:585 - √(2413481486,564538)  = 49 127,1970151416
2021-01-19 16:55:11 INFO  root:585 - √(546,4457330123266)  = 23,37617875129138
2021-01-19 16:55:12 INFO  root:585 - √(713018016816,5701)  = 844 403,941734387
2021-01-19 16:55:13 INFO  root:585 - √(653,8288110634724)  = 25,57007647746624
2021-01-19 16:55:13 INFO  root:585 - √(77541,12787813061)  = 278,4620761937442
2021-01-19 16:55:14 INFO  root:585 - √(20377647,70358086)  = 4 514,160797266847
2021-01-19 16:55:15 INFO  root:585 - √(604,225523748552)  = 24,5809992422715
2021-01-19 16:55:15 INFO  root:585 - √(30155650751,62188)  = 173 653,8244658662
2021-01-19 16:55:16 INFO  root:585 - √(14411887834567,1)  = 3 796 299,228797316
2021-01-19 16:55:16 INFO  root:588 - squareRoot tests status: passed
2021-01-19 16:55:29 INFO  root:185 - division tests status: start
2021-01-19 16:55:45 INFO  root:237 - 841.7124320643040 / 60.52163711540300 = 13,90762828274658
2021-01-19 16:55:46 INFO  root:237 - 706325505476267 / 4.343813683278881 = 162 604 926 678 877,4
2021-01-19 16:55:47 INFO  root:237 - 48836.58886717517 / 42134.71682653228 = 1,159058195839653
2021-01-19 16:55:48 INFO  root:237 - 654027451653530 / 61305.50684242224 = 10 668 331 204,48089
2021-01-19 16:55:49 INFO  root:237 - 0.125630254026164 / 746404861020315 = 1,68313820805549e-16
2021-01-19 16:55:50 INFO  root:237 - 58400.63514143004 / 1.445133650261765 = 40 411,92669678103
2021-01-19 16:55:52 INFO  root:237 - 4.480030441284482 / 880757.7530730228 = 5,086563729531027e-6
2021-01-19 16:55:53 INFO  root:237 - 876.2713837505714 / 103.5171583482655 = 8,464986845972998
2021-01-19 16:55:54 INFO  root:237 - 188882.6644421075 / 7414.814633418238 = 25,47368663686099
2021-01-19 16:55:55 INFO  root:237 - 85.66076758062233 / 7.570850175667523 = 11,31455062417341
2021-01-19 16:55:56 INFO  root:237 - 16743883031.06831 / 833566712016836 = 2,008703417457261e-5
2021-01-19 16:55:57 INFO  root:237 - 14.06738433713656 / 72887477.61413164 = 1,930013878599242e-7
2021-01-19 16:55:59 INFO  root:237 - 724075736627.8622 / 635852366.8835226 = 1 138,748197442034
2021-01-19 16:56:00 INFO  root:237 - 32380.38783381787 / 67856032815455.16 = 4,771924689714955e-10
2021-01-19 16:56:01 INFO  root:237 - 454886562602370 / 634.2135422564382 = 717 245 111 140,249
2021-01-19 16:56:02 INFO  root:237 - 240717107870044 / 102288512155328 = 2,353315174870354
2021-01-19 16:56:03 INFO  root:237 - 752461.8455867865 / 714042885327616 = 1,053804835883972e-9
2021-01-19 16:56:04 INFO  root:237 - 81478703026633 / 405875.470442458 = 200 748 034,7058432
2021-01-19 16:56:05 INFO  root:237 - 28.71423766050031 / 8523322277.73172 = 3,368902022573987e-9
2021-01-19 16:56:06 INFO  root:237 - 645851687328610 / 703017087837178 = 0,9186856173234188
2021-01-19 16:56:07 INFO  root:240 - division tests status: passed
2021-01-19 16:56:17 INFO  root:459 - addition tests status: start
2021-01-19 16:57:13 INFO  root:550 - 446782760175330 * 68277.04800717727 = 446 782 760 243 607
2021-01-19 16:57:14 INFO  root:550 - 54574.85342713857 * 525508.5611004501 = 580 083,4145275887
2021-01-19 16:57:15 INFO  root:550 - 330813.5641240341 * 608865265453112.6 = 608 865 265 783 926,2
2021-01-19 16:57:17 INFO  root:550 - 206.5862560445188 * 3116.252060521327 = 3 322,838316565846
2021-01-19 16:57:18 INFO  root:550 - 1.328075484651055 * 758800861340876 = 758 800 861 340 877,3
2021-01-19 16:57:19 INFO  root:550 - 715072418432571 * 7053.410033341508 = 715 072 418 439 624,4
2021-01-19 16:57:20 INFO  root:550 - 18472.72526808780 * 4.101822002431713 = 18 476,82709009023
2021-01-19 16:57:21 INFO  root:550 - 608274334413502 * 64.31224705135657 = 608 274 334 413 566,3
2021-01-19 16:57:22 INFO  root:550 - 7.703063083027815 * 3026658.622353056 = 3 026 666,325416139
2021-01-19 16:57:23 INFO  root:550 - 8.312185277501604 * 4141072278.027513 = 4 141 072 286,339698
2021-01-19 16:57:25 INFO  root:550 - 71.78572174724043 * 25258.85112024420 = 25 330,63684199144
2021-01-19 16:57:26 INFO  root:550 - 320874084102.265 * 4556.845145048046 = 320 874 088 659,1101
2021-01-19 16:57:27 INFO  root:550 - 178668438.2175241 * 2.422534437671670 = 178 668 440,6400585
2021-01-19 16:57:28 INFO  root:550 - 10325557535.1413 * 636033631841156 = 636 043 957 398 691,1
2021-01-19 16:57:29 INFO  root:550 - 8574.082233361726 * 686653.1047623278 = 695 227,1869956895
2021-01-19 16:57:30 INFO  root:550 - 103710173013637 * 7365307.740364641 = 103 710 180 378 944,7
2021-01-19 16:57:31 INFO  root:550 - 211154871283304 * 57.88605218743434 = 211 154 871 283 361,9
2021-01-19 16:57:33 INFO  root:550 - 6868817.836440456 * 2081.340706824284 = 6 870 899,17714728
2021-01-19 16:57:34 INFO  root:550 - 863.815235010076 * 248.8451524483586 = 1 112,660387458435
2021-01-19 16:57:35 INFO  root:550 - 7163021.468168547 * 406534051887.271 = 406 541 214 908,7392
2021-01-19 16:57:36 INFO  root:553 - addition tests status: passed
2021-01-19 18:21:13 INFO  root:245 - multiplication tests status: start
2021-01-19 18:21:15 INFO  root:377 - subtraction tests status: start
2021-01-19 18:21:17 INFO  root:654 - oneDividedByX tests status: start
2021-01-19 18:22:16 INFO  root:245 - multiplication tests status: start
2021-01-19 18:22:48 INFO  root:318 - 368450,773873755 * 165570461506515 =  = 6,100456467271021e+19
2021-01-19 18:22:49 INFO  root:318 - 310,1603317324783 * 6018761,362173116 =  = 1 866 781 020,710237
2021-01-19 18:22:50 INFO  root:318 - 7,253047411537584 * 10,3334388607371 =  = 74,9489219811511
2021-01-19 18:22:51 INFO  root:318 - 325304753430318 * 370121562203461 =  = 1,20402303531841e+29
2021-01-19 18:22:53 INFO  root:318 - 2285011761501,284 * 2,064706076702774 =  = 4 717 877 669 309,011
2021-01-19 18:22:54 INFO  root:318 - 7748,24758576734 * 84066636,74613778 =  = 651 369 115 211,842
2021-01-19 18:22:55 INFO  root:318 - 3,273007244330637 * 147,817160366072 =  = 483,8066367145372
2021-01-19 18:22:56 INFO  root:318 - 220341734,1737872 * 61,21127683448848 =  = 13 487 398 888,70296
2021-01-19 18:22:57 INFO  root:318 - 573280560427800 * 1315485551061,78 =  = 7,541422939473706e+26
2021-01-19 18:22:58 INFO  root:318 - 840182810,752413 * 3736361,527483262 =  = 3 139 226 730 148 066
2021-01-19 18:23:00 INFO  root:318 - 260568572667532 * 7,534026653716748 =  = 1 963 130 571 598 115
2021-01-19 18:23:01 INFO  root:318 - 50715,43430754346 * 60,36167748675588 =  = 3 061 268,689272693
2021-01-19 18:23:02 INFO  root:318 - 1082362648134,07 * 7,252022626451556 =  = 7 849 318 414 294,3
2021-01-19 18:23:03 INFO  root:318 - 681800323311,082 * 816735,204585401 =  = 5,568503265458691e+17
2021-01-19 18:23:04 INFO  root:318 - 212481713344718 * 7,84344126788484 =  = 1 666 587 839 118 838
2021-01-19 18:23:05 INFO  root:318 - 52563415133,362 * 87,32840262711573 =  = 4 590 279 080 222,465
2021-01-19 18:23:07 INFO  root:318 - 22622020147,374 * 24,34481182848337 =  = 550 728 823 667,9797
2021-01-19 18:23:08 INFO  root:318 - 15182,17873331118 * 81801,05781711731 =  = 1 241 918 280,353397
2021-01-19 18:23:09 INFO  root:318 - 126777511174570 * 573,862846744211 =  = 7,275290346578476e+16
2021-01-19 18:23:10 INFO  root:318 - 1031482346,883444 * 835182634512225 =  = 8,614761439229675e+23
2021-01-19 18:23:11 INFO  root:321 - multiplication tests status: passed
2021-01-19 18:23:11 INFO  root:377 - subtraction tests status: start
2021-01-19 18:23:44 INFO  root:451 - 577756351,0354242 - 20178111073,28522 =  = -19 600 354 722,2498
2021-01-19 18:23:45 INFO  root:451 - 418424,1120627268 - 38812548701010 =  = -38 812 548 282 585,89
2021-01-19 18:23:46 INFO  root:451 - 83005026,54413082 - 2278305686875,01 =  = -2 278 222 681 848,466
2021-01-19 18:23:47 INFO  root:451 - 331508852705045 - 656748281037315,3 =  = -325 239 428 332 270,3
2021-01-19 18:23:48 INFO  root:451 - 328603750771824 - 640132516366,431 =  = 327 963 618 255 457,6
2021-01-19 18:23:50 INFO  root:451 - 776710466786722 - 5213,112370021546 =  = 776 710 466 781 508,9
2021-01-19 18:23:51 INFO  root:451 - 747,4067042436824 - 44065,28565874567 =  = -43 317,87895450199
2021-01-19 18:23:52 INFO  root:451 - 136644057121678 - 861178344,7726534 =  = 136 643 195 943 333,2
2021-01-19 18:23:53 INFO  root:451 - 248651465071320,8 - 35,78404334321678 =  = 248 651 465 071 285
2021-01-19 18:23:54 INFO  root:451 - 13373070865,17324 - 6144560,608867474 =  = 13 366 926 304,56437
2021-01-19 18:23:55 INFO  root:451 - 4278725,485762607 - 861508,6811570078 =  = 3 417 216,804605599
2021-01-19 18:23:56 INFO  root:451 - 157,255066145205 - 3885065,203015523 =  = -3 884 907,947949378
2021-01-19 18:23:58 INFO  root:451 - 85877688,88172761 - 572264716,0730173 =  = -486 387 027,1912897
2021-01-19 18:23:59 INFO  root:451 - 804,2066202564147 - 788240502184313 =  = -788 240 502 183 508,8
2021-01-19 18:24:00 INFO  root:451 - 75,43088617541311 - 48006747,2742783 =  = -48 006 671,84339212
2021-01-19 18:24:01 INFO  root:451 - 608284,5754866115 - 15312,63650380421 =  = 592 971,9389828073
2021-01-19 18:24:02 INFO  root:451 - 765661,015315078 - 104164835787,4557 =  = -104 164 070 126,4404
2021-01-19 18:24:03 INFO  root:451 - 160564230400222 - 2554114578,733485 =  = 160 561 676 285 643,3
2021-01-19 18:24:05 INFO  root:451 - 413217357053852 - 73027888,80713386 =  = 413 217 284 025 963,2
2021-01-19 18:24:06 INFO  root:451 - 51,55000326715626 - 75433,4640182202 =  = -75 381,91401495304
2021-01-19 18:24:07 INFO  root:454 - subtraction tests status: passed
2021-01-19 18:24:09 INFO  root:654 - oneDividedByX tests status: start
2021-01-19 18:24:48 INFO  root:738 - 1/(24802758146784,83)  = 4,031809664400689e-14
2021-01-19 18:24:48 INFO  root:738 - 1/(863,0044037066255)  = 0,0011587426387455
2021-01-19 18:24:49 INFO  root:738 - 1/(648844885248880)  = 1,541200405111348e-15
2021-01-19 18:24:49 INFO  root:738 - 1/(703501753655750)  = 1,421460564673074e-15
2021-01-19 18:24:50 INFO  root:738 - 1/(741,601563744548)  = 0,0013484329711371
2021-01-19 18:24:51 INFO  root:738 - 1/(5,770165076885434)  = 0,1733052671241376
2021-01-19 18:24:51 INFO  root:738 - 1/(5,200877608262334)  = 0,1922752418575199
2021-01-19 18:24:52 INFO  root:738 - 1/(50640,8803101023)  = 1,974689211317898e-5
2021-01-19 18:24:52 INFO  root:738 - 1/(75,48336384662564)  = 0,0132479522511993
2021-01-19 18:24:53 INFO  root:738 - 1/(8076171082,80541)  = 1,238210520489161e-10
2021-01-19 18:24:54 INFO  root:738 - 1/(523162884304,4106)  = 1,911450582603131e-12
2021-01-19 18:24:54 INFO  root:738 - 1/(583837161170216,4)  = 1,71280635510704e-15
2021-01-19 18:24:55 INFO  root:738 - 1/(65,48817308630287)  = 0,0152699327660608
2021-01-19 18:24:56 INFO  root:738 - 1/(0,682262003635053)  = 1,465712577678454
2021-01-19 18:24:56 INFO  root:738 - 1/(48668847441,16161)  = 2,054702448437789e-11
2021-01-19 18:24:57 INFO  root:738 - 1/(86675624287767)  = 1,153726907901989e-14
2021-01-19 18:24:57 INFO  root:738 - 1/(451316737,1237877)  = 2,215738787736823e-9
2021-01-19 18:24:58 INFO  root:738 - 1/(5655,175378640741)  = 1,76829175586126e-4
2021-01-19 18:24:59 INFO  root:738 - 1/(1681,84403151643)  = 5,945854557621213e-4
2021-01-19 18:24:59 INFO  root:738 - 1/(35362487135217,76)  = 2,827855394266351e-14
2021-01-19 18:25:00 INFO  root:741 - oneDividedByX tests status: passed
2021-01-19 18:25:00 INFO  root:326 - exponentOfTwo tests status: start
2021-01-19 18:25:12 INFO  root:369 - 85253310.26301286² = 7 268 126 910 801 534
2021-01-19 18:25:13 INFO  root:369 - 68381047828138.56² = 4,675967702074173e+27
2021-01-19 18:25:13 INFO  root:369 - 372478788.5737263² = 1,387404479373507e+17
2021-01-19 18:25:14 INFO  root:369 - 31.71444861854554² = 1 005,806251178365
2021-01-19 18:25:14 INFO  root:369 - 55087774020122² = 3,034662846492028e+27
2021-01-19 18:25:15 INFO  root:369 - 53331108.40154811² = 2 844 207 123 337 675
2021-01-19 18:25:16 INFO  root:369 - 744467651842077² = 5,54232084639256e+29
2021-01-19 18:25:16 INFO  root:369 - 424488850550231² = 1,801907842414563e+29
2021-01-19 18:25:17 INFO  root:369 - 2150.344470246488² = 4 623 981,340719649
2021-01-19 18:25:17 INFO  root:369 - 163748415535484² = 2,681354359038154e+28
2021-01-19 18:25:18 INFO  root:369 - 847528.0544568165² = 718 303 803 091,3565
2021-01-19 18:25:19 INFO  root:369 - 55660.6755772447² = 3 098 110 805,715285
2021-01-19 18:25:19 INFO  root:369 - 888303837686412² = 7,890837080484074e+29
2021-01-19 18:25:20 INFO  root:369 - 8.711102312762415² = 75,8833035034147
2021-01-19 18:25:20 INFO  root:369 - 615172123816562² = 3,784367419209795e+29
2021-01-19 18:25:21 INFO  root:369 - 311468435554856² = 9,701258634698949e+28
2021-01-19 18:25:22 INFO  root:369 - 76.63113416056888² = 5 872,330722735107
2021-01-19 18:25:22 INFO  root:369 - 685604322673853² = 4,700532872690727e+29
2021-01-19 18:25:23 INFO  root:369 - 5.211766741517828² = 27,16251256799136
2021-01-19 18:25:23 INFO  root:369 - 225267.7243523641² = 50 745 547 634,89269
2021-01-19 18:25:24 INFO  root:372 - exponentOfTwo tests status: passed
2021-01-19 18:26:15 INFO  root:558 - squareRoot tests status: start
2021-01-19 18:26:25 INFO  root:585 - √(75,84732247060375)  = 8,709036827950824
2021-01-19 18:26:25 INFO  root:585 - √(17531310,15271574)  = 4 187,04073931885
2021-01-19 18:26:26 INFO  root:585 - √(87381375724,27508)  = 295 603,4095274868
2021-01-19 18:26:27 INFO  root:585 - √(50,01331507423016)  = 7,072009267119929
2021-01-19 18:26:27 INFO  root:585 - √(284,6752063805541)  = 16,87232071709621
2021-01-19 18:26:28 INFO  root:585 - √(4562,642272456873)  = 67,54733357029627
2021-01-19 18:26:29 INFO  root:585 - √(44,74076341851142)  = 6,688853669987961
2021-01-19 18:26:29 INFO  root:585 - √(30685,20172640123)  = 175,1719204849945
2021-01-19 18:26:30 INFO  root:585 - √(612414855617,3266)  = 782 569,3934836237
2021-01-19 18:26:31 INFO  root:585 - √(521,8261044034158)  = 22,84351339884948
2021-01-19 18:26:31 INFO  root:585 - √(58066013200,8631)  = 240 968,9050497244
2021-01-19 18:26:32 INFO  root:585 - √(884616721860835,5)  = 29 742 506,98681662
2021-01-19 18:26:33 INFO  root:585 - √(76684077264,71314)  = 276 918,9001579942
2021-01-19 18:26:33 INFO  root:585 - √(35485,63300606331)  = 188,3763069126882
2021-01-19 18:26:34 INFO  root:585 - √(16,65453880771407)  = 4,080997281022626
2021-01-19 18:26:35 INFO  root:585 - √(3864241673,003815)  = 62 163,02496664569
2021-01-19 18:26:35 INFO  root:585 - √(85433875,8168156)  = 9 243,044726539821
2021-01-19 18:26:36 INFO  root:585 - √(250868866,04464)  = 15 838,84042613726
2021-01-19 18:26:37 INFO  root:585 - √(711770727545,6007)  = 843 665,056491971
2021-01-19 18:26:37 INFO  root:585 - √(810,0103057125185)  = 28,46067999385325
2021-01-19 18:26:38 INFO  root:588 - squareRoot tests status: passed
2021-01-19 18:26:50 INFO  root:185 - division tests status: start
2021-01-19 18:27:06 INFO  root:237 - 18035.08433285430 / 13616816.55585735 = 0,0013244714180347
2021-01-19 18:27:07 INFO  root:237 - 30272044.64873244 / 32.83856568571633 = 921 844,3015585105
2021-01-19 18:27:08 INFO  root:237 - 4701835.218052227 / 210005325756486 = 2,23891237096734e-8
2021-01-19 18:27:10 INFO  root:237 - 67260.51751247374 / 5.752330128477422 = 11 692,74294246336
2021-01-19 18:27:11 INFO  root:237 - 1048885331.453522 / 30.380583637144 = 34 524 857,84937754
2021-01-19 18:27:12 INFO  root:237 - 2425.747622773848 / 356562650342084 = 6,803145591515546e-12
2021-01-19 18:27:13 INFO  root:237 - 461860207204522 / 4.060167056862520 = 113 753 991 088 589,1
2021-01-19 18:27:14 INFO  root:237 - 6760306302817.022 / 44778236100.11562 = 150,9730371625685
2021-01-19 18:27:15 INFO  root:237 - 41.12763482744420 / 7056826526.145217 = 5,828063744385413e-9
2021-01-19 18:27:16 INFO  root:237 - 216.2304202730468 / 41.45365156337320 = 5,216197177285569
2021-01-19 18:27:18 INFO  root:237 - 85867370847347 / 70474264345573.55 = 1,218421669877854
2021-01-19 18:27:19 INFO  root:237 - 12.45652200150208 / 827151775253565 = 1,505953607810792e-14
2021-01-19 18:27:20 INFO  root:237 - 50.36716251718172 / 4.721128044638475 = 10,66845932602504
2021-01-19 18:27:21 INFO  root:237 - 76471.14621616370 / 881413.2703842848 = 0,0867596946694747
2021-01-19 18:27:22 INFO  root:237 - 7824.381708543874 / 775305123812327 = 1,009200309430416e-11
2021-01-19 18:27:23 INFO  root:237 - 41745013.77248634 / 675338375460538 = 6,181347793840219e-8
2021-01-19 18:27:25 INFO  root:237 - 50203178.12042451 / 522240.5842051068 = 96,13036527377106
2021-01-19 18:27:26 INFO  root:237 - 23.3082660012517 / 61567363668050.20 = 3,785815180737925e-13
2021-01-19 18:27:27 INFO  root:237 - 52280041618257 / 161.7508584157756 = 323 213 379 701,9659
2021-01-19 18:27:28 INFO  root:237 - 186202777038.660 / 44.2827021356463 = 4 204 864 835,670724
2021-01-19 18:27:29 INFO  root:240 - division tests status: passed
2021-01-19 18:27:39 INFO  root:459 - addition tests status: start
2021-01-19 18:28:36 INFO  root:550 - 104654001360516.7 * 412715404720380 = 517 369 406 080 896,7
2021-01-19 18:28:37 INFO  root:550 - 170304.8200484142 * 712.2772753158025 = 171 017,09732373
2021-01-19 18:28:38 INFO  root:550 - 886752170454.0212 * 2.63522308383787 = 886 752 170 456,6564
2021-01-19 18:28:39 INFO  root:550 - 525157445671501 * 81678470.76537875 = 525 157 527 349 971,8
2021-01-19 18:28:40 INFO  root:550 - 210676267371.0668 * 212704864446077 = 212 915 540 713 448,1
2021-01-19 18:28:41 INFO  root:550 - 5564.316678137700 * 4734.043648667176 = 10 298,36032680488
2021-01-19 18:28:43 INFO  root:550 - 560410444152440 * 4817.007618687317 = 560 410 444 157 257
2021-01-19 18:28:44 INFO  root:550 - 388842040244172 * 810288110301544 = 1 199 130 150 545 716
2021-01-19 18:28:45 INFO  root:550 - 464.7277225221654 * 1653.42265174865 = 2 118,150374270815
2021-01-19 18:28:46 INFO  root:550 - 525550772.8846534 * 807220743225354 = 807 221 268 776 126,9
2021-01-19 18:28:47 INFO  root:550 - 320523730764275 * 857.3132526010252 = 320 523 730 765 132,3
2021-01-19 18:28:48 INFO  root:550 - 781505381634.6046 * 182.8872218343875 = 781 505 381 817,4918
2021-01-19 18:28:49 INFO  root:550 - 275465576415165 * 42.0113411744125 = 275 465 576 415 207
2021-01-19 18:28:50 INFO  root:550 - 302242022616188 * 142016873352700 = 444 258 895 968 888
2021-01-19 18:28:52 INFO  root:550 - 10566164.68638315 * 861602315423478 = 861 602 325 989 642,7
2021-01-19 18:28:53 INFO  root:550 - 565.5566127848767 * 71567885061782.26 = 71 567 885 062 347,82
2021-01-19 18:28:54 INFO  root:550 - 5.088626850144323 * 3.276626216076151 = 8,365253066220474
2021-01-19 18:28:55 INFO  root:550 - 58304.58140181527 * 51261854013853 = 51 261 854 072 157,58
2021-01-19 18:28:56 INFO  root:550 - 866.3612450327785 * 5342344.551478810 = 5 343 210,912723843
2021-01-19 18:28:57 INFO  root:550 - 60.12623852603888 * 2447.101662631133 = 2 507,227901157172
2021-01-19 18:28:58 INFO  root:553 - addition tests status: passed
2021-01-19 18:32:09 INFO  root:245 - multiplication tests status: start
2021-01-19 18:32:41 INFO  root:318 - 23655641263631 * 81516325502250 =  = 1,928320953210601e+27
2021-01-19 18:32:42 INFO  root:318 - 847663,1505847758 * 0,30028041417617 =  = 254 536,6419394736
2021-01-19 18:32:43 INFO  root:318 - 786,7123011846603 * 567,1347054351146 =  = 446 171,8491945435
2021-01-19 18:32:44 INFO  root:318 - 662528274108846 * 56,8865857144138 =  = 3,768897145331551e+16
2021-01-19 18:32:45 INFO  root:318 - 25,41534714543051 * 10738577468,87024 =  = 272 924 674 219,4356
2021-01-19 18:32:47 INFO  root:318 - 2,44763806170653 * 106017026365673 =  = 259 491 308 921 565,9
2021-01-19 18:32:48 INFO  root:318 - 223140806,843818 * 10,47222335381722 =  = 2 336 780 368,619448
2021-01-19 18:32:49 INFO  root:318 - 85047,22657134305 * 3,717424237685464 =  = 316 156,6214042379
2021-01-19 18:32:50 INFO  root:318 - 743763,4313501513 * 8,060651186043876 =  = 5 995 217,58504866
2021-01-19 18:32:51 INFO  root:318 - 483038051881352,5 * 2740285,280016358 =  = 1,323662063258248e+21
2021-01-19 18:32:52 INFO  root:318 - 871375016041445 * 8,443316831031633 =  = 7 357 295 339 083 192
2021-01-19 18:32:54 INFO  root:318 - 140811672632240 * 2,23358441020804 =  = 314 514 756 766 689,4
2021-01-19 18:32:55 INFO  root:318 - 714464444667646 * 777486050317870 =  = 5,554861391771985e+29
2021-01-19 18:32:56 INFO  root:318 - 65322,41361262063 * 878387706562,7764 =  = 5,737840508033492e+16
2021-01-19 18:32:57 INFO  root:318 - 1278,175758537151 * 10,3278016473833 =  = 13 200,74570466539
2021-01-19 18:32:58 INFO  root:318 - 46581004,44747051 * 605587111244718 =  = 2,820885592222103e+22
2021-01-19 18:32:59 INFO  root:318 - 1762,633414631255 * 458512777387380 =  = 8,081899424583781e+17
2021-01-19 18:33:00 INFO  root:318 - 45,21468634752416 * 201801573017828 =  = 9 124 394 828 438 088
2021-01-19 18:33:01 INFO  root:318 - 21357,38183134807 * 48515874340,10826 =  = 1 036 172 053 163 394
2021-01-19 18:33:03 INFO  root:318 - 55661552578,3116 * 60245502087,13164 =  = 3,353358182029659e+21
2021-01-19 18:33:04 INFO  root:321 - multiplication tests status: passed
2021-01-19 18:33:04 INFO  root:377 - subtraction tests status: start
2021-01-19 18:33:36 INFO  root:451 - 3853,87356028384 - 455,7258475864863 =  = 3 398,147712697354
2021-01-19 18:33:38 INFO  root:451 - 3380,728714728522 - 55127,0754320453 =  = -51 746,34671731678
2021-01-19 18:33:39 INFO  root:451 - 73724,46501027153 - 14335,43734855864 =  = 59 389,02766171289
2021-01-19 18:33:40 INFO  root:451 - 434474,3786262073 - 844350122314835 =  = -844 350 121 880 360,6
2021-01-19 18:33:41 INFO  root:451 - 27475433511570,74 - 240408841375632 =  = -212 933 407 864 061,3
2021-01-19 18:33:42 INFO  root:451 - 48873,514684213 - 422417656016778 =  = -422 417 655 967 904,5
2021-01-19 18:33:43 INFO  root:451 - 82564,72405525473 - 148452553617334,4 =  = -148 452 553 534 769,7
2021-01-19 18:33:45 INFO  root:451 - 3,841781788173525 - 81453088,55621451 =  = -81 453 084,71443272
2021-01-19 18:33:46 INFO  root:451 - 330866,7688638408 - 413387453087846 =  = -413 387 452 756 979,2
2021-01-19 18:33:47 INFO  root:451 - 52074215613324,73 - 52842376440307,4 =  = -768 160 826 982,67
2021-01-19 18:33:48 INFO  root:451 - 1022435682180,052 - 436632074621751 =  = -435 609 638 939 570,9
2021-01-19 18:33:49 INFO  root:451 - 726642083213465 - 574,3754338302371 =  = 726 642 083 212 890,6
2021-01-19 18:33:50 INFO  root:451 - 81,48707123784773 - 8531,531787426363 =  = -8 450,044716188515
2021-01-19 18:33:51 INFO  root:451 - 660,8066447531683 - 1,536226443280767 =  = 659,2704183098875
2021-01-19 18:33:53 INFO  root:451 - 200,3183855088332 - 74784508354430,58 =  = -74 784 508 354 230,26
2021-01-19 18:33:54 INFO  root:451 - 6,711311711307673 - 140208434882181 =  = -140 208 434 882 174,3
2021-01-19 18:33:55 INFO  root:451 - 231,3104607638651 - 6771277715866,36 =  = -6 771 277 715 635,05
2021-01-19 18:33:56 INFO  root:451 - 171357472802778 - 340614306302426 =  = -169 256 833 499 648
2021-01-19 18:33:57 INFO  root:451 - 70,06088533166627 - 21,07303758861655 =  = 48,98784774304972
2021-01-19 18:33:58 INFO  root:451 - 320111518530013 - 2324,13121070636 =  = 320 111 518 527 688,9
2021-01-19 18:33:59 INFO  root:454 - subtraction tests status: passed
2021-01-19 18:34:02 INFO  root:654 - oneDividedByX tests status: start
2021-01-19 18:34:40 INFO  root:738 - 1/(15151,58133588804)  = 6,599971170213103e-5
2021-01-19 18:34:41 INFO  root:738 - 1/(647301715,614742)  = 1,544874632458375e-9
2021-01-19 18:34:41 INFO  root:738 - 1/(381064237471330)  = 2,624229464921217e-15
2021-01-19 18:34:42 INFO  root:738 - 1/(62,42334456506086)  = 0,0160196478892243
2021-01-19 18:34:42 INFO  root:738 - 1/(732873,8382812663)  = 1,364491332294242e-6
2021-01-19 18:34:43 INFO  root:738 - 1/(74833,38854336561)  = 1,336301909435124e-5
2021-01-19 18:34:44 INFO  root:738 - 1/(8043,715757310738)  = 1,243206535600322e-4
2021-01-19 18:34:44 INFO  root:738 - 1/(720640,8440538028)  = 1,387653792109153e-6
2021-01-19 18:34:45 INFO  root:738 - 1/(868,8747846871776)  = 0,0011509138228243
2021-01-19 18:34:45 INFO  root:738 - 1/(44403,7336433017)  = 2,252062873885944e-5
2021-01-19 18:34:46 INFO  root:738 - 1/(27366,50138383726)  = 3,654102458966871e-5
2021-01-19 18:34:47 INFO  root:738 - 1/(667087200,8348667)  = 1,499054394610614e-9
2021-01-19 18:34:47 INFO  root:738 - 1/(24,1323581424011)  = 0,041438138539929
2021-01-19 18:34:48 INFO  root:738 - 1/(885564705,3314624)  = 1,129222962455019e-9
2021-01-19 18:34:49 INFO  root:738 - 1/(21632580,5617484)  = 4,62265700176446e-8
2021-01-19 18:34:49 INFO  root:738 - 1/(772055845430602)  = 1,295243091440187e-15
2021-01-19 18:34:50 INFO  root:738 - 1/(273047533127806)  = 3,662365993733141e-15
2021-01-19 18:34:50 INFO  root:738 - 1/(3,51620455011847)  = 0,2843975615600371
2021-01-19 18:34:51 INFO  root:738 - 1/(741524176765148)  = 1,34857369635935e-15
2021-01-19 18:34:52 INFO  root:738 - 1/(75,62813428446304)  = 0,0132225924844141
2021-01-19 18:34:52 INFO  root:741 - oneDividedByX tests status: passed
2021-01-19 18:34:53 INFO  root:326 - exponentOfTwo tests status: start
2021-01-19 18:35:04 INFO  root:369 - 5725730.337665775² = 32 783 987 899 666,23
2021-01-19 18:35:05 INFO  root:369 - 88.15576833033638² = 7 771,439489911939
2021-01-19 18:35:05 INFO  root:369 - 37858.24222787126² = 1 433 246 504,584175
2021-01-19 18:35:06 INFO  root:369 - 200246871001316² = 4,009880934581769e+28
2021-01-19 18:35:07 INFO  root:369 - 84636486.44653284² = 7 163 334 838 014 137
2021-01-19 18:35:07 INFO  root:369 - 8.76062533425546² = 76,74855624719859
2021-01-19 18:35:08 INFO  root:369 - 3.721687488654417² = 13,85095776320682
2021-01-19 18:35:08 INFO  root:369 - 87.24333232816233² = 7 611,399035722174
2021-01-19 18:35:09 INFO  root:369 - 5508701.060526208² = 30 345 787 374 242,57
2021-01-19 18:35:10 INFO  root:369 - 121532702407782² = 1,47701977545385e+28
2021-01-19 18:35:10 INFO  root:369 - 5480050.363738406² = 30 030 951 989 109,44
2021-01-19 18:35:11 INFO  root:369 - 442635816814.3806² = 1,959264663269339e+23
2021-01-19 18:35:12 INFO  root:369 - 52167766.22736164² = 2 721 475 833 152 654
2021-01-19 18:35:12 INFO  root:369 - 6841441070140.555² = 4,680531591620594e+25
2021-01-19 18:35:13 INFO  root:369 - 376255.8300207635² = 141 568 449 624,6137
2021-01-19 18:35:14 INFO  root:369 - 3.68618475586428² = 13,5879580543662
2021-01-19 18:35:14 INFO  root:369 - 421741203721366² = 1,778656429163467e+29
2021-01-19 18:35:15 INFO  root:369 - 71676113278382² = 5,137465214695448e+27
2021-01-19 18:35:15 INFO  root:369 - 3.31166050264142² = 10,96709528475522
2021-01-19 18:35:16 INFO  root:369 - 52047.3720064448² = 2 708 928 932,777254
2021-01-19 18:35:17 INFO  root:372 - exponentOfTwo tests status: passed
2021-01-19 18:36:08 INFO  root:558 - squareRoot tests status: start
2021-01-19 18:36:18 INFO  root:585 - √(37345833,03578017)  = 6 111,123713015485
2021-01-19 18:36:19 INFO  root:585 - √(81047055811,73637)  = 284 687,6460469199
2021-01-19 18:36:19 INFO  root:585 - √(57147,51818631377)  = 239,0554709399343
2021-01-19 18:36:20 INFO  root:585 - √(63,45505825835502)  = 7,965868330468124
2021-01-19 18:36:20 INFO  root:585 - √(720427,8034463454)  = 848,7801855877324
2021-01-19 18:36:21 INFO  root:585 - √(648,0674304071826)  = 25,45716854654466
2021-01-19 18:36:22 INFO  root:585 - √(2722481,46735065)  = 1 649,994384036094
2021-01-19 18:36:22 INFO  root:585 - √(278626861806070,2)  = 16 692 119,75172926
2021-01-19 18:36:23 INFO  root:585 - √(138582601210386)  = 11 772 111,1619958
2021-01-19 18:36:24 INFO  root:585 - √(1811141262285,726)  = 1 345 786,484657104
2021-01-19 18:36:24 INFO  root:585 - √(7,824420546584334)  = 2,797216571269435
2021-01-19 18:36:25 INFO  root:585 - √(4,0471625624426)  = 2,011756089202317
2021-01-19 18:36:26 INFO  root:585 - √(4,716657368422672)  = 2,171786676545989
2021-01-19 18:36:26 INFO  root:585 - √(56881,40856850266)  = 238,4982359861445
2021-01-19 18:36:27 INFO  root:585 - √(765,8447628056282)  = 27,67390039018042
2021-01-19 18:36:28 INFO  root:585 - √(8,456450862661773)  = 2,907997741172055
2021-01-19 18:36:28 INFO  root:585 - √(455824287302830,7)  = 21 350 041,85716812
2021-01-19 18:36:29 INFO  root:585 - √(1,853775040374377)  = 1,361534076097391
2021-01-19 18:36:30 INFO  root:585 - √(26522,34481138348)  = 162,8568230421541
2021-01-19 18:36:30 INFO  root:585 - √(17878800,71136266)  = 4 228,333088979942
2021-01-19 18:36:31 INFO  root:588 - squareRoot tests status: passed
2021-01-19 18:36:43 INFO  root:185 - division tests status: start
2021-01-19 18:36:59 INFO  root:237 - 6366216832503.886 / 53463.46157655322 = 119 076 031,4572642
2021-01-19 18:37:01 INFO  root:237 - 185527104173485 / 56801114062020.67 = 3,266258192945115
2021-01-19 18:37:02 INFO  root:237 - 455.0267564156471 / 503.3230734501756 = 0,9040450963166317
2021-01-19 18:37:03 INFO  root:237 - 2388758132.266546 / 21.04467317566422 = 113 508 920,3964866
2021-01-19 18:37:04 INFO  root:237 - 50131466834388 / 71.20474685164621 = 704 046 697 038,8364
2021-01-19 18:37:05 INFO  root:237 - 20524267730305.40 / 5482762038730.636 = 3,743417566788501
2021-01-19 18:37:06 INFO  root:237 - 471.0345702730377 / 786078737436235 = 5,992205969204796e-13
2021-01-19 18:37:07 INFO  root:237 - 406453546281227 / 71.38508576255754 = 5 693 816 039 293,988
2021-01-19 18:37:09 INFO  root:237 - 22404503846508.51 / 170826844870.3182 = 131,1532965648151
2021-01-19 18:37:10 INFO  root:237 - 47812458157282.04 / 64734777.22344075 = 738 589,9852910738
2021-01-19 18:37:11 INFO  root:237 - 18880.48717427600 / 86.44630406253186 = 218,4071069205989
2021-01-19 18:37:12 INFO  root:237 - 670273643.8435027 / 603350503276063 = 1,110919175842336e-6
2021-01-19 18:37:13 INFO  root:237 - 17721183245.56418 / 64087.57034186808 = 276 515,1362585987
2021-01-19 18:37:14 INFO  root:237 - 420.8873280024127 / 47382.30804326568 = 0,0088827949794698
2021-01-19 18:37:15 INFO  root:237 - 22154803501041 / 500220407.7301477 = 44 290,08324864823
2021-01-19 18:37:17 INFO  root:237 - 27.78502380366672 / 242212163185451 = 1,147135777091135e-13
2021-01-19 18:37:18 INFO  root:237 - 86.27320414641503 / 721855820235531 = 1,195158392132453e-13
2021-01-19 18:37:19 INFO  root:237 - 1.786221053160040 / 755428053323315 = 2,364515118682728e-15
2021-01-19 18:37:20 INFO  root:237 - 604230380832854 / 61271.35873860525 = 9 861 546 949,050218
2021-01-19 18:37:21 INFO  root:237 - 67023.37070217640 / 634820156487370 = 1,055785170291924e-10
2021-01-19 18:37:22 INFO  root:240 - division tests status: passed
2021-01-19 18:37:32 INFO  root:459 - addition tests status: start
2021-01-19 18:38:28 INFO  root:550 - 5808483244816.536 * 6.773884120807338 = 5 808 483 244 823,31
2021-01-19 18:38:29 INFO  root:550 - 21741837.52618128 * 383878.1027331082 = 22 125 715,62891439
2021-01-19 18:38:31 INFO  root:550 - 857286720645125.5 * 6868.131777413537 = 857 286 720 651 993,6
2021-01-19 18:38:32 INFO  root:550 - 458016857486613 * 17187231711372.40 = 475 204 089 197 985,4
2021-01-19 18:38:33 INFO  root:550 - 127673870515.3337 * 16720.05505505662 = 127 673 887 235,3888
2021-01-19 18:38:34 INFO  root:550 - 2206464725863.151 * 3038172856485.083 = 5 244 637 582 348,234
2021-01-19 18:38:35 INFO  root:550 - 62.23115104085854 * 172061182.8780634 = 172 061 245,1092144
2021-01-19 18:38:36 INFO  root:550 - 102034.5306856115 * 723438070787021 = 723 438 070 889 055,5
2021-01-19 18:38:38 INFO  root:550 - 471357400728417 * 324.0382516703871 = 471 357 400 728 741
2021-01-19 18:38:39 INFO  root:550 - 3655.537175568281 * 872.528171888767 = 4 528,065347457048
2021-01-19 18:38:40 INFO  root:550 - 48000641618.47140 * 1.283156713067272 = 48 000 641 619,75456
2021-01-19 18:38:41 INFO  root:550 - 745858800482321 * 676387003312.6731 = 746 535 187 485 633,7
2021-01-19 18:38:42 INFO  root:550 - 27214438.66360371 * 513553.3631825227 = 27 727 992,02678623
2021-01-19 18:38:43 INFO  root:550 - 4754.271051873236 * 17363632660463.31 = 17 363 632 665 217,58
2021-01-19 18:38:45 INFO  root:550 - 844401160044135 * 2.423611337712136 = 844 401 160 044 137,4
2021-01-19 18:38:46 INFO  root:550 - 31352444381112 * 27560.1521184606 = 31 352 444 408 672,15
2021-01-19 18:38:47 INFO  root:550 - 84151603051.15711 * 266818186376871 = 266 902 337 979 922,2
2021-01-19 18:38:48 INFO  root:550 - 44738211266038.7 * 3236.201220005626 = 44 738 211 269 274,9
2021-01-19 18:38:49 INFO  root:550 - 60.33164487086841 * 125.2380560057028 = 185,5697008765712
2021-01-19 18:38:50 INFO  root:550 - 672565542583260 * 512008681758.3130 = 673 077 551 265 018,3
2021-01-19 18:38:51 INFO  root:553 - addition tests status: passed
2021-01-19 18:47:37 INFO  root:245 - multiplication tests status: start
2021-01-19 18:48:05 INFO  root:377 - subtraction tests status: start
2021-01-19 18:48:38 INFO  root:451 - 826756616513045 - 2002607722,070245 =  = 826 754 613 905 322,9
2021-01-19 18:48:39 INFO  root:451 - 600812320080751 - 760778,6480135232 =  = 600 812 319 319 972,4
2021-01-19 18:48:40 INFO  root:451 - 714,5806137232876 - 46,00230448778414 =  = 668,5783092355035
2021-01-19 18:48:41 INFO  root:451 - 37355,1107306337 - 53078,50543736065 =  = -15 723,39470672695
2021-01-19 18:48:42 INFO  root:451 - 177420244220678 - 77881708,57683807 =  = 177 420 166 338 969,4
2021-01-19 18:48:43 INFO  root:451 - 8,704733177203018 - 55378043807,4813 =  = -55 378 043 798,77657
2021-01-19 18:48:44 INFO  root:451 - 352744546,5071327 - 5531468,271852708 =  = 347 213 078,23528
2021-01-19 18:48:46 INFO  root:451 - 658,8702175835451 - 348733067044267 =  = -348 733 067 043 608,1
2021-01-19 18:48:47 INFO  root:451 - 7422,365614627185 - 136243,6237746813 =  = -128 821,2581600541
2021-01-19 18:48:48 INFO  root:451 - 8271873386416,383 - 164725080412327 =  = -156 453 207 025 910,6
2021-01-19 18:48:49 INFO  root:451 - 8510,511123715565 - 43688,47314081746 =  = -35 177,9620171019
2021-01-19 18:48:50 INFO  root:451 - 80077338846,12327 - 6,16053111365341 =  = 80 077 338 839,96274
2021-01-19 18:48:52 INFO  root:451 - 1235580187881,03 - 23,71312658083673 =  = 1 235 580 187 857,317
2021-01-19 18:48:53 INFO  root:451 - 8,683806200410407 - 676,1108054534075 =  = -667,4269992529971
2021-01-19 18:48:54 INFO  root:451 - 2,385868521328385 - 476883570408244 =  = -476 883 570 408 241,6
2021-01-19 18:48:55 INFO  root:451 - 851258382884041,1 - 341,0455700143271 =  = 851 258 382 883 700,1
2021-01-19 18:48:56 INFO  root:451 - 7336774002057,361 - 805762183786228 =  = -798 425 409 784 170,6
2021-01-19 18:48:57 INFO  root:451 - 6,645015275641041 - 8375,044784788211 =  = -8 368,39976951257
2021-01-19 18:48:59 INFO  root:451 - 8041,266351682378 - 64806,05120412466 =  = -56 764,78485244228
2021-01-19 18:49:00 INFO  root:451 - 2762284147,220186 - 1127533227,704486 =  = 1 634 750 919,5157
2021-01-19 18:49:01 INFO  root:454 - subtraction tests status: passed
2021-01-19 18:49:04 INFO  root:654 - oneDividedByX tests status: start
2021-01-19 18:49:42 INFO  root:738 - 1/(26050,37556256741)  = 3,838716250359672e-5
2021-01-19 18:49:42 INFO  root:738 - 1/(7222326,107324011)  = 1,384595468468145e-7
2021-01-19 18:49:43 INFO  root:738 - 1/(62,24813122086834)  = 0,0160647393003945
2021-01-19 18:49:44 INFO  root:738 - 1/(822385431127706)  = 1,215974848470671e-15
2021-01-19 18:49:44 INFO  root:738 - 1/(26531,75166248865)  = 3,76906889797943e-5
2021-01-19 18:49:45 INFO  root:738 - 1/(224344114725406)  = 4,457438079995928e-15
2021-01-19 18:49:45 INFO  root:738 - 1/(43075244032835,84)  = 2,321519059155439e-14
2021-01-19 18:49:46 INFO  root:738 - 1/(8726,004467452135)  = 1,145999871682378e-4
2021-01-19 18:49:47 INFO  root:738 - 1/(250812232038625)  = 3,987046372786158e-15
2021-01-19 18:49:47 INFO  root:738 - 1/(173104577571886)  = 5,77685474310883e-15
2021-01-19 18:49:48 INFO  root:738 - 1/(264286,8703805421)  = 3,783767232023737e-6
2021-01-19 18:49:48 INFO  root:738 - 1/(2711432206,77414)  = 3,688087784388036e-10
2021-01-19 18:49:49 INFO  root:738 - 1/(852225665862871)  = 1,173398126877004e-15
2021-01-19 18:49:50 INFO  root:738 - 1/(3500,523622813357)  = 2,856715473887601e-4
2021-01-19 18:49:50 INFO  root:738 - 1/(5424812,734426633)  = 1,843381604039265e-7
2021-01-19 18:49:51 INFO  root:738 - 1/(11851367658424,55)  = 8,437844718192921e-14
2021-01-19 18:49:52 INFO  root:738 - 1/(82,16173134088152)  = 0,0121711164514181
2021-01-19 18:49:52 INFO  root:738 - 1/(485618517577526)  = 2,059229547070054e-15
2021-01-19 18:49:53 INFO  root:738 - 1/(24243,1867333483)  = 4,124870261484337e-5
2021-01-19 18:49:53 INFO  root:738 - 1/(48705782246205)  = 2,053144316510627e-14
2021-01-19 18:49:54 INFO  root:741 - oneDividedByX tests status: passed
2021-01-19 18:49:54 INFO  root:326 - exponentOfTwo tests status: start
2021-01-19 18:50:06 INFO  root:369 - 46.62738411401407² = 2 174,112949315812
2021-01-19 18:50:06 INFO  root:369 - 330667487.4172787² = 1,093409872348562e+17
2021-01-19 18:50:07 INFO  root:369 - 6.827577601681453² = 46,61581590698226
2021-01-19 18:50:08 INFO  root:369 - 4762.562751020743² = 22 682 003,95741027
2021-01-19 18:50:08 INFO  root:369 - 644.1321868631084² = 414 906,2741530504
2021-01-19 18:50:09 INFO  root:369 - 460314784580025² = 2,118897009029548e+29
2021-01-19 18:50:09 INFO  root:369 - 65140.20207753528² = 4 243 245 926,702132
2021-01-19 18:50:10 INFO  root:369 - 85166057628877² = 7,253257372045198e+27
2021-01-19 18:50:11 INFO  root:369 - 616122.2412568528² = 379 606 616 171,3675
2021-01-19 18:50:11 INFO  root:369 - 655.1155887165406² = 429 176,4345794196
2021-01-19 18:50:12 INFO  root:369 - 8414432751841.706² = 7,080267853526639e+25
2021-01-19 18:50:13 INFO  root:369 - 832885.4854100786² = 693 698 231 806,7823
2021-01-19 18:50:13 INFO  root:369 - 2670.756862836626² = 7 132 942,220388936
2021-01-19 18:50:14 INFO  root:369 - 504731263500.2187² = 2,547536483545272e+23
2021-01-19 18:50:14 INFO  root:369 - 82582.55832121043² = 6 819 878 938,876122
2021-01-19 18:50:15 INFO  root:369 - 5.778847215773418² = 33,39507514325219
2021-01-19 18:50:16 INFO  root:369 - 341317681104402² = 1,164977594344863e+29
2021-01-19 18:50:16 INFO  root:369 - 5458603.531164050² = 29 796 352 510 436,64
2021-01-19 18:50:17 INFO  root:369 - 84344058404.4474² = 7,113920188132834e+21
2021-01-19 18:50:18 INFO  root:369 - 1074.645453500386² = 1 154 862,85072905
2021-01-19 18:50:18 INFO  root:372 - exponentOfTwo tests status: passed
2021-01-19 18:50:51 INFO  root:558 - squareRoot tests status: start
2021-01-19 18:51:01 INFO  root:585 - √(357412268036331)  = 18 905 350,24897267
2021-01-19 18:51:02 INFO  root:585 - √(55834,4121616113)  = 236,2930641419915
2021-01-19 18:51:02 INFO  root:585 - √(5024,08678282208)  = 70,88079276378108
2021-01-19 18:51:03 INFO  root:585 - √(6,2482771760012)  = 2,499655411451987
2021-01-19 18:51:04 INFO  root:585 - √(577778274574442)  = 24 037 018,83708631
2021-01-19 18:51:04 INFO  root:585 - √(3016,428111506617)  = 54,92201845805211
2021-01-19 18:51:05 INFO  root:585 - √(483223,2236624804)  = 695,142592323676
2021-01-19 18:51:05 INFO  root:585 - √(223621231076801)  = 14 953 970,41179369
2021-01-19 18:51:06 INFO  root:585 - √(877,6065734377737)  = 29,62442528451436
2021-01-19 18:51:07 INFO  root:585 - √(572136035003186)  = 23 919 365,27174553
2021-01-19 18:51:07 INFO  root:585 - √(78,62231814185372)  = 8,8669226985383
2021-01-19 18:51:08 INFO  root:585 - √(772347281451771)  = 27 791 136,74270578
2021-01-19 18:51:09 INFO  root:585 - √(761267442881157)  = 27 591 075,42088849
2021-01-19 18:51:09 INFO  root:585 - √(72232833542586,6)  = 8 498 990,148399197
2021-01-19 18:51:10 INFO  root:585 - √(10703513,36180306)  = 3 271,622435704197
2021-01-19 18:51:11 INFO  root:585 - √(2,757400158751118)  = 1,660542127966381
2021-01-19 18:51:11 INFO  root:585 - √(367541350555215)  = 19 171 367,98862343
2021-01-19 18:51:12 INFO  root:585 - √(215,6010731223667)  = 14,68336041655202
2021-01-19 18:51:12 INFO  root:585 - √(767183668001507,5)  = 27 698 080,58334562
2021-01-19 18:51:13 INFO  root:585 - √(22222724,57552817)  = 4 714,098490223573
2021-01-19 18:51:14 INFO  root:588 - squareRoot tests status: passed
2021-01-19 18:51:26 INFO  root:185 - division tests status: start
2021-01-19 18:51:42 INFO  root:237 - 2646.831862673204 / 76575.40575048543 = 0,0345650386926801
2021-01-19 18:51:44 INFO  root:237 - 85677673.38762631 / 780508468223.1060 = 1,097716128342321e-4
2021-01-19 18:51:45 INFO  root:237 - 710015745882.403 / 261.4678603810685 = 2 715 499 124,242696
2021-01-19 18:51:46 INFO  root:237 - 526718325656181 / 704685745857145.7 = 0,7474513692844834
2021-01-19 18:51:47 INFO  root:237 - 14505568.21353704 / 3162.24071081715 = 4 587,117028731401
2021-01-19 18:51:48 INFO  root:237 - 257106330072802 / 5.78086271418217 = 44 475 425 690 709,44
2021-01-19 18:51:49 INFO  root:237 - 463277557055642.2 / 31586052813.46754 = 14 667,15577889845
2021-01-19 18:51:50 INFO  root:237 - 1.74284835107376 / 762.0652404355284 = 0,0022870067529621
2021-01-19 18:51:52 INFO  root:237 - 3176751232883.305 / 3670722320.707866 = 865,4294591999258
2021-01-19 18:51:53 INFO  root:237 - 855262.2251232284 / 7553437.527828452 = 0,1132282119197071
2021-01-19 18:51:54 INFO  root:237 - 45277.81552352126 / 21.57356458678501 = 2 098,763759756995
2021-01-19 18:51:55 INFO  root:237 - 7706046.160343288 / 1478.451826442018 = 5 212,240279000734
2021-01-19 18:51:56 INFO  root:237 - 54.68064815726744 / 37.85357138780700 = 1,44453075766797
2021-01-19 18:51:58 INFO  root:237 - 82.74566685310068 / 67321408.71416446 = 1,229113716327967e-6
2021-01-19 18:51:59 INFO  root:237 - 717760018212664 / 4372676.17621837 = 164 146 620,8077191
2021-01-19 18:52:00 INFO  root:237 - 82415.77084085502 / 20227347316708 = 4,074472522295533e-9
2021-01-19 18:52:01 INFO  root:237 - 168127726148626 / 675553778581337 = 0,2488739334738002
2021-01-19 18:52:02 INFO  root:237 - 854.2773520643584 / 42335275.67408043 = 2,017885412252992e-5
2021-01-19 18:52:03 INFO  root:237 - 1487.717638772116 / 1142.060758132072 = 1,302660675606605
2021-01-19 18:52:04 INFO  root:237 - 453567882245470 / 15458.01554403877 = 29 341 921 733,30968
2021-01-19 18:52:06 INFO  root:240 - division tests status: passed
2021-01-19 18:52:15 INFO  root:459 - addition tests status: start
2021-01-19 18:53:11 INFO  root:550 - 8376.086087510507 * 221.5133546376846 = 8 597,599442148192
2021-01-19 18:53:13 INFO  root:550 - 827883268285165 * 346218.5412272414 = 827 883 268 631 383,5
2021-01-19 18:53:14 INFO  root:550 - 6661622.634787827 * 642847721073736 = 642 847 727 735 358,6
2021-01-19 18:53:15 INFO  root:550 - 660768175108537 * 1135780.633140360 = 660 768 176 244 317,6
2021-01-19 18:53:16 INFO  root:550 - 43.57550138165027 * 51168887475855 = 51 168 887 475 898,58
2021-01-19 18:53:17 INFO  root:550 - 4.545021313574218 * 74700263806371 = 74 700 263 806 375,55
2021-01-19 18:53:18 INFO  root:550 - 4017014.71216167 * 3.273238503347037 = 4 017 017,985400173
2021-01-19 18:53:19 INFO  root:550 - 6.622742032077660 * 3815683537207.543 = 3 815 683 537 214,166
2021-01-19 18:53:21 INFO  root:550 - 852281230785146 * 10855860.83541773 = 852 281 241 641 006,8
2021-01-19 18:53:22 INFO  root:550 - 160053057831853 * 3224.884442672457 = 160 053 057 835 077,9
2021-01-19 18:53:23 INFO  root:550 - 50051.54447567776 * 330623244038150 = 330 623 244 088 201,5
2021-01-19 18:53:24 INFO  root:550 - 34.71055372235083 * 7202.654714576553 = 7 237,365268298904
2021-01-19 18:53:25 INFO  root:550 - 23.24166740070676 * 612517287475756 = 612 517 287 475 779,2
2021-01-19 18:53:26 INFO  root:550 - 507.1250255570182 * 86488260.67433265 = 86 488 767,79935821
2021-01-19 18:53:27 INFO  root:550 - 617781544812124.4 * 68367.42758144873 = 617 781 544 880 491,8
2021-01-19 18:53:29 INFO  root:550 - 301377741.7477726 * 285347660821820 = 285 347 962 199 561,7
2021-01-19 18:53:30 INFO  root:550 - 561786204665012 * 878651.6436023424 = 561 786 205 543 663,6
2021-01-19 18:53:31 INFO  root:550 - 850.2222355274323 * 4546.066621623031 = 5 396,288857150463
2021-01-19 18:53:32 INFO  root:550 - 586372140640261 * 82832300647604 = 669 204 441 287 865
2021-01-19 18:53:33 INFO  root:550 - 304256668681844 * 5246.402211353268 = 304 256 668 687 090,4
2021-01-19 18:53:34 INFO  root:553 - addition tests status: passed
2021-01-19 18:56:30 INFO  root:245 - multiplication tests status: start
2021-01-19 18:56:54 INFO  root:377 - subtraction tests status: start
2021-01-19 18:57:26 INFO  root:451 - 400831006214540 - 15670132,7607037 =  = 400 830 990 544 407,2
2021-01-19 18:57:27 INFO  root:451 - 87423,03420564643 - 6,45235528440831 =  = 87 416,58185036202
2021-01-19 18:57:29 INFO  root:451 - 2842476,861177571 - 46,38228378366767 =  = 2 842 430,478893787
2021-01-19 18:57:30 INFO  root:451 - 242367607140826 - 473451,438843131 =  = 242 367 606 667 374,6
2021-01-19 18:57:31 INFO  root:451 - 7,303136767680103 - 585220107,1613738 =  = -585 220 099,858237
2021-01-19 18:57:32 INFO  root:451 - 68412404775523 - 13008,00766238526 =  = 68 412 404 762 514,99
2021-01-19 18:57:33 INFO  root:451 - 55243,17027758803 - 118,4322048442478 =  = 55 124,73807274378
2021-01-19 18:57:34 INFO  root:451 - 534456044280651 - 4163,553118211517 =  = 534 456 044 276 487,4
2021-01-19 18:57:36 INFO  root:451 - 156051,857170633 - 62772,65425852871 =  = 93 279,20291210429
2021-01-19 18:57:37 INFO  root:451 - 1885367204,712348 - 508887582507782 =  = -508 885 697 140 577,3
2021-01-19 18:57:38 INFO  root:451 - 76041452155432,37 - 303426573558837 =  = -227 385 121 403 404,6
2021-01-19 18:57:39 INFO  root:451 - 42130363172827,84 - 0,427721713870307 =  = 42 130 363 172 827,41
2021-01-19 18:57:40 INFO  root:451 - 46,60343552655624 - 765,653817152233 =  = -719,0503816256768
2021-01-19 18:57:41 INFO  root:451 - 808666422012,0016 - 666203,6082761252 =  = 808 665 755 808,3933
2021-01-19 18:57:42 INFO  root:451 - 4705,232836273356 - 735363204203200 =  = -735 363 204 198 494,8
2021-01-19 18:57:44 INFO  root:451 - 53766008562,50605 - 636,054612763051 =  = 53 766 007 926,45144
2021-01-19 18:57:45 INFO  root:451 - 4807468565664,228 - 187417,667445685 =  = 4 807 468 378 246,561
2021-01-19 18:57:46 INFO  root:451 - 823,040858541417 - 88011880286625 =  = -88 011 880 285 801,96
2021-01-19 18:57:47 INFO  root:451 - 783067304141628 - 70414614436,48472 =  = 782 996 889 527 191,5
2021-01-19 18:57:48 INFO  root:451 - 715148,0466133548 - 15,8502154688544 =  = 715 132,1963978859
2021-01-19 18:57:49 INFO  root:454 - subtraction tests status: passed
2021-01-19 18:57:52 INFO  root:654 - oneDividedByX tests status: start
2021-01-19 18:58:17 INFO  root:326 - exponentOfTwo tests status: start
2021-01-19 18:58:47 INFO  root:558 - squareRoot tests status: start
2021-01-19 18:59:06 INFO  root:185 - division tests status: start
2021-01-19 18:59:22 INFO  root:237 - 40264730188.06322 / 3504537.38002401 = 11 489,31394413815
2021-01-19 18:59:23 INFO  root:237 - 876216834008665 / 433813407425372 = 2,019801184128683
2021-01-19 18:59:24 INFO  root:237 - 1285738.400676356 / 6741.340541228306 = 190,7244401633637
2021-01-19 18:59:25 INFO  root:237 - 73678.28740051638 / 6364631.714150385 = 0,0115762059313988
2021-01-19 18:59:26 INFO  root:237 - 0.84608033247080 / 106072226078646 = 7,976454947249657e-15
2021-01-19 18:59:27 INFO  root:237 - 453276653511380 / 64580875.74482762 = 7 018 744,299819806
2021-01-19 18:59:28 INFO  root:237 - 288.873287043260 / 366418214358215 = 7,883704349938616e-13
2021-01-19 18:59:30 INFO  root:237 - 2577723848102.280 / 330.7334704205073 = 7 793 961 236,595928
2021-01-19 18:59:31 INFO  root:237 - 76812388731.31575 / 1108.882140087642 = 69 270 110,82101546
2021-01-19 18:59:32 INFO  root:237 - 735032374118005 / 6661.843835363566 = 110 334 674 946,323
2021-01-19 18:59:33 INFO  root:237 - 51.08226662664145 / 550030804217735 = 9,28716468876533e-14
2021-01-19 18:59:34 INFO  root:237 - 733026888546705 / 637.1541323345505 = 1 150 470 272 963,426
2021-01-19 18:59:35 INFO  root:237 - 206564586240701 / 618778678601.8422 = 333,8262829408454
2021-01-19 18:59:37 INFO  root:237 - 4443.171213606815 / 538112231322278 = 8,256960081893731e-12
2021-01-19 18:59:38 INFO  root:237 - 14113143473770 / 13676.46006700742 = 1 031 929 563,982424
2021-01-19 18:59:39 INFO  root:237 - 0.858408264876332 / 135483178563114.7 = 6,335902906768927e-15
2021-01-19 18:59:40 INFO  root:237 - 236327.8372118445 / 3288855158.420154 = 7,18571739490552e-5
2021-01-19 18:59:41 INFO  root:237 - 4636471.566732716 / 5.544577785632446 = 836 217,2461079205
2021-01-19 18:59:42 INFO  root:237 - 47.20851411040368 / 541456576.4045532 = 8,718799654052313e-8
2021-01-19 18:59:43 INFO  root:237 - 1141084120881 / 222654.0463034405 = 5 124 919,757020233
2021-01-19 18:59:44 INFO  root:240 - division tests status: passed
2021-01-19 18:59:54 INFO  root:459 - addition tests status: start
2021-01-19 19:00:50 INFO  root:550 - 3523853.062878564 * 360136.0283176481 = 3 883 989,091196212
2021-01-19 19:00:52 INFO  root:550 - 23651018273271.54 * 5.670052085558871 = 23 651 018 273 277,21
2021-01-19 19:00:53 INFO  root:550 - 40165035.65784220 * 51781.74876058870 = 40 216 817,40660279
2021-01-19 19:00:54 INFO  root:550 - 6287.604764643576 * 3884.826310886700 = 10 172,43107553028
2021-01-19 19:00:55 INFO  root:550 - 618376276572160 * 54132823.28480734 = 618 376 330 704 983,3
2021-01-19 19:00:56 INFO  root:550 - 44707.71731154115 * 43817333503020.61 = 43 817 333 547 728,33
2021-01-19 19:00:58 INFO  root:550 - 73243.77287716475 * 34181664.63006372 = 34 254 908,40294088
2021-01-19 19:00:59 INFO  root:550 - 300.8052428271026 * 78228001348028 = 78 228 001 348 328,81
2021-01-19 19:01:00 INFO  root:550 - 64550144373728.22 * 5.024640084754440 = 64 550 144 373 733,24
2021-01-19 19:01:01 INFO  root:550 - 141.4161515725745 * 8723054.32208552 = 8 723 195,738237093
2021-01-19 19:01:02 INFO  root:550 - 245547705008043 * 173503.4457068117 = 245 547 705 181 546,4
2021-01-19 19:01:03 INFO  root:550 - 5.20722708015040 * 311808405147608 = 311 808 405 147 613,2
2021-01-19 19:01:04 INFO  root:550 - 2.75724677645562 * 2.323503088710548 = 5,080749865166168
2021-01-19 19:01:06 INFO  root:550 - 278712606384106 * 41110484161610.25 = 319 823 090 545 716,3
2021-01-19 19:01:07 INFO  root:550 - 85856185474336.86 * 74.71886603520688 = 85 856 185 474 411,58
2021-01-19 19:01:08 INFO  root:550 - 3.518030130521031 * 430100356.2576625 = 430 100 359,7756926
2021-01-19 19:01:09 INFO  root:550 - 550557.6116775023 * 82754.81011008341 = 633 312,4217875857
2021-01-19 19:01:10 INFO  root:550 - 130416813458738 * 8.545350441606212 = 130 416 813 458 746,5
2021-01-19 19:01:12 INFO  root:550 - 4557617714505.342 * 1436577845748.417 = 5 994 195 560 253,759
2021-01-19 19:01:13 INFO  root:550 - 624773.432142585 * 1576353.336477606 = 2 201 126,768620191
2021-01-19 19:01:14 INFO  root:553 - addition tests status: passed
2021-01-19 19:11:35 INFO  root:245 - multiplication tests status: start
2021-01-19 19:11:35 INFO  root:377 - subtraction tests status: start
2021-01-19 19:11:37 INFO  root:654 - oneDividedByX tests status: start
2021-01-19 19:11:37 INFO  root:326 - exponentOfTwo tests status: start
2021-01-19 19:11:42 INFO  root:558 - squareRoot tests status: start
2021-01-19 19:11:46 INFO  root:185 - division tests status: start
2021-01-19 19:11:50 INFO  root:459 - addition tests status: start
2021-01-19 19:12:29 INFO  root:245 - multiplication tests status: start
2021-01-19 19:12:29 INFO  root:377 - subtraction tests status: start
2021-01-19 19:12:31 INFO  root:654 - oneDividedByX tests status: start
2021-01-19 19:12:31 INFO  root:326 - exponentOfTwo tests status: start
2021-01-19 19:12:37 INFO  root:558 - squareRoot tests status: start
2021-01-19 19:12:40 INFO  root:185 - division tests status: start
2021-01-19 19:12:44 INFO  root:459 - addition tests status: start
2021-01-19 19:15:08 INFO  root:245 - multiplication tests status: start
2021-01-19 19:15:09 INFO  root:377 - subtraction tests status: start
2021-01-19 19:15:10 INFO  root:654 - oneDividedByX tests status: start
2021-01-19 19:15:11 INFO  root:326 - exponentOfTwo tests status: start
2021-01-19 19:15:16 INFO  root:558 - squareRoot tests status: start
2021-01-19 19:15:20 INFO  root:185 - division tests status: start
2021-01-19 19:15:24 INFO  root:459 - addition tests status: start
2021-01-19 19:17:01 INFO  root:245 - multiplication tests status: start
2021-01-19 19:17:33 INFO  root:318 - 821808854,2625047 * 782360808121372 =  = 6,42951039342112e+23
2021-01-19 19:17:34 INFO  root:318 - 77,52605086017242 * 780302555630183 =  = 6,049377561410809e+16
2021-01-19 19:17:35 INFO  root:318 - 4557,4728770821 * 841521108426655 =  = 3,835209627146545e+18
2021-01-19 19:17:36 INFO  root:318 - 7,080034483638637 * 617078035184815,1 =  = 4 368 933 768 204 467
2021-01-19 19:17:38 INFO  root:318 - 50,06713563454508 * 48,72760341876577 =  = 2 439,651529513668
2021-01-19 19:17:39 INFO  root:318 - 453007342500477 * 65371760648,45348 =  = 2,961388756593317e+25
2021-01-19 19:17:40 INFO  root:318 - 234213060072674 * 3642,161658780736 =  = 8,530418273824025e+17
2021-01-19 19:17:41 INFO  root:318 - 875571444422857 * 84536622354807 =  = 7,401785254182795e+28
2021-01-19 19:17:42 INFO  root:318 - 87,52548823505764 * 534266868,327726 =  = 46 761 968 498,19947
2021-01-19 19:17:43 INFO  root:318 - 3,557373052772834 * 0,473848066108435 =  = 1,685654341482667
2021-01-19 19:17:44 INFO  root:318 - 351202015003550,6 * 545340537504466 =  = 1,915246956346878e+29
2021-01-19 19:17:45 INFO  root:318 - 383131103,2454541 * 4844606,815224457 =  = 1 856 119 553 907 392
2021-01-19 19:17:47 INFO  root:318 - 511,1003285445541 * 3877717405,385753 =  = 1 981 902 639 895,594
2021-01-19 19:17:48 INFO  root:318 - 760,344011545887 * 5310504,863608476 =  = 4 037 810 571,330012
2021-01-19 19:17:49 INFO  root:318 - 7654883252,007816 * 5463321,710846808 =  = 4,182108986469192e+16
2021-01-19 19:17:50 INFO  root:318 - 625764078444630 * 668,1450082705562 =  = 4,181011453678043e+17
2021-01-19 19:17:51 INFO  root:318 - 143,401161051664 * 3,525608604011301 =  = 505,5763672289569
2021-01-19 19:17:53 INFO  root:318 - 7646168038168,217 * 5,005648376881651 =  = 38 274 028 629 621,09
2021-01-19 19:17:54 INFO  root:318 - 817803386028072 * 832623056006465 =  = 6,809219544871281e+29
2021-01-19 19:17:55 INFO  root:318 - 6572,507008070647 * 374085216347155 =  = 2,4586777060573e+18
2021-01-19 19:17:56 INFO  root:321 - multiplication tests status: passed
2021-01-19 19:17:56 INFO  root:377 - subtraction tests status: start
2021-01-19 19:18:28 INFO  root:451 - 4262,826548360667 - 3604473750,121377 =  = -3 604 469 487,294829
2021-01-19 19:18:30 INFO  root:451 - 761438724667420 - 83806704,71641754 =  = 761 438 640 860 715,3
2021-01-19 19:18:31 INFO  root:451 - 7,882760800486435 - 87052725012,53753 =  = -87 052 725 004,65477
2021-01-19 19:18:32 INFO  root:451 - 453127074,8188356 - 231414,8727826216 =  = 452 895 659,946053
2021-01-19 19:18:33 INFO  root:451 - 53106,6828672402 - 827335163284620,2 =  = -827 335 163 231 513,5
2021-01-19 19:18:34 INFO  root:451 - 10600251334761 - 351,6336473243725 =  = 10 600 251 334 409,37
2021-01-19 19:18:35 INFO  root:451 - 1,44644157170427 - 213254,8655216465 =  = -213 253,4190800748
2021-01-19 19:18:37 INFO  root:451 - 52351864308,66363 - 583303158014327,8 =  = -583 250 806 150 019,1
2021-01-19 19:18:38 INFO  root:451 - 7473126102,040421 - 8308000271035,72 =  = -8 300 527 144 933,68
2021-01-19 19:18:39 INFO  root:451 - 84,23270538105071 - 651157123656275 =  = -651 157 123 656 190,8
2021-01-19 19:18:40 INFO  root:451 - 772630721,0467735 - 45037167771306,64 =  = -45 036 395 140 585,59
2021-01-19 19:18:41 INFO  root:451 - 5,38586261040521 - 6760042,524876631 =  = -6 760 037,139014021
2021-01-19 19:18:42 INFO  root:451 - 37811671,34754281 - 140,6615730700318 =  = 37 811 530,68596974
2021-01-19 19:18:44 INFO  root:451 - 6614355034656,206 - 3583116,030310433 =  = 6 614 351 451 540,176
2021-01-19 19:18:45 INFO  root:451 - 8,060036175604867 - 1088747,627015024 =  = -1 088 739,566978848
2021-01-19 19:18:46 INFO  root:451 - 1,83364112443384 - 888317413432202 =  = -888 317 413 432 200,2
2021-01-19 19:18:47 INFO  root:451 - 7,053118687173116 - 67157678,58826862 =  = -67 157 671,53514993
2021-01-19 19:18:48 INFO  root:451 - 270702285707817 - 0,402636727068044 =  = 270 702 285 707 816,6
2021-01-19 19:18:49 INFO  root:451 - 2,683052376430238 - 4,37675122260547 =  = -1,693698846175232
2021-01-19 19:18:51 INFO  root:451 - 54164,80324632572 - 530883187,4485431 =  = -530 829 022,6452968
2021-01-19 19:18:52 INFO  root:454 - subtraction tests status: passed
2021-01-19 19:18:54 INFO  root:654 - oneDividedByX tests status: start
2021-01-19 19:19:33 INFO  root:738 - 1/(84,124805710483)  = 0,0118871002619788
2021-01-19 19:19:33 INFO  root:738 - 1/(581661407141223)  = 1,719213253144724e-15
2021-01-19 19:19:34 INFO  root:738 - 1/(660727864862553)  = 1,51348240808343e-15
2021-01-19 19:19:34 INFO  root:738 - 1/(67261,54503332772)  = 1,48673361503145e-5
2021-01-19 19:19:35 INFO  root:738 - 1/(1083034314,737038)  = 9,233317784975273e-10
2021-01-19 19:19:36 INFO  root:738 - 1/(77,348630285336)  = 0,0129284771599838
2021-01-19 19:19:36 INFO  root:738 - 1/(530,883830578314)  = 0,0018836512668142
2021-01-19 19:19:37 INFO  root:738 - 1/(436082161573615)  = 2,293145852129038e-15
2021-01-19 19:19:38 INFO  root:738 - 1/(5,717884221560401)  = 0,1748898650709478
2021-01-19 19:19:38 INFO  root:738 - 1/(546307874064,3143)  = 1,830469681061699e-12
2021-01-19 19:19:39 INFO  root:738 - 1/(218751624805085)  = 4,57139461657043e-15
2021-01-19 19:19:39 INFO  root:738 - 1/(65401240728,02456)  = 1,529022980096917e-11
2021-01-19 19:19:40 INFO  root:738 - 1/(3,85447202604343)  = 0,2594389045356461
2021-01-19 19:19:41 INFO  root:738 - 1/(33421,22121304128)  = 2,992110891536753e-5
2021-01-19 19:19:41 INFO  root:738 - 1/(755366562525865)  = 1,323860559376771e-15
2021-01-19 19:19:42 INFO  root:738 - 1/(6306,134837862285)  = 1,585757402451911e-4
2021-01-19 19:19:42 INFO  root:738 - 1/(23103722835,08585)  = 4,328306771761375e-11
2021-01-19 19:19:43 INFO  root:738 - 1/(8617504874666,04)  = 1,160428702442427e-13
2021-01-19 19:19:44 INFO  root:738 - 1/(331770043822256)  = 3,014135901117536e-15
2021-01-19 19:19:44 INFO  root:738 - 1/(7,042015577224488)  = 0,1420047980629625
2021-01-19 19:19:45 INFO  root:741 - oneDividedByX tests status: passed
2021-01-19 19:19:45 INFO  root:326 - exponentOfTwo tests status: start
2021-01-19 19:19:57 INFO  root:369 - 4122.110472763712² = 16 991 794,74966827
2021-01-19 19:19:58 INFO  root:369 - 5.801585151204466² = 33,65839026667615
2021-01-19 19:19:58 INFO  root:369 - 783446683351.2841² = 6,137887056541272e+23
2021-01-19 19:19:59 INFO  root:369 - 0.650553205320716² = 0,4232194729530577
2021-01-19 19:20:00 INFO  root:369 - 6837574.066717622² = 46 752 419 117 849,36
2021-01-19 19:20:00 INFO  root:369 - 5.704677160128411² = 32,54334150129075
2021-01-19 19:20:01 INFO  root:369 - 27.3447677327163² = 747,7363223562025
2021-01-19 19:20:01 INFO  root:369 - 463088.4205455287² = 214 450 885 243,3524
2021-01-19 19:20:02 INFO  root:369 - 4684.183885501271² = 21 941 578,67318978
2021-01-19 19:20:03 INFO  root:369 - 174.8212614274320² = 30 562,47344707852
2021-01-19 19:20:03 INFO  root:369 - 6276253162.558820² = 3,939135376052959e+19
2021-01-19 19:20:04 INFO  root:369 - 5.712581722351453² = 32,63358993454389
2021-01-19 19:20:05 INFO  root:369 - 10274.68175006328² = 105 569 085,0650834
2021-01-19 19:20:05 INFO  root:369 - 241.4264356418643² = 58 286,72382673524
2021-01-19 19:20:06 INFO  root:369 - 22627710653.46076² = 5,120132894167416e+20
2021-01-19 19:20:07 INFO  root:369 - 7.870566070560176² = 61,94581027105305
2021-01-19 19:20:07 INFO  root:369 - 163667.8348864858² = 26 787 160 176,42998
2021-01-19 19:20:08 INFO  root:369 - 147.3183402763682² = 21 702,69338178381
2021-01-19 19:20:08 INFO  root:369 - 721115617.2844870² = 5,200077334915867e+17
2021-01-19 19:20:09 INFO  root:369 - 264244084.2218604² = 6,982493604624965e+16
2021-01-19 19:20:10 INFO  root:372 - exponentOfTwo tests status: passed
2021-01-19 19:21:00 INFO  root:558 - squareRoot tests status: start
2021-01-19 19:21:11 INFO  root:585 - √(148,6833666406542)  = 12,19357891025659
2021-01-19 19:21:11 INFO  root:585 - √(200263535,0311518)  = 14 151,44992681498
2021-01-19 19:21:12 INFO  root:585 - √(26483,14636545138)  = 162,7364322008178
2021-01-19 19:21:12 INFO  root:585 - √(738724351,3012212)  = 27 179,48401462436
2021-01-19 19:21:13 INFO  root:585 - √(573845468620056)  = 23 955 071,87674577
2021-01-19 19:21:14 INFO  root:585 - √(64,81526443578033)  = 8,050792783060581
2021-01-19 19:21:14 INFO  root:585 - √(832055662475,0216)  = 912 170,8515815563
2021-01-19 19:21:15 INFO  root:585 - √(163344,3567855822)  = 404,1588261879013
2021-01-19 19:21:16 INFO  root:585 - √(23255,14264275844)  = 152,4963692772993
2021-01-19 19:21:16 INFO  root:585 - √(52642841412865)  = 7 255 538,671447145
2021-01-19 19:21:17 INFO  root:585 - √(7485453076,753345)  = 86 518,51291344151
2021-01-19 19:21:18 INFO  root:585 - √(373387601126,2858)  = 611 054,4993094199
2021-01-19 19:21:18 INFO  root:585 - √(211,0565665684672)  = 14,527786017438
2021-01-19 19:21:19 INFO  root:585 - √(662620446178,8647)  = 814 015,0159418834
2021-01-19 19:21:19 INFO  root:585 - √(4076,76030402632)  = 63,84951295058029
2021-01-19 19:21:20 INFO  root:585 - √(825735386565271)  = 28 735 611,81818252
2021-01-19 19:21:21 INFO  root:585 - √(7113,400660568521)  = 84,34097853693969
2021-01-19 19:21:21 INFO  root:585 - √(360876044,8206408)  = 18 996,73774153449
2021-01-19 19:21:22 INFO  root:585 - √(250033524281701)  = 15 812 448,39617512
2021-01-19 19:21:23 INFO  root:585 - √(52230156321160,15)  = 7 227 043,401084578
2021-01-19 19:21:23 INFO  root:588 - squareRoot tests status: passed
2021-01-19 19:21:36 INFO  root:185 - division tests status: start
2021-01-19 19:21:52 INFO  root:237 - 512154481233171 / 605078.7036738737 = 846 426 222,1154173
2021-01-19 19:21:53 INFO  root:237 - 1187734.642730601 / 2764.082438663261 = 429,7030457980847
2021-01-19 19:21:54 INFO  root:237 - 876351833121451 / 7.815788240345860 = 112 125 841 459 935,9
2021-01-19 19:21:55 INFO  root:237 - 250.1333402065301 / 551850604652844.6 = 4,532627818064687e-13
2021-01-19 19:21:56 INFO  root:237 - 848006.373768200 / 461727760837634 = 1,836593866978686e-9
2021-01-19 19:21:57 INFO  root:237 - 711166588533.7513 / 407482.7763336688 = 1 745 267,848944393
2021-01-19 19:21:59 INFO  root:237 - 855152368247432 / 665378874000124 = 1,285211180671289
2021-01-19 19:22:00 INFO  root:237 - 352331003464731 / 372852710180712 = 0,9449602855078225
2021-01-19 19:22:01 INFO  root:237 - 42.26427280755515 / 34.84203282238743 = 1,213025457584628
2021-01-19 19:22:02 INFO  root:237 - 256800370477286.7 / 6.340717077430763 = 40 500 209 572 722,54
2021-01-19 19:22:03 INFO  root:237 - 8.516176816843533 / 2483307320880.644 = 3,429368868378111e-12
2021-01-19 19:22:04 INFO  root:237 - 378116377574748 / 43110601078340 = 8,770844481793238
2021-01-19 19:22:05 INFO  root:237 - 134348847584.8832 / 460507778.6780410 = 291,7406693336482
2021-01-19 19:22:07 INFO  root:237 - 20773421.62601574 / 263.8884453828761 = 78 720,46688469271
2021-01-19 19:22:08 INFO  root:237 - 350447611463425 / 77.40323744110135 = 4 527 557 542 151,8
2021-01-19 19:22:09 INFO  root:237 - 0.241324824213671 / 66556128554016.86 = 3,625884339378486e-15
2021-01-19 19:22:10 INFO  root:237 - 478787063666.677 / 862104.6818874403 = 555 369,9843253946
2021-01-19 19:22:11 INFO  root:237 - 40183.24502802425 / 7036181.515324182 = 0,0057109449124513
2021-01-19 19:22:12 INFO  root:237 - 30.37655431207188 / 8418670121.514140 = 3,608236677957457e-9
2021-01-19 19:22:14 INFO  root:237 - 480574.7878120447 / 213.8684772171355 = 2 247,057603183515
2021-01-19 19:22:15 INFO  root:240 - division tests status: passed
2021-01-19 19:22:24 INFO  root:459 - addition tests status: start
2021-01-19 19:23:21 INFO  root:550 - 851452024405588 * 151004516060.0201 = 851 603 028 921 648
2021-01-19 19:23:22 INFO  root:550 - 341.6706087320110 * 666155707681412 = 666 155 707 681 753,7
2021-01-19 19:23:23 INFO  root:550 - 318577115102717 * 1430.331422011530 = 318 577 115 104 147,3
2021-01-19 19:23:24 INFO  root:550 - 873308761444170 * 312522.7624742108 = 873 308 761 756 692,8
2021-01-19 19:23:25 INFO  root:550 - 5701.377823560240 * 6353513588.814562 = 6 353 519 290,192386
2021-01-19 19:23:26 INFO  root:550 - 52773066483.23380 * 83346.6637001355 = 52 773 149 829,8975
2021-01-19 19:23:28 INFO  root:550 - 88378.40764737570 * 4011766235753.012 = 4 011 766 324 131,42
2021-01-19 19:23:29 INFO  root:550 - 2.53101080283048 * 5047.472483223210 = 5 050,00349402604
2021-01-19 19:23:30 INFO  root:550 - 4221.147145782788 * 871804234350.0741 = 871 804 238 571,2212
2021-01-19 19:23:31 INFO  root:550 - 880.5172807614262 * 443824.086584208 = 444 704,6038649694
2021-01-19 19:23:32 INFO  root:550 - 3.583536725014250 * 3335257.352754823 = 3 335 260,936291548
2021-01-19 19:23:33 INFO  root:550 - 75.76514082370231 * 647.651103543488 = 723,4162443671903
2021-01-19 19:23:34 INFO  root:550 - 36.38388657824385 * 3.016850632133083 = 39,40073721037693
2021-01-19 19:23:36 INFO  root:550 - 3386538872.205315 * 4186.247261541136 = 3 386 543 058,452577
2021-01-19 19:23:37 INFO  root:550 - 621838.2213841647 * 305458388233844 = 305 458 388 855 682,2
2021-01-19 19:23:38 INFO  root:550 - 8.421680352513518 * 82.0448825035648 = 90,46656285607832
2021-01-19 19:23:39 INFO  root:550 - 8352.624407343233 * 64054638212657 = 64 054 638 221 009,62
2021-01-19 19:23:40 INFO  root:550 - 3637.415174734088 * 72602058.23074778 = 72 605 695,64592251
2021-01-19 19:23:41 INFO  root:550 - 722623523473.4542 * 303464864327808 = 304 187 487 851 281,5
2021-01-19 19:23:43 INFO  root:550 - 4.470764263142777 * 580257235471120 = 580 257 235 471 124,5
2021-01-19 19:23:44 INFO  root:553 - addition tests status: passed
2021-01-19 19:37:07 INFO  root:245 - multiplication tests status: start
2021-01-19 19:37:39 INFO  root:318 - 54,77131774210064 * 25716045,37087243 =  = 1 408 501 692,07833
2021-01-19 19:37:40 INFO  root:318 - 4,744627808576256 * 727550702304011 =  = 3 451 957 294 300 796
2021-01-19 19:37:41 INFO  root:318 - 284758,4551652855 * 22,37016120812478 =  = 6 370 092,547424009
2021-01-19 19:37:42 INFO  root:318 - 738750081057232 * 636,3012621500385 =  = 4,7006760899016e+17
2021-01-19 19:37:43 INFO  root:318 - 5874817542288,585 * 646620485022,7178 =  = 3,798777368614616e+24
2021-01-19 19:37:45 INFO  root:318 - 366400,6832703623 * 1,586647538888352 =  = 581 348,7423579309
2021-01-19 19:37:46 INFO  root:318 - 74038,67477536167 * 72761,86761105841 =  = 5 387 192 252,103076
2021-01-19 19:37:47 INFO  root:318 - 137560814548736 * 7163716875,610712 =  = 9,854467286055356e+23
2021-01-19 19:37:48 INFO  root:318 - 3,511878478823874 * 1505482,206255576 =  = 5 287 070,560401242
2021-01-19 19:37:49 INFO  root:318 - 454324474,862778 * 42225644150322 =  = 1,918414360433758e+22
2021-01-19 19:37:50 INFO  root:318 - 658,8721032484305 * 503377668288715 =  = 3,316615030336764e+17
2021-01-19 19:37:52 INFO  root:318 - 6,735705214741684 * 38380655418,83864 =  = 258 520 780 849,8751
2021-01-19 19:37:53 INFO  root:318 - 76,32380735468332 * 878376746864424 =  = 6,704105761251373e+16
2021-01-19 19:37:54 INFO  root:318 - 83654,32361444466 * 0,875516301740162 =  = 73 240,72403549329
2021-01-19 19:37:55 INFO  root:318 - 36101121143312 * 57606250,08785145 =  = 2,079650213033453e+21
2021-01-19 19:37:56 INFO  root:318 - 8,502785316683767 * 786,7383632103002 =  = 6 689,467402776361
2021-01-19 19:37:57 INFO  root:318 - 2054,535831078011 * 48258374,33060563 =  = 99 148 559 211,80459
2021-01-19 19:37:59 INFO  root:318 - 8601,76671616634 * 357863311370673 =  = 3,078256720685326e+18
2021-01-19 19:38:00 INFO  root:318 - 830272538086046 * 75,28702302045677 =  = 6,250874768813722e+16
2021-01-19 19:38:01 INFO  root:318 - 7041328,826078506 * 860213627367836 =  = 6,057047010970698e+21
2021-01-19 19:38:02 INFO  root:321 - multiplication tests status: passed
2021-01-19 19:38:02 INFO  root:377 - subtraction tests status: start
2021-01-19 19:38:34 INFO  root:451 - 71262,51262232736 - 244101,3218267258 =  = -172 838,8092043984
2021-01-19 19:38:36 INFO  root:451 - 688732616341872 - 742,448684142174 =  = 688 732 616 341 129,6
2021-01-19 19:38:37 INFO  root:451 - 600,3342545068475 - 15215,75372154484 =  = -14 615,41946703799
2021-01-19 19:38:38 INFO  root:451 - 863280503521246 - 66233125,75307534 =  = 863 280 437 288 120,2
2021-01-19 19:38:39 INFO  root:451 - 34545814,8661557 - 38068106107,43831 =  = -38 033 560 292,57215
2021-01-19 19:38:40 INFO  root:451 - 78,714424128256 - 7486587,078887311 =  = -7 486 508,364463183
2021-01-19 19:38:41 INFO  root:451 - 545113434168522 - 562,2627452231611 =  = 545 113 434 167 959,7
2021-01-19 19:38:42 INFO  root:451 - 3521,160578468357 - 3,485428412552785 =  = 3 517,675150055804
2021-01-19 19:38:44 INFO  root:451 - 2066027806,272383 - 74481030,40746264 =  = 1 991 546 775,86492
2021-01-19 19:38:45 INFO  root:451 - 4,66644274663365 - 721038,6462825648 =  = -721 033,9798398182
2021-01-19 19:38:46 INFO  root:451 - 707466468322071 - 2180,304041078183 =  = 707 466 468 319 890,7
2021-01-19 19:38:47 INFO  root:451 - 765717668846287 - 64,74800800201012 =  = 765 717 668 846 222,3
2021-01-19 19:38:48 INFO  root:451 - 671354066487317 - 2667,208128182683 =  = 671 354 066 484 649,8
2021-01-19 19:38:49 INFO  root:451 - 0,8024783350487 - 5,760483235870153 =  = -4,958004900821453
2021-01-19 19:38:50 INFO  root:451 - 156,5386352614678 - 51554232718273,34 =  = -51 554 232 718 116,8
2021-01-19 19:38:52 INFO  root:451 - 66016,71883272746 - 355558076737167 =  = -355 558 076 671 150,3
2021-01-19 19:38:53 INFO  root:451 - 24038223775707,46 - 88201034661,415 =  = 23 950 022 741 046,05
2021-01-19 19:38:54 INFO  root:451 - 668,5371125271085 - 277265161,7222834 =  = -277 264 493,1851709
2021-01-19 19:38:55 INFO  root:451 - 23523,8356362402 - 210216213021270 =  = -210 216 212 997 746,2
2021-01-19 19:38:56 INFO  root:451 - 46,85184821238186 - 574001638701330 =  = -574 001 638 701 283,1
2021-01-19 19:38:57 INFO  root:454 - subtraction tests status: passed
2021-01-19 19:39:00 INFO  root:654 - oneDividedByX tests status: start
2021-01-19 19:39:38 INFO  root:738 - 1/(36583,64752451426)  = 2,733461717642868e-5
2021-01-19 19:39:39 INFO  root:738 - 1/(834001148031471)  = 1,199039116864939e-15
2021-01-19 19:39:40 INFO  root:738 - 1/(830416208,508211)  = 1,204215416021847e-9
2021-01-19 19:39:40 INFO  root:738 - 1/(810602127,0585212)  = 1,233650846228048e-9
2021-01-19 19:39:41 INFO  root:738 - 1/(553426072652582)  = 1,806926072721837e-15
2021-01-19 19:39:41 INFO  root:738 - 1/(111480513403,2252)  = 8,970177562629249e-12
2021-01-19 19:39:42 INFO  root:738 - 1/(18,66878245171545)  = 0,0535653571724015
2021-01-19 19:39:43 INFO  root:738 - 1/(40173,43562774108)  = 2,489207070229928e-5
2021-01-19 19:39:43 INFO  root:738 - 1/(244827651656761)  = 4,08450595034078e-15
2021-01-19 19:39:44 INFO  root:738 - 1/(8,764267764110435)  = 0,1140996631909156
2021-01-19 19:39:44 INFO  root:738 - 1/(734647,4174440737)  = 1,361197189638425e-6
2021-01-19 19:39:45 INFO  root:738 - 1/(8350821,01437822)  = 1,197487047415131e-7
2021-01-19 19:39:46 INFO  root:738 - 1/(6083761724,188348)  = 1,643719865004103e-10
2021-01-19 19:39:46 INFO  root:738 - 1/(676171531187423)  = 1,478914674570671e-15
2021-01-19 19:39:47 INFO  root:738 - 1/(1716751757,055738)  = 5,824953991688461e-10
2021-01-19 19:39:48 INFO  root:738 - 1/(735210,2378370817)  = 1,360155161796855e-6
2021-01-19 19:39:48 INFO  root:738 - 1/(81273082007775,3)  = 1,230419685455427e-14
2021-01-19 19:39:49 INFO  root:738 - 1/(2,322545107323738)  = 0,4305621435926801
2021-01-19 19:39:49 INFO  root:738 - 1/(2573226634026,866)  = 3,886171496814841e-13
2021-01-19 19:39:50 INFO  root:738 - 1/(8,411243383870607)  = 0,118888487036007
2021-01-19 19:39:51 INFO  root:741 - oneDividedByX tests status: passed
2021-01-19 19:39:51 INFO  root:326 - exponentOfTwo tests status: start
2021-01-19 19:40:03 INFO  root:369 - 7.276443360503522² = 52,94662797861579
2021-01-19 19:40:03 INFO  root:369 - 751602740572184² = 5,649066796356177e+29
2021-01-19 19:40:04 INFO  root:369 - 201.7573701273638² = 40 706,03640071007
2021-01-19 19:40:04 INFO  root:369 - 86051.34807775860² = 7 404 834 505,999569
2021-01-19 19:40:05 INFO  root:369 - 620602001.2570575² = 3,851468439642648e+17
2021-01-19 19:40:06 INFO  root:369 - 0.746166528284854² = 0,5567644879326718
2021-01-19 19:40:06 INFO  root:369 - 1357233.662273814² = 1 842 083 214 009,189
2021-01-19 19:40:07 INFO  root:369 - 8.128520616777787² = 66,07284741738153
2021-01-19 19:40:08 INFO  root:369 - 801842885137013² = 6,42952012444849e+29
2021-01-19 19:40:08 INFO  root:369 - 857640707804235² = 7,355475836829492e+29
2021-01-19 19:40:09 INFO  root:369 - 2.546310382384476² = 6,483696563438976
2021-01-19 19:40:09 INFO  root:369 - 5617.101857265631² = 31 551 833,274897
2021-01-19 19:40:10 INFO  root:369 - 6.462212415680765² = 41,76018930537863
2021-01-19 19:40:11 INFO  root:369 - 1162.871526342306² = 1 352 270,186777684
2021-01-19 19:40:11 INFO  root:369 - 8534405158445.485² = 7,28360714085009e+25
2021-01-19 19:40:12 INFO  root:369 - 107.8851531526202² = 11 639,20627076432
2021-01-19 19:40:13 INFO  root:369 - 733043713177621² = 5,373530854292343e+29
2021-01-19 19:40:13 INFO  root:369 - 0.227762344633652² = 0,0518756856330185
2021-01-19 19:40:14 INFO  root:369 - 6143.77861775182² = 37 746 015,70394446
2021-01-19 19:40:14 INFO  root:369 - 711641070613258² = 5,064330133835841e+29
2021-01-19 19:40:15 INFO  root:372 - exponentOfTwo tests status: passed
2021-01-19 19:41:05 INFO  root:558 - squareRoot tests status: start
2021-01-19 19:41:15 INFO  root:585 - √(40,8582357302132)  = 6,392044722169362
2021-01-19 19:41:16 INFO  root:585 - √(7778867732283,23)  = 2 789 062,15998913
2021-01-19 19:41:17 INFO  root:585 - √(670444,1042516061)  = 818,8065120964819
2021-01-19 19:41:17 INFO  root:585 - √(6311672,628486221)  = 2 512,304246799384
2021-01-19 19:41:18 INFO  root:585 - √(14074015825,26812)  = 118 633,9573025705
2021-01-19 19:41:19 INFO  root:585 - √(717561868251224)  = 26 787 345,30055608
2021-01-19 19:41:19 INFO  root:585 - √(2833435,537304862)  = 1 683,28118188996
2021-01-19 19:41:20 INFO  root:585 - √(8754547,237766848)  = 2 958,80841518454
2021-01-19 19:41:21 INFO  root:585 - √(115,0534317814552)  = 10,72629627511077
2021-01-19 19:41:21 INFO  root:585 - √(47,55458227656416)  = 6,895983053674375
2021-01-19 19:41:22 INFO  root:585 - √(1618033715,633515)  = 40 224,78981465926
2021-01-19 19:41:22 INFO  root:585 - √(725628148420,037)  = 851 838,0998875532
2021-01-19 19:41:23 INFO  root:585 - √(5276,303066703327)  = 72,63816535887541
2021-01-19 19:41:24 INFO  root:585 - √(87,38061113324452)  = 9,347759685253174
2021-01-19 19:41:24 INFO  root:585 - √(2,774857571043024)  = 1,665790374279736
2021-01-19 19:41:25 INFO  root:585 - √(6441,710105358216)  = 80,26026479745887
2021-01-19 19:41:26 INFO  root:585 - √(7174540220,678048)  = 84 702,65769548231
2021-01-19 19:41:26 INFO  root:585 - √(34682211,0187723)  = 5 889,160468077967
2021-01-19 19:41:27 INFO  root:585 - √(868055534771060)  = 29 462 782,19671489
2021-01-19 19:41:28 INFO  root:585 - √(2,814820855081646)  = 1,677742785733751
2021-01-19 19:41:28 INFO  root:588 - squareRoot tests status: passed
2021-01-19 19:41:41 INFO  root:185 - division tests status: start
2021-01-19 19:41:57 INFO  root:237 - 450645048743151.7 / 80.31027441023355 = 5 611 300 074 025,5
2021-01-19 19:41:58 INFO  root:237 - 40.86613744801340 / 55766.82018184142 = 7,328037947073066e-4
2021-01-19 19:41:59 INFO  root:237 - 1315745.865418626 / 88350003.06205871 = 0,0148924258043819
2021-01-19 19:42:00 INFO  root:237 - 48631212.27156370 / 205377.6433716664 = 236,7892214224949
2021-01-19 19:42:01 INFO  root:237 - 158681763352708.3 / 302311042835554 = 0,52489568976488
2021-01-19 19:42:02 INFO  root:237 - 677.6285427460387 / 41.15672825533882 = 16,4645872369152
2021-01-19 19:42:03 INFO  root:237 - 380754.5210461013 / 405255151001616 = 9,395427056387569e-10
2021-01-19 19:42:05 INFO  root:237 - 65378733.85026014 / 42.17760327661154 = 1 550 081,767839904
2021-01-19 19:42:06 INFO  root:237 - 540764632.2037154 / 2167762.275682767 = 249,4575342830865
2021-01-19 19:42:07 INFO  root:237 - 104.0638148378061 / 631084686028785 = 1,648967518014841e-13
2021-01-19 19:42:08 INFO  root:237 - 730574.4024110346 / 604685.8450808454 = 1,208188364841512
2021-01-19 19:42:09 INFO  root:237 - 5175.217025571067 / 56071455.68544527 = 9,229681951906988e-5
2021-01-19 19:42:10 INFO  root:237 - 781781384872175 / 657074875735481 = 1,189790408584877
2021-01-19 19:42:11 INFO  root:237 - 52266022703353.86 / 82656035131443 = 0,6323315970846932
2021-01-19 19:42:12 INFO  root:237 - 5433154.853661418 / 526668381450.5632 = 1,031608322242032e-5
2021-01-19 19:42:14 INFO  root:237 - 218884851834550.6 / 746887.5765124717 = 293 062 649,2096908
2021-01-19 19:42:15 INFO  root:237 - 26278254.74768878 / 748138370775654 = 3,512485894881189e-8
2021-01-19 19:42:16 INFO  root:237 - 744642336.4234688 / 385776577278427 = 1,930242477852763e-6
2021-01-19 19:42:17 INFO  root:237 - 70712.06255530683 / 423352721453.1438 = 1,670287185413385e-7
2021-01-19 19:42:18 INFO  root:237 - 777115807.1432228 / 8.642288051630040 = 89 920 146,43583297
2021-01-19 19:42:19 INFO  root:240 - division tests status: passed
2021-01-19 19:42:29 INFO  root:459 - addition tests status: start
2021-01-19 19:43:25 INFO  root:550 - 560344518881504 * 616276344878720 = 1 176 620 863 760 224
2021-01-19 19:43:26 INFO  root:550 - 711868.4755106187 * 10446.06015241540 = 722 314,5356630341
2021-01-19 19:43:27 INFO  root:550 - 280805484646180 * 50265712486716.26 = 331 071 197 132 896,3
2021-01-19 19:43:29 INFO  root:550 - 8.577788137201731 * 4882.708154683315 = 4 891,285942820517
2021-01-19 19:43:30 INFO  root:550 - 1410.051487548312 * 112608541034.7 = 112 608 542 444,7515
2021-01-19 19:43:31 INFO  root:550 - 18.08353823547100 * 18.07131487771101 = 36,15485311318201
2021-01-19 19:43:32 INFO  root:550 - 263015068760507 * 52703561640051 = 315 718 630 400 558
2021-01-19 19:43:33 INFO  root:550 - 2136050.681576717 * 248651.4225562527 = 2 384 702,10413297
2021-01-19 19:43:34 INFO  root:550 - 11140.46428402730 * 65666380.88527870 = 65 677 521,34956273
2021-01-19 19:43:36 INFO  root:550 - 714.2142524335065 * 7485678.216208732 = 7 486 392,430461166
2021-01-19 19:43:37 INFO  root:550 - 473484185751207.3 * 814273673228685 = 1 287 757 858 979 892
2021-01-19 19:43:38 INFO  root:550 - 326580332288255.0 * 260201426774611 = 586 781 759 062 866
2021-01-19 19:43:39 INFO  root:550 - 71.14254735006456 * 177824681773.6623 = 177 824 681 844,8048
2021-01-19 19:43:40 INFO  root:550 - 2.647163887102008 * 1227813333.838254 = 1 227 813 336,485418
2021-01-19 19:43:41 INFO  root:550 - 303182283763633 * 3033.641082134638 = 303 182 283 766 666,6
2021-01-19 19:43:42 INFO  root:550 - 0.784062443846337 * 83554841087.76045 = 83 554 841 088,54451
2021-01-19 19:43:44 INFO  root:550 - 32.64280827042525 * 30.88148800112504 = 63,52429627155029
2021-01-19 19:43:45 INFO  root:550 - 44643586747060 * 3817.84078015603 = 44 643 586 750 877,84
2021-01-19 19:43:46 INFO  root:550 - 781.4080703057628 * 218464.5461851386 = 219 245,9542554444
2021-01-19 19:43:47 INFO  root:550 - 6.381667256061326 * 36317284668.43148 = 36 317 284 674,81315
2021-01-19 19:43:48 INFO  root:553 - addition tests status: passed
2021-01-19 19:46:15 INFO  root:245 - multiplication tests status: start
2021-01-19 19:46:42 INFO  root:377 - subtraction tests status: start
2021-01-19 19:47:14 INFO  root:451 - 846043138485266 - 0,343427288575312 =  = 846 043 138 485 265,7
2021-01-19 19:47:15 INFO  root:451 - 37664231383420 - 756478777375166 =  = -718 814 545 991 746
2021-01-19 19:47:16 INFO  root:451 - 4321002373665,818 - 1304516038305,674 =  = 3 016 486 335 360,144
2021-01-19 19:47:18 INFO  root:451 - 515,8186406242262 - 284271055876657,1 =  = -284 271 055 876 141,3
2021-01-19 19:47:19 INFO  root:451 - 488757421314040 - 665463250675280 =  = -176 705 829 361 240
2021-01-19 19:47:20 INFO  root:451 - 365434252505385 - 25130783,45457504 =  = 365 434 227 374 601,5
2021-01-19 19:47:21 INFO  root:451 - 6536,642842538066 - 386454,5221536221 =  = -379 917,879311084
2021-01-19 19:47:22 INFO  root:451 - 1082266441467,83 - 212473470108710 =  = -211 391 203 667 242,2
2021-01-19 19:47:23 INFO  root:451 - 633,8258173582334 - 38,4770624271438 =  = 595,3487549310896
2021-01-19 19:47:24 INFO  root:451 - 4534,853228687313 - 7556,852614073306 =  = -3 021,999385385993
2021-01-19 19:47:25 INFO  root:451 - 751686077873205 - 768130164,485411 =  = 751 685 309 743 040,5
2021-01-19 19:47:27 INFO  root:451 - 21180880,51088015 - 5,756084185411706 =  = 21 180 874,75479596
2021-01-19 19:47:28 INFO  root:451 - 55824362,71401861 - 21,71078263877588 =  = 55 824 341,00323597
2021-01-19 19:47:29 INFO  root:451 - 43,26121318315477 - 15552,23347731025 =  = -15 508,9722641271
2021-01-19 19:47:30 INFO  root:451 - 0,537321754485505 - 413874117,3317622 =  = -413 874 116,7944404
2021-01-19 19:47:31 INFO  root:451 - 7583617143,172331 - 44182842608,68577 =  = -36 599 225 465,51344
2021-01-19 19:47:33 INFO  root:451 - 4254641575060,723 - 66656338833436 =  = -62 401 697 258 375,28
2021-01-19 19:47:34 INFO  root:451 - 82872808,13225417 - 5443867250750,538 =  = -5 443 784 377 942,406
2021-01-19 19:47:35 INFO  root:451 - 5256,745256825612 - 825033567101654 =  = -825 033 567 096 397,3
2021-01-19 19:47:36 INFO  root:451 - 56,026002726051 - 2234861355750,2 =  = -2 234 861 355 694,174
2021-01-19 19:47:37 INFO  root:454 - subtraction tests status: passed
2021-01-19 19:47:38 INFO  root:654 - oneDividedByX tests status: start
2021-01-19 19:47:40 INFO  root:326 - exponentOfTwo tests status: start
2021-01-19 19:47:51 INFO  root:369 - 2.804301608611336² = 7,864107512060127
2021-01-19 19:47:52 INFO  root:369 - 21.14711310507314² = 447,2003926787561
2021-01-19 19:47:52 INFO  root:369 - 418.2738053464758² = 174 952,9762390215
2021-01-19 19:47:53 INFO  root:369 - 686323.1254032680² = 471 039 432 463,3099
2021-01-19 19:47:54 INFO  root:369 - 1.616588375265827² = 2,613357975044606
2021-01-19 19:47:54 INFO  root:369 - 2114.487800764206² = 4 471 058,659580649
2021-01-19 19:47:55 INFO  root:369 - 307180405861826² = 9,435980174543615e+28
2021-01-19 19:47:55 INFO  root:369 - 62.64850814683241² = 3 924,835573023727
2021-01-19 19:47:56 INFO  root:369 - 163202756423075² = 2,663513970408955e+28
2021-01-19 19:47:57 INFO  root:369 - 5338631432314.047² = 2,850098557009153e+25
2021-01-19 19:47:57 INFO  root:369 - 18.16362515052023² = 329,917278608611
2021-01-19 19:47:58 INFO  root:369 - 83603282.24765433² = 6 989 508 802 580 954
2021-01-19 19:47:59 INFO  root:369 - 12348361.62842704² = 152 482 034 906 409,3
2021-01-19 19:47:59 INFO  root:369 - 270.5005441332427² = 73 170,54437638038
2021-01-19 19:48:00 INFO  root:369 - 18.04408472075180² = 325,5889934096686
2021-01-19 19:48:01 INFO  root:369 - 110246272867876.0² = 1,215424068125817e+28
2021-01-19 19:48:01 INFO  root:369 - 386116120605000² = 1,490856585910549e+29
2021-01-19 19:48:02 INFO  root:369 - 1843651.113587842² = 3 399 049 428 633,69
2021-01-19 19:48:02 INFO  root:369 - 2016327.181877775² = 4 065 575 304 379,17
2021-01-19 19:48:03 INFO  root:369 - 76523658812300.84² = 5,855870358021428e+27
2021-01-19 19:48:04 INFO  root:372 - exponentOfTwo tests status: passed
2021-01-19 19:48:24 INFO  root:558 - squareRoot tests status: start
2021-01-19 19:48:30 INFO  root:185 - division tests status: start
2021-01-19 19:48:40 INFO  root:459 - addition tests status: start
2021-01-19 19:49:36 INFO  root:550 - 630687757.7348744 * 1448.600470757008 = 630 689 206,3353452
2021-01-19 19:49:37 INFO  root:550 - 48130.48487010120 * 5030674.474461113 = 5 078 804,959331214
2021-01-19 19:49:38 INFO  root:550 - 558746545.5400061 * 7668086610.043142 = 8 226 833 155,583148
2021-01-19 19:49:39 INFO  root:550 - 1071304506.761381 * 825525333241686 = 825 526 404 546 192,8
2021-01-19 19:49:41 INFO  root:550 - 145543420744.6357 * 7.5130762706153 = 145 543 420 752,1488
2021-01-19 19:49:42 INFO  root:550 - 71755.45873155578 * 46265.63162040737 = 118 021,0903519632
2021-01-19 19:49:43 INFO  root:550 - 0.301210488657781 * 827877877.8436031 = 827 877 878,1448136
2021-01-19 19:49:44 INFO  root:550 - 1484.775815762646 * 6.77704473551653 = 1 491,552860498163
2021-01-19 19:49:45 INFO  root:550 - 5112262.800760225 * 726.4132141667557 = 5 112 989,213974392
2021-01-19 19:49:46 INFO  root:550 - 12838503.37655857 * 430406752621482 = 430 406 765 459 985,4
2021-01-19 19:49:47 INFO  root:550 - 742810881376227 * 24.33474783754425 = 742 810 881 376 251,3
2021-01-19 19:49:48 INFO  root:550 - 178.1826585813203 * 774731567821325 = 774 731 567 821 503,2
2021-01-19 19:49:50 INFO  root:550 - 12.56808084837607 * 233528043068253 = 233 528 043 068 265,6
2021-01-19 19:49:51 INFO  root:550 - 727673664.3053471 * 33.82832255451104 = 727 673 698,1336697
2021-01-19 19:49:52 INFO  root:550 - 66705527576.27454 * 567646.8360400221 = 66 706 095 223,11058
2021-01-19 19:49:53 INFO  root:550 - 2.657887228145722 * 5720.210540181875 = 5 722,868427410021
2021-01-19 19:49:54 INFO  root:550 - 362.8058525765123 * 45215442323.43071 = 45 215 442 686,23656
2021-01-19 19:49:55 INFO  root:550 - 10560214.28640120 * 342.844706307760 = 10 560 557,13110751
2021-01-19 19:49:57 INFO  root:550 - 582777.0061365011 * 174607447828164 = 174 607 448 410 941
2021-01-19 19:49:58 INFO  root:550 - 4.473826221301475 * 82.31758474384436 = 86,79141096514584
2021-01-19 19:49:59 INFO  root:553 - addition tests status: passed
2021-01-19 19:52:44 INFO  root:245 - multiplication tests status: start
2021-01-19 19:53:16 INFO  root:318 - 2,485224067201078 * 364026818565124 =  = 904 688 210 604 686,4
2021-01-19 19:53:17 INFO  root:318 - 5,640400268415244 * 376637868626504 =  = 2 124 388 335 296 279
2021-01-19 19:53:18 INFO  root:318 - 3857274,356160823 * 781863808484776 =  = 3,015863218478563e+21
2021-01-19 19:53:20 INFO  root:318 - 87217,62123512311 * 835106547,5348683 =  = 72 836 006 553 867,48
2021-01-19 19:53:21 INFO  root:318 - 8433816542,230223 * 618708,6632856647 =  = 5 218 075 359 239 788
2021-01-19 19:53:22 INFO  root:318 - 7,764507232081314 * 85725628417,2772 =  = 665 617 261 820,6642
2021-01-19 19:53:23 INFO  root:318 - 343112825025678 * 654388836257270 =  = 2,245292022734977e+29
2021-01-19 19:53:24 INFO  root:318 - 5222,136785382714 * 74,11526075203567 =  = 387 040,0295314372
2021-01-19 19:53:25 INFO  root:318 - 6272261703,240008 * 215226258351,1722 =  = 1,349955417787697e+21
2021-01-19 19:53:27 INFO  root:318 - 337224204120,7752 * 0,526243853024277 =  = 177 462 164 509,562
2021-01-19 19:53:28 INFO  root:318 - 777348252,8562544 * 5,861835351060774 =  = 4 556 687 468,678121
2021-01-19 19:53:29 INFO  root:318 - 6,620618242226325 * 884531040,3866564 =  = 5 856 142 341,799328
2021-01-19 19:53:30 INFO  root:318 - 142701676,374652 * 43803256187276 =  = 6,250798088592633e+21
2021-01-19 19:53:31 INFO  root:318 - 720072235,7355084 * 663578512251,377 =  = 4,778244629028915e+20
2021-01-19 19:53:32 INFO  root:318 - 20140,28215761834 * 41412052,61106331 =  = 834 050 424 312,9504
2021-01-19 19:53:34 INFO  root:318 - 465,8361880356476 * 0,042183255651882 =  = 19,6504870118059
2021-01-19 19:53:35 INFO  root:318 - 15186536,68308446 * 14176185083,57461 =  = 2,152871547979006e+17
2021-01-19 19:53:36 INFO  root:318 - 208128460773771 * 1100261543778,83 =  = 2,289957415552609e+26
2021-01-19 19:53:37 INFO  root:318 - 1,6626142367743 * 253,7217808231774 =  = 421,8414449763433
2021-01-19 19:53:38 INFO  root:318 - 76788052,68320201 * 5,251620141175118 =  = 403 261 684,0727197
2021-01-19 19:53:39 INFO  root:321 - multiplication tests status: passed
2021-01-19 19:53:40 INFO  root:377 - subtraction tests status: start
2021-01-19 19:54:12 INFO  root:451 - 8088035805043,601 - 12482,31222372071 =  = 8 088 035 792 561,289
2021-01-19 19:54:13 INFO  root:451 - 81603,14444152312 - 75607383,78771847 =  = -75 525 780,64327695
2021-01-19 19:54:15 INFO  root:451 - 887522057828527,1 - 433,41016530536 =  = 887 522 057 828 093,7
2021-01-19 19:54:16 INFO  root:451 - 42,77538016118887 - 303170,5755244588 =  = -303 127,8001442976
2021-01-19 19:54:17 INFO  root:451 - 263265541658703 - 34213347,01076163 =  = 263 265 507 445 356
2021-01-19 19:54:18 INFO  root:451 - 788283637881152,7 - 5,827861486111112 =  = 788 283 637 881 146,9
2021-01-19 19:54:19 INFO  root:451 - 2461582,325826751 - 254820872520585 =  = -254 820 870 059 002,7
2021-01-19 19:54:20 INFO  root:451 - 720,452572288601 - 3,107715417134473 =  = 717,3448568714665
2021-01-19 19:54:22 INFO  root:451 - 16270781708665,57 - 123,1434446877601 =  = 16 270 781 708 542,43
2021-01-19 19:54:23 INFO  root:451 - 5186864743,777734 - 674085267168,3163 =  = -668 898 402 424,5386
2021-01-19 19:54:24 INFO  root:451 - 671573800613618 - 42071,11221874168 =  = 671 573 800 571 546,9
2021-01-19 19:54:25 INFO  root:451 - 885,4385055465517 - 41,81720700153312 =  = 843,6212985450186
2021-01-19 19:54:26 INFO  root:451 - 28244,65720083363 - 8,54506626858644 =  = 28 236,11213456504
2021-01-19 19:54:27 INFO  root:451 - 26,81346501610263 - 43,27126121538718 =  = -16,45779619928455
2021-01-19 19:54:29 INFO  root:451 - 4614,701610115525 - 527646268012843 =  = -527 646 268 008 228,3
2021-01-19 19:54:30 INFO  root:451 - 74810,088372256 - 176275831552161 =  = -176 275 831 477 350,9
2021-01-19 19:54:31 INFO  root:451 - 2201,460433656777 - 303306367658381 =  = -303 306 367 656 179,5
2021-01-19 19:54:32 INFO  root:451 - 3236023,356886874 - 331,1024327523552 =  = 3 235 692,254454122
2021-01-19 19:54:33 INFO  root:451 - 134,0816715725654 - 17118,663731047 =  = -16 984,58205947443
2021-01-19 19:54:34 INFO  root:451 - 368,076104587856 - 436636265330262 =  = -436 636 265 329 893,9
2021-01-19 19:54:35 INFO  root:454 - subtraction tests status: passed
2021-01-19 19:54:38 INFO  root:654 - oneDividedByX tests status: start
2021-01-19 19:54:39 INFO  root:326 - exponentOfTwo tests status: start
2021-01-19 19:54:51 INFO  root:369 - 73147011166.22254² = 5,350485242551485e+21
2021-01-19 19:54:52 INFO  root:369 - 4.582230023348516² = 20,99683198687654
2021-01-19 19:54:52 INFO  root:369 - 1064304032366.347² = 1,132743073311266e+24
2021-01-19 19:54:53 INFO  root:369 - 326152153040484² = 1,063752269329433e+29
2021-01-19 19:54:53 INFO  root:369 - 72.81468565474331² = 5 301,978446999081
2021-01-19 19:54:54 INFO  root:369 - 203.4246855604800² = 41 381,60269538016
2021-01-19 19:54:55 INFO  root:369 - 3772640821836.174² = 1,423281877058472e+25
2021-01-19 19:54:55 INFO  root:369 - 323770731372732² = 1,048274864936338e+29
2021-01-19 19:54:56 INFO  root:369 - 8.756675641318305² = 76,67936828725735
2021-01-19 19:54:57 INFO  root:369 - 702010085320108² = 4,928181598911453e+29
2021-01-19 19:54:57 INFO  root:369 - 2744547802.283070² = 7,532542639016829e+18
2021-01-19 19:54:58 INFO  root:369 - 654627.673330436² = 428 537 390 690,02
2021-01-19 19:54:58 INFO  root:369 - 688720577810182² = 4,74336034299191e+29
2021-01-19 19:54:59 INFO  root:369 - 1.524063035226626² = 2,322768135344196
2021-01-19 19:55:00 INFO  root:369 - 65.30486676435334² = 4 264,725623109941
2021-01-19 19:55:00 INFO  root:369 - 47.88030855604304² = 2 292,523947421888
2021-01-19 19:55:01 INFO  root:369 - 632888366.034804² = 4,00547683862204e+17
2021-01-19 19:55:02 INFO  root:369 - 4.061617546238451² = 16,49673709191206
2021-01-19 19:55:02 INFO  root:369 - 12.36627776775301² = 152,9248258292224
2021-01-19 19:55:03 INFO  root:369 - 867.126555761782² = 751 908,4637072908
2021-01-19 19:55:03 INFO  root:372 - exponentOfTwo tests status: passed
2021-01-19 19:55:54 INFO  root:558 - squareRoot tests status: start
2021-01-19 19:56:04 INFO  root:585 - √(5683846,443174807)  = 2 384,081886843404
2021-01-19 19:56:05 INFO  root:585 - √(71478504,20056641)  = 8 454,496093828798
2021-01-19 19:56:05 INFO  root:585 - √(2353720611537,446)  = 1 534 184,021405987
2021-01-19 19:56:06 INFO  root:585 - √(3,172536150201464)  = 1,781161461013982
2021-01-19 19:56:07 INFO  root:585 - √(43083,07334031082)  = 207,5646244915323
2021-01-19 19:56:07 INFO  root:585 - √(6561,871552348841)  = 81,00537977411649
2021-01-19 19:56:08 INFO  root:585 - √(706586507320483)  = 26 581 694,9670348
2021-01-19 19:56:09 INFO  root:585 - √(61,61580281454325)  = 7,849573416087224
2021-01-19 19:56:09 INFO  root:585 - √(75538,88288117251)  = 274,8433788199609
2021-01-19 19:56:10 INFO  root:585 - √(1,601710755728817)  = 1,265587118980285
2021-01-19 19:56:11 INFO  root:585 - √(5032,301835543265)  = 70,93871887441487
2021-01-19 19:56:11 INFO  root:585 - √(8,40881420541581)  = 2,899795545450715
2021-01-19 19:56:12 INFO  root:585 - √(83175210345103)  = 9 120 044,426706648
2021-01-19 19:56:12 INFO  root:585 - √(8155,163688764866)  = 90,30594492482134
2021-01-19 19:56:13 INFO  root:585 - √(731712825648166)  = 27 050 190,8615848
2021-01-19 19:56:14 INFO  root:585 - √(115808163723034)  = 10 761 420,15363372
2021-01-19 19:56:14 INFO  root:585 - √(3,113371145282118)  = 1,764474750536861
2021-01-19 19:56:15 INFO  root:585 - √(5033147246,622707)  = 70 944,67736640084
2021-01-19 19:56:16 INFO  root:585 - √(0,104723563118234)  = 0,3236102024322379
2021-01-19 19:56:16 INFO  root:585 - √(883,1208864535577)  = 29,71734992312669
2021-01-19 19:56:17 INFO  root:588 - squareRoot tests status: passed
2021-01-19 19:56:23 INFO  root:185 - division tests status: start
2021-01-19 19:56:39 INFO  root:237 - 84562487658.27402 / 418167004722723 = 0,0002022218078022
2021-01-19 19:56:40 INFO  root:237 - 87362.11154801303 / 8.505232173285745 = 10 271,57281166415
2021-01-19 19:56:41 INFO  root:237 - 4285043278724.060 / 443470.7113844501 = 9 662 516,979637251
2021-01-19 19:56:42 INFO  root:237 - 838.6017855218560 / 5604.753730377651 = 0,1496233065471996
2021-01-19 19:56:44 INFO  root:237 - 8160678204.327712 / 111545140644622 = 0,0000731603201822
2021-01-19 19:56:45 INFO  root:237 - 5112752661.868234 / 15.30114830620855 = 334 141 762,4057469
2021-01-19 19:56:46 INFO  root:237 - 8343677528.353567 / 2.223613240521887 = 3 752 306 100,8556
2021-01-19 19:56:47 INFO  root:237 - 2038.114762427833 / 6.001464582885660 = 339,6028976393383
2021-01-19 19:56:48 INFO  root:237 - 60302.83641757222 / 655682443162475 = 0,0000000000919696
2021-01-19 19:56:49 INFO  root:237 - 540610437357015 / 841.6323072604562 = 642 335 652 628,0718
2021-01-19 19:56:51 INFO  root:237 - 867787003803747 / 648448817227053 = 1,338250576991789
2021-01-19 19:56:52 INFO  root:237 - 1344005884.186234 / 524220240280453 = 0,0000025638191373
2021-01-19 19:56:53 INFO  root:237 - 374756832343.5337 / 45552874.84165200 = 8 226,853599168867
2021-01-19 19:56:54 INFO  root:237 - 776310.741824815 / 314.8567002072566 = 2 465,600196260086
2021-01-19 19:56:55 INFO  root:237 - 2444701563613.015 / 483584076160340 = 0,0050553806134891
2021-01-19 19:56:56 INFO  root:237 - 457707863.3872357 / 44857464268712.88 = 0,000010203605372
2021-01-19 19:56:58 INFO  root:237 - 8763256.018863176 / 242738421640326 = 0,0000000361016437
2021-01-19 19:56:59 INFO  root:237 - 851686.221112068 / 11752.44806400643 = 72,46883512895327
2021-01-19 19:57:00 INFO  root:237 - 33.47320723885860 / 2328512.812161177 = 0,0000143753588402
2021-01-19 19:57:01 INFO  root:237 - 617734278406714 / 61.31278231345338 = 10 075 130 423 027,13
2021-01-19 19:57:02 INFO  root:240 - division tests status: passed
2021-01-19 19:57:06 INFO  root:459 - addition tests status: start
2021-01-19 19:58:02 INFO  root:550 - 5620.037401624638 * 4403177356.15422 = 4 403 182 976,191622
2021-01-19 19:58:03 INFO  root:550 - 147501261742342 * 72846.51512083737 = 147 501 261 815 188,5
2021-01-19 19:58:04 INFO  root:550 - 22137.62345145000 * 527524217407540 = 527 524 217 429 677,6
2021-01-19 19:58:05 INFO  root:550 - 24265074.62053074 * 80572135081.54322 = 80 596 400 156,16375
2021-01-19 19:58:06 INFO  root:550 - 4.821765782725846 * 0.773642500400506 = 5,595408283126352
2021-01-19 19:58:07 INFO  root:550 - 832656014020826 * 268831.2670138450 = 832 656 014 289 657,3
2021-01-19 19:58:09 INFO  root:550 - 485.0760805276614 * 3.024542745662871 = 488,1006232733243
2021-01-19 19:58:10 INFO  root:550 - 1.655358381080830 * 17364.11051056252 = 17 365,7658689436
2021-01-19 19:58:11 INFO  root:550 - 1130681386124.274 * 37.28654675868484 = 1 130 681 386 161,561
2021-01-19 19:58:12 INFO  root:550 - 760755542227642 * 17361544.62456788 = 760 755 559 589 186,6
2021-01-19 19:58:13 INFO  root:550 - 3844.352517081120 * 252312786318856 = 252 312 786 322 700,4
2021-01-19 19:58:14 INFO  root:550 - 557265.086078003 * 110.5284567867173 = 557 375,6145347897
2021-01-19 19:58:16 INFO  root:550 - 4780.303237445101 * 85.13178742770217 = 4 865,435024872803
2021-01-19 19:58:17 INFO  root:550 - 7722822.11124844 * 643330253.4112335 = 651 053 075,5224819
2021-01-19 19:58:18 INFO  root:550 - 342510887818717.1 * 14333.71711580883 = 342 510 887 833 050,8
2021-01-19 19:58:19 INFO  root:550 - 4462864.323675041 * 444753200825422 = 444 753 205 288 286,3
2021-01-19 19:58:20 INFO  root:550 - 773627567617530 * 1.743101560558507 = 773 627 567 617 531,7
2021-01-19 19:58:21 INFO  root:550 - 430.4720020317410 * 4236175707.304615 = 4 236 176 137,776617
2021-01-19 19:58:23 INFO  root:550 - 500466754388127 * 8.121266772031144 = 500 466 754 388 135,1
2021-01-19 19:58:24 INFO  root:550 - 2767455172754.224 * 8826844.348707310 = 2 767 463 999 598,573
2021-01-19 19:58:25 INFO  root:553 - addition tests status: passed
2021-01-19 20:09:50 INFO  root:245 - multiplication tests status: start
2021-01-19 20:10:22 INFO  root:318 - 7077704753,813528 * 482430003218618 =  = 3,414497127162688e+24
2021-01-19 20:10:23 INFO  root:318 - 473762836001823 * 1073,644270300636 =  = 5,086527543547371e+17
2021-01-19 20:10:24 INFO  root:318 - 317882,6438213663 * 3454,037316336388 =  = 1 097 978 513,974668
2021-01-19 20:10:25 INFO  root:318 - 6,15565325863443 * 0,286621621265536 =  = 1,76434331693828
2021-01-19 20:10:26 INFO  root:318 - 200311785748472 * 44308458785067,14 =  = 8,875506502999371e+27
2021-01-19 20:10:28 INFO  root:318 - 67435010625816,04 * 3873044,761258258 =  = 2,611788146297118e+20
2021-01-19 20:10:29 INFO  root:318 - 73771,74233330678 * 15,88638731063884 =  = 1 171 966,471287563
2021-01-19 20:10:30 INFO  root:318 - 186401636458280 * 52,07207661442874 =  = 9 706 320 294 710 450
2021-01-19 20:10:31 INFO  root:318 - 133582045,4548306 * 67844871,24830607 =  = 9 062 856 674 968 351
2021-01-19 20:10:32 INFO  root:318 - 18551726315,4158 * 44701,7407148841 =  = 829 294 459 565 209,3
2021-01-19 20:10:34 INFO  root:318 - 47774,58230658735 * 7405012,526874747 =  = 353 771 380 446,488
2021-01-19 20:10:35 INFO  root:318 - 27,83045538674822 * 708263,7147708723 =  = 19 711 301,71598333
2021-01-19 20:10:36 INFO  root:318 - 776247,873572602 * 76,70201441284217 =  = 59 539 775,58670381
2021-01-19 20:10:37 INFO  root:318 - 777766133,5436876 * 360222887720,8048 =  = 2,801691625965523e+20
2021-01-19 20:10:38 INFO  root:318 - 63,33253644225316 * 632702582023330 =  = 4,007065933310022e+16
2021-01-19 20:10:39 INFO  root:318 - 23,75772757040483 * 8410,354386682824 =  = 199 810,9082893697
2021-01-19 20:10:41 INFO  root:318 - 186,7656752455745 * 505160307442,6517 =  = 94 346 605 926 788,86
2021-01-19 20:10:42 INFO  root:318 - 821316121863764 * 61185,77367808062 =  = 5,025286235051515e+19
2021-01-19 20:10:43 INFO  root:318 - 18381,58065771363 * 8,855282868266668 =  = 162 774,0962899135
2021-01-19 20:10:44 INFO  root:318 - 2300255,521157384 * 58,2331553185101 =  = 133 951 137,0358183
2021-01-19 20:10:45 INFO  root:321 - multiplication tests status: passed
2021-01-19 20:10:46 INFO  root:377 - subtraction tests status: start
2021-01-19 20:11:18 INFO  root:451 - 7677,713066508421 - 61526260,78583355 =  = -61 518 583,07276704
2021-01-19 20:11:19 INFO  root:451 - 283261188433234 - 31368,65723236804 =  = 283 261 188 401 865,3
2021-01-19 20:11:20 INFO  root:451 - 51,81587420457212 - 104524565332,3386 =  = -104 524 565 280,5227
2021-01-19 20:11:21 INFO  root:451 - 1384,17572154316 - 860754422,7535157 =  = -860 753 038,5777942
2021-01-19 20:11:23 INFO  root:451 - 88630356,82017838 - 0,770441086141786 =  = 88 630 356,04973729
2021-01-19 20:11:24 INFO  root:451 - 4863773,480083343 - 254657143017433 =  = -254 657 138 153 659,5
2021-01-19 20:11:25 INFO  root:451 - 441267500417062,7 - 3407,35425565411 =  = 441 267 500 413 655,3
2021-01-19 20:11:26 INFO  root:451 - 558025142651188 - 234,418683124071 =  = 558 025 142 650 953,6
2021-01-19 20:11:27 INFO  root:451 - 524464312822772 - 61024126545205,68 =  = 463 440 186 277 566,3
2021-01-19 20:11:28 INFO  root:451 - 325,0448417052721 - 6730,747266444528 =  = -6 405,702424739256
2021-01-19 20:11:29 INFO  root:451 - 542426453422521,4 - 2756486,430457142 =  = 542 426 450 666 035
2021-01-19 20:11:31 INFO  root:451 - 65,17333382551526 - 2682413,74656645 =  = -2 682 348,573232624
2021-01-19 20:11:32 INFO  root:451 - 378,657548575201 - 606661003,83146 =  = -606 660 625,1739114
2021-01-19 20:11:33 INFO  root:451 - 31735,70250776178 - 7500078,427247104 =  = -7 468 342,724739342
2021-01-19 20:11:34 INFO  root:451 - 252027433,0054515 - 44080388,27314512 =  = 207 947 044,7323064
2021-01-19 20:11:35 INFO  root:451 - 686713127703631 - 344247,6485672628 =  = 686 713 127 359 383,4
2021-01-19 20:11:36 INFO  root:451 - 2268,010453214868 - 78406,47331762827 =  = -76 138,4628644134
2021-01-19 20:11:37 INFO  root:451 - 1,684447418110401 - 3108,86812513267 =  = -3 107,18367771456
2021-01-19 20:11:39 INFO  root:451 - 776744230863,5603 - 811324721724265 =  = -810 547 977 493 401,4
2021-01-19 20:11:40 INFO  root:451 - 3330615706680,687 - 46323608,37312872 =  = 3 330 569 383 072,314
2021-01-19 20:11:41 INFO  root:454 - subtraction tests status: passed
2021-01-19 20:11:43 INFO  root:654 - oneDividedByX tests status: start
2021-01-19 20:12:22 INFO  root:738 - 1/(3176,884014255347)  = 3,147738461690101e-4
2021-01-19 20:12:22 INFO  root:738 - 1/(81700868871,10055)  = 1,223977191206742e-11
2021-01-19 20:12:23 INFO  root:738 - 1/(478317740321672)  = 2,090660487163811e-15
2021-01-19 20:12:24 INFO  root:738 - 1/(501405080865,2385)  = 1,99439542629758e-12
2021-01-19 20:12:24 INFO  root:738 - 1/(45,64001288542755)  = 0,0219105985467259
2021-01-19 20:12:25 INFO  root:738 - 1/(347,832185530247)  = 0,0028749495923604
2021-01-19 20:12:25 INFO  root:738 - 1/(74046,0022142857)  = 1,350511803602909e-5
2021-01-19 20:12:26 INFO  root:738 - 1/(673285321386846)  = 1,485254420726388e-15
2021-01-19 20:12:27 INFO  root:738 - 1/(228478,535825416)  = 4,376778748110131e-6
2021-01-19 20:12:27 INFO  root:738 - 1/(23405,28855417227)  = 4,272538651619137e-5
2021-01-19 20:12:28 INFO  root:738 - 1/(8481,52615140365)  = 1,179033091626446e-4
2021-01-19 20:12:28 INFO  root:738 - 1/(485,550065546064)  = 0,0020595198537876
2021-01-19 20:12:29 INFO  root:738 - 1/(721418255334128)  = 1,386158435285015e-15
2021-01-19 20:12:30 INFO  root:738 - 1/(3126,666268714505)  = 3,198294650139105e-4
2021-01-19 20:12:30 INFO  root:738 - 1/(1211408,58156067)  = 8,254853195044151e-7
2021-01-19 20:12:31 INFO  root:738 - 1/(73861078,51235273)  = 1,353893038310776e-8
2021-01-19 20:12:32 INFO  root:738 - 1/(6146374,68486577)  = 1,626975333056577e-7
2021-01-19 20:12:32 INFO  root:738 - 1/(778072052032062)  = 1,285228016336452e-15
2021-01-19 20:12:33 INFO  root:738 - 1/(852610754733423)  = 1,172868151672166e-15
2021-01-19 20:12:33 INFO  root:738 - 1/(402122831206100)  = 2,486802345941581e-15
2021-01-19 20:12:34 INFO  root:741 - oneDividedByX tests status: passed
2021-01-19 20:12:34 INFO  root:326 - exponentOfTwo tests status: start
2021-01-19 20:12:46 INFO  root:369 - 871.3435356840665² = 759 239,5571784101
2021-01-19 20:12:46 INFO  root:369 - 43757226115.22418² = 1,914694837298857e+21
2021-01-19 20:12:47 INFO  root:369 - 643643734260344² = 4,142772566526003e+29
2021-01-19 20:12:48 INFO  root:369 - 15844405865656² = 2,510451972356343e+26
2021-01-19 20:12:48 INFO  root:369 - 54448.28807035531² = 2 964 616 073,792396
2021-01-19 20:12:49 INFO  root:369 - 320003311486106² = 1,024021193620738e+29
2021-01-19 20:12:49 INFO  root:369 - 2074150112.740641² = 4,302098690182014e+18
2021-01-19 20:12:50 INFO  root:369 - 410.5513081878166² = 168 552,3766547276
2021-01-19 20:12:51 INFO  root:369 - 44834513447.44501² = 2,010133596069127e+21
2021-01-19 20:12:51 INFO  root:369 - 4540434.422243026² = 20 615 544 742 689,36
2021-01-19 20:12:52 INFO  root:369 - 4.357488226887017² = 18,98770364745896
2021-01-19 20:12:52 INFO  root:369 - 53.84736350258567² = 2 899,538556179595
2021-01-19 20:12:53 INFO  root:369 - 546.3631020003354² = 298 512,6392274289
2021-01-19 20:12:54 INFO  root:369 - 6.13443833704318² = 37,6313337109851
2021-01-19 20:12:54 INFO  root:369 - 75471445211466² = 5,695939042307314e+27
2021-01-19 20:12:55 INFO  root:369 - 372.6823158231727² = 138 892,108527323
2021-01-19 20:12:55 INFO  root:369 - 147400037448843² = 2,172677103992032e+28
2021-01-19 20:12:56 INFO  root:369 - 517284.5646815028² = 267 583 320 857,7319
2021-01-19 20:12:57 INFO  root:369 - 516861867865658.1² = 2,67146190453577e+29
2021-01-19 20:12:57 INFO  root:369 - 758440535075303² = 5,752320452453119e+29
2021-01-19 20:12:58 INFO  root:372 - exponentOfTwo tests status: passed
2021-01-19 20:13:48 INFO  root:558 - squareRoot tests status: start
2021-01-19 20:13:58 INFO  root:585 - √(567,12525157254)  = 23,81439169016374
2021-01-19 20:13:59 INFO  root:585 - √(1244,040304736281)  = 35,27095554044831
2021-01-19 20:14:00 INFO  root:585 - √(585056816688855)  = 24 187 947,7568655
2021-01-19 20:14:00 INFO  root:585 - √(878137775770,5037)  = 937 090,0574493914
2021-01-19 20:14:01 INFO  root:585 - √(547,8768503444546)  = 23,40676932736456
2021-01-19 20:14:02 INFO  root:585 - √(47744,3108284841)  = 218,504715803765
2021-01-19 20:14:02 INFO  root:585 - √(20614,21448224175)  = 143,5765109000833
2021-01-19 20:14:03 INFO  root:585 - √(273051377,464144)  = 16 524,26632150862
2021-01-19 20:14:03 INFO  root:585 - √(15151,2544574246)  = 123,0904320303759
2021-01-19 20:14:04 INFO  root:585 - √(58828221,44473624)  = 7 669,955765500622
2021-01-19 20:14:05 INFO  root:585 - √(451844233213416)  = 21 256 627,98313542
2021-01-19 20:14:05 INFO  root:585 - √(76168,00626713647)  = 275,9855182199538
2021-01-19 20:14:06 INFO  root:585 - √(62,8153452071645)  = 7,925613238555393
2021-01-19 20:14:07 INFO  root:585 - √(731515617263746)  = 27 046 545,38501629
2021-01-19 20:14:07 INFO  root:585 - √(5578,188672405676)  = 74,68727249274588
2021-01-19 20:14:08 INFO  root:585 - √(713440301725885)  = 26 710 303,28779299
2021-01-19 20:14:08 INFO  root:585 - √(8435,427615284188)  = 91,84458402804266
2021-01-19 20:14:09 INFO  root:585 - √(306486811,1576732)  = 17 506,76472560459
2021-01-19 20:14:10 INFO  root:585 - √(414245281424760)  = 20 353 016,51905093
2021-01-19 20:14:10 INFO  root:585 - √(82,32741072508755)  = 9,073445361332571
2021-01-19 20:14:11 INFO  root:588 - squareRoot tests status: passed
2021-01-19 20:14:23 INFO  root:185 - division tests status: start
2021-01-19 20:14:39 INFO  root:237 - 2.304444277641037 / 1771.488145531505 = 0,0013008522148194
2021-01-19 20:14:40 INFO  root:237 - 486284751475630 / 5.674641586871228 = 85 694 355 146 709,47
2021-01-19 20:14:41 INFO  root:237 - 64.51148073001676 / 36.1702223588084 = 1,783552229512532
2021-01-19 20:14:42 INFO  root:237 - 644716646766321.5 / 682343004278166 = 0,9448571213071225
2021-01-19 20:14:44 INFO  root:237 - 2744558258.383840 / 108433840422.3004 = 0,0253109015386252
2021-01-19 20:14:45 INFO  root:237 - 682024552815551 / 657018118.578160 = 1 038 060,494117737
2021-01-19 20:14:46 INFO  root:237 - 867455372.5856558 / 148017.4276282825 = 5 860,494851755594
2021-01-19 20:14:47 INFO  root:237 - 1786847.280662218 / 362340.272035508 = 4,931406797881726
2021-01-19 20:14:48 INFO  root:237 - 7167355812.503882 / 8517.724422046746 = 841 463,6888172087
2021-01-19 20:14:49 INFO  root:237 - 26866.45365876615 / 44.05134073232155 = 609,8895791167957
2021-01-19 20:14:51 INFO  root:237 - 8.742384348212254 / 41835.41546165001 = 2,089708982626523e-4
2021-01-19 20:14:52 INFO  root:237 - 5513527.862511263 / 1024138.675126462 = 5,383575482910501
2021-01-19 20:14:53 INFO  root:237 - 835.5072546035367 / 56874381873276 = 1,469039710119685e-11
2021-01-19 20:14:54 INFO  root:237 - 7.302633530516857 / 733516527.718787 = 9,955649606461922e-9
2021-01-19 20:14:55 INFO  root:237 - 276514777184431 / 647237274571457 = 0,4272231962652561
2021-01-19 20:14:56 INFO  root:237 - 54008.0001311807 / 4827664737507.651 = 1,118718947311637e-8
2021-01-19 20:14:57 INFO  root:237 - 8465.588201660646 / 607426474.5014187 = 1,393681137887393e-5
2021-01-19 20:14:58 INFO  root:237 - 5.667547243741380 / 2877.604543180213 = 0,001969536522026
2021-01-19 20:15:00 INFO  root:237 - 2264156000521.734 / 4700085.016337217 = 481 726,6055085518
2021-01-19 20:15:01 INFO  root:237 - 4063.886266103182 / 466288734836462 = 8,715385902531998e-12
2021-01-19 20:15:02 INFO  root:240 - division tests status: passed
2021-01-19 20:15:06 INFO  root:459 - addition tests status: start
2021-01-19 20:16:02 INFO  root:550 - 733380036.4632145 * 1.611322201843883 = 733 380 038,0745367
2021-01-19 20:16:03 INFO  root:550 - 5.677550408038751 * 5056643211.677374 = 5 056 643 217,354924
2021-01-19 20:16:04 INFO  root:550 - 207.8707661000322 * 423433234486160 = 423 433 234 486 367,9
2021-01-19 20:16:05 INFO  root:550 - 35.17057426257000 * 2520.236213634005 = 2 555,406787896575
2021-01-19 20:16:06 INFO  root:550 - 820155163621724 * 5616358621.132335 = 820 160 779 980 345,1
2021-01-19 20:16:08 INFO  root:550 - 15776.05636643426 * 442473180727483 = 442 473 180 743 259,1
2021-01-19 20:16:09 INFO  root:550 - 247040.1525774301 * 6.075641678578454 = 247 046,2282191087
2021-01-19 20:16:10 INFO  root:550 - 314406310652126 * 23356687658.16768 = 314 429 667 339 784,2
2021-01-19 20:16:11 INFO  root:550 - 3358.036373525224 * 1400020150244 = 1 400 020 153 602,036
2021-01-19 20:16:12 INFO  root:550 - 838443086684044 * 8.631725817188732 = 838 443 086 684 052,6
2021-01-19 20:16:13 INFO  root:550 - 566382332653846 * 130.2142070774635 = 566 382 332 653 976,2
2021-01-19 20:16:14 INFO  root:550 - 254405221810766 * 18332823626.14284 = 254 423 554 634 392,1
2021-01-19 20:16:15 INFO  root:550 - 3068.725637508856 * 3251586788.614135 = 3 251 589 857,339773
2021-01-19 20:16:17 INFO  root:550 - 133547725.0075282 * 71014481215606.12 = 71 014 614 763 331,13
2021-01-19 20:16:18 INFO  root:550 - 6180.016162102034 * 72.88237727677220 = 6 252,898539378806
2021-01-19 20:16:19 INFO  root:550 - 4117747042727.763 * 11.07667406301274 = 4 117 747 042 738,84
2021-01-19 20:16:20 INFO  root:550 - 170656024227807.7 * 4030120.781218014 = 170 656 028 257 928,5
2021-01-19 20:16:21 INFO  root:550 - 8.613537428513053 * 1.405012568677147 = 10,0185499971902
2021-01-19 20:16:23 INFO  root:550 - 7107.771057076420 * 853803772472142.1 = 853 803 772 479 249,9
2021-01-19 20:16:24 INFO  root:550 - 421353481753871 * 4657.044187418558 = 421 353 481 758 528
2021-01-19 20:16:25 INFO  root:553 - addition tests status: passed
2021-01-19 21:01:06 INFO  root:245 - multiplication tests status: start
2021-01-19 21:01:39 INFO  root:318 - 8310360523664,355 * 7727820847,71604 =  = 6,422097730680979e+22
2021-01-19 21:01:40 INFO  root:318 - 844767373,1047708 * 106,0421284241064 =  = 89 580 930 267,27111
2021-01-19 21:01:41 INFO  root:318 - 8318,351388805372 * 2,805358005524678 =  = 23 335,95366135247
2021-01-19 21:01:42 INFO  root:318 - 1143154,338513346 * 505,486584816336 =  = 577 849 182,4930889
2021-01-19 21:01:43 INFO  root:318 - 807817076628638 * 474630877144454 =  = 3,834149276525191e+29
2021-01-19 21:01:45 INFO  root:318 - 7416570,854545101 * 146,5860288471871 =  = 1 087 165 669,231555
2021-01-19 21:01:46 INFO  root:318 - 8816667581686,831 * 6,737323334655643 =  = 59 400 740 232 000,62
2021-01-19 21:01:47 INFO  root:318 - 300,1620748357625 * 183,3220276443862 =  = 55 026,32018083797
2021-01-19 21:01:48 INFO  root:318 - 836844,218484885 * 58335147,64023187 =  = 48 817 431 037 190,22
2021-01-19 21:01:49 INFO  root:318 - 42044,77461265282 * 30708314330,13868 =  = 1 291 124 154 745 178
2021-01-19 21:01:51 INFO  root:318 - 7,188872857461057 * 554378168235463 =  = 3 985 354 166 396 899
2021-01-19 21:01:52 INFO  root:318 - 14020,16224041254 * 533607111276367 =  = 7,481258272732533e+18
2021-01-19 21:01:53 INFO  root:318 - 76755386,08317454 * 154808753326802 =  = 1,188240563065362e+22
2021-01-19 21:01:54 INFO  root:318 - 7885088,587018477 * 82142432,1677844 =  = 647 700 354 396 136,2
2021-01-19 21:01:55 INFO  root:318 - 8033,747218784706 * 24,61246542217268 =  = 197 730,3256328145
2021-01-19 21:01:56 INFO  root:318 - 842242241,6850332 * 2764006,01527451 =  = 2 327 962 622 335 719
2021-01-19 21:01:58 INFO  root:318 - 684342027028481 * 7,231785325213322 =  = 4 949 014 628 491 307
2021-01-19 21:01:59 INFO  root:318 - 30580376414226,48 * 0,571620012765014 =  = 17 480 355 156 259,07
2021-01-19 21:02:00 INFO  root:318 - 727176378033325 * 7413,305056772744 =  = 5,390780320440137e+18
2021-01-19 21:02:01 INFO  root:318 - 38,50248666006645 * 3,73818241012885 =  = 143,9293183788811
2021-01-19 21:02:02 INFO  root:321 - multiplication tests status: passed
2021-01-19 21:02:03 INFO  root:377 - subtraction tests status: start
2021-01-19 21:02:36 INFO  root:451 - 5602,605212114587 - 803630855045456 =  = -803 630 855 039 853,4
2021-01-19 21:02:37 INFO  root:451 - 57546475813,38141 - 50665018876655 =  = -50 607 472 400 841,62
2021-01-19 21:02:38 INFO  root:451 - 52633,014707735 - 784,3334776460455 =  = 51 848,68123008895
2021-01-19 21:02:39 INFO  root:451 - 35865174754,54234 - 11833687,57558736 =  = 35 853 341 066,96675
2021-01-19 21:02:40 INFO  root:451 - 733,5742703328811 - 308384763516,4455 =  = -308 384 762 782,8712
2021-01-19 21:02:41 INFO  root:451 - 27,8461556510451 - 563257442388277 =  = -563 257 442 388 249,2
2021-01-19 21:02:42 INFO  root:451 - 414783320277002 - 124551,326650234 =  = 414 783 320 152 450,7
2021-01-19 21:02:44 INFO  root:451 - 50,08683501315345 - 643208701075,7737 =  = -643 208 701 025,6869
2021-01-19 21:02:45 INFO  root:451 - 264438,2548078886 - 228150558,4085721 =  = -227 886 120,1537642
2021-01-19 21:02:46 INFO  root:451 - 525671515348866 - 146755132524167 =  = 378 916 382 824 699
2021-01-19 21:02:47 INFO  root:451 - 21,32236356738568 - 240544532313708 =  = -240 544 532 313 686,7
2021-01-19 21:02:48 INFO  root:451 - 146478563281804,3 - 2,27253462480003 =  = 146 478 563 281 802
2021-01-19 21:02:49 INFO  root:451 - 32262615754,75368 - 7,158737340378553 =  = 32 262 615 747,59494
2021-01-19 21:02:50 INFO  root:451 - 474143327856767,4 - 3505703,685577357 =  = 474 143 324 351 063,7
2021-01-19 21:02:52 INFO  root:451 - 622883618480018 - 1482621,261620146 =  = 622 883 616 997 396,7
2021-01-19 21:02:53 INFO  root:451 - 656386860414,3642 - 2853434033,378168 =  = 653 533 426 380,986
2021-01-19 21:02:54 INFO  root:451 - 54236137,36634245 - 635873423603,3574 =  = -635 819 187 465,9911
2021-01-19 21:02:55 INFO  root:451 - 3,836704483467121 - 80830137,05242031 =  = -80 830 133,21571583
2021-01-19 21:02:56 INFO  root:451 - 882,3524023204213 - 5600587,658877472 =  = -5 599 705,306475152
2021-01-19 21:02:57 INFO  root:451 - 60,40674601087606 - 1077046804078,363 =  = -1 077 046 804 017,956
2021-01-19 21:02:59 INFO  root:454 - subtraction tests status: passed
2021-01-19 21:03:01 INFO  root:654 - oneDividedByX tests status: start
2021-01-19 21:03:40 INFO  root:738 - 1/(555318273,7062411)  = 1,800769121689289e-9
2021-01-19 21:03:40 INFO  root:738 - 1/(64864,88137031246)  = 1,541666274375833e-5
2021-01-19 21:03:41 INFO  root:738 - 1/(154560121577352)  = 6,469974206765453e-15
2021-01-19 21:03:42 INFO  root:738 - 1/(44,02572435424154)  = 0,0227139931180634
2021-01-19 21:03:42 INFO  root:738 - 1/(82305010823,38157)  = 1,214992854014565e-11
2021-01-19 21:03:43 INFO  root:738 - 1/(736240456123551)  = 1,358251902191295e-15
2021-01-19 21:03:43 INFO  root:738 - 1/(4,040632037500376)  = 0,2474860345409284
2021-01-19 21:03:44 INFO  root:738 - 1/(42,1401136740443)  = 0,0237303583880918
2021-01-19 21:03:45 INFO  root:738 - 1/(4,581116828233614)  = 0,2182873822027324
2021-01-19 21:03:45 INFO  root:738 - 1/(7636427,207178774)  = 1,309512908156749e-7
2021-01-19 21:03:46 INFO  root:738 - 1/(603,0448777072127)  = 0,0016582513789057
2021-01-19 21:03:47 INFO  root:738 - 1/(12,57822502447777)  = 0,0795024733659922
2021-01-19 21:03:47 INFO  root:738 - 1/(3206326,863553305)  = 3,118833614149318e-7
2021-01-19 21:03:48 INFO  root:738 - 1/(8566,287684160403)  = 1,167366818475011e-4
2021-01-19 21:03:49 INFO  root:738 - 1/(255476828367384)  = 3,914249313295715e-15
2021-01-19 21:03:49 INFO  root:738 - 1/(760115033063141,3)  = 1,315590346858634e-15
2021-01-19 21:03:50 INFO  root:738 - 1/(850,275186028761)  = 0,0011760898311881
2021-01-19 21:03:50 INFO  root:738 - 1/(3853438,442284023)  = 2,595084922148845e-7
2021-01-19 21:03:51 INFO  root:738 - 1/(25165475,8630177)  = 3,973697956054012e-8
2021-01-19 21:03:52 INFO  root:738 - 1/(487625610877,4231)  = 2,050753647251262e-12
2021-01-19 21:03:52 INFO  root:741 - oneDividedByX tests status: passed
2021-01-19 21:03:53 INFO  root:326 - exponentOfTwo tests status: start
2021-01-19 21:04:04 INFO  root:369 - 7.065653272508552² = 49,92345616731081
2021-01-19 21:04:05 INFO  root:369 - 612483151.3588424² = 3,751356106984586e+17
2021-01-19 21:04:06 INFO  root:369 - 7255111121667² = 5,263663738773619e+25
2021-01-19 21:04:06 INFO  root:369 - 66465613162.01275² = 4,417677733002323e+21
2021-01-19 21:04:07 INFO  root:369 - 717631.8664130741² = 514 995 495 691,5122
2021-01-19 21:04:07 INFO  root:369 - 337773242460576² = 1,140907633223311e+29
2021-01-19 21:04:08 INFO  root:369 - 8.383574084335228² = 70,28431442753726
2021-01-19 21:04:09 INFO  root:369 - 716212722.3503511² = 5,129606636565011e+17
2021-01-19 21:04:09 INFO  root:369 - 817530762.2330850² = 6,68356547197409e+17
2021-01-19 21:04:10 INFO  root:369 - 1.177735071851483² = 1,387059899469018
2021-01-19 21:04:11 INFO  root:369 - 867465208.3027178² = 7,524958876156776e+17
2021-01-19 21:04:11 INFO  root:369 - 521482244468352² = 2,7194373129575e+29
2021-01-19 21:04:12 INFO  root:369 - 4.014408645421270² = 16,11547677243304
2021-01-19 21:04:12 INFO  root:369 - 831781674820318² = 6,918607545668932e+29
2021-01-19 21:04:13 INFO  root:369 - 651840765562386² = 4,248963836489575e+29
2021-01-19 21:04:14 INFO  root:369 - 5401660830414² = 2,917793972682886e+25
2021-01-19 21:04:14 INFO  root:369 - 572.6228120181335² = 327 896,8848435547
2021-01-19 21:04:15 INFO  root:369 - 761768.3702853113² = 580 291 049 967,1391
2021-01-19 21:04:15 INFO  root:369 - 2051.338366120115² = 4 207 989,092316343
2021-01-19 21:04:16 INFO  root:369 - 333172218881755² = 1,110037274345921e+29
2021-01-19 21:04:17 INFO  root:372 - exponentOfTwo tests status: passed
2021-01-19 21:05:07 INFO  root:558 - squareRoot tests status: start
2021-01-19 21:05:17 INFO  root:585 - √(7,085702770343634)  = 2,661898339595942
2021-01-19 21:05:18 INFO  root:585 - √(60,40643301220583)  = 7,772157551941792
2021-01-19 21:05:18 INFO  root:585 - √(305286410877130)  = 17 472 447,19199718
2021-01-19 21:05:19 INFO  root:585 - √(5771628548044,325)  = 2 402 421,39268787
2021-01-19 21:05:20 INFO  root:585 - √(107130672273415)  = 10 350 394,78828779
2021-01-19 21:05:20 INFO  root:585 - √(701,0361270134783)  = 26,47708683019109
2021-01-19 21:05:21 INFO  root:585 - √(327173644607848)  = 18 087 941,96717382
2021-01-19 21:05:22 INFO  root:585 - √(860442258037271)  = 29 333 296,06500557
2021-01-19 21:05:22 INFO  root:585 - √(6615313,10507547)  = 2 572,025098064844
2021-01-19 21:05:23 INFO  root:585 - √(722357416216185)  = 26 876 707,689302
2021-01-19 21:05:23 INFO  root:585 - √(444524788214470)  = 21 083 756,50149826
2021-01-19 21:05:24 INFO  root:585 - √(76324,86745041348)  = 276,2695557791583
2021-01-19 21:05:25 INFO  root:585 - √(8146,311873384534)  = 90,256921470791
2021-01-19 21:05:25 INFO  root:585 - √(446564853067333)  = 21 132 081,13431644
2021-01-19 21:05:26 INFO  root:585 - √(847400186315746)  = 29 110 138,8920724
2021-01-19 21:05:26 INFO  root:585 - √(7028,402865212375)  = 83,83557040548108
2021-01-19 21:05:27 INFO  root:585 - √(485815036182,08)  = 697 004,3301028194
2021-01-19 21:05:28 INFO  root:585 - √(582276081348317)  = 24 130 397,45524961
2021-01-19 21:05:28 INFO  root:585 - √(652,672473846261)  = 25,54745533015492
2021-01-19 21:05:29 INFO  root:585 - √(580164587124207)  = 24 086 605,96938072
2021-01-19 21:05:29 INFO  root:588 - squareRoot tests status: passed
2021-01-19 21:05:42 INFO  root:185 - division tests status: start
2021-01-19 21:05:58 INFO  root:237 - 462635144540047 / 561880318132.4532 = 823,3695497249809
2021-01-19 21:05:59 INFO  root:237 - 84031.52667656717 / 37255.6642716352 = 2,255536931616195
2021-01-19 21:06:00 INFO  root:237 - 83727647160.45162 / 302.4157313686475 = 276 862 737,2045896
2021-01-19 21:06:01 INFO  root:237 - 7.11206352667835 / 1118540284018.174 = 6,358343662983168e-12
2021-01-19 21:06:02 INFO  root:237 - 1.527817736141803 / 556526373312605 = 2,745274634601398e-15
2021-01-19 21:06:03 INFO  root:237 - 76636077162.12268 / 546258342.813654 = 140,2927354251241
2021-01-19 21:06:04 INFO  root:237 - 851.721762216410 / 273605482017028 = 3,112955763669248e-12
2021-01-19 21:06:06 INFO  root:237 - 3613345822784.411 / 341333217070465 = 0,0105859776959196
2021-01-19 21:06:07 INFO  root:237 - 16.76236452854555 / 3110.734301864601 = 0,0053885555312448
2021-01-19 21:06:08 INFO  root:237 - 205535801750185.1 / 2.561072180061670 = 80 253 810 630 685,09
2021-01-19 21:06:09 INFO  root:237 - 521744.0344535642 / 15.56318525340708 = 33 524,24493818477
2021-01-19 21:06:10 INFO  root:237 - 5836606.043006067 / 2665473886.88173 = 0,0021897067053372
2021-01-19 21:06:12 INFO  root:237 - 2.748881230242322 / 7050.243345556171 = 3,898987730650411e-4
2021-01-19 21:06:13 INFO  root:237 - 87.53668372766104 / 8276.684367107501 = 0,010576298411903
2021-01-19 21:06:14 INFO  root:237 - 14214422748836 / 61.72663880482815 = 230 280 200 316,4341
2021-01-19 21:06:15 INFO  root:237 - 18307184235864 / 8031.720530328750 = 2 279 360 215,128733
2021-01-19 21:06:16 INFO  root:237 - 717540011383487.5 / 85305635287536.05 = 8,411402235794929
2021-01-19 21:06:17 INFO  root:237 - 388013256281566 / 301140422.7418227 = 1 288 479,483254967
2021-01-19 21:06:18 INFO  root:237 - 6727.44701201124 / 4.817085130773842 = 1 396,580469178984
2021-01-19 21:06:19 INFO  root:237 - 437032218713430.4 / 7381220507.841264 = 59 208,66586347876
2021-01-19 21:06:21 INFO  root:240 - division tests status: passed
2021-01-19 21:06:24 INFO  root:459 - addition tests status: start
2021-01-19 21:07:21 INFO  root:550 - 480.7425753272634 * 85004815645.38826 = 85 004 816 126,13084
2021-01-19 21:07:22 INFO  root:550 - 8214286.783215338 * 251664888372563 = 251 664 896 586 849,8
2021-01-19 21:07:23 INFO  root:550 - 5102.12526417487 * 103051733812646 = 103 051 733 817 748,1
2021-01-19 21:07:24 INFO  root:550 - 65504442.51370775 * 404200.6600756620 = 65 908 643,17378341
2021-01-19 21:07:25 INFO  root:550 - 25847301676010 * 6.808408404458643 = 25 847 301 676 016,81
2021-01-19 21:07:26 INFO  root:550 - 841.2028356508846 * 365.3635425555521 = 1 206,566378206437
2021-01-19 21:07:27 INFO  root:550 - 36707.03427572880 * 244.3680164586310 = 36 951,40229218743
2021-01-19 21:07:29 INFO  root:550 - 211061720.1154763 * 416171786811431 = 416 171 997 873 151,1
2021-01-19 21:07:30 INFO  root:550 - 274532671038648 * 257143705332026 = 531 676 376 370 674
2021-01-19 21:07:31 INFO  root:550 - 304.212127858320 * 168744.3717532628 = 169 048,5838811211
2021-01-19 21:07:32 INFO  root:550 - 82.32680336671855 * 3.250367084268468 = 85,57717045098702
2021-01-19 21:07:33 INFO  root:550 - 453603260271678 * 46.46642041034433 = 453 603 260 271 724,5
2021-01-19 21:07:34 INFO  root:550 - 8300856744.337045 * 5721.613458132704 = 8 300 862 465,950503
2021-01-19 21:07:35 INFO  root:550 - 263.7610682881810 * 45.02047643300076 = 308,7815447211818
2021-01-19 21:07:37 INFO  root:550 - 240672671.8286865 * 2055573.177535147 = 242 728 245,0062216
2021-01-19 21:07:38 INFO  root:550 - 73806.56682874354 * 381.6308240873814 = 74 188,19765283092
2021-01-19 21:07:39 INFO  root:550 - 42.42124607566356 * 577081284212104 = 577 081 284 212 146,4
2021-01-19 21:07:40 INFO  root:550 - 181567321271483 * 16813507102.20722 = 181 584 134 778 585,2
2021-01-19 21:07:41 INFO  root:550 - 254200.0132841700 * 30805008.55337724 = 31 059 208,56666141
2021-01-19 21:07:42 INFO  root:550 - 3.117874002717336 * 61.25018002842383 = 64,36805403114117
2021-01-19 21:07:43 INFO  root:553 - addition tests status: passed
2021-01-20 15:18:48 INFO  root:245 - multiplication tests status: start
2021-01-20 15:19:20 INFO  root:318 - 250037033670860 * 833762210535,1333 =  = 2,084714299090638e+26
2021-01-20 15:19:21 INFO  root:318 - 466131755645336 * 7014551214,060633 =  = 3,269705072474206e+24
2021-01-20 15:19:22 INFO  root:318 - 822852068,8782032 * 3,165333256163726 =  = 2 604 601 018,523301
2021-01-20 15:19:23 INFO  root:318 - 542,2772841565528 * 814588,4255105674 =  = 441 732 799,0912329
2021-01-20 15:19:25 INFO  root:318 - 1337,522766887032 * 671,0525362866283 =  = 897 548,0450606515
2021-01-20 15:19:26 INFO  root:318 - 1,812504677724757 * 106343706143381 =  = 192 748 464 831 465
2021-01-20 15:19:27 INFO  root:318 - 520,284608055156 * 226377127136545 =  = 1,177805348648895e+17
2021-01-20 15:19:28 INFO  root:318 - 107,4286600871683 * 777,6084083600141 =  = 83 537,42938263192
2021-01-20 15:19:29 INFO  root:318 - 338143783113105 * 74305,78853328157 =  = 2,512604044184621e+19
2021-01-20 15:19:30 INFO  root:318 - 247603,1744151414 * 565,6184243408007 =  = 140 048 917,3744727
2021-01-20 15:19:31 INFO  root:318 - 75283563374372,64 * 37,22652366385755 =  = 2 802 545 353 455 603
2021-01-20 15:19:33 INFO  root:318 - 174342254164500 * 633400345134366,7 =  = 1,104284439592978e+29
2021-01-20 15:19:34 INFO  root:318 - 6635621222340,872 * 41616276,14315447 =  = 2,761498451703139e+20
2021-01-20 15:19:35 INFO  root:318 - 33613,04153635622 * 31646,28744773074 =  = 1 063 727 974,452042
2021-01-20 15:19:36 INFO  root:318 - 674338068225364 * 563146801286784 =  = 3,797513261070229e+29
2021-01-20 15:19:37 INFO  root:318 - 77573321,73844351 * 684875015876138,8 =  = 5,312802995718132e+22
2021-01-20 15:19:38 INFO  root:318 - 53086034,02137611 * 424443351040210 =  = 2,253201417346747e+22
2021-01-20 15:19:39 INFO  root:318 - 3154,048524810688 * 582057575348840 =  = 1,835837836883895e+18
2021-01-20 15:19:41 INFO  root:318 - 677542015272144 * 564756350030341 =  = 3,826461555372976e+29
2021-01-20 15:19:42 INFO  root:318 - 4010601,473131056 * 3,4212278766746 =  = 13 721 181,56210819
2021-01-20 15:19:43 INFO  root:321 - multiplication tests status: passed
2021-01-20 15:19:43 INFO  root:377 - subtraction tests status: start
2021-01-20 15:20:15 INFO  root:451 - 5,52381310588364 - 31166482604,77644 =  = -31 166 482 599,25263
2021-01-20 15:20:16 INFO  root:451 - 313676314405201 - 71327,173882678 =  = 313 676 314 333 873,8
2021-01-20 15:20:17 INFO  root:451 - 76,7432820043356 - 43328631431,27178 =  = -43 328 631 354,5285
2021-01-20 15:20:18 INFO  root:451 - 6432532425382,58 - 6686476208154 =  = -253 943 782 771,42
2021-01-20 15:20:19 INFO  root:451 - 8242147816121,682 - 716078756465315 =  = -707 836 608 649 193,3
2021-01-20 15:20:21 INFO  root:451 - 785403040236447 - 4,463542375621476 =  = 785 403 040 236 442,5
2021-01-20 15:20:22 INFO  root:451 - 6068226,560788486 - 635866371,8347042 =  = -629 798 145,2739157
2021-01-20 15:20:23 INFO  root:451 - 70650,1380380482 - 1304481,583623401 =  = -1 233 831,445585353
2021-01-20 15:20:24 INFO  root:451 - 23008682706422,07 - 287474431371501 =  = -264 465 748 665 078,9
2021-01-20 15:20:25 INFO  root:451 - 63202610433,2062 - 168184700348437 =  = -168 121 497 738 003,8
2021-01-20 15:20:26 INFO  root:451 - 21477422,86824611 - 502484276485354 =  = -502 484 255 007 931,1
2021-01-20 15:20:27 INFO  root:451 - 2434417,654277555 - 242144,0433786341 =  = 2 192 273,610898921
2021-01-20 15:20:29 INFO  root:451 - 283784606871330,5 - 1526,245574883268 =  = 283 784 606 869 804,3
2021-01-20 15:20:30 INFO  root:451 - 340015746543101 - 115,6434627823057 =  = 340 015 746 542 985,4
2021-01-20 15:20:31 INFO  root:451 - 5376,134456304325 - 47172433,46222247 =  = -47 167 057,32776617
2021-01-20 15:20:32 INFO  root:451 - 8,670364561303603 - 2632,63735675605 =  = -2 623,966992194746
2021-01-20 15:20:33 INFO  root:451 - 8302660,487645154 - 883754125353524 =  = -883 754 117 050 863,5
2021-01-20 15:20:34 INFO  root:451 - 11828,11668733147 - 82748478664,00725 =  = -82 748 466 835,89056
2021-01-20 15:20:35 INFO  root:451 - 721754420683568 - 8,550058711430731 =  = 721 754 420 683 559,4
2021-01-20 15:20:36 INFO  root:451 - 71385,62815080818 - 53265423,54357452 =  = -53 194 037,91542371
2021-01-20 15:20:38 INFO  root:454 - subtraction tests status: passed
2021-01-20 15:20:40 INFO  root:654 - oneDividedByX tests status: start
2021-01-20 15:21:18 INFO  root:738 - 1/(70083876424,77415)  = 1,426861713440421e-11
2021-01-20 15:21:19 INFO  root:738 - 1/(81456071,3076086)  = 1,227655574283255e-8
2021-01-20 15:21:20 INFO  root:738 - 1/(4668,834020407681)  = 2,141862391399985e-4
2021-01-20 15:21:20 INFO  root:738 - 1/(64161758,15120073)  = 1,558560782644772e-8
2021-01-20 15:21:21 INFO  root:738 - 1/(3,383456626767161)  = 0,2955557319957384
2021-01-20 15:21:21 INFO  root:738 - 1/(7123167,738163362)  = 1,403869790461849e-7
2021-01-20 15:21:22 INFO  root:738 - 1/(81127,5810428337)  = 1,232626422661389e-5
2021-01-20 15:21:23 INFO  root:738 - 1/(5177101435256,472)  = 1,931582783350391e-13
2021-01-20 15:21:23 INFO  root:738 - 1/(586622175101627)  = 1,704674733488824e-15
2021-01-20 15:21:24 INFO  root:738 - 1/(7155,5130557767)  = 1,397523828417436e-4
2021-01-20 15:21:25 INFO  root:738 - 1/(335,7347321620028)  = 0,0029785419982031
2021-01-20 15:21:25 INFO  root:738 - 1/(15416167376201)  = 6,486696567291874e-14
2021-01-20 15:21:26 INFO  root:738 - 1/(6,672026732177447)  = 0,1498794954128796
2021-01-20 15:21:26 INFO  root:738 - 1/(20302,54725213628)  = 4,9254903218845e-5
2021-01-20 15:21:27 INFO  root:738 - 1/(44745262248,07482)  = 2,234873481031001e-11
2021-01-20 15:21:28 INFO  root:738 - 1/(21067120,45378328)  = 4,746733195900144e-8
2021-01-20 15:21:28 INFO  root:738 - 1/(526871087308855)  = 1,897997487597557e-15
2021-01-20 15:21:29 INFO  root:738 - 1/(0,153430616416613)  = 6,517604004696699
2021-01-20 15:21:29 INFO  root:738 - 1/(8755,615186534351)  = 1,142124201093196e-4
2021-01-20 15:21:30 INFO  root:738 - 1/(643271454360736)  = 1,554553669715952e-15
2021-01-20 15:21:31 INFO  root:741 - oneDividedByX tests status: passed
2021-01-20 15:21:31 INFO  root:326 - exponentOfTwo tests status: start
2021-01-20 15:21:42 INFO  root:369 - 827700010.1114276² = 6,850873067384574e+17
2021-01-20 15:21:43 INFO  root:369 - 61752.2843060307² = 3 813 344 617,012845
2021-01-20 15:21:44 INFO  root:369 - 862213420512463² = 7,434119825118014e+29
2021-01-20 15:21:44 INFO  root:369 - 1883266.00770743² = 3 546 690 855 786,282
2021-01-20 15:21:45 INFO  root:369 - 4.286866431716138² = 18,37722380337465
2021-01-20 15:21:45 INFO  root:369 - 54.07436536486346² = 2 924,036989612745
2021-01-20 15:21:46 INFO  root:369 - 65537038.31022585² = 4 295 103 390 476 011
2021-01-20 15:21:47 INFO  root:369 - 243778083256118² = 5,94277538760268e+28
2021-01-20 15:21:47 INFO  root:369 - 25332456.10170135² = 641 733 332 144 626
2021-01-20 15:21:48 INFO  root:369 - 677.1117034526375² = 458 480,2589525325
2021-01-20 15:21:48 INFO  root:369 - 658678.7676368311² = 433 857 718 935,5745
2021-01-20 15:21:49 INFO  root:369 - 2678544046455.355² = 7,174598208801427e+24
2021-01-20 15:21:50 INFO  root:369 - 4314.368582753164² = 18 613 776,26784754
2021-01-20 15:21:50 INFO  root:369 - 87.7313076544531² = 7 696,782342760301
2021-01-20 15:21:51 INFO  root:369 - 72348120.50864137² = 5 234 250 541 132 894
2021-01-20 15:21:51 INFO  root:369 - 253056405.0144354² = 6,403754411882997e+16
2021-01-20 15:21:52 INFO  root:369 - 811.3641037771636² = 658 311,7088981199
2021-01-20 15:21:53 INFO  root:369 - 352460704340.5314² = 1,242285481042235e+23
2021-01-20 15:21:53 INFO  root:369 - 2.407436782518253² = 5,795751861821838
2021-01-20 15:21:54 INFO  root:369 - 870072857.7236403² = 7,57026777747382e+17
2021-01-20 15:21:55 INFO  root:372 - exponentOfTwo tests status: passed
2021-01-20 15:22:44 INFO  root:558 - squareRoot tests status: start
2021-01-20 15:22:54 INFO  root:585 - √(516768710573120)  = 22 732 547,38416089
2021-01-20 15:22:55 INFO  root:585 - √(150,1866512811851)  = 12,25506635156192
2021-01-20 15:22:56 INFO  root:585 - √(6121821,107370064)  = 2 474,231417505255
2021-01-20 15:22:56 INFO  root:585 - √(867,5367817023512)  = 29,45397734945743
2021-01-20 15:22:57 INFO  root:585 - √(345827020768541)  = 18 596 424,94590132
2021-01-20 15:22:57 INFO  root:585 - √(18788,7022672676)  = 137,0718872244327
2021-01-20 15:22:58 INFO  root:585 - √(51416,34077627366)  = 226,7517161484642
2021-01-20 15:22:59 INFO  root:585 - √(456767571632544)  = 21 372 121,3648188
2021-01-20 15:22:59 INFO  root:585 - √(64,7606202830182)  = 8,047398354935476
2021-01-20 15:23:00 INFO  root:585 - √(702810764247,7706)  = 838 338,0966219838
2021-01-20 15:23:01 INFO  root:585 - √(25270767,28453533)  = 5 027,00380788948
2021-01-20 15:23:01 INFO  root:585 - √(587102042232616)  = 24 230 188,65449908
2021-01-20 15:23:02 INFO  root:585 - √(2,766052660348816)  = 1,663145411666946
2021-01-20 15:23:02 INFO  root:585 - √(36,71022104012375)  = 6,058896024864905
2021-01-20 15:23:03 INFO  root:585 - √(0,063438258664206)  = 0,2518695270655146
2021-01-20 15:23:04 INFO  root:585 - √(645430050355506)  = 25 405 315,39571013
2021-01-20 15:23:04 INFO  root:585 - √(1,012055201870274)  = 1,00600954362783
2021-01-20 15:23:05 INFO  root:585 - √(0,753776873024062)  = 0,8682032440759836
2021-01-20 15:23:06 INFO  root:585 - √(1,151060541808022)  = 1,072874895692886
2021-01-20 15:23:06 INFO  root:585 - √(5217,455773172764)  = 72,23195811531599
2021-01-20 15:23:07 INFO  root:588 - squareRoot tests status: passed
2021-01-20 15:23:19 INFO  root:185 - division tests status: start
2021-01-20 15:23:35 INFO  root:237 - 287663772647671 / 37131610066146 = 7,747139758691549
2021-01-20 15:23:36 INFO  root:237 - 6473766241332.137 / 538106.8601152806 = 12 030 633,17190425
2021-01-20 15:23:37 INFO  root:237 - 34.43620080814380 / 74061087084.24706 = 4,649702315194405e-10
2021-01-20 15:23:38 INFO  root:237 - 146477338521365 / 80.83256303082510 = 1 812 108 054 343,23
2021-01-20 15:23:40 INFO  root:237 - 277628186667107 / 215852021357651 = 1,28619683485427
2021-01-20 15:23:41 INFO  root:237 - 126311174643636 / 4.47480053264136 = 28 227 219 006 134,73
2021-01-20 15:23:42 INFO  root:237 - 826.0411343321852 / 607302.1507083816 = 0,0013601814737008
2021-01-20 15:23:43 INFO  root:237 - 762171837485533 / 507.4687348873776 = 1 501 908 955 346,149
2021-01-20 15:23:44 INFO  root:237 - 814646631654180 / 167226067515105 = 4,871528965306773
2021-01-20 15:23:45 INFO  root:237 - 300224234225118.7 / 1616.624020371758 = 185 710 610 780,1611
2021-01-20 15:23:46 INFO  root:237 - 66615504.44244851 / 5675003635.260188 = 0,0117384073604024
2021-01-20 15:23:47 INFO  root:237 - 701012561456371 / 164488607084644 = 4,261769698710123
2021-01-20 15:23:48 INFO  root:237 - 314.4234475575265 / 227225351543564 = 1,383751616717137e-12
2021-01-20 15:23:49 INFO  root:237 - 16.14231810584356 / 73.56581816650110 = 0,2194268820515085
2021-01-20 15:23:51 INFO  root:237 - 13663330162075.31 / 64034.45212778068 = 213 374 671,10377
2021-01-20 15:23:52 INFO  root:237 - 6436638168.030370 / 164145621884101 = 3,921297500444523e-5
2021-01-20 15:23:53 INFO  root:237 - 628580805.0740346 / 12.84512681527550 = 48 935 352,22451231
2021-01-20 15:23:54 INFO  root:237 - 64.34733662453475 / 201218.6050721412 = 3,197882054766499e-4
2021-01-20 15:23:55 INFO  root:237 - 0.244074534414117 / 3.333505224312528 = 0,0732185846399724
2021-01-20 15:23:56 INFO  root:237 - 33756037325.83101 / 418.3255044114870 = 80 693 232,82911002
2021-01-20 15:23:58 INFO  root:240 - division tests status: passed
2021-01-20 15:24:01 INFO  root:459 - addition tests status: start
2021-01-20 15:24:56 INFO  root:550 - 684082340542817 * 47653.33133584448 = 684 082 340 590 470,3
2021-01-20 15:24:58 INFO  root:550 - 1421266820184.153 * 38.53570138123222 = 1 421 266 820 222,689
2021-01-20 15:24:59 INFO  root:550 - 677801411541031 * 7853276175357.253 = 685 654 687 716 388,3
2021-01-20 15:25:00 INFO  root:550 - 6.225831473311381 * 54.43075766783104 = 60,65658914114242
2021-01-20 15:25:01 INFO  root:550 - 6.12623236810545 * 516.8802840128324 = 523,0065163809379
2021-01-20 15:25:02 INFO  root:550 - 41.77478363243703 * 1067.466838080123 = 1 109,24162171256
2021-01-20 15:25:03 INFO  root:550 - 52.36070124102703 * 346.064810300543 = 398,42551154157
2021-01-20 15:25:04 INFO  root:550 - 8.148735602563553 * 7.422326634667048 = 15,5710622372306
2021-01-20 15:25:06 INFO  root:550 - 6113.820312272475 * 5101.205528382287 = 11 215,02584065476
2021-01-20 15:25:07 INFO  root:550 - 144183330426866 * 7706846206.828226 = 144 191 037 273 072,8
2021-01-20 15:25:08 INFO  root:550 - 322.3777038474651 * 287.2444456485754 = 609,6221494960405
2021-01-20 15:25:09 INFO  root:550 - 2.468626518257428 * 2105.448271582203 = 2 107,91689810046
2021-01-20 15:25:10 INFO  root:550 - 6140355.515307381 * 65824.26335225740 = 6 206 179,778659638
2021-01-20 15:25:11 INFO  root:550 - 5.655407370238487 * 88711083434070.84 = 88 711 083 434 076,5
2021-01-20 15:25:12 INFO  root:550 - 45158.13805784732 * 14283.60258232767 = 59 441,74064017499
2021-01-20 15:25:14 INFO  root:550 - 882750138052206 * 144.3218332041375 = 882 750 138 052 350,3
2021-01-20 15:25:15 INFO  root:550 - 45.61036155643042 * 55175828621681.40 = 55 175 828 621 727,01
2021-01-20 15:25:16 INFO  root:550 - 761424240.7633166 * 81.17026005247441 = 761 424 321,9335767
2021-01-20 15:25:17 INFO  root:550 - 203257.7418660436 * 263.2723711006344 = 203 521,0142371442
2021-01-20 15:25:18 INFO  root:550 - 717.3350200033541 * 57314.57236780758 = 58 031,90738781093
2021-01-20 15:25:19 INFO  root:553 - addition tests status: passed
2021-01-20 15:27:06 INFO  root:245 - multiplication tests status: start
2021-01-20 15:27:33 INFO  root:377 - subtraction tests status: start
2021-01-20 15:28:06 INFO  root:451 - 25843527713241,22 - 6,875283726220535 =  = 25 843 527 713 234,34
2021-01-20 15:28:07 INFO  root:451 - 26323668300455 - 146406500012481 =  = -120 082 831 712 026
2021-01-20 15:28:08 INFO  root:451 - 22724017857263 - 78726,02513072445 =  = 22 724 017 778 536,97
2021-01-20 15:28:09 INFO  root:451 - 53237771637,08421 - 25,8222308415543 =  = 53 237 771 611,26198
2021-01-20 15:28:10 INFO  root:451 - 37,17556038377822 - 36584,86671661223 =  = -36 547,69115622845
2021-01-20 15:28:11 INFO  root:451 - 6016523125042,518 - 52,33876461270847 =  = 6 016 523 124 990,179
2021-01-20 15:28:13 INFO  root:451 - 7242468127,174656 - 46251,11833263464 =  = 7 242 421 876,056323
2021-01-20 15:28:14 INFO  root:451 - 5,533158001688322 - 544,761126485308 =  = -539,2279684836197
2021-01-20 15:28:15 INFO  root:451 - 166,3724000546186 - 81422058231531 =  = -81 422 058 231 364,63
2021-01-20 15:28:16 INFO  root:451 - 1351645,37832335 - 460304722613704 =  = -460 304 721 262 058,6
2021-01-20 15:28:17 INFO  root:451 - 28,2567465145512 - 12,25734016081785 =  = 15,99940635373335
2021-01-20 15:28:18 INFO  root:451 - 245,2405016137408 - 2586812,570412175 =  = -2 586 567,329910561
2021-01-20 15:28:19 INFO  root:451 - 434377362126746 - 684230,5845326074 =  = 434 377 361 442 515,4
2021-01-20 15:28:20 INFO  root:451 - 587,3116077823154 - 568205745362806 =  = -568 205 745 362 218,7
2021-01-20 15:28:21 INFO  root:451 - 12326,56263888158 - 724230452127374 =  = -724 230 452 115 047,4
2021-01-20 15:28:23 INFO  root:451 - 3835604,052186216 - 642866288,0718878 =  = -639 030 684,0197016
2021-01-20 15:28:24 INFO  root:451 - 68306423888664 - 76,01734047062382 =  = 68 306 423 888 587,98
2021-01-20 15:28:25 INFO  root:451 - 545324216514562 - 55,13553161151118 =  = 545 324 216 514 506,9
2021-01-20 15:28:26 INFO  root:451 - 245213886730422 - 452225527,2588222 =  = 245 213 434 504 894,7
2021-01-20 15:28:27 INFO  root:451 - 363458527174867 - 61127847,7283812 =  = 363 458 466 047 019,3
2021-01-20 15:28:28 INFO  root:454 - subtraction tests status: passed
2021-01-20 15:28:31 INFO  root:654 - oneDividedByX tests status: start
2021-01-20 15:29:08 INFO  root:738 - 1/(57,57011333353682)  = 0,01737012387324
2021-01-20 15:29:09 INFO  root:738 - 1/(484404145123674)  = 2,064391913377802e-15
2021-01-20 15:29:10 INFO  root:738 - 1/(6147,738173673446)  = 1,626614490972168e-4
2021-01-20 15:29:10 INFO  root:738 - 1/(61,52622045308557)  = 0,0162532330547187
2021-01-20 15:29:11 INFO  root:738 - 1/(67322550,48222737)  = 1,485386386637256e-8
2021-01-20 15:29:12 INFO  root:738 - 1/(304840616101357)  = 3,280402765186343e-15
2021-01-20 15:29:12 INFO  root:738 - 1/(741527475673352)  = 1,348567696823289e-15
2021-01-20 15:29:13 INFO  root:738 - 1/(728717250771535)  = 1,372274361477298e-15
2021-01-20 15:29:13 INFO  root:738 - 1/(7780,282502738356)  = 1,28530037263819e-4
2021-01-20 15:29:14 INFO  root:738 - 1/(136170,8027278784)  = 7,343718183099679e-6
2021-01-20 15:29:15 INFO  root:738 - 1/(25223,17685222027)  = 3,964607653741979e-5
2021-01-20 15:29:15 INFO  root:738 - 1/(0,614644477234224)  = 1,626956780771541
2021-01-20 15:29:16 INFO  root:738 - 1/(101758522410,8058)  = 9,82718671919129e-12
2021-01-20 15:29:16 INFO  root:738 - 1/(82,03868363515122)  = 0,0121893715950792
2021-01-20 15:29:17 INFO  root:738 - 1/(272140,175671612)  = 3,674576888664491e-6
2021-01-20 15:29:18 INFO  root:738 - 1/(4043,488102065631)  = 2,47311226039999e-4
2021-01-20 15:29:18 INFO  root:738 - 1/(33,6146787538413)  = 0,0297489084254814
2021-01-20 15:29:19 INFO  root:738 - 1/(55548805454,63357)  = 1,800218729845946e-11
2021-01-20 15:29:20 INFO  root:738 - 1/(611517852404586,8)  = 1,63527523533097e-15
2021-01-20 15:29:20 INFO  root:738 - 1/(512,3584722012711)  = 0,001951758493821
2021-01-20 15:29:21 INFO  root:741 - oneDividedByX tests status: passed
2021-01-20 15:29:21 INFO  root:326 - exponentOfTwo tests status: start
2021-01-20 15:29:32 INFO  root:369 - 406684184555.6232² = 1,653920259676722e+23
2021-01-20 15:29:33 INFO  root:369 - 415615232.0163737² = 1,727360210840241e+17
2021-01-20 15:29:34 INFO  root:369 - 827284570425.5312² = 6,843997604641557e+23
2021-01-20 15:29:34 INFO  root:369 - 4.430520486782517² = 19,62951178379959
2021-01-20 15:29:35 INFO  root:369 - 7253081.247283317² = 52 607 187 579 692,92
2021-01-20 15:29:36 INFO  root:369 - 44041761248.78472² = 1,939676733894955e+21
2021-01-20 15:29:36 INFO  root:369 - 42.72503681023526² = 1 825,428770435958
2021-01-20 15:29:37 INFO  root:369 - 85680.17358145012² = 7 341 092 144,947423
2021-01-20 15:29:37 INFO  root:369 - 52356.34264843636² = 2 741 186 615,520476
2021-01-20 15:29:38 INFO  root:369 - 4.756445732670671² = 22,62377600784104
2021-01-20 15:29:39 INFO  root:369 - 1806656.282460243² = 3 264 006 922 953,065
2021-01-20 15:29:39 INFO  root:369 - 21.74681666258673² = 472,9240349561598
2021-01-20 15:29:40 INFO  root:369 - 52101188881060² = 2,71453388281989e+27
2021-01-20 15:29:41 INFO  root:369 - 3278037777484.040² = 1,07455316706125e+25
2021-01-20 15:29:41 INFO  root:369 - 7650.312520338825² = 58 527 281,65885298
2021-01-20 15:29:42 INFO  root:369 - 7560087821611.766² = 5,715492787048254e+25
2021-01-20 15:29:42 INFO  root:369 - 772.454031742143² = 596 685,2311546917
2021-01-20 15:29:43 INFO  root:369 - 2081008.180513322² = 4 330 595 047 363,367
2021-01-20 15:29:44 INFO  root:369 - 0.80670052206736² = 0,6507657323037512
2021-01-20 15:29:44 INFO  root:369 - 10546822.24012806² = 111 235 459 364 859,9
2021-01-20 15:29:45 INFO  root:372 - exponentOfTwo tests status: passed
2021-01-20 15:30:17 INFO  root:558 - squareRoot tests status: start
2021-01-20 15:30:27 INFO  root:585 - √(4,528046705888645)  = 2,127920747088257
2021-01-20 15:30:27 INFO  root:585 - √(712524,0578721146)  = 844,1114013399621
2021-01-20 15:30:28 INFO  root:585 - √(5,828440648741302)  = 2,414216363282567
2021-01-20 15:30:29 INFO  root:585 - √(80540,44010584047)  = 283,7964765564232
2021-01-20 15:30:29 INFO  root:585 - √(5175333727,607218)  = 71 939,79237951148
2021-01-20 15:30:30 INFO  root:585 - √(86816,53865308735)  = 294,6464638394416
2021-01-20 15:30:30 INFO  root:585 - √(864254586454016)  = 29 398 207,19795709
2021-01-20 15:30:31 INFO  root:585 - √(28305657853,54305)  = 168 242,8537963591
2021-01-20 15:30:32 INFO  root:585 - √(3055883542,770548)  = 55 280,046515633
2021-01-20 15:30:32 INFO  root:585 - √(400511,7034383522)  = 632,8599398274094
2021-01-20 15:30:33 INFO  root:585 - √(566046160685253)  = 23 791 724,62612269
2021-01-20 15:30:34 INFO  root:585 - √(75764336842,30541)  = 275 253,2231279144
2021-01-20 15:30:34 INFO  root:585 - √(718728734715414,3)  = 26 809 116,63437299
2021-01-20 15:30:35 INFO  root:585 - √(2408174885,634241)  = 49 073,1585047696
2021-01-20 15:30:35 INFO  root:585 - √(14285,12310327381)  = 119,5203878142713
2021-01-20 15:30:36 INFO  root:585 - √(5350,163741021127)  = 73,14481349365194
2021-01-20 15:30:37 INFO  root:585 - √(121808,0261346883)  = 349,0100659503796
2021-01-20 15:30:37 INFO  root:585 - √(71211571,36152845)  = 8 438,694884964644
2021-01-20 15:30:38 INFO  root:585 - √(24,01534684281413)  = 4,900545565833883
2021-01-20 15:30:39 INFO  root:585 - √(57886788710108)  = 7 608 336,790002661
2021-01-20 15:30:39 INFO  root:588 - squareRoot tests status: passed
2021-01-20 15:30:52 INFO  root:185 - division tests status: start
2021-01-20 15:31:08 INFO  root:237 - 488146.3425274433 / 541645352572268 = 9,012287102792289e-10
2021-01-20 15:31:09 INFO  root:237 - 16426.22453470035 / 480528347142.4845 = 3,418367435007889e-8
2021-01-20 15:31:10 INFO  root:237 - 3.130517153824706 / 624322265016602 = 5,014264794387013e-15
2021-01-20 15:31:11 INFO  root:237 - 42546.07153686047 / 551586608.5647722 = 7,713398200069669e-5
2021-01-20 15:31:12 INFO  root:237 - 536236.8304614676 / 26.84051668375484 = 19 978,63292944818
2021-01-20 15:31:13 INFO  root:237 - 40.15275263868730 / 800816556672418 = 5,013976335046253e-14
2021-01-20 15:31:14 INFO  root:237 - 3583344.647853637 / 264.1617711601222 = 13 564,96298505504
2021-01-20 15:31:15 INFO  root:237 - 806025810102832 / 72364.34866158811 = 11 138 437 987,91325
2021-01-20 15:31:17 INFO  root:237 - 58315727674654 / 536652.1425168052 = 108 665 787,4897571
2021-01-20 15:31:18 INFO  root:237 - 3033.868534521384 / 335542315155737 = 9,041686837957409e-12
2021-01-20 15:31:19 INFO  root:237 - 80467517.62532374 / 71.12204106360705 = 1 131 400,567559059
2021-01-20 15:31:20 INFO  root:237 - 22523552558361.82 / 140260052577020 = 0,1605842301106626
2021-01-20 15:31:21 INFO  root:237 - 1.851434582085736 / 6080.072717200326 = 3,045086248472141e-4
2021-01-20 15:31:22 INFO  root:237 - 33067668.66765111 / 34.47234438466133 = 959 252,0978168448
2021-01-20 15:31:23 INFO  root:237 - 1532872805.202841 / 755230866153405.0 = 2,029674466312767e-6
2021-01-20 15:31:25 INFO  root:237 - 7711.770548742288 / 600242641255176.0 = 1,284775525546818e-11
2021-01-20 15:31:26 INFO  root:237 - 8428.847370382721 / 48340304337.21580 = 1,743647973662755e-7
2021-01-20 15:31:27 INFO  root:237 - 363.7667601613271 / 633.5367367566165 = 0,5741841617956151
2021-01-20 15:31:28 INFO  root:237 - 854.2513686240311 / 164.7152684564868 = 5,186230618624773
2021-01-20 15:31:29 INFO  root:237 - 64.04771114564513 / 656671064342.1352 = 9,753393231938622e-11
2021-01-20 15:31:31 INFO  root:240 - division tests status: passed
2021-01-20 15:31:40 INFO  root:459 - addition tests status: start
2021-01-20 15:32:36 INFO  root:550 - 31761462.25220048 * 883506053.4647254 = 915 267 515,7169259
2021-01-20 15:32:37 INFO  root:550 - 85515584.58127477 * 67073.17378063623 = 85 582 657,75505541
2021-01-20 15:32:38 INFO  root:550 - 85135802.36210222 * 5412557238.027028 = 5 497 693 040,38913
2021-01-20 15:32:39 INFO  root:550 - 31426.7340610376 * 81455.28333647832 = 112 882,0173975159
2021-01-20 15:32:40 INFO  root:550 - 4634411038288.56 * 5486667802.301765 = 4 639 897 706 090,862
2021-01-20 15:32:41 INFO  root:550 - 130041168078524.8 * 866754.3473050343 = 130 041 168 945 279,1
2021-01-20 15:32:42 INFO  root:550 - 7484060612.845854 * 7.077287448781372 = 7 484 060 619,923141
2021-01-20 15:32:44 INFO  root:550 - 30.20284315514616 * 3247667578.468123 = 3 247 667 608,670966
2021-01-20 15:32:45 INFO  root:550 - 88.4344704074211 * 201.6542014713184 = 290,0886718787395
2021-01-20 15:32:46 INFO  root:550 - 325.6868662168564 * 5585176407.113778 = 5 585 176 732,800644
2021-01-20 15:32:47 INFO  root:550 - 45103445128782 * 524180542.0431347 = 45 103 969 309 324,04
2021-01-20 15:32:48 INFO  root:550 - 5.83181603030286 * 533076225343431 = 533 076 225 343 436,8
2021-01-20 15:32:49 INFO  root:550 - 765383366400.548 * 886204784633027 = 886 970 167 999 427,5
2021-01-20 15:32:50 INFO  root:550 - 130444057121311 * 838538214551318 = 968 982 271 672 629
2021-01-20 15:32:51 INFO  root:550 - 81080.74782217122 * 347162854072436 = 347 162 854 153 516,7
2021-01-20 15:32:52 INFO  root:550 - 85050511035326 * 260752873602.2086 = 85 311 263 908 928,21
2021-01-20 15:32:53 INFO  root:550 - 6.214611160082578 * 14048.74388168885 = 14 054,95849284893
2021-01-20 15:32:54 INFO  root:550 - 48636.02674566303 * 1578316216.224776 = 1 578 364 852,251522
2021-01-20 15:32:56 INFO  root:550 - 601001855840862 * 1.268163754670244 = 601 001 855 840 863,3
2021-01-20 15:32:57 INFO  root:550 - 1565120532.718871 * 536215016485.3428 = 537 780 137 018,0617
2021-01-20 15:32:58 INFO  root:553 - addition tests status: passed
2021-01-20 15:34:29 INFO  root:245 - multiplication tests status: start
2021-01-20 15:34:56 INFO  root:377 - subtraction tests status: start
2021-01-20 15:35:29 INFO  root:451 - 3248,452185225016 - 744558036077528 =  = -744 558 036 074 279,5
2021-01-20 15:35:30 INFO  root:451 - 711864226787684,1 - 84750,51702730054 =  = 711 864 226 702 933,6
2021-01-20 15:35:31 INFO  root:451 - 817383533565770 - 666153032160107 =  = 151 230 501 405 663
2021-01-20 15:35:32 INFO  root:451 - 21,66137426117168 - 10,05820080224088 =  = 11,6031734589308
2021-01-20 15:35:33 INFO  root:451 - 57,66606362436341 - 75060,1084312684 =  = -75 002,44236764404
2021-01-20 15:35:34 INFO  root:451 - 174432664420732 - 6272834,075246403 =  = 174 432 658 147 897,9
2021-01-20 15:35:35 INFO  root:451 - 12126451702355,66 - 1835,772703645508 =  = 12 126 451 700 519,89
2021-01-20 15:35:36 INFO  root:451 - 201,7631718832173 - 88807118627211 =  = -88 807 118 627 009,24
2021-01-20 15:35:37 INFO  root:451 - 352,1871101114245 - 3363133101,110043 =  = -3 363 132 748,922933
2021-01-20 15:35:39 INFO  root:451 - 2,573234178757546 - 7250041,543873815 =  = -7 250 038,970639636
2021-01-20 15:35:40 INFO  root:451 - 86763561060323,4 - 1,102755366836135 =  = 86 763 561 060 322,3
2021-01-20 15:35:41 INFO  root:451 - 4,331053602465267 - 0,206170422882372 =  = 4,124883179582895
2021-01-20 15:35:42 INFO  root:451 - 686,6510284837821 - 4107513632,374882 =  = -4 107 512 945,723854
2021-01-20 15:35:43 INFO  root:451 - 47348422278,35851 - 8,08451455704804 =  = 47 348 422 270,274
2021-01-20 15:35:44 INFO  root:451 - 852,2881623545347 - 36,48282151055025 =  = 815,8053408439845
2021-01-20 15:35:46 INFO  root:451 - 812531551757323,3 - 81877710845207,54 =  = 730 653 840 912 115,8
2021-01-20 15:35:47 INFO  root:451 - 616770321281,281 - 73518028766,14131 =  = 543 252 292 515,1397
2021-01-20 15:35:48 INFO  root:451 - 84845203151218,08 - 845518014372665,6 =  = -760 672 811 221 447,5
2021-01-20 15:35:49 INFO  root:451 - 4,263063867052235 - 214784813131,2324 =  = -214 784 813 126,9693
2021-01-20 15:35:50 INFO  root:451 - 376088316444204 - 5014783,440240345 =  = 376 088 311 429 420,6
2021-01-20 15:35:51 INFO  root:454 - subtraction tests status: passed
2021-01-20 15:35:54 INFO  root:654 - oneDividedByX tests status: start
2021-01-20 15:36:32 INFO  root:738 - 1/(116006,8004528822)  = 8,620184300369219e-6
2021-01-20 15:36:32 INFO  root:738 - 1/(113852520650878)  = 8,783292581342495e-15
2021-01-20 15:36:33 INFO  root:738 - 1/(553785204855515)  = 1,805754273014398e-15
2021-01-20 15:36:33 INFO  root:738 - 1/(4058513468,268726)  = 2,46395634218895e-10
2021-01-20 15:36:34 INFO  root:738 - 1/(4887457,21830365)  = 2,046053715324555e-7
2021-01-20 15:36:35 INFO  root:738 - 1/(237,5620442151666)  = 0,0042094266502197
2021-01-20 15:36:35 INFO  root:738 - 1/(743345453,3335452)  = 1,345269545290797e-9
2021-01-20 15:36:36 INFO  root:738 - 1/(60070472070016)  = 1,664711405687699e-14
2021-01-20 15:36:36 INFO  root:738 - 1/(7,532125370711762)  = 0,132764651513694
2021-01-20 15:36:37 INFO  root:738 - 1/(74,57505644810483)  = 0,013409309327119
2021-01-20 15:36:38 INFO  root:738 - 1/(21470545750103,56)  = 4,657543462746757e-14
2021-01-20 15:36:38 INFO  root:738 - 1/(62307,34128486888)  = 1,604947313396032e-5
2021-01-20 15:36:39 INFO  root:738 - 1/(635026507,3130566)  = 1,574737414082493e-9
2021-01-20 15:36:40 INFO  root:738 - 1/(240075070588701)  = 4,165363765374915e-15
2021-01-20 15:36:40 INFO  root:738 - 1/(67812211,67073647)  = 1,474660647930965e-8
2021-01-20 15:36:41 INFO  root:738 - 1/(4083778167834,614)  = 2,44871283135891e-13
2021-01-20 15:36:41 INFO  root:738 - 1/(31802,8523440106)  = 3,144372049346476e-5
2021-01-20 15:36:42 INFO  root:738 - 1/(803033070431412,7)  = 1,245278727391353e-15
2021-01-20 15:36:43 INFO  root:738 - 1/(601545666383554)  = 1,662384181091226e-15
2021-01-20 15:36:43 INFO  root:738 - 1/(112444448416000)  = 8,893280318299e-15
2021-01-20 15:36:44 INFO  root:741 - oneDividedByX tests status: passed
2021-01-20 15:36:44 INFO  root:326 - exponentOfTwo tests status: start
2021-01-20 15:36:56 INFO  root:369 - 6.6853131360385² = 44,69341172688892
2021-01-20 15:36:56 INFO  root:369 - 502632775716510² = 2,526397072244834e+29
2021-01-20 15:36:57 INFO  root:369 - 882067807776223² = 7,780436175151519e+29
2021-01-20 15:36:57 INFO  root:369 - 40.37371630605841² = 1 630,036968362087
2021-01-20 15:36:58 INFO  root:369 - 5618268.758646162² = 31 564 943 844 379,49
2021-01-20 15:36:59 INFO  root:369 - 66184.17471458046² = 4 380 344 982,650112
2021-01-20 15:36:59 INFO  root:369 - 323148387527262² = 1,044248803614695e+29
2021-01-20 15:37:00 INFO  root:369 - 17.64317400701821² = 311,281589041923
2021-01-20 15:37:00 INFO  root:369 - 2451.601758657040² = 6 010 351,183050291
2021-01-20 15:37:01 INFO  root:369 - 544305033668757² = 2,962679696771467e+29
2021-01-20 15:37:01 INFO  root:369 - 280350840.3538076² = 7,859659368708612e+16
2021-01-20 15:37:02 INFO  root:369 - 1624374.207618208² = 2 638 591 566 375,281
2021-01-20 15:37:03 INFO  root:369 - 168.6358147548518² = 28 438,03801803269
2021-01-20 15:37:03 INFO  root:369 - 65.04152211030240² = 4 230,399598424956
2021-01-20 15:37:04 INFO  root:369 - 605746436252184.4² = 3,669287450322217e+29
2021-01-20 15:37:05 INFO  root:369 - 136228386745462.1² = 1,855817335527119e+28
2021-01-20 15:37:05 INFO  root:369 - 4122.268035523747² = 16 993 093,75670081
2021-01-20 15:37:06 INFO  root:369 - 374483303676148² = 1,402377447322021e+29
2021-01-20 15:37:06 INFO  root:369 - 313063816307480² = 9,800895308100358e+28
2021-01-20 15:37:07 INFO  root:369 - 0.403506222300570² = 0,162817271435277
2021-01-20 15:37:08 INFO  root:372 - exponentOfTwo tests status: passed
2021-01-20 15:37:39 INFO  root:558 - squareRoot tests status: start
2021-01-20 15:37:49 INFO  root:585 - √(2724,572007517166)  = 52,19743295907535
2021-01-20 15:37:50 INFO  root:585 - √(35771784587,68157)  = 189 134,3030433178
2021-01-20 15:37:50 INFO  root:585 - √(0,831532651555353)  = 0,9118841217804777
2021-01-20 15:37:51 INFO  root:585 - √(883227354,1841813)  = 29 719,14120872575
2021-01-20 15:37:52 INFO  root:585 - √(23,0033125215372)  = 4,796176865122595
2021-01-20 15:37:52 INFO  root:585 - √(3747,54626033413)  = 61,21720559070081
2021-01-20 15:37:53 INFO  root:585 - √(42,47865846481007)  = 6,517565378637185
2021-01-20 15:37:54 INFO  root:585 - √(811711312676710)  = 28 490 547,77775798
2021-01-20 15:37:54 INFO  root:585 - √(1758,506810874025)  = 41,93455390097795
2021-01-20 15:37:55 INFO  root:585 - √(80,23767047380118)  = 8,957548240104609
2021-01-20 15:37:55 INFO  root:585 - √(42714260543,58466)  = 206 674,2861209025
2021-01-20 15:37:56 INFO  root:585 - √(63,05067561524665)  = 7,940445555209522
2021-01-20 15:37:57 INFO  root:585 - √(1342,308515478476)  = 36,63752878509242
2021-01-20 15:37:57 INFO  root:585 - √(6615,813646532126)  = 81,33765208396494
2021-01-20 15:37:58 INFO  root:585 - √(5160223332,37511)  = 71 834,69448932814
2021-01-20 15:37:59 INFO  root:585 - √(32553126550,77634)  = 180 424,850147579
2021-01-20 15:37:59 INFO  root:585 - √(38046,24571383734)  = 195,0544685820792
2021-01-20 15:38:00 INFO  root:585 - √(0,37382385434476)  = 0,6114113626232015
2021-01-20 15:38:00 INFO  root:585 - √(6355,535308846342)  = 79,72161130362546
2021-01-20 15:38:01 INFO  root:585 - √(7772,373131022578)  = 88,16106357697018
2021-01-20 15:38:02 INFO  root:588 - squareRoot tests status: passed
2021-01-20 15:38:14 INFO  root:185 - division tests status: start
2021-01-20 15:38:30 INFO  root:237 - 760266810.5603408 / 46024440.58453704 = 16,5187626596763
2021-01-20 15:38:31 INFO  root:237 - 8252.425043278425 / 221225706257782 = 3,730319221430051e-11
2021-01-20 15:38:32 INFO  root:237 - 187466.5688738250 / 805744357353175 = 2,326625897693434e-10
2021-01-20 15:38:33 INFO  root:237 - 883572767152224 / 3620.678723842376 = 244 035 120 082,2782
2021-01-20 15:38:34 INFO  root:237 - 78.61105671264823 / 5550144552203.257 = 1,416378546058621e-11
2021-01-20 15:38:35 INFO  root:237 - 82231404512038 / 242.2400712156118 = 339 462 435 341,0377
2021-01-20 15:38:36 INFO  root:237 - 4428830.584266555 / 3.281764448831751 = 1 349 527,25989921
2021-01-20 15:38:37 INFO  root:237 - 7.743788386216453 / 8.857628540177366 = 0,8742507490680334
2021-01-20 15:38:39 INFO  root:237 - 5153065.126211540 / 0.631472086626138 = 8 160 400,491720236
2021-01-20 15:38:40 INFO  root:237 - 645111152548884 / 351232205376751 = 1,836708430130723
2021-01-20 15:38:41 INFO  root:237 - 1446.503861435171 / 628370188573633.4 = 2,301993136750579e-12
2021-01-20 15:38:42 INFO  root:237 - 342236182683313 / 52860107.34712403 = 6 474 375,476309605
2021-01-20 15:38:43 INFO  root:237 - 108.0632368708483 / 4.676165565844577 = 23,10936927900042
2021-01-20 15:38:44 INFO  root:237 - 86276162.82501714 / 84.80611383154413 = 1 017 334,233666137
2021-01-20 15:38:45 INFO  root:237 - 321062657858728 / 462586556730385 = 0,6940596374612263
2021-01-20 15:38:47 INFO  root:237 - 68880.11860278782 / 3.83840660780813 = 17 944,97708050812
2021-01-20 15:38:48 INFO  root:237 - 841506.6835171006 / 1.247876744516137 = 674 350,8020444711
2021-01-20 15:38:49 INFO  root:237 - 367274887177465 / 672561715331156 = 0,5460835471383115
2021-01-20 15:38:50 INFO  root:237 - 46337316838585.35 / 143.3624276254010 = 323 217 997 951,7541
2021-01-20 15:38:51 INFO  root:237 - 422.2255671212111 / 473335014233420 = 8,92022678282142e-13
2021-01-20 15:38:52 INFO  root:240 - division tests status: passed
2021-01-20 15:38:56 INFO  root:459 - addition tests status: start
2021-01-20 15:39:51 INFO  root:550 - 607430236674.1827 * 10.80768127522678 = 607 430 236 684,9904
2021-01-20 15:39:52 INFO  root:550 - 868673116.7735064 * 760202467583743 = 760 203 336 256 859,8
2021-01-20 15:39:54 INFO  root:550 - 36252615.50082558 * 4718228752803.464 = 4 718 265 005 418,965
2021-01-20 15:39:55 INFO  root:550 - 763838585807300 * 1.805868222507725 = 763 838 585 807 301,8
2021-01-20 15:39:56 INFO  root:550 - 1415731175.357317 * 17844202360417 = 17 845 618 091 592,36
2021-01-20 15:39:57 INFO  root:550 - 2888.042015630560 * 831.1060866116568 = 3 719,148102242217
2021-01-20 15:39:58 INFO  root:550 - 37841527.57538800 * 242.3558324324004 = 37 841 769,93122043
2021-01-20 15:39:59 INFO  root:550 - 73.60327176158515 * 646758141258066 = 646 758 141 258 139,6
2021-01-20 15:40:00 INFO  root:550 - 44038.3528780114 * 24423205.34557424 = 24 467 243,69845225
2021-01-20 15:40:01 INFO  root:550 - 881743667625103 * 150.6711541458464 = 881 743 667 625 253,7
2021-01-20 15:40:02 INFO  root:550 - 28835032.68306334 * 8604451.806530285 = 37 439 484,48959363
2021-01-20 15:40:04 INFO  root:550 - 5.840331444532437 * 60703182331638.51 = 60 703 182 331 644,35
2021-01-20 15:40:05 INFO  root:550 - 4.172436186084257 * 415735645015748 = 415 735 645 015 752,2
2021-01-20 15:40:06 INFO  root:550 - 765280.2085340621 * 608401560076342 = 608 401 560 841 622,2
2021-01-20 15:40:07 INFO  root:550 - 71750148761.51140 * 58244830753671 = 58 316 580 902 432,51
2021-01-20 15:40:08 INFO  root:550 - 27256.68638641618 * 68383.81775006537 = 95 640,50413648155
2021-01-20 15:40:09 INFO  root:550 - 81658.43835024635 * 84066081674.85376 = 84 066 163 333,29211
2021-01-20 15:40:10 INFO  root:550 - 1.642534483163665 * 67274645.61220748 = 67 274 647,25474196
2021-01-20 15:40:11 INFO  root:550 - 106348815430575 * 1143.63031341752 = 106 348 815 431 718,6
2021-01-20 15:40:13 INFO  root:550 - 76436303406666.38 * 4057371860821.532 = 80 493 675 267 487,91
2021-01-20 15:40:14 INFO  root:553 - addition tests status: passed
2021-01-20 15:41:42 INFO  root:245 - multiplication tests status: start
2021-01-20 15:42:09 INFO  root:377 - subtraction tests status: start
2021-01-20 15:42:42 INFO  root:451 - 185,6872881854841 - 7,583502762714747 =  = 178,1037854227694
2021-01-20 15:42:43 INFO  root:451 - 353248375308562 - 21338371843376 =  = 331 910 003 465 186
2021-01-20 15:42:44 INFO  root:451 - 712,8637841217276 - 41828832771,31257 =  = -41 828 832 058,44879
2021-01-20 15:42:45 INFO  root:451 - 4030372785013,782 - 47876380,2637433 =  = 4 030 324 908 633,518
2021-01-20 15:42:46 INFO  root:451 - 762608467,3244541 - 642,4368445054632 =  = 762 607 824,8876096
2021-01-20 15:42:48 INFO  root:451 - 12144225160680 - 335514,4568270048 =  = 12 144 224 825 165,54
2021-01-20 15:42:49 INFO  root:451 - 1735,068515650471 - 577115,6628531674 =  = -575 380,5943375169
2021-01-20 15:42:50 INFO  root:451 - 8555028341,46313 - 3,675264616652218 =  = 8 555 028 337,787865
2021-01-20 15:42:51 INFO  root:451 - 46540,55221216855 - 405531475634675 =  = -405 531 475 588 134,4
2021-01-20 15:42:52 INFO  root:451 - 4138585462423,835 - 62225386646247 =  = -58 086 801 183 823,17
2021-01-20 15:42:53 INFO  root:451 - 3651060063157 - 1,05084267348882 =  = 3 651 060 063 155,949
2021-01-20 15:42:54 INFO  root:451 - 445610162416644 - 3,678505200328446 =  = 445 610 162 416 640,3
2021-01-20 15:42:55 INFO  root:451 - 45,0304715543072 - 4373,357810050711 =  = -4 328,327338496404
2021-01-20 15:42:57 INFO  root:451 - 44,41327707135665 - 580486027428431 =  = -580 486 027 428 386,6
2021-01-20 15:42:58 INFO  root:451 - 152,3001571755153 - 138056374473636 =  = -138 056 374 473 483,7
2021-01-20 15:42:59 INFO  root:451 - 4,35718348264001 - 34,24015046153065 =  = -29,88296697889064
2021-01-20 15:43:00 INFO  root:451 - 8,4585454107371 - 82,55676330258308 =  = -74,09821789184598
2021-01-20 15:43:01 INFO  root:451 - 522802287245201 - 68045,06630881281 =  = 522 802 287 177 155,9
2021-01-20 15:43:02 INFO  root:451 - 554188318071834 - 428286,8237167447 =  = 554 188 317 643 547,2
2021-01-20 15:43:03 INFO  root:451 - 707462773,1164822 - 328,02830223155 =  = 707 462 445,08818
2021-01-20 15:43:04 INFO  root:454 - subtraction tests status: passed
2021-01-20 15:43:07 INFO  root:654 - oneDividedByX tests status: start
2021-01-20 15:43:32 INFO  root:326 - exponentOfTwo tests status: start
2021-01-20 15:43:43 INFO  root:369 - 308201345758345² = 9,498806952725492e+28
2021-01-20 15:43:44 INFO  root:369 - 4230874801.763202² = 1,790030158819481e+19
2021-01-20 15:43:44 INFO  root:369 - 486400112.5865020² = 2,365850695241618e+17
2021-01-20 15:43:45 INFO  root:369 - 50178618865.17484² = 2,51789379121648e+21
2021-01-20 15:43:46 INFO  root:369 - 7.462444373088736² = 55,68807602144374
2021-01-20 15:43:46 INFO  root:369 - 111174804.5225785² = 1,235983716063354e+16
2021-01-20 15:43:47 INFO  root:369 - 4.480420620142383² = 20,07416893339706
2021-01-20 15:43:48 INFO  root:369 - 24721678.51427241² = 611 161 388 563 038,1
2021-01-20 15:43:48 INFO  root:369 - 186.1018678322444² = 34 633,90521065016
2021-01-20 15:43:49 INFO  root:369 - 20.83871280015835² = 434,2519511674835
2021-01-20 15:43:49 INFO  root:369 - 847667337537441² = 7,185399151278139e+29
2021-01-20 15:43:50 INFO  root:369 - 17345150510.72534² = 3,008542462397155e+20
2021-01-20 15:43:51 INFO  root:369 - 312.5115037775340² = 97 663,43999329565
2021-01-20 15:43:51 INFO  root:369 - 27744105525488² = 7,697353914094138e+26
2021-01-20 15:43:52 INFO  root:369 - 1.306513275153687² = 1,706976938152814
2021-01-20 15:43:52 INFO  root:369 - 11.23888667701057² = 126,3125737386857
2021-01-20 15:43:53 INFO  root:369 - 68728208038330² = 4,723566580159968e+27
2021-01-20 15:43:54 INFO  root:369 - 8.777404033226327² = 77,04282156249779
2021-01-20 15:43:54 INFO  root:369 - 54003.72388183054² = 2 916 402 193,104994
2021-01-20 15:43:55 INFO  root:369 - 6.365043700680408² = 40,51378131157134
2021-01-20 15:43:55 INFO  root:372 - exponentOfTwo tests status: passed
2021-01-20 15:44:27 INFO  root:558 - squareRoot tests status: start
2021-01-20 15:44:38 INFO  root:585 - √(30123646,43346627)  = 5 488,501292107552
2021-01-20 15:44:38 INFO  root:585 - √(82775,33821626324)  = 287,7070353958402
2021-01-20 15:44:39 INFO  root:585 - √(773071530735152)  = 27 804 163,91001808
2021-01-20 15:44:39 INFO  root:585 - √(7046615224,723585)  = 83 944,11965542068
2021-01-20 15:44:40 INFO  root:585 - √(4,418642068651722)  = 2,102056628317068
2021-01-20 15:44:41 INFO  root:585 - √(20488577555,38507)  = 143 138,3161679118
2021-01-20 15:44:41 INFO  root:585 - √(373046516156542)  = 19 314 412,13592953
2021-01-20 15:44:42 INFO  root:585 - √(261,574751080471)  = 16,17327273870292
2021-01-20 15:44:43 INFO  root:585 - √(41,66112041256084)  = 6,454542618385972
2021-01-20 15:44:43 INFO  root:585 - √(32,11307275606275)  = 5,66683975034258
2021-01-20 15:44:44 INFO  root:585 - √(5,641585786351125)  = 2,375202262198132
2021-01-20 15:44:45 INFO  root:585 - √(138,6872117063756)  = 11,77655347316759
2021-01-20 15:44:45 INFO  root:585 - √(5,702748434757806)  = 2,388042804213904
2021-01-20 15:44:46 INFO  root:585 - √(7013,870364228813)  = 83,74885291291346
2021-01-20 15:44:46 INFO  root:585 - √(81084326435527,61)  = 9 004 683,583309722
2021-01-20 15:44:47 INFO  root:585 - √(7,457085141644145)  = 2,730766401881374
2021-01-20 15:44:48 INFO  root:585 - √(6233661417,171526)  = 78 953,53961141657
2021-01-20 15:44:48 INFO  root:585 - √(756735,6623285723)  = 869,9055479352757
2021-01-20 15:44:49 INFO  root:585 - √(520835150638,401)  = 721 689,0955518179
2021-01-20 15:44:50 INFO  root:585 - √(884653276541717)  = 29 743 121,49962941
2021-01-20 15:44:50 INFO  root:588 - squareRoot tests status: passed
2021-01-20 15:45:02 INFO  root:185 - division tests status: start
2021-01-20 15:45:18 INFO  root:237 - 745271522010050 / 76271778456155 = 9,771261888674472
2021-01-20 15:45:19 INFO  root:237 - 21770544.02576734 / 67625507.58525778 = 0,3219279943787553
2021-01-20 15:45:21 INFO  root:237 - 47227.66653476582 / 6.811516424324447 = 6 933,502555482683
2021-01-20 15:45:22 INFO  root:237 - 828541.0158545728 / 427162.0435585584 = 1,939641005910186
2021-01-20 15:45:23 INFO  root:237 - 5724711.725861453 / 426271.5442026732 = 13,42972995434011
2021-01-20 15:45:24 INFO  root:237 - 8163327.242535601 / 6.545213763653135 = 1 247 220,875789905
2021-01-20 15:45:25 INFO  root:237 - 5716.205202314675 / 786210663.4860648 = 7,270577044794804e-6
2021-01-20 15:45:26 INFO  root:237 - 36.76630356375518 / 8403.664237081778 = 0,0043750324294873
2021-01-20 15:45:28 INFO  root:237 - 8717553.261162411 / 422168707121823.5 = 2,064945391285674e-8
2021-01-20 15:45:29 INFO  root:237 - 4462.123222638011 / 614.0751514268370 = 7,266412282389257
2021-01-20 15:45:30 INFO  root:237 - 668.7771405410282 / 5040.666804356605 = 0,1326763236885663
2021-01-20 15:45:31 INFO  root:237 - 724187.2780577476 / 574033824220801 = 1,261575969048107e-9
2021-01-20 15:45:32 INFO  root:237 - 686027804440856 / 607405170847035 = 1,129440178265491
2021-01-20 15:45:33 INFO  root:237 - 353175114278220 / 551.4770630264360 = 640 416 688 121,2428
2021-01-20 15:45:34 INFO  root:237 - 531045064883488 / 6237.82235616336 = 85 133 085 644,66927
2021-01-20 15:45:35 INFO  root:237 - 4743.253144466775 / 16.88675884582825 = 280,8859407404021
2021-01-20 15:45:37 INFO  root:237 - 2286.283304683823 / 81357201673425 = 2,810179378908786e-11
2021-01-20 15:45:38 INFO  root:237 - 432441758214184.3 / 407.5582733768807 = 1 061 055 035 470,457
2021-01-20 15:45:39 INFO  root:237 - 227866.6823780043 / 11.44536000266477 = 19 909,08825278988
2021-01-20 15:45:40 INFO  root:237 - 66477820.05161876 / 36.88437500312167 = 1 802 330,120708091
2021-01-20 15:45:41 INFO  root:240 - division tests status: passed
2021-01-20 15:45:50 INFO  root:459 - addition tests status: start
2021-01-20 15:46:46 INFO  root:550 - 682.7561721885037 * 8376660407.401005 = 8 376 661 090,157177
2021-01-20 15:46:47 INFO  root:550 - 457472614335262 * 85.75888106246311 = 457 472 614 335 347,8
2021-01-20 15:46:49 INFO  root:550 - 45.76282866260270 * 84128173.45565862 = 84 128 219,21848728
2021-01-20 15:46:50 INFO  root:550 - 426700630714564 * 740377.8017152831 = 426 700 631 454 941,8
2021-01-20 15:46:51 INFO  root:550 - 3.803623451350527 * 70714518.71475458 = 70 714 522,51837803
2021-01-20 15:46:52 INFO  root:550 - 8614480371.752051 * 104668813372543 = 104 677 427 852 914,8
2021-01-20 15:46:53 INFO  root:550 - 1.346726775475853 * 864575101768001 = 864 575 101 768 002,3
2021-01-20 15:46:54 INFO  root:550 - 26887276838273 * 3.277317505126720 = 26 887 276 838 276,28
2021-01-20 15:46:55 INFO  root:550 - 85822647552.31310 * 1248536168441 = 1 334 358 815 993,313
2021-01-20 15:46:56 INFO  root:550 - 5550283686382.170 * 7455657864.042108 = 5 557 739 344 246,212
2021-01-20 15:46:58 INFO  root:550 - 6.705348755313137 * 187727737417258 = 187 727 737 417 264,7
2021-01-20 15:46:59 INFO  root:550 - 1.428422766326617 * 5407632786.821363 = 5 407 632 788,249786
2021-01-20 15:47:00 INFO  root:550 - 24.88337822182833 * 76111202.10283158 = 76 111 226,9862098
2021-01-20 15:47:01 INFO  root:550 - 323133727247533 * 547006000012726 = 870 139 727 260 259
2021-01-20 15:47:02 INFO  root:550 - 3277.285062548503 * 803874663041614 = 803 874 663 044 891,3
2021-01-20 15:47:03 INFO  root:550 - 4.515731637884600 * 88388726886823.08 = 88 388 726 886 827,6
2021-01-20 15:47:04 INFO  root:550 - 63265816660834 * 504288.4836124435 = 63 265 817 165 122,48
2021-01-20 15:47:05 INFO  root:550 - 2.864270255705227 * 43813218.13440277 = 43 813 220,99867303
2021-01-20 15:47:06 INFO  root:550 - 876367688761515.0 * 8644.358660637222 = 876 367 688 770 159,4
2021-01-20 15:47:08 INFO  root:550 - 6.243520536007750 * 352160608.113252 = 352 160 614,3567725
2021-01-20 15:47:09 INFO  root:553 - addition tests status: passed
2021-01-20 15:54:25 INFO  root:245 - multiplication tests status: start
2021-01-20 15:54:56 INFO  root:318 - 1772,54438348267 * 8263503615240,41 =  = 1,464742692108313e+16
2021-01-20 15:54:58 INFO  root:318 - 6520,515365548683 * 441,0452237265665 =  = 2 875 842,158210933
2021-01-20 15:54:59 INFO  root:318 - 554446,6220733011 * 50,46852452646303 =  = 27 982 102,94472097
2021-01-20 15:55:00 INFO  root:318 - 326412,5113757356 * 1843,863325761505 =  = 601 860 058,7954289
2021-01-20 15:55:01 INFO  root:318 - 67876,11334275124 * 177051554433017 =  = 1,201757137620575e+19
2021-01-20 15:55:02 INFO  root:318 - 100,5577515847773 * 2,326085846316866 =  = 233,9059626987979
2021-01-20 15:55:03 INFO  root:318 - 34,00814441873382 * 7,733031753502435 =  = 262,9860606677652
2021-01-20 15:55:04 INFO  root:318 - 753,1677304208833 * 22460028734884 =  = 1,691616886744041e+16
2021-01-20 15:55:05 INFO  root:318 - 310225287406217 * 67107,36846026118 =  = 2,081840266765943e+19
2021-01-20 15:55:07 INFO  root:318 - 424,4765288736358 * 4,456847831506105 =  = 1 891,827297235702
2021-01-20 15:55:08 INFO  root:318 - 4775,680328250012 * 57826,1222752648 =  = 276 159 074,6089619
2021-01-20 15:55:09 INFO  root:318 - 5356655831,804734 * 1648,14115136574 =  = 8 828 524 910 100,66
2021-01-20 15:55:10 INFO  root:318 - 2174701224,821831 * 527,5555566027606 =  = 1 147 275 715 105,586
2021-01-20 15:55:11 INFO  root:318 - 8680,141648665085 * 524022615473843 =  = 4,548590529416913e+18
2021-01-20 15:55:12 INFO  root:318 - 24538040777,4524 * 647,3786425740127 =  = 15 885 403 529 932,91
2021-01-20 15:55:13 INFO  root:318 - 1004,225373048088 * 577378720082334 =  = 5,798183605647094e+17
2021-01-20 15:55:15 INFO  root:318 - 238136881,5528187 * 13,80476125816841 =  = 3 287 422 796,601391
2021-01-20 15:55:16 INFO  root:318 - 5461,672585642156 * 1,246360524730016 =  = 6 807,213109744501
2021-01-20 15:55:17 INFO  root:318 - 481422265510212,1 * 447578306821,168 =  = 2,154741624630715e+26
2021-01-20 15:55:18 INFO  root:318 - 15723512501,84635 * 45788232224,58455 =  = 7,199518418206991e+20
2021-01-20 15:55:19 INFO  root:321 - multiplication tests status: passed
2021-01-20 15:55:20 INFO  root:377 - subtraction tests status: start
2021-01-20 15:55:52 INFO  root:451 - 53047,15753675143 - 6280032840,533766 =  = -6 279 979 793,376229
2021-01-20 15:55:53 INFO  root:451 - 3,712558861354266 - 4814431087,362575 =  = -4 814 431 083,650016
2021-01-20 15:55:54 INFO  root:451 - 760784233,5016353 - 838577088,1623178 =  = -77 792 854,6606825
2021-01-20 15:55:55 INFO  root:451 - 644174528314563 - 807776783623824 =  = -163 602 255 309 261
2021-01-20 15:55:56 INFO  root:451 - 462714567162425 - 0,10111540162713 =  = 462 714 567 162 424,9
2021-01-20 15:55:57 INFO  root:451 - 8457115,674855275 - 27445230,42057767 =  = -18 988 114,7457224
2021-01-20 15:55:59 INFO  root:451 - 5320,165764588105 - 801416254118128 =  = -801 416 254 112 807,8
2021-01-20 15:56:00 INFO  root:451 - 6,816052146216555 - 800313061378451 =  = -800 313 061 378 444,2
2021-01-20 15:56:01 INFO  root:451 - 33,5864548525034 - 8488764865860,226 =  = -8 488 764 865 826,64
2021-01-20 15:56:02 INFO  root:451 - 42852375,45514068 - 287622,2378214554 =  = 42 564 753,21731922
2021-01-20 15:56:03 INFO  root:451 - 261065866376140 - 234,2218442521288 =  = 261 065 866 375 905,8
2021-01-20 15:56:04 INFO  root:451 - 666,1811045751184 - 62874274505,54163 =  = -62 874 273 839,36053
2021-01-20 15:56:05 INFO  root:451 - 6,511718228074228 - 454077744701420 =  = -454 077 744 701 413,5
2021-01-20 15:56:06 INFO  root:451 - 814180115826558 - 665214163730805 =  = 148 965 952 095 753
2021-01-20 15:56:08 INFO  root:451 - 5,625317474016853 - 2,230580762030277 =  = 3,394736711986576
2021-01-20 15:56:09 INFO  root:451 - 61036,31331606078 - 4816,543107672065 =  = 56 219,77020838872
2021-01-20 15:56:10 INFO  root:451 - 243270157852271 - 63,58601407864011 =  = 243 270 157 852 207,4
2021-01-20 15:56:11 INFO  root:451 - 4,652501770101558 - 773828457,5455636 =  = -773 828 452,8930618
2021-01-20 15:56:12 INFO  root:451 - 386,261072726377 - 440143676566233 =  = -440 143 676 565 846,7
2021-01-20 15:56:13 INFO  root:451 - 8866,153865502751 - 788,005758608604 =  = 8 078,148106894147
2021-01-20 15:56:14 INFO  root:454 - subtraction tests status: passed
2021-01-20 15:56:17 INFO  root:654 - oneDividedByX tests status: start
2021-01-20 15:56:55 INFO  root:738 - 1/(871036738262203)  = 1,148057201347317e-15
2021-01-20 15:56:55 INFO  root:738 - 1/(122787805076705)  = 8,144131246383176e-15
2021-01-20 15:56:56 INFO  root:738 - 1/(5462787,718565567)  = 1,83056719667405e-7
2021-01-20 15:56:56 INFO  root:738 - 1/(120100300226888)  = 8,326373856775093e-15
2021-01-20 15:56:57 INFO  root:738 - 1/(717651845651475)  = 1,393433328513512e-15
2021-01-20 15:56:58 INFO  root:738 - 1/(405644,8864450684)  = 2,465210417820509e-6
2021-01-20 15:56:58 INFO  root:738 - 1/(55322,67608462018)  = 1,807577056595066e-5
2021-01-20 15:56:59 INFO  root:738 - 1/(30014087,41332144)  = 3,331768799860829e-8
2021-01-20 15:56:59 INFO  root:738 - 1/(55767678238,70064)  = 1,793153366937263e-11
2021-01-20 15:57:00 INFO  root:738 - 1/(78186,87342427323)  = 1,278987068038391e-5
2021-01-20 15:57:01 INFO  root:738 - 1/(8336325702,642683)  = 1,199569253493769e-10
2021-01-20 15:57:01 INFO  root:738 - 1/(7623,881150072337)  = 1,311667876656907e-4
2021-01-20 15:57:02 INFO  root:738 - 1/(18203045576462)  = 5,493586201273266e-14
2021-01-20 15:57:02 INFO  root:738 - 1/(84,40400861705336)  = 0,0118477785165047
2021-01-20 15:57:03 INFO  root:738 - 1/(787321,6747467178)  = 1,270128883879262e-6
2021-01-20 15:57:04 INFO  root:738 - 1/(6641,422580014786)  = 1,505701508904398e-4
2021-01-20 15:57:04 INFO  root:738 - 1/(208503,558324733)  = 4,796081218156259e-6
2021-01-20 15:57:05 INFO  root:738 - 1/(713788,4405281524)  = 1,400975335577124e-6
2021-01-20 15:57:06 INFO  root:738 - 1/(71586014,67336744)  = 1,396920899372312e-8
2021-01-20 15:57:06 INFO  root:738 - 1/(6776,5736126644)  = 1,475672009422505e-4
2021-01-20 15:57:07 INFO  root:741 - oneDividedByX tests status: passed
2021-01-20 15:57:07 INFO  root:326 - exponentOfTwo tests status: start
2021-01-20 15:57:19 INFO  root:369 - 482100434.3663334² = 2,324208288162073e+17
2021-01-20 15:57:19 INFO  root:369 - 7654150562.535154² = 5,858602083395721e+19
2021-01-20 15:57:20 INFO  root:369 - 26624562.46685437² = 708 867 326 551 430,5
2021-01-20 15:57:20 INFO  root:369 - 611866.1580811852² = 374 380 195 405,0299
2021-01-20 15:57:21 INFO  root:369 - 781212242872610.4² = 6,102925684140544e+29
2021-01-20 15:57:22 INFO  root:369 - 747636841884435² = 5,589608473429317e+29
2021-01-20 15:57:22 INFO  root:369 - 66670445632518.07² = 4,444948320838548e+27
2021-01-20 15:57:23 INFO  root:369 - 886.5641015181362² = 785 995,9061006601
2021-01-20 15:57:24 INFO  root:369 - 51360352667183.54² = 2,637885826097467e+27
2021-01-20 15:57:24 INFO  root:369 - 837873560420674² = 7,020321032520168e+29
2021-01-20 15:57:25 INFO  root:369 - 273582436557526² = 7,484734959275274e+28
2021-01-20 15:57:25 INFO  root:369 - 71.55121888075705² = 5 119,576923322004
2021-01-20 15:57:26 INFO  root:369 - 48311701.16726300² = 2 334 020 469 674 921
2021-01-20 15:57:27 INFO  root:369 - 44220724746.65548² = 1,955472497119468e+21
2021-01-20 15:57:27 INFO  root:369 - 438847574068542² = 1,925871932658445e+29
2021-01-20 15:57:28 INFO  root:369 - 1822062122385.443² = 3,319910377831745e+24
2021-01-20 15:57:28 INFO  root:369 - 535774047655714² = 2,870538301413873e+29
2021-01-20 15:57:29 INFO  root:369 - 307801326.0274207² = 9,474165630423853e+16
2021-01-20 15:57:30 INFO  root:369 - 73181.00186558478² = 5 355 459 034,050723
2021-01-20 15:57:30 INFO  root:369 - 303432038633075² = 9,207100206902392e+28
2021-01-20 15:57:31 INFO  root:372 - exponentOfTwo tests status: passed
2021-01-20 15:58:21 INFO  root:558 - squareRoot tests status: start
2021-01-20 15:58:31 INFO  root:585 - √(813182585782364)  = 28 516 356,46050112
2021-01-20 15:58:31 INFO  root:585 - √(3860,387457668304)  = 62,13201636570556
2021-01-20 15:58:32 INFO  root:585 - √(40,06838562566786)  = 6,32995936998555
2021-01-20 15:58:32 INFO  root:585 - √(432,8188187416826)  = 20,80429808336928
2021-01-20 15:58:33 INFO  root:585 - √(43,44285426786556)  = 6,591119348628544
2021-01-20 15:58:34 INFO  root:585 - √(5550230062,356818)  = 74 499,86619019405
2021-01-20 15:58:34 INFO  root:585 - √(740,461104768821)  = 27,21141497182425
2021-01-20 15:58:35 INFO  root:585 - √(4,14817630845641)  = 2,036707222075969
2021-01-20 15:58:36 INFO  root:585 - √(12,1376041611245)  = 3,48390645125906
2021-01-20 15:58:36 INFO  root:585 - √(65702650615402,65)  = 8 105 717,156143721
2021-01-20 15:58:37 INFO  root:585 - √(864135340082501)  = 29 396 179,00480437
2021-01-20 15:58:37 INFO  root:585 - √(342283551377,2223)  = 585 050,0417718319
2021-01-20 15:58:38 INFO  root:585 - √(87,6512660233413)  = 9,362225484538455
2021-01-20 15:58:39 INFO  root:585 - √(63841340855,18865)  = 252 668,4405603293
2021-01-20 15:58:39 INFO  root:585 - √(28203557,51301674)  = 5 310,702167606158
2021-01-20 15:58:40 INFO  root:585 - √(8423602207,208815)  = 91 780,1841750648
2021-01-20 15:58:41 INFO  root:585 - √(563771482336182)  = 23 743 872,52189882
2021-01-20 15:58:41 INFO  root:585 - √(18413426,50240757)  = 4 291,086867264233
2021-01-20 15:58:42 INFO  root:585 - √(3026418,028286301)  = 1 739,660319799903
2021-01-20 15:58:43 INFO  root:585 - √(3347358,580158385)  = 1 829,578798564955
2021-01-20 15:58:43 INFO  root:588 - squareRoot tests status: passed
2021-01-20 15:58:55 INFO  root:185 - division tests status: start
2021-01-20 15:59:11 INFO  root:237 - 63068242206588.45 / 46725.05137742128 = 1 349 773 629,934725
2021-01-20 15:59:12 INFO  root:237 - 54064083448572.77 / 580513624016868 = 0,0931314636071346
2021-01-20 15:59:13 INFO  root:237 - 202.6776067684704 / 513426643360455 = 3,947547510232715e-13
2021-01-20 15:59:15 INFO  root:237 - 66658107745383 / 443124117714.6860 = 150,427623053237
2021-01-20 15:59:16 INFO  root:237 - 6615.638635778637 / 81.43777132175325 = 81,23550692025754
2021-01-20 15:59:17 INFO  root:237 - 66624.11717306533 / 1.534662080140128 = 43 412,89071727241
2021-01-20 15:59:18 INFO  root:237 - 58.10520880535241 / 340.2021406141612 = 0,1707961293261002
2021-01-20 15:59:19 INFO  root:237 - 11882.47034202740 / 51042325.42484847 = 2,327964144094964e-4
2021-01-20 15:59:20 INFO  root:237 - 4421.205856573643 / 428264682175280 = 1,0323535982741e-11
2021-01-20 15:59:21 INFO  root:237 - 30470337.25465844 / 440445524350.4730 = 6,918071718311404e-5
2021-01-20 15:59:23 INFO  root:237 - 6.667635405670802 / 762021.2537707412 = 8,749933643815139e-6
2021-01-20 15:59:24 INFO  root:237 - 2138607647.867482 / 58800780446870.65 = 3,637039562425226e-5
2021-01-20 15:59:25 INFO  root:237 - 408013578883002 / 7.47041113827411 = 54 617 285 626 031,21
2021-01-20 15:59:26 INFO  root:237 - 333125161167200 / 54103012730.56881 = 6 157,238651868652
2021-01-20 15:59:27 INFO  root:237 - 53.74545777701533 / 760658684424822 = 7,065647034274693e-14
2021-01-20 15:59:28 INFO  root:237 - 547460686736.5244 / 6106.728370701617 = 89 648 769,93106299
2021-01-20 15:59:29 INFO  root:237 - 244360386668245.5 / 2775.006813030568 = 88 057 580 803,3354
2021-01-20 15:59:30 INFO  root:237 - 758474428427.3385 / 4336786.485520312 = 174 893,1912972283
2021-01-20 15:59:32 INFO  root:237 - 68.06647210131547 / 45.88113635553602 = 1,483539369510463
2021-01-20 15:59:33 INFO  root:237 - 378563.2357628350 / 805353420214834 = 4,700585187331178e-10
2021-01-20 15:59:34 INFO  root:240 - division tests status: passed
2021-01-20 15:59:43 INFO  root:459 - addition tests status: start
2021-01-20 16:00:39 INFO  root:550 - 602675461.3058724 * 20675621807.46744 = 21 278 297 268,77331
2021-01-20 16:00:40 INFO  root:550 - 7.441515074013427 * 641.312451382320 = 648,7539664563334
2021-01-20 16:00:41 INFO  root:550 - 3.283623016102378 * 647474.4413608641 = 647 477,7249838802
2021-01-20 16:00:42 INFO  root:550 - 64684.2530181317 * 840162158230674 = 840 162 158 295 358,3
2021-01-20 16:00:43 INFO  root:550 - 10742.02175812056 * 603846204.7577318 = 603 856 946,7794899
2021-01-20 16:00:44 INFO  root:550 - 353282400025700 * 0.272780257077807 = 353 282 400 025 700,3
2021-01-20 16:00:45 INFO  root:550 - 7.12511130787176 * 586765828603546 = 586 765 828 603 553,1
2021-01-20 16:00:46 INFO  root:550 - 30164322418831.24 * 405.2338582433008 = 30 164 322 419 236,47
2021-01-20 16:00:47 INFO  root:550 - 78.67071128336828 * 150.8175210415781 = 229,4882323249464
2021-01-20 16:00:49 INFO  root:550 - 340257820633216 * 278338264287263 = 618 596 084 920 479
2021-01-20 16:00:50 INFO  root:550 - 470357.151336406 * 725816428016675 = 725 816 428 487 032,2
2021-01-20 16:00:51 INFO  root:550 - 551.3727017517556 * 401538884281182 = 401 538 884 281 733,4
2021-01-20 16:00:52 INFO  root:550 - 71481.04766830405 * 7.883434163522474 = 71 488,93110246757
2021-01-20 16:00:53 INFO  root:550 - 17188.1307518364 * 158332036261638 = 158 332 036 278 826,1
2021-01-20 16:00:54 INFO  root:550 - 782.7626401811865 * 527138215116423 = 527 138 215 117 205,8
2021-01-20 16:00:55 INFO  root:550 - 43578146740610.58 * 76.38620514580706 = 43 578 146 740 686,97
2021-01-20 16:00:56 INFO  root:550 - 31143.01710324513 * 345643814861850 = 345 643 814 892 993
2021-01-20 16:00:57 INFO  root:550 - 187158511108114 * 16566.15582067341 = 187 158 511 124 680,2
2021-01-20 16:00:58 INFO  root:550 - 167305618538601 * 38211203.15425107 = 167 305 656 749 804,2
2021-01-20 16:00:59 INFO  root:550 - 3105340.88557657 * 1.477770518075807 = 3 105 342,363347088
2021-01-20 16:01:01 INFO  root:553 - addition tests status: passed
2021-01-21 13:43:50 INFO  root:270 - multiplication tests status: start
2021-01-21 13:44:16 INFO  root:402 - subtraction tests status: start
2021-01-21 13:44:33 INFO  root:679 - oneDividedByX tests status: start
2021-01-21 13:44:34 INFO  root:351 - exponentOfTwo tests status: start
2021-01-21 13:45:05 INFO  root:583 - squareRoot tests status: start
2021-01-21 13:45:34 INFO  root:270 - multiplication tests status: start
2021-01-21 13:46:00 INFO  root:402 - subtraction tests status: start
2021-01-21 13:46:17 INFO  root:679 - oneDividedByX tests status: start
2021-01-21 13:46:18 INFO  root:351 - exponentOfTwo tests status: start
2021-01-21 13:46:43 INFO  root:583 - squareRoot tests status: start
2021-01-21 13:47:02 INFO  root:210 - division tests status: start
2021-01-21 13:47:06 INFO  root:484 - addition tests status: start
2021-01-21 13:49:55 INFO  root:270 - multiplication tests status: start
2021-01-21 13:50:21 INFO  root:402 - subtraction tests status: start
2021-01-21 13:50:53 INFO  root:476 - 85,02353707107716 - 28148107376511 =  = -28 148 107 376 425,98
2021-01-21 13:50:54 INFO  root:476 - 4342772,413052334 - 422041,7287063672 =  = 3 920 730,684345967
2021-01-21 13:50:55 INFO  root:476 - 21106205374,67514 - 8,53850321877312 =  = 21 106 205 366,13664
2021-01-21 13:50:56 INFO  root:476 - 665175218117,443 - 54065272236,73283 =  = 611 109 945 880,7102
2021-01-21 13:50:59 INFO  root:679 - oneDividedByX tests status: start
2021-01-21 13:50:59 INFO  root:351 - exponentOfTwo tests status: start
2021-01-21 13:52:43 INFO  root:270 - multiplication tests status: start
2021-01-21 13:53:12 INFO  root:402 - subtraction tests status: start
2021-01-21 13:53:14 INFO  root:679 - oneDividedByX tests status: start
2021-01-21 13:53:15 INFO  root:351 - exponentOfTwo tests status: start
2021-01-21 14:01:47 INFO  root:210 - division tests status: start
2021-01-21 14:02:02 INFO  root:262 - 322.3305470533218 / 51718220445.80546 = 6,232436929864705e-9
2021-01-21 14:02:03 INFO  root:262 - 3.763768654046741 / 368880060406112 = 1,020323150539253e-14
2021-01-21 14:02:05 INFO  root:262 - 223351028077823 / 585044517500342 = 0,3817675773325958
2021-01-21 14:02:06 INFO  root:262 - 2580174144522.554 / 13.5143481082806 = 190 921 095 405,3798
2021-01-21 14:02:07 INFO  root:262 - 64.82875004182076 / 1507662022.08078 = 4,299952449047447e-8
2021-01-21 14:02:08 INFO  root:262 - 3352341.442660558 / 634725477568476 = 5,28156118059543e-9
2021-01-21 14:02:09 INFO  root:262 - 8424780005.13137 / 663185081.0467848 = 12,70351255766117
2021-01-21 14:02:10 INFO  root:262 - 15.07163371511008 / 677504820414435 = 2,224579554414188e-14
2021-01-21 14:02:11 INFO  root:262 - 82.16144221865366 / 330413382436488.5 = 2,486625741753865e-13
2021-01-21 14:02:12 INFO  root:262 - 747.724010132368 / 3.476230327084646 = 215,0962219927037
2021-01-21 14:02:13 INFO  root:262 - 100652.2862778263 / 20.55018238201126 = 4 897,878004524814
2021-01-21 14:02:15 INFO  root:262 - 3.711270460077214 / 5012.160537606184 = 7,404532301452824e-4
2021-01-21 14:02:16 INFO  root:262 - 1246282.773637705 / 522.646438412104 = 2 384,561879775056
2021-01-21 14:02:17 INFO  root:262 - 410478.8187160446 / 883073266284128 = 4,648298554470943e-10
2021-01-21 14:02:18 INFO  root:262 - 465574736806862 / 564637851217.8648 = 824,5545986735852
2021-01-21 14:02:19 INFO  root:262 - 84710657147.46703 / 723033721254482 = 1,171600364648164e-4
2021-01-21 14:02:20 INFO  root:262 - 631326006626857 / 37642345203750 = 16,77169696015548
2021-01-21 14:02:21 INFO  root:262 - 213552.6683135857 / 31084320717.86212 = 6,870108896761929e-6
2021-01-21 14:02:22 INFO  root:262 - 861.1064771736184 / 562528630121427 = 1,53077804588851e-12
2021-01-21 14:02:23 INFO  root:262 - 83538314864.84428 / 72.72645054388800 = 1 148 664 815,072085
2021-01-21 14:02:24 INFO  root:265 - division tests status: passed
2021-01-21 14:02:49 INFO  root:270 - multiplication tests status: start
2021-01-21 14:03:20 INFO  root:343 - 480046450008013 * 7366720854,663741 =  = 3,536368194481324e+24
2021-01-21 14:03:21 INFO  root:343 - 1,317530152868235 * 8,118827515571311 =  = 10,6968000577015
2021-01-21 14:03:22 INFO  root:343 - 108764478653100,3 * 700,3356261472885 =  = 7,617163926010239e+16
2021-01-21 14:03:23 INFO  root:343 - 70,8713675661551 * 16740,17457407461 =  = 1 186 399,065360846
2021-01-21 14:03:24 INFO  root:343 - 400544250344802 * 57424046,8174085 =  = 2,30008717842437e+22
2021-01-21 14:03:25 INFO  root:343 - 780321386753317 * 583270615886883 =  = 4,551385358413138e+29
2021-01-21 14:03:26 INFO  root:343 - 357261338311503 * 5366508347631,37 =  = 1,917245954334636e+27
2021-01-21 14:03:28 INFO  root:343 - 88443,53124377432 * 7,581366520750617 =  = 670 522,8267485118
2021-01-21 14:03:29 INFO  root:343 - 2663412322,656506 * 578542,1461380717 =  = 1 540 896 281 200 281
2021-01-21 14:03:30 INFO  root:343 - 1006774102,275582 * 66803,54172246626 =  = 67 256 075 746 465,36
2021-01-21 14:03:31 INFO  root:343 - 551571850567,441 * 162405514,350033 =  = 8,95783100924048e+19
2021-01-21 14:03:32 INFO  root:343 - 1,832171520707276 * 22045,3460124075 =  = 40 390,85512807073
2021-01-21 14:03:33 INFO  root:343 - 535,556848713562 * 60114705448,23755 =  = 32 194 842 211 202,1
2021-01-21 14:03:34 INFO  root:343 - 5778610,552074711 * 84045255,76076266 =  = 485 664 801 790 961
2021-01-21 14:03:35 INFO  root:343 - 571,6204308840457 * 3467184618,75036 =  = 1 981 913 565 724,616
2021-01-21 14:03:37 INFO  root:343 - 400,16408143581 * 536,2086272014733 =  = 214 571,4327620342
2021-01-21 14:03:38 INFO  root:343 - 8,028271560367611 * 7,3138546423727 =  = 58,71761122202337
2021-01-21 14:03:39 INFO  root:343 - 28,526035704487 * 441048705270163 =  = 1,258137111395443e+16
2021-01-21 14:03:40 INFO  root:343 - 3,130708584784843 * 18560,8331064475 =  = 58 108,55954711391
2021-01-21 14:03:41 INFO  root:343 - 71,6408554156743 * 443710043608816 =  = 3,178776708066173e+16
2021-01-21 14:03:42 INFO  root:346 - multiplication tests status: passed
2021-01-21 14:03:43 INFO  root:402 - subtraction tests status: start
2021-01-21 14:04:14 INFO  root:476 - 3,118663583375645 - 1472,053743015801 =  = -1 468,935079432425
2021-01-21 14:04:15 INFO  root:476 - 52346421266338,26 - 3,152431246511778 =  = 52 346 421 266 335,11
2021-01-21 14:04:16 INFO  root:476 - 55858814133,53206 - 6715553,877872568 =  = 55 852 098 579,65419
2021-01-21 14:04:17 INFO  root:476 - 888534635243476,2 - 712442401577720 =  = 176 092 233 665 756,2
2021-01-21 14:04:18 INFO  root:476 - 515811778,8342221 - 77355055488073,48 =  = -77 354 539 676 294,65
2021-01-21 14:04:19 INFO  root:476 - 3,03257023202168 - 274483042042874 =  = -274 483 042 042 871
2021-01-21 14:04:20 INFO  root:476 - 4156277342,620084 - 630447225582265 =  = -630 443 069 304 922,4
2021-01-21 14:04:21 INFO  root:476 - 350362163248,78 - 716,1826735352488 =  = 350 362 162 532,5973
2021-01-21 14:04:22 INFO  root:476 - 40207528,00232662 - 551,8824388235465 =  = 40 206 976,1198878
2021-01-21 14:04:23 INFO  root:476 - 445578844340748 - 4,173078184283836 =  = 445 578 844 340 743,8
2021-01-21 14:04:25 INFO  root:476 - 153263715660658 - 157132,5320120114 =  = 153 263 715 503 525,5
2021-01-21 14:04:26 INFO  root:476 - 2525,445004740865 - 437,1437111817535 =  = 2 088,301293559112
2021-01-21 14:04:27 INFO  root:476 - 446632,00682721 - 5312836675,630556 =  = -5 312 390 043,623729
2021-01-21 14:04:28 INFO  root:476 - 1054476,237287133 - 4430355132,53143 =  = -4 429 300 656,294143
2021-01-21 14:04:29 INFO  root:476 - 8408,881420266084 - 6081,781078430174 =  = 2 327,10034183591
2021-01-21 14:04:30 INFO  root:476 - 64557666,45084264 - 6268723628630,56 =  = -6 268 659 070 964,109
2021-01-21 14:04:31 INFO  root:476 - 7,531627385023434 - 56258,4538744756 =  = -56 250,92224709058
2021-01-21 14:04:32 INFO  root:476 - 642151214780230 - 0,183774660864223 =  = 642 151 214 780 229,8
2021-01-21 14:04:33 INFO  root:476 - 235501017173428 - 3406687240658,078 =  = 232 094 329 932 769,9
2021-01-21 14:04:34 INFO  root:476 - 54,825487718615 - 32,72826211504003 =  = 22,09722560357497
2021-01-21 14:04:35 INFO  root:479 - subtraction tests status: passed
2021-01-21 14:04:38 INFO  root:679 - oneDividedByX tests status: start
2021-01-21 14:05:02 INFO  root:351 - exponentOfTwo tests status: start
2021-01-21 14:05:13 INFO  root:394 - 56081875472200² = 3,145176756479348e+27
2021-01-21 14:05:14 INFO  root:394 - 8576345851563.58² = 7,355370816563183e+25
2021-01-21 14:05:14 INFO  root:394 - 456.8715215781656² = 208 731,5872291482
2021-01-21 14:05:15 INFO  root:394 - 70456.18278345730² = 4 964 073 692,415945
2021-01-21 14:05:15 INFO  root:394 - 53556.78373886341² = 2 868 329 084,451384
2021-01-21 14:05:16 INFO  root:394 - 364833820640600² = 1,331037166832175e+29
2021-01-21 14:05:17 INFO  root:394 - 316377153077.5371² = 1,000945029894473e+23
2021-01-21 14:05:17 INFO  root:394 - 73652443708.20823² = 5,424682464190782e+21
2021-01-21 14:05:18 INFO  root:394 - 437052355721058² = 1,910147616413262e+29
2021-01-21 14:05:18 INFO  root:394 - 736361834820635² = 5,422287517804121e+29
2021-01-21 14:05:19 INFO  root:394 - 15.66488422660851² = 245,3885978330481
2021-01-21 14:05:19 INFO  root:394 - 37.18052516373351² = 1 382,391451451021
2021-01-21 14:05:20 INFO  root:394 - 85845334642.15454² = 7,369421479823498e+21
2021-01-21 14:05:21 INFO  root:394 - 347.2688683212325² = 120 595,6669051095
2021-01-21 14:05:21 INFO  root:394 - 6027051370638.813² = 3,632534822431919e+25
2021-01-21 14:05:22 INFO  root:394 - 6.407537127778624² = 41,05653204386154
2021-01-21 14:05:23 INFO  root:394 - 4551.563501280753² = 20 716 730,30619111
2021-01-21 14:05:23 INFO  root:394 - 0.728765563737132² = 0,5310992468890998
2021-01-21 14:05:24 INFO  root:394 - 66044322.6163135² = 4 361 852 549 847 699
2021-01-21 14:05:24 INFO  root:394 - 7.074613445373067² = 50,05015540145338
2021-01-21 14:05:25 INFO  root:397 - exponentOfTwo tests status: passed
2021-01-21 14:06:12 INFO  root:583 - squareRoot tests status: start
2021-01-21 14:06:22 INFO  root:610 - √(78476763873,63288)  = 280 137,0448077742
2021-01-21 14:06:23 INFO  root:610 - √(837666765683463)  = 28 942 473,38572609
2021-01-21 14:06:23 INFO  root:610 - √(373045067245411)  = 19 314 374,62734455
2021-01-21 14:06:24 INFO  root:610 - √(828588141,4071417)  = 28 785,20698913144
2021-01-21 14:06:25 INFO  root:610 - √(36334,4763875633)  = 190,6160444127495
2021-01-21 14:06:25 INFO  root:610 - √(316,5612635251006)  = 17,79216860096319
2021-01-21 14:06:26 INFO  root:610 - √(2577,120205117042)  = 50,7653445286944
2021-01-21 14:06:27 INFO  root:610 - √(37,48078013323664)  = 6,122154860278907
2021-01-21 14:06:27 INFO  root:610 - √(663385,7645258638)  = 814,4849688765679
2021-01-21 14:06:28 INFO  root:610 - √(2466,862220172708)  = 49,66751675061587
2021-01-21 14:06:28 INFO  root:610 - √(86108358155458,3)  = 9 279 458,936568355
2021-01-21 14:06:29 INFO  root:610 - √(20,6760847637102)  = 4,547096300245927
2021-01-21 14:06:30 INFO  root:610 - √(24821218125420,8)  = 4 982 089,734782062
2021-01-21 14:06:30 INFO  root:610 - √(26668012,41872873)  = 5 164,108095182432
2021-01-21 14:06:31 INFO  root:610 - √(7722538372,33528)  = 87 877,9743299496
2021-01-21 14:06:32 INFO  root:610 - √(340815333282262)  = 18 461 184,50377066
2021-01-21 14:06:32 INFO  root:610 - √(2737452526122,427)  = 1 654 524,864159625
2021-01-21 14:06:33 INFO  root:610 - √(8,224401801307536)  = 2,867821786880687
2021-01-21 14:06:33 INFO  root:610 - √(541448253683053)  = 23 269 040,66959042
2021-01-21 14:06:34 INFO  root:610 - √(2567281,44475032)  = 1 602,273835756647
2021-01-21 14:06:34 INFO  root:613 - squareRoot tests status: passed
2021-01-21 14:06:46 INFO  root:210 - division tests status: start
2021-01-21 14:07:02 INFO  root:262 - 7.427316438753728 / 816042668683125 = 9,101627554279035e-15
2021-01-21 14:07:03 INFO  root:262 - 600238477418154 / 322700605711263 = 1,860047569774996
2021-01-21 14:07:04 INFO  root:262 - 8804234525.681715 / 513812484771105 = 1,713511210145829e-5
2021-01-21 14:07:05 INFO  root:262 - 380082348880654 / 578582577810553 = 0,6569197958205812
2021-01-21 14:07:06 INFO  root:262 - 1153273638.478636 / 64.48271606681020 = 17 885 004,05726916
2021-01-21 14:07:07 INFO  root:262 - 5881073.065672748 / 2.548446276861768 = 2 307 709,257624561
2021-01-21 14:07:08 INFO  root:262 - 824560510355732 / 876743772631602.1 = 0,9404806011689838
2021-01-21 14:07:09 INFO  root:262 - 664114.5543072514 / 8410.325721346562 = 78,96418953449537
2021-01-21 14:07:10 INFO  root:262 - 1.283400620626308 / 3325.155273486447 = 3,859671248617073e-4
2021-01-21 14:07:12 INFO  root:262 - 4432.601653715638 / 42.63644168078006 = 103,962748273006
2021-01-21 14:07:13 INFO  root:262 - 2243664.526046386 / 6468606.375310217 = 0,3468543911730579
2021-01-21 14:07:14 INFO  root:262 - 2664.432166332041 / 130.6706744717434 = 20,39043708240907
2021-01-21 14:07:15 INFO  root:262 - 648642551668413 / 33731.27134875882 = 19 229 709 576,07504
2021-01-21 14:07:16 INFO  root:262 - 0.721715762455788 / 2788.676735582015 = 2,588022316273102e-4
2021-01-21 14:07:17 INFO  root:262 - 420748731.1860730 / 3872822.176647637 = 108,6413762354249
2021-01-21 14:07:18 INFO  root:262 - 3837638056.058888 / 61.84538653378330 = 62 052 131,47083432
2021-01-21 14:07:19 INFO  root:262 - 4578012667766.563 / 2575.421838052058 = 1 777 577 793,325377
2021-01-21 14:07:21 INFO  root:262 - 2014878556.277501 / 67202211013821 = 2,998232537115654e-5
2021-01-21 14:07:22 INFO  root:262 - 171662.7331268884 / 268614630342288 = 6,390669521914851e-10
2021-01-21 14:07:23 INFO  root:262 - 406746104041384 / 818461545710241 = 0,4969642204612309
2021-01-21 14:07:24 INFO  root:265 - division tests status: passed
2021-01-21 14:07:32 INFO  root:484 - addition tests status: start
2021-01-21 14:08:26 INFO  root:575 - 0.227312203302630 * 4183153.736618246 = 4 183 153,963930449
2021-01-21 14:08:27 INFO  root:575 - 3177160.387557357 * 2.065604642384877 = 3 177 162,453161999
2021-01-21 14:08:28 INFO  root:575 - 500730618317428 * 2842053.531710737 = 500 730 621 159 481,5
2021-01-21 14:08:29 INFO  root:575 - 63723.51317444207 * 86.77274863442555 = 63 810,2859230765
2021-01-21 14:08:30 INFO  root:575 - 408721486125642 * 654175.13827075 = 408 721 486 779 817,1
2021-01-21 14:08:31 INFO  root:575 - 540740654554766 * 2264604153.103201 = 540 742 919 158 919,1
2021-01-21 14:08:32 INFO  root:575 - 54864182.42582333 * 2.881632671771645 = 54 864 185,307456
2021-01-21 14:08:33 INFO  root:575 - 30850.65484610554 * 5.331873728407436 = 30 855,98671983395
2021-01-21 14:08:34 INFO  root:575 - 4.524217601020464 * 662055.255342552 = 662 059,779560153
2021-01-21 14:08:36 INFO  root:575 - 121065015275468 * 34.80462183836868 = 121 065 015 275 502,8
2021-01-21 14:08:37 INFO  root:575 - 431431853855606 * 5.532271758248373 = 431 431 853 855 611,5
2021-01-21 14:08:38 INFO  root:575 - 62885.66213086660 * 5306065.207224408 = 5 368 950,869355275
2021-01-21 14:08:39 INFO  root:575 - 670487046.558250 * 15611017284460 = 15 611 687 771 506,56
2021-01-21 14:08:40 INFO  root:575 - 6505.555254367580 * 13446762.61440002 = 13 453 268,16965439
2021-01-21 14:08:41 INFO  root:575 - 47882417307.71384 * 350048.6357848285 = 47 882 767 356,34962
2021-01-21 14:08:42 INFO  root:575 - 6.453144860442535 * 1258.035880413881 = 1 264,489025274324
2021-01-21 14:08:43 INFO  root:575 - 57060.06176882631 * 273.7173240660343 = 57 333,77909289234
2021-01-21 14:08:44 INFO  root:575 - 800516.2082064648 * 0.576713680320710 = 800 516,7849201451
2021-01-21 14:08:45 INFO  root:575 - 6752770.675024148 * 328073537477538.8 = 328 073 544 230 309,5
2021-01-21 14:08:47 INFO  root:575 - 256283348.1381053 * 206071076.770168 = 462 354 424,9082733
2021-01-21 14:08:48 INFO  root:578 - addition tests status: passed
2021-01-21 14:11:08 INFO  root:679 - oneDividedByX tests status: start
2021-01-21 14:14:36 INFO  root:679 - oneDividedByX tests status: start
2021-01-21 14:15:50 INFO  root:679 - oneDividedByX tests status: start
2021-01-21 14:16:59 INFO  root:679 - oneDividedByX tests status: start
2021-01-21 14:19:20 INFO  root:679 - oneDividedByX tests status: start
2021-01-21 14:21:01 INFO  root:679 - oneDividedByX tests status: start
2021-01-21 14:22:20 INFO  root:679 - oneDividedByX tests status: start
2021-01-21 14:22:57 INFO  root:679 - oneDividedByX tests status: start
2021-01-21 14:23:40 INFO  root:679 - oneDividedByX tests status: start
2021-01-21 14:26:46 INFO  root:679 - oneDividedByX tests status: start
2021-01-21 14:27:30 INFO  root:679 - oneDividedByX tests status: start
2021-01-21 14:29:00 INFO  root:679 - oneDividedByX tests status: start
2021-01-21 14:29:45 INFO  root:679 - oneDividedByX tests status: start
2021-01-21 14:31:37 INFO  root:679 - oneDividedByX tests status: start
2021-01-21 14:33:04 INFO  root:679 - oneDividedByX tests status: start
2021-01-21 14:33:22 INFO  root:679 - oneDividedByX tests status: start
2021-01-21 14:34:20 INFO  root:679 - oneDividedByX tests status: start
2021-01-21 14:34:47 INFO  root:679 - oneDividedByX tests status: start
2021-01-21 14:36:01 INFO  root:679 - oneDividedByX tests status: start
2021-01-21 14:37:43 INFO  root:679 - oneDividedByX tests status: start
2021-01-21 14:38:55 INFO  root:679 - oneDividedByX tests status: start
2021-01-21 14:41:22 INFO  root:679 - oneDividedByX tests status: start
2021-01-21 14:42:46 INFO  root:679 - oneDividedByX tests status: start
2021-01-21 14:44:01 INFO  root:679 - oneDividedByX tests status: start
2021-01-21 14:45:48 INFO  root:679 - oneDividedByX tests status: start
2021-01-21 14:47:05 INFO  root:679 - oneDividedByX tests status: start
2021-01-21 14:48:55 INFO  root:679 - oneDividedByX tests status: start
2021-01-21 14:49:53 INFO  root:679 - oneDividedByX tests status: start
2021-01-21 14:52:20 INFO  root:679 - oneDividedByX tests status: start
2021-01-21 14:54:55 INFO  root:679 - oneDividedByX tests status: start
2021-01-21 14:55:45 INFO  root:679 - oneDividedByX tests status: start
2021-01-21 14:58:57 INFO  root:679 - oneDividedByX tests status: start
2021-01-21 15:00:08 INFO  root:679 - oneDividedByX tests status: start
2021-01-21 15:06:33 INFO  root:679 - oneDividedByX tests status: start
2021-01-21 15:08:24 INFO  root:679 - oneDividedByX tests status: start
2021-01-21 15:09:32 INFO  root:679 - oneDividedByX tests status: start
2021-01-21 15:18:58 INFO  root:679 - oneDividedByX tests status: start
2021-01-21 15:21:20 INFO  root:679 - oneDividedByX tests status: start
2021-01-21 15:22:40 INFO  root:679 - oneDividedByX tests status: start
2021-01-21 15:24:03 INFO  root:679 - oneDividedByX tests status: start
2021-01-21 15:25:39 INFO  root:679 - oneDividedByX tests status: start
2021-01-21 15:30:51 INFO  root:679 - oneDividedByX tests status: start
2021-01-21 15:32:28 INFO  root:679 - oneDividedByX tests status: start
2021-01-21 15:35:29 INFO  root:679 - oneDividedByX tests status: start
2021-01-21 15:37:09 INFO  root:679 - oneDividedByX tests status: start
2021-01-21 15:39:20 INFO  root:679 - oneDividedByX tests status: start
2021-01-21 15:39:36 INFO  root:679 - oneDividedByX tests status: start
2021-01-21 16:49:36 INFO  root:270 - multiplication tests status: start
2021-01-21 16:49:37 INFO  root:402 - subtraction tests status: start
2021-01-21 16:49:41 INFO  root:679 - oneDividedByX tests status: start
2021-01-21 16:49:42 INFO  root:351 - exponentOfTwo tests status: start
2021-01-21 16:49:49 INFO  root:583 - squareRoot tests status: start
2021-01-21 16:49:52 INFO  root:210 - division tests status: start
2021-01-21 16:50:03 INFO  root:484 - addition tests status: start
2021-01-21 16:53:30 INFO  root:270 - multiplication tests status: start
2021-01-21 16:53:31 INFO  root:402 - subtraction tests status: start
2021-01-21 16:53:49 INFO  root:679 - oneDividedByX tests status: start
2021-01-21 16:53:49 INFO  root:351 - exponentOfTwo tests status: start
2021-01-21 16:54:46 INFO  root:270 - multiplication tests status: start
2021-01-21 16:54:47 INFO  root:402 - subtraction tests status: start
2021-01-21 16:55:04 INFO  root:679 - oneDividedByX tests status: start
2021-01-21 16:55:05 INFO  root:351 - exponentOfTwo tests status: start
2021-01-21 16:55:40 INFO  root:270 - multiplication tests status: start
2021-01-21 16:56:33 INFO  root:270 - multiplication tests status: start
2021-01-21 16:58:12 INFO  root:270 - multiplication tests status: start
2021-01-21 17:00:07 INFO  root:270 - multiplication tests status: start
2021-01-21 17:01:51 INFO  root:270 - multiplication tests status: start
2021-01-21 17:02:22 INFO  root:343 - 237723,5323820708 * 47,34686050154271 =  = 11 255 462,92562788
2021-01-21 17:02:23 INFO  root:343 - 851284158372480 * 2880,403235702236 =  = 2,452041644278146e+18
2021-01-21 17:02:25 INFO  root:343 - 60106716084,12231 * 403110011211302 =  = 2,422961899454509e+25
2021-01-21 17:02:26 INFO  root:343 - 888232375227661 * 2484478,446116438 =  = 2,206794191395932e+21
2021-01-21 17:02:27 INFO  root:343 - 634268757238446 * 634,4117274368676 =  = 4,023875379388777e+17
2021-01-21 17:02:28 INFO  root:343 - 10,110875133858 * 510763,7328688182 =  = 5 164 268,325939824
2021-01-21 17:02:29 INFO  root:343 - 2187,224520018784 * 844,4774821667067 =  = 1 847 061,855598746
2021-01-21 17:02:30 INFO  root:343 - 501408201482062,4 * 772276720260085 =  = 3,87225881352075e+29
2021-01-21 17:02:31 INFO  root:343 - 84758486,570347 * 834254682,2558012 =  = 7,071016428222743e+16
2021-01-21 17:02:33 INFO  root:343 - 3,647857257502158 * 7,822525613484184 =  = 28,5354568311448
2021-01-21 17:02:34 INFO  root:343 - 38330270,06071716 * 705273,2847756436 =  = 27 033 315 472 059,5
2021-01-21 17:02:35 INFO  root:343 - 64477,81244110583 * 243,351548722435 =  = 15 690 775,51577779
2021-01-21 17:02:36 INFO  root:343 - 7,208167885024155 * 7562885,058502127 =  = 54 514 545,19682406
2021-01-21 17:02:37 INFO  root:343 - 2814606,368055641 * 71,10347764120275 =  = 200 128 300,9598311
2021-01-21 17:02:38 INFO  root:343 - 25,82476434510783 * 4125,1236276518 =  = 106 530,3455785441
2021-01-21 17:02:40 INFO  root:343 - 863588673,6433824 * 548670,0484677631 =  = 473 825 239 424 125,9
2021-01-21 17:02:41 INFO  root:343 - 3854,011278731075 * 268543004214686 =  = 1,034967767067726e+18
2021-01-21 17:02:42 INFO  root:343 - 164886,8510458671 * 484,5023300106538 =  = 79 888 063,51984222
2021-01-21 17:02:43 INFO  root:343 - 562711485128,7561 * 536,286442117344 =  = 301 774 540 298 267,3
2021-01-21 17:02:44 INFO  root:343 - 1056643,2223206 * 81,62238060804538 =  = 86 245 735,25916352
2021-01-21 17:02:45 INFO  root:346 - multiplication tests status: passed
2021-01-21 17:03:10 INFO  root:484 - addition tests status: start
2021-01-21 17:05:31 INFO  root:270 - multiplication tests status: start
2021-01-21 17:06:02 INFO  root:343 - 274158,4857740047 * 306745,6842623468 =  = 84 096 932 315,07594
2021-01-21 17:06:04 INFO  root:343 - 17030276476860 * 52570,11063878807 =  = 8,952835185976801e+17
2021-01-21 17:06:05 INFO  root:343 - 318334835762300 * 565004,7283651333 =  = 1,798606874090376e+20
2021-01-21 17:06:06 INFO  root:343 - 325401123713426 * 603146203476,7337 =  = 1,962644523748158e+26
2021-01-21 17:06:07 INFO  root:343 - 4075,441508151164 * 3412,178665452287 =  = 13 906 134,56641209
2021-01-21 17:06:08 INFO  root:343 - 55,54053342405283 * 31782,81245750667 =  = 1 765 234,357606552
2021-01-21 17:06:09 INFO  root:343 - 444733501354801 * 3448,460408832764 =  = 1,533645871903604e+18
2021-01-21 17:06:10 INFO  root:343 - 432025044487141 * 784148725884126 =  = 3,387718881846245e+29
2021-01-21 17:06:11 INFO  root:343 - 43280784577733,2 * 17230,08203146767 =  = 7,457314686606239e+17
2021-01-21 17:06:12 INFO  root:343 - 64228,6342120327 * 66513205,30425837 =  = 4 272 052 333 757,044
2021-01-21 17:06:14 INFO  root:343 - 705011756763521 * 411727,372635135 =  = 2,902726382891254e+20
2021-01-21 17:06:15 INFO  root:343 - 58877870083,16254 * 2,041540715617282 =  = 120 201 569 023,601
2021-01-21 17:06:16 INFO  root:343 - 55,33332425536128 * 364,7258186753128 =  = 20 181,49198906319
2021-01-21 17:06:17 INFO  root:343 - 182461853448101 * 6471,56436458022 =  = 1,180813628669989e+18
2021-01-21 17:06:18 INFO  root:343 - 287421,3862332567 * 61314,82247063415 =  = 17 623 191 271,1557
2021-01-21 17:06:19 INFO  root:343 - 312431142520686 * 41224,43164622248 =  = 1,287979627899521e+19
2021-01-21 17:06:20 INFO  root:343 - 3,10413628478466 * 732566832186138 =  = 2 273 987 284 818 746
2021-01-21 17:06:22 INFO  root:343 - 70084,30558381358 * 33366,8513435785 =  = 2 338 492 605,933036
2021-01-21 17:06:23 INFO  root:343 - 10515888352,60681 * 7,602755371855108 =  = 79 949 726 662,60999
2021-01-21 17:06:24 INFO  root:343 - 652,1387844302178 * 701761424535248 =  = 4,576458423564347e+17
2021-01-21 17:06:25 INFO  root:346 - multiplication tests status: passed
2021-01-21 17:06:25 INFO  root:402 - subtraction tests status: start
2021-01-21 17:06:58 INFO  root:476 - 615166,3832812286 - 67,3404655553144 =  = 615 099,0428156733
2021-01-21 17:06:59 INFO  root:476 - 30302781710,68036 - 17268,57466530171 =  = 30 302 764 442,10569
2021-01-21 17:07:00 INFO  root:476 - 12677846658,14877 - 84,47286478401046 =  = 12 677 846 573,67591
2021-01-21 17:07:01 INFO  root:476 - 714573424515858 - 178852637806566 =  = 535 720 786 709 292
2021-01-21 17:07:02 INFO  root:476 - 160,6702884352365 - 1,208674617370116 =  = 159,4616138178664
2021-01-21 17:07:03 INFO  root:476 - 8272,813857181126 - 11553301,44204272 =  = -11 545 028,62818554
2021-01-21 17:07:05 INFO  root:476 - 3041084111218,164 - 25753486,01810261 =  = 3 041 058 357 732,146
2021-01-21 17:07:06 INFO  root:476 - 3640710271842,418 - 514283700560184 =  = -510 642 990 288 341,6
2021-01-21 17:07:07 INFO  root:476 - 7401404552,10066 - 25451125603,4147 =  = -18 049 721 051,31404
2021-01-21 17:07:08 INFO  root:476 - 6575,514746100823 - 222601,6208253006 =  = -216 026,1060791998
2021-01-21 17:07:09 INFO  root:476 - 541710144,2460015 - 604268567,4321775 =  = -62 558 423,186176
2021-01-21 17:07:10 INFO  root:476 - 77772,32723562601 - 5722305358885,05 =  = -5 722 305 281 112,723
2021-01-21 17:07:11 INFO  root:476 - 678825535528,1835 - 3135278786,1464 =  = 675 690 256 742,0371
2021-01-21 17:07:12 INFO  root:476 - 306284817632168 - 323,1738785542823 =  = 306 284 817 631 844,8
2021-01-21 17:07:14 INFO  root:476 - 705565750668,2327 - 725845754081337 =  = -725 140 188 330 668,8
2021-01-21 17:07:15 INFO  root:476 - 403004056053081 - 5280460033,061472 =  = 402 998 775 593 047,9
2021-01-21 17:07:16 INFO  root:476 - 630,651035018566 - 228606327103447 =  = -228 606 327 102 816,3
2021-01-21 17:07:17 INFO  root:476 - 351472562228,0436 - 44,61374371185044 =  = 351 472 562 183,4299
2021-01-21 17:07:18 INFO  root:476 - 6,808102151306801 - 801314558085764 =  = -801 314 558 085 757,2
2021-01-21 17:07:19 INFO  root:476 - 1,622143034021682 - 74,62036406624884 =  = -72,99822103222716
2021-01-21 17:07:20 INFO  root:479 - subtraction tests status: passed
2021-01-21 17:07:23 INFO  root:679 - oneDividedByX tests status: start
2021-01-21 17:07:24 INFO  root:351 - exponentOfTwo tests status: start
2021-01-21 17:07:35 INFO  root:394 - 675223455641446² = 4,559267150483758e+29
2021-01-21 17:07:36 INFO  root:394 - 588441018733271² = 3,462628325278498e+29
2021-01-21 17:07:37 INFO  root:394 - 56021612481.58355² = 3,138421065036718e+21
2021-01-21 17:07:37 INFO  root:394 - 33.81178447543108² = 1 143,236769413002
2021-01-21 17:07:38 INFO  root:394 - 47.44465775216835² = 2 250,995549220388
2021-01-21 17:07:38 INFO  root:394 - 672.0457825407641² = 451 645,533830828
2021-01-21 17:07:39 INFO  root:394 - 407841.7862752545² = 166 334 922 632,1904
2021-01-21 17:07:40 INFO  root:394 - 518043116.622636² = 2,68368670680094e+17
2021-01-21 17:07:40 INFO  root:394 - 73257714810111.33² = 5,366692779199605e+27
2021-01-21 17:07:41 INFO  root:394 - 1622510050200.621² = 2,632538863002022e+24
2021-01-21 17:07:41 INFO  root:394 - 76.84533035834665² = 5 905,204797883433
2021-01-21 17:07:42 INFO  root:394 - 53804455028.5763² = 2,894919380922089e+21
2021-01-21 17:07:43 INFO  root:394 - 763617411763.0552² = 5,831115515477074e+23
2021-01-21 17:07:43 INFO  root:394 - 165541472225566² = 2,740397902660784e+28
2021-01-21 17:07:44 INFO  root:394 - 383282441655327² = 1,469054300812691e+29
2021-01-21 17:07:44 INFO  root:394 - 316116007276.5410² = 9,992933005646212e+22
2021-01-21 17:07:45 INFO  root:394 - 34.38052426582215² = 1 182,020448792786
2021-01-21 17:07:46 INFO  root:394 - 61372133887443² = 3,766538817898229e+27
2021-01-21 17:07:46 INFO  root:394 - 512057164668804² = 2,622025398886547e+29
2021-01-21 17:07:47 INFO  root:394 - 2.782020254070340² = 7,739636694057599
2021-01-21 17:07:47 INFO  root:397 - exponentOfTwo tests status: passed
2021-01-21 17:08:31 INFO  root:583 - squareRoot tests status: start
2021-01-21 17:08:44 INFO  root:210 - division tests status: start
2021-01-21 17:09:00 INFO  root:262 - 110877157745853 / 840416882234.1551 = 131,9311404729262
2021-01-21 17:09:01 INFO  root:262 - 3.183785260235721 / 11674.85018123346 = 2,72704592419819e-4
2021-01-21 17:09:02 INFO  root:262 - 333031425341031 / 408310530764585 = 0,8156327114987959
2021-01-21 17:09:03 INFO  root:262 - 250.8162017186010 / 8538.484871504783 = 0,02937479019909516
2021-01-21 17:09:04 INFO  root:262 - 0.34178253665783 / 472666343.1222014 = 7,230947192054815e-10
2021-01-21 17:09:05 INFO  root:262 - 68.4102040613530 / 3727757.333004367 = 1,835157118615823e-5
2021-01-21 17:09:06 INFO  root:262 - 337554.2515582701 / 2187841288308 = 1,542864436109636e-7
2021-01-21 17:09:07 INFO  root:262 - 8.338561145843304 / 212.3380653577251 = 0,03927021342968046
2021-01-21 17:09:09 INFO  root:262 - 4680886.130361011 / 721603504.2241651 = 0,006486784089821854
2021-01-21 17:09:10 INFO  root:262 - 8000011361.333226 / 188437235.5757240 = 42,45451455966833
2021-01-21 17:09:11 INFO  root:262 - 28432163306.82621 / 218307815.7254463 = 130,2388703416087
2021-01-21 17:09:12 INFO  root:262 - 423.835380836530 / 35.50075501275340 = 11,93877089893638
2021-01-21 17:09:13 INFO  root:262 - 57042583177088.56 / 41.04058446266236 = 1 389 906 696 601,37
2021-01-21 17:09:14 INFO  root:262 - 741452735128116 / 126662.3701510883 = 5 853 772 783,847953
2021-01-21 17:09:15 INFO  root:262 - 458.6075726517772 / 4804.851022616066 = 0,0954467829477223
2021-01-21 17:09:17 INFO  root:262 - 4848415063845.68 / 381.3042242565873 = 12 715 345 793,24011
2021-01-21 17:09:18 INFO  root:262 - 82.53032638127200 / 711838004.437277 = 1,159397585782371e-7
2021-01-21 17:09:19 INFO  root:262 - 81.52761022200823 / 0.288447744346423 = 282,6425646237481
2021-01-21 17:09:20 INFO  root:262 - 342110835642450.5 / 2538.763688017610 = 134 754 895 564,7728
2021-01-21 17:09:21 INFO  root:262 - 528627607604.467 / 6.247528864321277 = 84 613 871 993,9946
2021-01-21 17:09:22 INFO  root:265 - division tests status: passed
2021-01-21 17:09:32 INFO  root:484 - addition tests status: start
2021-01-21 17:13:32 INFO  root:484 - addition tests status: start
2021-01-21 17:14:45 INFO  root:270 - multiplication tests status: start
2021-01-21 17:15:17 INFO  root:343 - 220731720860407 * 401318152,4158371 =  = 8,858364639526683e+22
2021-01-21 17:15:18 INFO  root:343 - 5,384188265686502 * 410022886588028 =  = 2 207 640 414 630 168
2021-01-21 17:15:20 INFO  root:343 - 3,25873820807415 * 3,458105632660664 =  = 11,26906095270774
2021-01-21 17:15:21 INFO  root:343 - 78181515,08427308 * 3144634,571871818 =  = 245 852 295 215 323,2
2021-01-21 17:15:22 INFO  root:343 - 687273822141,048 * 858332,0028433544 =  = 5,899091162601331e+17
2021-01-21 17:15:23 INFO  root:343 - 7070212643,435311 * 8768,518030452674 =  = 61 995 287 043 096,99
2021-01-21 17:15:24 INFO  root:343 - 623115188432848 * 40,64856582268873 =  = 2,532873875212971e+16
2021-01-21 17:15:25 INFO  root:343 - 648120563323175 * 125602207436031 =  = 8,140537343807469e+28
2021-01-21 17:15:26 INFO  root:343 - 6,22748744083053 * 4,501783213571578 =  = 28,03479842385871
2021-01-21 17:15:28 INFO  root:343 - 752728546170205 * 2085262675,04858 =  = 1,56963674177231e+24
2021-01-21 17:15:29 INFO  root:343 - 704763308073480 * 6760,644812732883 =  = 4,764654402931439e+18
2021-01-21 17:15:30 INFO  root:343 - 24174,86853822825 * 75877836,44845713 =  = 1 834 336 721 106,635
2021-01-21 17:15:31 INFO  root:343 - 28,30823667655547 * 68726461552,47431 =  = 1 945 524 939 569,633
2021-01-21 17:15:32 INFO  root:343 - 1,234326373145141 * 555621,385835731 =  = 685 818,1300204949
2021-01-21 17:15:33 INFO  root:343 - 256178526,147623 * 2046430078536,784 =  = 5,242514413837177e+20
2021-01-21 17:15:34 INFO  root:343 - 55,55618243865781 * 854,4067438303771 =  = 47 467,57693706
2021-01-21 17:15:36 INFO  root:343 - 72,21088624238745 * 34420662078,17273 =  = 2 485 546 513 714,591
2021-01-21 17:15:37 INFO  root:343 - 432548256048276 * 25624622,75782348 =  = 1,108388588579151e+22
2021-01-21 17:15:38 INFO  root:343 - 856886844487317 * 717634527450650 =  = 6,149315857223343e+29
2021-01-21 17:15:39 INFO  root:343 - 343540,7323353858 * 288,3357540417876 =  = 99 055 076,10199139
2021-01-21 17:15:40 INFO  root:346 - multiplication tests status: passed
2021-01-21 17:15:40 INFO  root:402 - subtraction tests status: start
2021-01-21 17:16:13 INFO  root:476 - 655323301720877 - 582380522,2505057 =  = 655 322 719 340 354,7
2021-01-21 17:16:14 INFO  root:476 - 877586070141504 - 585006460340807 =  = 292 579 609 800 697
2021-01-21 17:16:15 INFO  root:476 - 45,80268660235565 - 52,03855424555781 =  = -6,23586764320216
2021-01-21 17:16:16 INFO  root:476 - 55,8223364738661 - 7,52182711531557 =  = 48,30050935855053
2021-01-21 17:16:17 INFO  root:476 - 570,7068362556811 - 326332873,8245847 =  = -326 332 303,1177484
2021-01-21 17:16:18 INFO  root:476 - 510042100551081,8 - 406064836,847544 =  = 510 041 694 486 245
2021-01-21 17:16:19 INFO  root:476 - 1,15412742261084 - 5,803068853781253 =  = -4,648941431170413
2021-01-21 17:16:21 INFO  root:476 - 547141,1163520577 - 862076443727,677 =  = -862 075 896 586,5606
2021-01-21 17:16:22 INFO  root:476 - 5,061878680057012 - 408117761463008 =  = -408 117 761 463 002,9
2021-01-21 17:16:23 INFO  root:476 - 7568748105055,88 - 2265006505,14414 =  = 7 566 483 098 550,736
2021-01-21 17:16:24 INFO  root:476 - 833,0510243608446 - 703542718121873 =  = -703 542 718 121 039,9
2021-01-21 17:16:25 INFO  root:476 - 7447463761,620183 - 7,260666158415314 =  = 7 447 463 754,359517
2021-01-21 17:16:26 INFO  root:476 - 57,04756185711666 - 344,8416878085002 =  = -287,7941259513835
2021-01-21 17:16:27 INFO  root:476 - 873325653,5162607 - 43,56750863448713 =  = 873 325 609,9487521
2021-01-21 17:16:29 INFO  root:476 - 513236247633705 - 867,7070175767678 =  = 513 236 247 632 837,3
2021-01-21 17:16:30 INFO  root:476 - 431151476832725 - 7,813862616704856 =  = 431 151 476 832 717,2
2021-01-21 17:16:31 INFO  root:476 - 6311325,507310578 - 442852065168,6683 =  = -442 845 753 843,161
2021-01-21 17:16:32 INFO  root:476 - 3,786157202408471 - 6754580462,425651 =  = -6 754 580 458,639494
2021-01-21 17:16:33 INFO  root:476 - 707275,0517155233 - 25015813,8843043 =  = -24 308 538,83258878
2021-01-21 17:16:34 INFO  root:476 - 7160281151620,47 - 61,67221478887288 =  = 7 160 281 151 558,798
2021-01-21 17:16:35 INFO  root:479 - subtraction tests status: passed
2021-01-21 17:16:38 INFO  root:679 - oneDividedByX tests status: start
2021-01-21 17:16:39 INFO  root:351 - exponentOfTwo tests status: start
2021-01-21 17:16:50 INFO  root:394 - 5017535346.857655² = 2,517566095696597e+19
2021-01-21 17:16:51 INFO  root:394 - 88013073743358² = 7,746301149753773e+27
2021-01-21 17:16:51 INFO  root:394 - 827232463270673² = 6,843135482888654e+29
2021-01-21 17:16:52 INFO  root:394 - 75.22008375111601² = 5 658,060999524907
2021-01-21 17:16:53 INFO  root:394 - 6510.373387766734² = 42 384 961,6481413
2021-01-21 17:16:53 INFO  root:394 - 55508586.37751604² = 3 081 203 161 630 159
2021-01-21 17:16:54 INFO  root:394 - 77868608432037² = 6,063520179141904e+27
2021-01-21 17:16:54 INFO  root:394 - 6.445807744645867² = 41,54843748093664
2021-01-21 17:16:55 INFO  root:394 - 5.570466120447885² = 31,03009279905771
2021-01-21 17:16:56 INFO  root:394 - 83.28246581838438² = 6 935,969112790363
2021-01-21 17:16:56 INFO  root:394 - 747183.1150001701² = 558 282 607 341,3574
2021-01-21 17:16:57 INFO  root:394 - 851637.3316704015² = 725 286 144 694,6814
2021-01-21 17:16:57 INFO  root:394 - 54.51158627481540² = 2 971,513038196643
2021-01-21 17:16:58 INFO  root:394 - 0.502347146247653² = 0,2523526553431609
2021-01-21 17:16:59 INFO  root:394 - 150320283038203² = 2,259618749268546e+28
2021-01-21 17:16:59 INFO  root:394 - 5.700741325454243² = 32,4984516597418
2021-01-21 17:17:00 INFO  root:394 - 85484413387886.38² = 7,307584932271048e+27
2021-01-21 17:17:01 INFO  root:394 - 5.436667527785148² = 29,55735380767347
2021-01-21 17:17:01 INFO  root:394 - 872254645713661² = 7,608281669690643e+29
2021-01-21 17:17:02 INFO  root:394 - 3.472871763101018² = 12,06083828294437
2021-01-21 17:17:02 INFO  root:397 - exponentOfTwo tests status: passed
2021-01-21 17:17:47 INFO  root:583 - squareRoot tests status: start
2021-01-21 17:17:59 INFO  root:210 - division tests status: start
2021-01-21 17:18:15 INFO  root:262 - 811115071010185.2 / 50.1618782588835 = 16 169 950 152 664,78
2021-01-21 17:18:16 INFO  root:262 - 70036715223.02811 / 51467701174077 = 0,001360789653032024
2021-01-21 17:18:17 INFO  root:262 - 348.8272850212627 / 2726154347827.485 = 1,279558089949121e-10
2021-01-21 17:18:19 INFO  root:262 - 131678888748452.7 / 836.5052778203035 = 157 415 490 660,8249
2021-01-21 17:18:20 INFO  root:262 - 235417255868683 / 36.30627880661621 = 6 484 202 281 446,21
2021-01-21 17:18:21 INFO  root:262 - 402.6332068344767 / 60.37131317454318 = 6,669280253527024
2021-01-21 17:18:22 INFO  root:262 - 15263.13245871340 / 527286187706021 = 2,894658122018377e-11
2021-01-21 17:18:23 INFO  root:262 - 3.752823700785063 / 4531710.60314568 = 8,281251892342918e-7
2021-01-21 17:18:24 INFO  root:262 - 640644861405244 / 132001528052228.3 = 4,853313979454569
2021-01-21 17:18:25 INFO  root:262 - 64574021815632.41 / 230332537425632 = 0,2803512805327453
2021-01-21 17:18:26 INFO  root:262 - 116177100230210 / 78486.43231447100 = 1 480 218 896,493143
2021-01-21 17:18:27 INFO  root:262 - 476332562472818 / 4541882147026.146 = 104,8755883691748
2021-01-21 17:18:28 INFO  root:262 - 135617720527.3277 / 24.0154832250181 = 5 647 095 220,055706
2021-01-21 17:18:30 INFO  root:262 - 232263071472014 / 41143870.72130423 = 5 645 143,915731501
2021-01-21 17:18:31 INFO  root:262 - 2421.411518815262 / 7.740128373277584 = 312,8386768331992
2021-01-21 17:18:32 INFO  root:262 - 221722121823.1437 / 841874801711207 = 2,633670961198364e-4
2021-01-21 17:18:33 INFO  root:262 - 414.4225373236081 / 4.525414464373442 = 91,57670321385385
2021-01-21 17:18:34 INFO  root:262 - 632861.2743402854 / 2.182021670735866 = 290 034,3671320455
2021-01-21 17:18:35 INFO  root:262 - 223155876552253 / 5047405475258.464 = 44,21199716292375
2021-01-21 17:18:36 INFO  root:262 - 7.51637386185324 / 533.2333362205357 = 0,01409584388539542
2021-01-21 17:18:37 INFO  root:265 - division tests status: passed
2021-01-21 17:18:47 INFO  root:484 - addition tests status: start
2021-01-21 17:24:15 INFO  root:679 - oneDividedByX tests status: start
2021-01-21 17:26:25 INFO  root:679 - oneDividedByX tests status: start
2021-01-21 17:29:24 INFO  root:679 - oneDividedByX tests status: start
2021-01-21 17:30:08 INFO  root:679 - oneDividedByX tests status: start
2021-01-21 17:33:08 INFO  root:679 - oneDividedByX tests status: start
2021-01-21 17:35:11 INFO  root:679 - oneDividedByX tests status: start
2021-01-21 17:36:46 INFO  root:679 - oneDividedByX tests status: start
2021-01-21 17:37:38 INFO  root:679 - oneDividedByX tests status: start
2021-01-21 17:38:29 INFO  root:679 - oneDividedByX tests status: start
2021-01-21 17:42:55 INFO  root:679 - oneDividedByX tests status: start
2021-01-21 17:43:46 INFO  root:679 - oneDividedByX tests status: start
2021-01-21 17:44:58 INFO  root:679 - oneDividedByX tests status: start
2021-01-21 17:46:17 INFO  root:679 - oneDividedByX tests status: start
2021-01-21 17:47:01 INFO  root:763 - 1/(32738,20701513662)  = 3,054535025505968e-5
2021-01-21 17:47:02 INFO  root:763 - 1/(5,358761071843453)  = 0,1866102979015619
2021-01-21 17:47:02 INFO  root:763 - 1/(68860310355,47261)  = 1,452215354298829e-11
2021-01-21 17:47:03 INFO  root:763 - 1/(614,3210723053485)  = 0,0016278132805169
2021-01-21 17:47:04 INFO  root:763 - 1/(4086342866,025067)  = 2,447175953624117e-10
2021-01-21 17:47:04 INFO  root:763 - 1/(1,723234141308342)  = 0,5803041943219414
2021-01-21 17:47:05 INFO  root:763 - 1/(7514030120540,581)  = 1,330843746908027e-13
2021-01-21 17:47:06 INFO  root:763 - 1/(58816,33343722152)  = 1,700207989107932e-5
2021-01-21 17:47:06 INFO  root:763 - 1/(357205226335643)  = 2,79951111090509e-15
2021-01-21 17:47:07 INFO  root:763 - 1/(783221,64084538)  = 1,276777795517291e-6
2021-01-21 17:47:07 INFO  root:763 - 1/(674,6447256250844)  = 0,0014822616438207
2021-01-21 17:47:08 INFO  root:763 - 1/(543760,2042372325)  = 1,839045947473785e-6
2021-01-21 17:47:09 INFO  root:763 - 1/(367704860680680)  = 2,719572425963697e-15
2021-01-21 17:47:09 INFO  root:763 - 1/(450,7873278572832)  = 0,0022183409741203
2021-01-21 17:47:10 INFO  root:763 - 1/(745884345553,5506)  = 1,340690424676845e-12
2021-01-21 17:47:10 INFO  root:763 - 1/(8,405466455458227)  = 0,1189701969901544
2021-01-21 17:47:11 INFO  root:763 - 1/(571366746753380,1)  = 1,750189358555078e-15
2021-01-21 17:47:12 INFO  root:763 - 1/(86326,41560872255)  = 1,158393978191489e-5
2021-01-21 17:47:12 INFO  root:763 - 1/(4635,622408087868)  = 2,157207623846323e-4
2021-01-21 17:47:13 INFO  root:763 - 1/(32405404538,73775)  = 3,085905003298415e-11
2021-01-21 17:47:14 INFO  root:766 - oneDividedByX tests status: passed
2021-01-21 17:47:41 INFO  root:270 - multiplication tests status: start
2021-01-21 17:48:13 INFO  root:343 - 66060007,05515733 * 53,73604100132751 =  = 3 549 803 247,663919
2021-01-21 17:48:14 INFO  root:343 - 63,78385866716285 * 58871,53388117032 =  = 3 755 053,596595657
2021-01-21 17:48:15 INFO  root:343 - 820306646345384 * 8615,456756156668 =  = 7,067316438376557e+18
2021-01-21 17:48:16 INFO  root:343 - 138806813255064 * 268778116746327 =  = 3,73082338582552e+28
2021-01-21 17:48:18 INFO  root:343 - 858148018005260 * 32022873,54017621 =  = 2,74803654593353e+22
2021-01-21 17:48:19 INFO  root:343 - 5558458,500486325 * 628,3720184653716 =  = 3 492 779 787,506595
2021-01-21 17:48:20 INFO  root:343 - 73610,75155728621 * 311224661,3153106 =  = 22 909 481 222 581,87
2021-01-21 17:48:21 INFO  root:343 - 46,60561016267886 * 507475846854883 =  = 2,3651221485494e+16
2021-01-21 17:48:22 INFO  root:343 - 71525334746360 * 80720332402,336 =  = 5,773548795914532e+24
2021-01-21 17:48:23 INFO  root:343 - 582868807385631 * 21183,50200716254 =  = 1,234720255116595e+19
2021-01-21 17:48:24 INFO  root:343 - 135408752310401 * 726264386123853 =  = 9,834255437251024e+28
2021-01-21 17:48:25 INFO  root:343 - 7453654780,475521 * 862021277367030 =  = 6,425209014918378e+24
2021-01-21 17:48:27 INFO  root:343 - 41131660,12474364 * 371236878341383 =  = 1,526958910570857e+22
2021-01-21 17:48:28 INFO  root:343 - 82025578,70650484 * 167118054,7814778 =  = 1,370795515575609e+16
2021-01-21 17:48:29 INFO  root:343 - 276,7633810175567 * 251213510826682 =  = 6,95267006136831e+16
2021-01-21 17:48:30 INFO  root:343 - 5213377415223,663 * 547342332878887 =  = 2,853502156626622e+27
2021-01-21 17:48:31 INFO  root:343 - 6,241131202343288 * 426304514347650 =  = 2 660 622 406 194 920
2021-01-21 17:48:32 INFO  root:343 - 7,166086032137811 * 367762163187,0218 =  = 2 635 415 300 763,303
2021-01-21 17:48:33 INFO  root:343 - 576840220388548 * 46,1337327787882 =  = 2,661179258346257e+16
2021-01-21 17:48:34 INFO  root:343 - 7,05142431743602 * 3146550,65225735 =  = 22 187 663,78537165
2021-01-21 17:48:36 INFO  root:346 - multiplication tests status: passed
2021-01-21 17:48:36 INFO  root:402 - subtraction tests status: start
2021-01-21 17:49:08 INFO  root:476 - 446218557,1667876 - 3602560,374201842 =  = 442 615 996,7925858
2021-01-21 17:49:09 INFO  root:476 - 85,13666120441075 - 2735,67256683246 =  = -2 650,535905628049
2021-01-21 17:49:10 INFO  root:476 - 117882427144270 - 8752720303843,75 =  = 109 129 706 840 426,3
2021-01-21 17:49:11 INFO  root:476 - 430456171543541 - 504202421344,8635 =  = 429 951 969 122 196,1
2021-01-21 17:49:13 INFO  root:476 - 570460684178101 - 40,76118007738472 =  = 570 460 684 178 060,2
2021-01-21 17:49:14 INFO  root:476 - 2274,118538812021 - 338,8685201885748 =  = 1 935,250018623446
2021-01-21 17:49:15 INFO  root:476 - 225054310287173,8 - 8662735874788,748 =  = 216 391 574 412 385,1
2021-01-21 17:49:16 INFO  root:476 - 284488,183710408 - 8613475121,342827 =  = -8 613 190 633,159117
2021-01-21 17:49:17 INFO  root:476 - 24287515,5613745 - 674646,4130628181 =  = 23 612 869,14831168
2021-01-21 17:49:18 INFO  root:476 - 168404,5666323282 - 56580256,33071282 =  = -56 411 851,76408049
2021-01-21 17:49:20 INFO  root:476 - 204647105126117 - 86742,68482360465 =  = 204 647 105 039 374,3
2021-01-21 17:49:21 INFO  root:476 - 234242,0518171217 - 688558525322083 =  = -688 558 525 087 840,9
2021-01-21 17:49:22 INFO  root:476 - 345815181502530 - 3353,664035665063 =  = 345 815 181 499 176,3
2021-01-21 17:49:23 INFO  root:476 - 3,18632331138845 - 64101541534,84111 =  = -64 101 541 531,65479
2021-01-21 17:49:24 INFO  root:476 - 336487382200026 - 777558,5703332638 =  = 336 487 381 422 467,4
2021-01-21 17:49:25 INFO  root:476 - 156271432677251 - 6654745556,44338 =  = 156 264 777 931 694,6
2021-01-21 17:49:26 INFO  root:476 - 728577181121130 - 307807212136,8622 =  = 728 269 373 908 993,1
2021-01-21 17:49:27 INFO  root:476 - 53672336,85238113 - 526381523826540 =  = -526 381 470 154 203,1
2021-01-21 17:49:28 INFO  root:476 - 342166250276621 - 205,803325114686 =  = 342 166 250 276 415,2
2021-01-21 17:49:30 INFO  root:476 - 3076383,575240557 - 131301163372323 =  = -131 301 160 295 939,4
2021-01-21 17:49:31 INFO  root:479 - subtraction tests status: passed
2021-01-21 17:49:33 INFO  root:679 - oneDividedByX tests status: start
2021-01-21 17:50:16 INFO  root:763 - 1/(4753367805,262631)  = 2,103771559383355e-10
2021-01-21 17:50:17 INFO  root:763 - 1/(15510737358468)  = 6,447146753175184e-14
2021-01-21 17:50:18 INFO  root:763 - 1/(88683683,43516122)  = 1,127603141034533e-8
2021-01-21 17:50:18 INFO  root:763 - 1/(516763823556,5542)  = 1,935119980182902e-12
2021-01-21 17:50:19 INFO  root:763 - 1/(342,4888146365144)  = 0,0029198033841231
2021-01-21 17:50:20 INFO  root:763 - 1/(85887,4265846545)  = 1,164314777803192e-5
2021-01-21 17:50:20 INFO  root:763 - 1/(15163623763,10486)  = 6,594729700648039e-11
2021-01-21 17:50:21 INFO  root:763 - 1/(2813,48564763083)  = 3,554309938783859e-4
2021-01-21 17:50:22 INFO  root:763 - 1/(514,5401663460484)  = 0,001943482871515
2021-01-21 17:50:22 INFO  root:763 - 1/(658402,4627471114)  = 1,518827854664472e-6
2021-01-21 17:50:23 INFO  root:763 - 1/(21218547185543)  = 4,712858006986161e-14
2021-01-21 17:50:23 INFO  root:763 - 1/(6,831430657427535)  = 0,1463822221356724
2021-01-21 17:50:24 INFO  root:763 - 1/(6244430740,560766)  = 1,601427001991534e-10
2021-01-21 17:50:25 INFO  root:763 - 1/(366,8603010850218)  = 0,0027258332314573
2021-01-21 17:50:25 INFO  root:763 - 1/(15725581,64210635)  = 6,359065265493454e-8
2021-01-21 17:50:26 INFO  root:763 - 1/(8442,303603611124)  = 1,184510824240268e-4
2021-01-21 17:50:26 INFO  root:763 - 1/(732774,2662645573)  = 1,364676744309911e-6
2021-01-21 17:50:27 INFO  root:763 - 1/(84700,71711015377)  = 1,180627548524169e-5
2021-01-21 17:50:28 INFO  root:763 - 1/(51,86402535627717)  = 0,0192811875501478
2021-01-21 17:50:28 INFO  root:763 - 1/(264167488871521)  = 3,785477176891946e-15
2021-01-21 17:50:29 INFO  root:766 - oneDividedByX tests status: passed
2021-01-21 17:50:29 INFO  root:351 - exponentOfTwo tests status: start
2021-01-21 17:50:41 INFO  root:394 - 625505415776367² = 3,912570251655658e+29
2021-01-21 17:50:41 INFO  root:394 - 4.081861305440673² = 16,66159171685384
2021-01-21 17:50:42 INFO  root:394 - 616.7015203518565² = 380 320,7652042913
2021-01-21 17:50:43 INFO  root:394 - 184.4851060313827² = 34 034,75434741052
2021-01-21 17:50:43 INFO  root:394 - 7848116.041072842² = 61 592 925 394 144,86
2021-01-21 17:50:44 INFO  root:394 - 627.2605248702836² = 393 455,7660605437
2021-01-21 17:50:44 INFO  root:394 - 43220.7556045406² = 1 868 033 715,027428
2021-01-21 17:50:45 INFO  root:394 - 76.0364418811024² = 5 781,540493938263
2021-01-21 17:50:46 INFO  root:394 - 2480826.643235472² = 6 154 500 833 786,98
2021-01-21 17:50:46 INFO  root:394 - 183346711362500² = 3,361601656744389e+28
2021-01-21 17:50:47 INFO  root:394 - 850160.5537140183² = 722 772 967 091,3262
2021-01-21 17:50:47 INFO  root:394 - 8606.130440018303² = 74 065 481,15060963
2021-01-21 17:50:48 INFO  root:394 - 57566851474030.62² = 3,313942388633101e+27
2021-01-21 17:50:49 INFO  root:394 - 438672864067271² = 1,924338816689824e+29
2021-01-21 17:50:49 INFO  root:394 - 2.236044415603531² = 4,999894628551736
2021-01-21 17:50:50 INFO  root:394 - 28021.55122023407² = 785 207 332,7882015
2021-01-21 17:50:51 INFO  root:394 - 4.408613400325068² = 19,43587211352576
2021-01-21 17:50:51 INFO  root:394 - 25.26530147617551² = 638,3354586820364
2021-01-21 17:50:52 INFO  root:394 - 873.5234517534772² = 763 043,2207633094
2021-01-21 17:50:52 INFO  root:394 - 41041.7842736347² = 1 684 428 056,363569
2021-01-21 17:50:53 INFO  root:397 - exponentOfTwo tests status: passed
2021-01-21 17:51:37 INFO  root:583 - squareRoot tests status: start
2021-01-21 17:51:55 INFO  root:210 - division tests status: start
2021-01-21 17:52:11 INFO  root:262 - 858.1601206006834 / 451454.3088344353 = 0,00190087923364
2021-01-21 17:52:12 INFO  root:262 - 111517811323262 / 110.8247500152126 = 1 006 253 669 040,122
2021-01-21 17:52:13 INFO  root:262 - 53.26808881747687 / 42261.70725543361 = 0,001260433907592
2021-01-21 17:52:15 INFO  root:262 - 215.6105182024463 / 782828321637356 = 2,754250354042857e-13
2021-01-21 17:52:16 INFO  root:262 - 6621.508165253842 / 27.72346608021535 = 238,8412814651352
2021-01-21 17:52:17 INFO  root:262 - 52.45610436211787 / 78366250416.17564 = 6,693711142684755e-10
2021-01-21 17:52:18 INFO  root:262 - 1354.3077825810 / 288362450805487 = 4,696546928346574e-12
2021-01-21 17:52:19 INFO  root:262 - 685614.0080548811 / 800.2110347216378 = 856,7914941255209
2021-01-21 17:52:20 INFO  root:262 - 6344880033854.571 / 616555086123.4361 = 10,29085669173169
2021-01-21 17:52:21 INFO  root:262 - 3234481374.275878 / 3744148251182.542 = 8,638764165532996e-4
2021-01-21 17:52:23 INFO  root:262 - 2017438405.515777 / 68.54421400856180 = 29 432 657,95219098
2021-01-21 17:52:24 INFO  root:262 - 8.338163114085368 / 8.605164038657342 = 0,9689720122274817
2021-01-21 17:52:25 INFO  root:262 - 2.002278147577000 / 663367430174525 = 3,018354619927936e-15
2021-01-21 17:52:26 INFO  root:262 - 1.054160874564655 / 5.756038646117238 = 0,183139992514773
2021-01-21 17:52:27 INFO  root:262 - 4610.018506041261 / 526.5150843654472 = 8,755719718072707
2021-01-21 17:52:28 INFO  root:262 - 161.4600666245242 / 224.2534551358660 = 0,7199892038528555
2021-01-21 17:52:29 INFO  root:262 - 10635.50762537508 / 883537254817330 = 1,203741841941227e-11
2021-01-21 17:52:31 INFO  root:262 - 7767444348.824813 / 7.861746880860125 = 988 004 888,2946236
2021-01-21 17:52:32 INFO  root:262 - 1724.453301244666 / 8.406002476274823 = 205,1454667199752
2021-01-21 17:52:33 INFO  root:262 - 7021.008236766855 / 6625530224.571302 = 1,059690017068957e-6
2021-01-21 17:52:34 INFO  root:265 - division tests status: passed
2021-01-21 17:52:44 INFO  root:484 - addition tests status: start
2021-01-21 17:58:27 INFO  root:583 - squareRoot tests status: start
2021-01-21 17:58:34 INFO  root:484 - addition tests status: start
2021-01-21 18:00:52 INFO  root:583 - squareRoot tests status: start
2021-01-21 18:00:59 INFO  root:484 - addition tests status: start
2021-01-21 18:02:35 INFO  root:583 - squareRoot tests status: start
2021-01-21 18:02:36 INFO  root:484 - addition tests status: start
2021-01-21 18:03:28 INFO  root:583 - squareRoot tests status: start
2021-01-21 18:03:29 INFO  root:484 - addition tests status: start
2021-01-21 18:05:50 INFO  root:583 - squareRoot tests status: start
2021-01-21 18:05:51 INFO  root:484 - addition tests status: start
2021-01-21 18:08:48 INFO  root:583 - squareRoot tests status: start
2021-01-21 18:08:50 INFO  root:484 - addition tests status: start
2021-01-21 18:12:01 INFO  root:270 - multiplication tests status: start
2021-01-21 18:12:31 INFO  root:402 - subtraction tests status: start
2021-01-21 18:12:49 INFO  root:679 - oneDividedByX tests status: start
2021-01-21 18:12:54 INFO  root:351 - exponentOfTwo tests status: start
2021-01-21 18:13:21 INFO  root:583 - squareRoot tests status: start
2021-01-21 18:13:29 INFO  root:210 - division tests status: start
2021-01-21 18:13:44 INFO  root:484 - addition tests status: start
2021-01-21 18:21:41 INFO  root:270 - multiplication tests status: start
2021-01-21 18:22:13 INFO  root:343 - 246740413837512 * 7660861114515,171 =  = 1,890244041747177e+27
2021-01-21 18:22:14 INFO  root:343 - 16300702451,0434 * 782500753258581 =  = 1,275531194658546e+25
2021-01-21 18:22:15 INFO  root:343 - 376375571,0567672 * 8748364,088218475 =  = 3 292 670 529 515 743
2021-01-21 18:22:16 INFO  root:343 - 36851433,5254732 * 777160387878026 =  = 2,863947437251804e+22
2021-01-21 18:22:17 INFO  root:343 - 8778,040757345728 * 677254406685031 =  = 5,944966784973201e+18
2021-01-21 18:22:18 INFO  root:343 - 806872,1412382285 * 55226113773376 =  = 4,456041267258992e+19
2021-01-21 18:22:19 INFO  root:343 - 26847,51618140117 * 450220453,0674437 =  = 12 087 300 898 925,96
2021-01-21 18:22:21 INFO  root:343 - 8063,471018682671 * 72637,51305383704 =  = 585 710 481,3787992
2021-01-21 18:22:22 INFO  root:343 - 6586,377362062686 * 346830731111081 =  = 2,284358075857674e+18
2021-01-21 18:22:23 INFO  root:343 - 7422,176813813418 * 78,4557210012862 =  = 582 312,2333267609
2021-01-21 18:22:24 INFO  root:343 - 10254363753508,48 * 751685541846318 =  = 7,708056974345265e+27
2021-01-21 18:22:25 INFO  root:343 - 3,120773546027111 * 670113,7825615255 =  = 2 091 273,365446172
2021-01-21 18:22:26 INFO  root:343 - 557035771722032 * 52,74832515711063 =  = 2,938270401093579e+16
2021-01-21 18:22:28 INFO  root:343 - 6102464,345168728 * 811,7788504361166 =  = 4 953 851 490,948459
2021-01-21 18:22:29 INFO  root:343 - 446008875773462 * 68006261057650 =  = 3,033139603987905e+28
2021-01-21 18:22:30 INFO  root:343 - 36417501757402 * 371328608034445 =  = 1,352286023566804e+28
2021-01-21 18:22:31 INFO  root:343 - 5557,221677132611 * 65,46427633546122 =  = 363 799,4955292245
2021-01-21 18:22:32 INFO  root:343 - 2456,58000683855 * 0,112544212711818 =  = 276,4738628332371
2021-01-21 18:22:33 INFO  root:343 - 2366036161,481473 * 57866283,75851242 =  = 1,369137199031884e+17
2021-01-21 18:22:34 INFO  root:343 - 4,346165626513113 * 258332,4142020318 =  = 1 122 755,458819019
2021-01-21 18:22:35 INFO  root:346 - multiplication tests status: passed
2021-01-21 18:22:36 INFO  root:402 - subtraction tests status: start
2021-01-21 18:23:08 INFO  root:476 - 23,62051355347514 - 743022117012733 =  = -743 022 117 012 709,4
2021-01-21 18:23:09 INFO  root:476 - 6154761307,43301 - 834637,7278816533 =  = 6 153 926 669,705128
2021-01-21 18:23:10 INFO  root:476 - 71,84150644674742 - 6,248024721721577 =  = 65,59348172502584
2021-01-21 18:23:11 INFO  root:476 - 443857551277614 - 667617432755630 =  = -223 759 881 478 016
2021-01-21 18:23:12 INFO  root:476 - 53,28561831486084 - 11675640462566,7 =  = -11 675 640 462 513,41
2021-01-21 18:23:13 INFO  root:476 - 60,7606508724476 - 363,87626260557 =  = -303,1156117331224
2021-01-21 18:23:14 INFO  root:476 - 83861,2560215423 - 2874152282462 =  = -2 874 152 198 600,744
2021-01-21 18:23:15 INFO  root:476 - 26545,01068618551 - 2828804,430333216 =  = -2 802 259,41964703
2021-01-21 18:23:17 INFO  root:476 - 7817,407312137421 - 63127,77506341506 =  = -55 310,36775127764
2021-01-21 18:23:18 INFO  root:476 - 7101821302,307645 - 678823478251107 =  = -678 816 376 429 804,7
2021-01-21 18:23:19 INFO  root:476 - 21166735,4570082 - 382321202267480 =  = -382 321 181 100 744,5
2021-01-21 18:23:20 INFO  root:476 - 8824,346070203568 - 162528836223,486 =  = -162 528 827 399,1399
2021-01-21 18:23:21 INFO  root:476 - 3830522505,2374 - 440,462647410288 =  = 3 830 522 064,774753
2021-01-21 18:23:22 INFO  root:476 - 584323220678068 - 187583427528522 =  = 396 739 793 149 546
2021-01-21 18:23:23 INFO  root:476 - 51454,46730748536 - 186734,2766742018 =  = -135 279,8093667164
2021-01-21 18:23:24 INFO  root:476 - 467685406013383 - 870747203,660882 =  = 467 684 535 266 179,3
2021-01-21 18:23:25 INFO  root:476 - 73,66484330137174 - 38083411012101 =  = -38 083 411 012 027,34
2021-01-21 18:23:26 INFO  root:476 - 46031,30136243413 - 4064623004,252078 =  = -4 064 576 972,950716
2021-01-21 18:23:28 INFO  root:476 - 7,7435520447716 - 2034201,505352616 =  = -2 034 193,761800571
2021-01-21 18:23:29 INFO  root:476 - 204,1717308414748 - 375371408362517 =  = -375 371 408 362 312,8
2021-01-21 18:23:30 INFO  root:479 - subtraction tests status: passed
2021-01-21 18:23:32 INFO  root:679 - oneDividedByX tests status: start
2021-01-21 18:23:57 INFO  root:351 - exponentOfTwo tests status: start
2021-01-21 18:24:08 INFO  root:394 - 227521001656455² = 5,17658061947566e+28
2021-01-21 18:24:09 INFO  root:394 - 420372444560.0287² = 1,767129921453744e+23
2021-01-21 18:24:10 INFO  root:394 - 7513.588408032167² = 56 454 010,76531535
2021-01-21 18:24:10 INFO  root:394 - 244150817213875.3² = 5,960962154620315e+28
2021-01-21 18:24:11 INFO  root:394 - 642701660334105² = 4,130654241962153e+29
2021-01-21 18:24:11 INFO  root:394 - 702057366083314² = 4,928845452718404e+29
2021-01-21 18:24:12 INFO  root:394 - 412240147817456² = 1,69941939472558e+29
2021-01-21 18:24:13 INFO  root:394 - 87185.00133101100² = 7 601 224 457,08839
2021-01-21 18:24:13 INFO  root:394 - 753283634320410² = 5,674362337349652e+29
2021-01-21 18:24:14 INFO  root:394 - 75505541.4130702² = 5 701 086 784 080 859
2021-01-21 18:24:14 INFO  root:394 - 7.344182348211627² = 53,93701436378325
2021-01-21 18:24:15 INFO  root:394 - 351222883.0353355² = 1,23357513567653e+17
2021-01-21 18:24:16 INFO  root:394 - 754530474068480² = 5,693162362980052e+29
2021-01-21 18:24:16 INFO  root:394 - 48.38688505082380² = 2 341,290644921636
2021-01-21 18:24:17 INFO  root:394 - 8.123202458166071² = 65,9864181763553
2021-01-21 18:24:17 INFO  root:394 - 0.32571400814374² = 0,1060896151010603
2021-01-21 18:24:18 INFO  root:394 - 5108330.876674672² = 26 095 044 345 587,82
2021-01-21 18:24:19 INFO  root:394 - 8806158753211.423² = 7,754843198676216e+25
2021-01-21 18:24:19 INFO  root:394 - 7741527123.142724² = 5,993124219835446e+19
2021-01-21 18:24:20 INFO  root:394 - 1045114476747² = 1,092264269506156e+24
2021-01-21 18:24:20 INFO  root:397 - exponentOfTwo tests status: passed
2021-01-21 18:25:04 INFO  root:583 - squareRoot tests status: start
2021-01-21 18:25:23 INFO  root:210 - division tests status: start
2021-01-21 18:25:39 INFO  root:262 - 6133807.310756332 / 476177144.7411408 = 0,012881355979592
2021-01-21 18:25:40 INFO  root:262 - 23084655474511 / 35572338.50434317 = 648 949,6177399892
2021-01-21 18:25:41 INFO  root:262 - 68.46024477384346 / 66166410.28285306 = 1,034667658124183e-6
2021-01-21 18:25:42 INFO  root:262 - 573078604004808 / 433784782733324 = 1,321112742576581
2021-01-21 18:25:43 INFO  root:262 - 700373044661461 / 628.7767357443503 = 1 113 866 027 235,175
2021-01-21 18:25:44 INFO  root:262 - 42130.40618446087 / 2464.824556427061 = 17,0926592217711
2021-01-21 18:25:45 INFO  root:262 - 5448612174.251648 / 171542321124317 = 3,176249533374933e-5
2021-01-21 18:25:46 INFO  root:262 - 2886324124.831453 / 51387130000605.40 = 5,616822976487398e-5
2021-01-21 18:25:47 INFO  root:262 - 841654152031658 / 3058043.326435258 = 275 226 366,0740114
2021-01-21 18:25:49 INFO  root:262 - 463140652270.5011 / 7.081756858513317 = 65 399 117 976,45773
2021-01-21 18:25:50 INFO  root:262 - 157677270515780 / 531473661278380 = 0,2966793690895444
2021-01-21 18:25:51 INFO  root:262 - 84705532100572 / 516486264418384 = 0,1640034555342126
2021-01-21 18:25:52 INFO  root:262 - 6086327150.556418 / 6564.420805677586 = 927 168,9507309368
2021-01-21 18:25:53 INFO  root:262 - 47.0150366265322 / 6.224287781415184 = 7,553480539076655
2021-01-21 18:25:54 INFO  root:262 - 75682206.4374786 / 2.66616118238237 = 28 386 208,20735682
2021-01-21 18:25:55 INFO  root:262 - 43282.77185855252 / 4070281.712732863 = 0,0106338516381196
2021-01-21 18:25:56 INFO  root:262 - 306045767.1173707 / 636417742228353 = 4,808881758163782e-7
2021-01-21 18:25:57 INFO  root:262 - 401133506268332 / 7.426057042305383 = 54 017 024 644 858,11
2021-01-21 18:25:58 INFO  root:262 - 833.700783603254 / 54.11658583333688 = 15,40564266509359
2021-01-21 18:26:00 INFO  root:262 - 52661801.71663002 / 88412577015112 = 5,956369952617573e-7
2021-01-21 18:26:01 INFO  root:265 - division tests status: passed
2021-01-21 18:26:10 INFO  root:484 - addition tests status: start
2021-01-21 18:32:36 INFO  root:484 - addition tests status: start
2021-01-21 18:32:53 INFO  root:679 - oneDividedByX tests status: start
2021-01-21 18:33:25 INFO  root:583 - squareRoot tests status: start
2021-01-21 18:33:55 INFO  root:484 - addition tests status: start
2021-01-21 18:34:48 INFO  root:679 - oneDividedByX tests status: start
2021-01-21 18:35:20 INFO  root:583 - squareRoot tests status: start
2021-01-21 18:40:00 INFO  root:484 - addition tests status: start
2021-01-21 18:41:00 INFO  root:575 - 884885001316504 * 508128733.3477854 = 884 885 509 445 237,3
2021-01-21 18:41:01 INFO  root:575 - 545.8151822114061 * 701260530301872 = 701 260 530 302 417,8
2021-01-21 18:41:02 INFO  root:575 - 46307.74484870032 * 11816202612.30473 = 11 816 248 920,04958
2021-01-21 18:41:04 INFO  root:575 - 5.501771804753444 * 76408.67620700321 = 76 414,17797880796
2021-01-21 18:41:05 INFO  root:575 - 307775673634601 * 68113747.44360222 = 307 775 741 748 348,4
2021-01-21 18:41:06 INFO  root:575 - 38303.42057451613 * 306280000246667 = 306 280 000 284 970,4
2021-01-21 18:41:07 INFO  root:575 - 3315612803010.721 * 3476.808418240842 = 3 315 612 806 487,529
2021-01-21 18:41:09 INFO  root:575 - 257507761710172 * 5767066863.216276 = 257 513 528 777 035,2
2021-01-21 18:41:10 INFO  root:575 - 22847035.01238108 * 3538600053.227513 = 3 561 447 088,239894
2021-01-21 18:41:11 INFO  root:575 - 2581627.422287152 * 381811274.3466637 = 384 392 901,7689509
2021-01-21 18:41:12 INFO  root:575 - 5742025.276211777 * 28554.62007122141 = 5 770 579,896282998
2021-01-21 18:41:14 INFO  root:575 - 1761235.588278024 * 557.0686021480651 = 1 761 792,656880172
2021-01-21 18:41:15 INFO  root:575 - 54075.26333274363 * 10203.14427306064 = 64 278,40760580427
2021-01-21 18:41:16 INFO  root:575 - 3.801010858583380 * 15524.31078507837 = 15 528,11179593695
2021-01-21 18:41:17 INFO  root:575 - 2.338303880427467 * 102078263547867 = 102 078 263 547 869,3
2021-01-21 18:41:19 INFO  root:575 - 474.0216310328125 * 16160765.47483253 = 16 161 239,49646356
2021-01-21 18:41:20 INFO  root:575 - 743004242714.2153 * 417367225031827 = 418 110 229 274 541,2
2021-01-21 18:41:21 INFO  root:575 - 416573634676252 * 266.7653640260605 = 416 573 634 676 518,8
2021-01-21 18:41:22 INFO  root:575 - 363431211147053 * 118004722767.5118 = 363 549 215 869 820,5
2021-01-21 18:41:23 INFO  root:575 - 870023.4707544707 * 71071348.37881123 = 71 941 371,8495657
2021-01-21 18:41:25 INFO  root:578 - addition tests status: passed
2021-01-21 18:41:53 INFO  root:270 - multiplication tests status: start
2021-01-21 18:42:26 INFO  root:343 - 0,687723605658076 * 84,70104408537616 =  = 58,25090744139854
2021-01-21 18:42:27 INFO  root:343 - 5853027613,256448 * 7260063,758705665 =  = 4,249335365370666e+16
2021-01-21 18:42:28 INFO  root:343 - 3000,130641711676 * 140220118873617 =  = 4,206786752171921e+17
2021-01-21 18:42:29 INFO  root:343 - 2180,632785856248 * 43731,77201462882 =  = 95 362 935,83869035
2021-01-21 18:42:31 INFO  root:343 - 23782042,8315286 * 47,18385442618023 =  = 1 122 128 446,920029
2021-01-21 18:42:32 INFO  root:343 - 2666,17707022272 * 608,0844082355042 =  = 1 621 260,705997453
2021-01-21 18:42:33 INFO  root:343 - 168564706467043 * 66060452,8735676 =  = 1,113546084771285e+22
2021-01-21 18:42:34 INFO  root:343 - 2,160517468480362 * 364386147,1310136 =  = 787 262 636,1488102
2021-01-21 18:42:36 INFO  root:343 - 7,586810251461801 * 786,0281538563566 =  = 5 963,446455615
2021-01-21 18:42:37 INFO  root:343 - 7108050,310456803 * 577065472025470 =  = 4,101810407584544e+21
2021-01-21 18:42:38 INFO  root:343 - 460777721647078 * 1812588233,513664 =  = 8,352002765227279e+23
2021-01-21 18:42:39 INFO  root:343 - 84162810278026,65 * 110225136077614 =  = 9,276857215569898e+27
2021-01-21 18:42:40 INFO  root:343 - 3282263755,426263 * 272081107345831 =  = 8,930419571774635e+23
2021-01-21 18:42:42 INFO  root:343 - 311517458386115,3 * 4765667,102640113 =  = 1,48458850332877e+21
2021-01-21 18:42:43 INFO  root:343 - 514811,384763187 * 3050,553556642677 =  = 1 570 459 700,789482
2021-01-21 18:42:44 INFO  root:343 - 580586434361370 * 776588668030,3226 =  = 4,508768457371706e+26
2021-01-21 18:42:45 INFO  root:343 - 438325160447151 * 201144,840685258 =  = 8,816684456648234e+19
2021-01-21 18:42:46 INFO  root:343 - 218474075141111 * 286521744356506 =  = 6,259757310610549e+28
2021-01-21 18:42:48 INFO  root:343 - 27,64506255035077 * 4413885448,712042 =  = 122 022 139 319,7275
2021-01-21 18:42:49 INFO  root:343 - 726735340261685 * 8,170034243055484 =  = 5 937 452 615 576 545
2021-01-21 18:42:50 INFO  root:346 - multiplication tests status: passed
2021-01-21 18:42:51 INFO  root:402 - subtraction tests status: start
2021-01-21 18:43:25 INFO  root:476 - 810,2015856406136 - 1083467577127,758 =  = -1 083 467 576 317,556
2021-01-21 18:43:27 INFO  root:476 - 5,776170372206513 - 1751,868312122434 =  = -1 746,092141750227
2021-01-21 18:43:28 INFO  root:476 - 4,434746330124048 - 473343433628506 =  = -473 343 433 628 501,6
2021-01-21 18:43:29 INFO  root:476 - 662,3103544523544 - 81,74715268648633 =  = 580,5632017658681
2021-01-21 18:43:30 INFO  root:476 - 54843776474676,33 - 86202882507353,7 =  = -31 359 106 032 677,37
2021-01-21 18:43:32 INFO  root:476 - 185,1483207317144 - 10512254,40848288 =  = -10 512 069,26016215
2021-01-21 18:43:33 INFO  root:476 - 68,45386652236633 - 4,835075387813543 =  = 63,61879113455279
2021-01-21 18:43:34 INFO  root:476 - 764,8302057088242 - 1046,421814313658 =  = -281,5916086048338
2021-01-21 18:43:36 INFO  root:476 - 564321,26841601 - 564414,858380664 =  = -93,589964654
2021-01-21 18:43:37 INFO  root:476 - 767262540158012 - 2,740224758727651 =  = 767 262 540 158 009,3
2021-01-21 18:43:38 INFO  root:476 - 7,472116410424444 - 3068680352,317844 =  = -3 068 680 344,845728
2021-01-21 18:43:39 INFO  root:476 - 235537378746184,3 - 1,88307238470037 =  = 235 537 378 746 182,4
2021-01-21 18:43:40 INFO  root:476 - 83514043824,48323 - 148525731110582 =  = -148 442 217 066 757,5
2021-01-21 18:43:42 INFO  root:476 - 26277032634518 - 34461071408,84812 =  = 26 242 571 563 109,15
2021-01-21 18:43:43 INFO  root:476 - 28,40681555104362 - 521120,2662754316 =  = -521 091,8594598806
2021-01-21 18:43:44 INFO  root:476 - 5432376,365335034 - 63,32050105486735 =  = 5 432 313,044833979
2021-01-21 18:43:45 INFO  root:476 - 35262,15764367074 - 7863,426802851373 =  = 27 398,73084081937
2021-01-21 18:43:47 INFO  root:476 - 243777668,5465484 - 83848,05786851185 =  = 243 693 820,4886799
2021-01-21 18:43:48 INFO  root:476 - 8771,557460115374 - 274447,8277542285 =  = -265 676,2702941131
2021-01-21 18:43:49 INFO  root:476 - 120844525555475 - 761737731180016,6 =  = -640 893 205 624 541,6
2021-01-21 18:43:50 INFO  root:479 - subtraction tests status: passed
2021-01-21 18:43:53 INFO  root:679 - oneDividedByX tests status: start
2021-01-21 18:44:22 INFO  root:351 - exponentOfTwo tests status: start
2021-01-21 18:44:34 INFO  root:394 - 34.25322726402515² = 1 173,283578000956
2021-01-21 18:44:34 INFO  root:394 - 104648315124371² = 1,095126985836966e+28
2021-01-21 18:44:35 INFO  root:394 - 645548804805630.6² = 4,167332593859782e+29
2021-01-21 18:44:36 INFO  root:394 - 3654264772088.256² = 1,335365102452523e+25
2021-01-21 18:44:36 INFO  root:394 - 4143601208614.606² = 1,716943097603242e+25
2021-01-21 18:44:37 INFO  root:394 - 2356500.430164483² = 5 553 094 277 365,393
2021-01-21 18:44:38 INFO  root:394 - 188667840.7855377² = 3,5595554146677e+16
2021-01-21 18:44:38 INFO  root:394 - 103572171131.8738² = 1,072719463297015e+22
2021-01-21 18:44:39 INFO  root:394 - 5.477331476533188² = 30,00116010382123
2021-01-21 18:44:40 INFO  root:394 - 6255.616610776826² = 39 132 739,18102694
2021-01-21 18:44:40 INFO  root:394 - 755173451484.1784² = 5,702869418265267e+23
2021-01-21 18:44:41 INFO  root:394 - 2651.360324405572² = 7 029 711,56983202
2021-01-21 18:44:42 INFO  root:394 - 684038777425670.4² = 4,679090490220058e+29
2021-01-21 18:44:42 INFO  root:394 - 230556528.3218356² = 5,315631275181738e+16
2021-01-21 18:44:43 INFO  root:394 - 11170050620.13682² = 1,24770030856419e+20
2021-01-21 18:44:44 INFO  root:394 - 551785.4336887855² = 304 467 164 831,1211
2021-01-21 18:44:44 INFO  root:394 - 425705.1401182623² = 181 224 866 323,1093
2021-01-21 18:44:45 INFO  root:394 - 86623750624.74472² = 7,503674172297961e+21
2021-01-21 18:44:46 INFO  root:394 - 504016508068.4012² = 2,540326404054647e+23
2021-01-21 18:44:46 INFO  root:394 - 584107628004615² = 3,411817210931777e+29
2021-01-21 18:44:47 INFO  root:397 - exponentOfTwo tests status: passed
2021-01-21 18:45:40 INFO  root:583 - squareRoot tests status: start
2021-01-21 18:45:52 INFO  root:610 - √(4434550,883652655)  = 2 105,837335515888
2021-01-21 18:45:52 INFO  root:610 - √(30180076,60643513)  = 5 493,639650216888
2021-01-21 18:45:53 INFO  root:610 - √(8,201154540441542)  = 2,863765797065385
2021-01-21 18:45:54 INFO  root:610 - √(48,85704035583233)  = 6,989781137906417
2021-01-21 18:45:55 INFO  root:610 - √(44,0246128781324)  = 6,635104586826978
2021-01-21 18:45:55 INFO  root:610 - √(377804873,0140223)  = 19 437,20332285543
2021-01-21 18:45:56 INFO  root:610 - √(26138223,73138447)  = 5 112,555499100667
2021-01-21 18:45:57 INFO  root:610 - √(82,25457766235126)  = 9,06943094479203
2021-01-21 18:45:58 INFO  root:610 - √(3055,724880787531)  = 55,2786114223895
2021-01-21 18:45:59 INFO  root:610 - √(6417,364276481154)  = 80,10845321488335
2021-01-21 18:45:59 INFO  root:610 - √(837243173402563)  = 28 935 154,62897275
2021-01-21 18:46:00 INFO  root:610 - √(4,663524322211471)  = 2,159519465578273
2021-01-21 18:46:01 INFO  root:610 - √(87641766,1685842)  = 9 361,718120547328
2021-01-21 18:46:02 INFO  root:610 - √(6,47367811473852)  = 2,54434237372617
2021-01-21 18:46:02 INFO  root:610 - √(433332480008031)  = 20 816 639,49844045
2021-01-21 18:46:03 INFO  root:610 - √(185128851211560)  = 13 606 206,34899971
2021-01-21 18:46:04 INFO  root:610 - √(7021522,45222884)  = 2 649,815550605144
2021-01-21 18:46:04 INFO  root:610 - √(5,638611484046678)  = 2,374576064068422
2021-01-21 18:46:05 INFO  root:610 - √(34272532156,41248)  = 185 128,4207149526
2021-01-21 18:46:06 INFO  root:610 - √(4228360,21716276)  = 2 056,29769662925
2021-01-21 18:46:07 INFO  root:613 - squareRoot tests status: passed
2021-01-21 18:46:20 INFO  root:210 - division tests status: start
2021-01-21 18:46:39 INFO  root:262 - 2720.332015600386 / 1458368.106660836 = 0,0018653260470904
2021-01-21 18:46:40 INFO  root:262 - 143068358140885 / 831526806510.872 = 172,0550161710444
2021-01-21 18:46:41 INFO  root:262 - 620651781356636 / 4402587.137527606 = 140 974 332,1298985
2021-01-21 18:46:42 INFO  root:262 - 764630143673874 / 10087.55256604208 = 75 799 371 420,16617
2021-01-21 18:46:43 INFO  root:262 - 738.4720400413285 / 52106244.05543877 = 1,417242891764807e-5
2021-01-21 18:46:45 INFO  root:262 - 878338806820645 / 478428085.4225468 = 1 835 884,709913921
2021-01-21 18:46:46 INFO  root:262 - 213.3830070653736 / 418632.0322717120 = 5,097149539834494e-4
2021-01-21 18:46:47 INFO  root:262 - 84857121812751.55 / 8606846071354.71 = 9,859258677249135
2021-01-21 18:46:48 INFO  root:262 - 14014.10748732316 / 244.873404634656 = 57,23001037304072
2021-01-21 18:46:50 INFO  root:262 - 74283063338.03701 / 7.656164867275840 = 9 702 385 544,953378
2021-01-21 18:46:51 INFO  root:262 - 215552552007.5503 / 333183170.7581038 = 646,9490986507384
2021-01-21 18:46:52 INFO  root:262 - 3831.657175384180 / 54.11116314763520 = 70,81084479610994
2021-01-21 18:46:54 INFO  root:262 - 666060853.3460608 / 784788.7614168455 = 848,7135469977486
2021-01-21 18:46:55 INFO  root:262 - 2251782.568626323 / 0.031737573405171 = 70 950 054,68374719
2021-01-21 18:46:56 INFO  root:262 - 357.6450253127275 / 45452667007346 = 7,868515729889412e-12
2021-01-21 18:46:57 INFO  root:262 - 543228245230171 / 204765642861111 = 2,652926719736051
2021-01-21 18:46:58 INFO  root:262 - 66071075714883 / 44.0246126424021 = 1 500 775 855 804,963
2021-01-21 18:46:59 INFO  root:262 - 244165335877.540 / 60.3876013081872 = 4 043 302 442,689286
2021-01-21 18:47:01 INFO  root:262 - 5.685430337532260 / 431034243333482 = 1,319020570978989e-14
2021-01-21 18:47:02 INFO  root:262 - 46236648053.27203 / 502711706643.5823 = 0,0919744804869909
2021-01-21 18:47:03 INFO  root:265 - division tests status: passed
2021-01-21 18:47:14 INFO  root:484 - addition tests status: start
2021-01-21 18:48:14 INFO  root:575 - 671.3615126130438 * 842456414.1607241 = 842 457 085,5222367
2021-01-21 18:48:15 INFO  root:575 - 504.3751362617265 * 862140.135030516 = 862 644,5101667777
2021-01-21 18:48:17 INFO  root:575 - 360243456058256 * 873188.4757614674 = 360 243 456 931 444,5
2021-01-21 18:48:18 INFO  root:575 - 305658528645623 * 40445.70021800371 = 305 658 528 686 068,7
2021-01-21 18:48:19 INFO  root:575 - 6.516570768551343 * 647165454631281.2 = 647 165 454 631 287,7
2021-01-21 18:48:20 INFO  root:575 - 571015.522587545 * 5663184.15803104 = 6 234 199,680618585
2021-01-21 18:48:21 INFO  root:575 - 62277.11282632476 * 81588458.41437557 = 81 650 735,52720189
2021-01-21 18:48:23 INFO  root:575 - 210574764710.7240 * 245168234268886 = 245 378 809 033 596,7
2021-01-21 18:48:24 INFO  root:575 - 16.24374530023870 * 23.436705250033 = 39,6804505502717
2021-01-21 18:48:25 INFO  root:575 - 0.77804272517167 * 352632645823427.2 = 352 632 645 823 428
2021-01-21 18:48:26 INFO  root:575 - 67.73171747648360 * 521551.1182227853 = 521 618,8499402618
2021-01-21 18:48:28 INFO  root:575 - 36410842581.82583 * 438.5654371372445 = 36 410 843 020,39127
2021-01-21 18:48:29 INFO  root:575 - 4.418485058871 * 8276.857650577872 = 8 281,276135636743
2021-01-21 18:48:30 INFO  root:575 - 5470.006703581703 * 8523060.507115812 = 8 528 530,513819394
2021-01-21 18:48:31 INFO  root:575 - 7004745385212.648 * 7600.821750777228 = 7 004 745 392 813,47
2021-01-21 18:48:33 INFO  root:575 - 337878387023333 * 758437046450463 = 1 096 315 433 473 796
2021-01-21 18:48:34 INFO  root:575 - 157186051384832 * 602850.8675431331 = 157 186 051 987 682,9
2021-01-21 18:48:35 INFO  root:575 - 0.300684251050106 * 867700440472873 = 867 700 440 472 873,3
2021-01-21 18:48:36 INFO  root:575 - 855.5330046076023 * 314428.1300274100 = 315 283,6630320176
2021-01-21 18:48:37 INFO  root:575 - 838246307125158 * 242401350446.6605 = 838 488 708 475 604,7
2021-01-21 18:48:39 INFO  root:578 - addition tests status: passed
2021-01-21 18:50:25 INFO  root:679 - oneDividedByX tests status: start
2021-01-21 18:52:24 INFO  root:679 - oneDividedByX tests status: start
2021-01-21 18:58:18 INFO  root:270 - multiplication tests status: start
2021-01-21 18:58:51 INFO  root:343 - 8,027841618781257 * 50,62301115458077 =  = 406,3935158147713
2021-01-21 18:58:52 INFO  root:343 - 5185538034557,634 * 668045754640666 =  = 3,464176669513931e+27
2021-01-21 18:58:54 INFO  root:343 - 414266111428025 * 25043875768,17703 =  = 1,037482902956924e+25
2021-01-21 18:58:55 INFO  root:343 - 8,887327151684665 * 227470880185453,8 =  = 2 021 608 129 689 793
2021-01-21 18:58:56 INFO  root:343 - 668203346708782 * 46156,27745667854 =  = 3,084177906817171e+19
2021-01-21 18:58:57 INFO  root:343 - 1126,323613270815 * 67335587612456,84 =  = 7,584166234137592e+16
2021-01-21 18:58:59 INFO  root:343 - 767778215,0808721 * 25,535667234717 =  = 19 605 729 010,37013
2021-01-21 18:59:00 INFO  root:343 - 1,428116123723105 * 24167335673,34638 =  = 34 513 761 742,53455
2021-01-21 18:59:01 INFO  root:343 - 2177253745017 * 7,422775085530781 =  = 16 161 264 853 390,78
2021-01-21 18:59:02 INFO  root:343 - 886332161203,514 * 753,1026463223142 =  = 667 499 096 122 942,4
2021-01-21 18:59:04 INFO  root:343 - 181727576,7073704 * 5548162,872617722 =  = 1 008 254 194 018 622
2021-01-21 18:59:05 INFO  root:343 - 415252368425286,7 * 3,636114787148187 =  = 1 509 905 277 229 492
2021-01-21 18:59:06 INFO  root:343 - 540776748,6457373 * 800523754400322 =  = 4,329046331182849e+23
2021-01-21 18:59:07 INFO  root:343 - 547863528470364 * 841233812733702 =  = 4,608813249128634e+29
2021-01-21 18:59:08 INFO  root:343 - 82656,433317127 * 46785468,7414115 =  = 3 867 119 977 235,009
2021-01-21 18:59:10 INFO  root:343 - 688566830184534 * 75,17380082523662 =  = 5,176218574715669e+16
2021-01-21 18:59:11 INFO  root:343 - 278,4534002664254 * 1,144672058683 =  = 318,7378269302506
2021-01-21 18:59:12 INFO  root:343 - 52654,11662866801 * 421135457,6514816 =  = 22 174 515 503 648,59
2021-01-21 18:59:13 INFO  root:343 - 15,2182585703518 * 371250764011313 =  = 5 649 790 121 164 818
2021-01-21 18:59:14 INFO  root:343 - 28730141,8730288 * 874,7600034774885 =  = 25 131 979 004,75941
2021-01-21 18:59:16 INFO  root:346 - multiplication tests status: passed
2021-01-21 18:59:16 INFO  root:402 - subtraction tests status: start
2021-01-21 18:59:51 INFO  root:476 - 244724750850646 - 0,168584166101768 =  = 244 724 750 850 645,8
2021-01-21 18:59:52 INFO  root:476 - 70,17860232163822 - 54233154,48534832 =  = -54 233 084,306746
2021-01-21 18:59:53 INFO  root:476 - 7272,0581383705 - 7311035,304674434 =  = -7 303 763,246536064
2021-01-21 18:59:54 INFO  root:476 - 66,5775370384185 - 101206210751655 =  = -101 206 210 751 588,4
2021-01-21 18:59:56 INFO  root:476 - 6068473,451453765 - 3,2476666077154 =  = 6 068 470,203787157
2021-01-21 18:59:57 INFO  root:476 - 83823472675446,02 - 702250875433030 =  = -618 427 402 757 584
2021-01-21 18:59:58 INFO  root:476 - 813672550,8865466 - 471,6487680527556 =  = 813 672 079,2377785
2021-01-21 18:59:59 INFO  root:476 - 2,281063046012747 - 31,51023627444073 =  = -29,22917322842798
2021-01-21 19:00:01 INFO  root:476 - 4057,32762281388 - 116300546,7215536 =  = -116 296 489,3939308
2021-01-21 19:00:02 INFO  root:476 - 6365221450,22026 - 48305443162636 =  = -48 299 077 941 185,78
2021-01-21 19:00:03 INFO  root:476 - 8,28361024361316 - 5135178,5641442 =  = -5 135 170,280533956
2021-01-21 19:00:04 INFO  root:476 - 510617,366280831 - 281,70825884024 =  = 510 335,6580219908
2021-01-21 19:00:05 INFO  root:476 - 626735443388042 - 158120280753837 =  = 468 615 162 634 205
2021-01-21 19:00:06 INFO  root:476 - 8,720041334375002 - 707654316330126 =  = -707 654 316 330 117,3
2021-01-21 19:00:08 INFO  root:476 - 310835883,1545236 - 677421121553641 =  = -677 420 810 717 757,8
2021-01-21 19:00:09 INFO  root:476 - 23865,77547814061 - 0,515821645825883 =  = 23 865,25965649478
2021-01-21 19:00:10 INFO  root:476 - 3,644187670768265 - 821,4116014161824 =  = -817,7674137454141
2021-01-21 19:00:11 INFO  root:476 - 82238204070727 - 80411702653662 =  = 1 826 501 417 065
2021-01-21 19:00:12 INFO  root:476 - 134377714865651 - 1664533,33560424 =  = 134 377 713 201 117,7
2021-01-21 19:00:14 INFO  root:476 - 3,823737600347054 - 243738741767,7385 =  = -243 738 741 763,9148
2021-01-21 19:00:15 INFO  root:479 - subtraction tests status: passed
2021-01-21 19:00:18 INFO  root:679 - oneDividedByX tests status: start
2021-01-21 19:01:00 INFO  root:763 - 1/(314503504,337655)  = 3,179614809399348e-9
2021-01-21 19:01:01 INFO  root:763 - 1/(5,020252230152114)  = 0,1991931787797244
2021-01-21 19:01:02 INFO  root:763 - 1/(60164552187,342)  = 1,66210827413154e-11
2021-01-21 19:01:02 INFO  root:763 - 1/(7074,872418435561)  = 1,413453050254617e-4
2021-01-21 19:01:03 INFO  root:763 - 1/(0,55203342533011)  = 1,811484511833701
2021-01-21 19:01:04 INFO  root:763 - 1/(1037,013212087867)  = 9,643078683507353e-4
2021-01-21 19:01:04 INFO  root:763 - 1/(84,1158318376831)  = 0,0118883684337769
2021-01-21 19:01:05 INFO  root:763 - 1/(3131152154,70153)  = 3,193712571579974e-10
2021-01-21 19:01:06 INFO  root:763 - 1/(255457087501518)  = 3,914551793338119e-15
2021-01-21 19:01:06 INFO  root:763 - 1/(114533200818382)  = 8,731092756114654e-15
2021-01-21 19:01:07 INFO  root:763 - 1/(525,8685175381707)  = 0,0019016160250122
2021-01-21 19:01:08 INFO  root:763 - 1/(16770,48456027678)  = 5,962856925247341e-5
2021-01-21 19:01:08 INFO  root:763 - 1/(5331,173500415035)  = 1,875759623884215e-4
2021-01-21 19:01:09 INFO  root:763 - 1/(7,303127150560818)  = 0,1369276447450608
2021-01-21 19:01:10 INFO  root:763 - 1/(21,71035033778702)  = 0,0460609794149426
2021-01-21 19:01:10 INFO  root:763 - 1/(8,172586227416642)  = 0,1223602874504146
2021-01-21 19:01:11 INFO  root:763 - 1/(762042226763367)  = 1,312263238019387e-15
2021-01-21 19:01:12 INFO  root:763 - 1/(3383643405,435407)  = 2,955394171837443e-10
2021-01-21 19:01:12 INFO  root:763 - 1/(26547401,4133123)  = 3,766847023673458e-8
2021-01-21 19:01:13 INFO  root:763 - 1/(1644,03715760025)  = 6,082587582507374e-4
2021-01-21 19:01:14 INFO  root:766 - oneDividedByX tests status: passed
2021-01-21 19:01:14 INFO  root:351 - exponentOfTwo tests status: start
2021-01-21 19:01:26 INFO  root:394 - 85.78186647185881² = 7 358,528615395815
2021-01-21 19:01:27 INFO  root:394 - 66800437872152.44² = 4,462298499911298e+27
2021-01-21 19:01:28 INFO  root:394 - 704762.0888430144² = 496 689 601 870,3689
2021-01-21 19:01:28 INFO  root:394 - 34842.32616204074² = 1 213 987 692,382029
2021-01-21 19:01:29 INFO  root:394 - 1364628.834121703² = 1 862 211 854 916,358
2021-01-21 19:01:30 INFO  root:394 - 785.2354236481530² = 616 594,6705518943
2021-01-21 19:01:30 INFO  root:394 - 5848.160460105² = 34 200 980,76713553
2021-01-21 19:01:31 INFO  root:394 - 728.20434206006² = 530 281,5637951249
2021-01-21 19:01:32 INFO  root:394 - 518532.2157112773² = 268 875 658 730,4466
2021-01-21 19:01:32 INFO  root:394 - 212.3755740331877² = 45 103,38444592599
2021-01-21 19:01:33 INFO  root:394 - 2.537330100254303² = 6,438044037656511
2021-01-21 19:01:34 INFO  root:394 - 3613347057.040148² = 1,30562769546207e+19
2021-01-21 19:01:34 INFO  root:394 - 73.12623082202002² = 5 347,445634235351
2021-01-21 19:01:35 INFO  root:394 - 4313872.528751472² = 18 609 496 194 316,62
2021-01-21 19:01:36 INFO  root:394 - 277547.5013006051² = 77 032 615 478,20939
2021-01-21 19:01:36 INFO  root:394 - 70.88275073363321² = 5 024,364351566379
2021-01-21 19:01:37 INFO  root:394 - 4485.274543778675² = 20 117 687,733069
2021-01-21 19:01:38 INFO  root:394 - 15704513.81766481² = 246 631 754 249 224,9
2021-01-21 19:01:38 INFO  root:394 - 587335.833747141² = 344 963 381 603,4493
2021-01-21 19:01:39 INFO  root:394 - 453.6333517401401² = 205 783,2178109937
2021-01-21 19:01:40 INFO  root:397 - exponentOfTwo tests status: passed
2021-01-21 19:02:33 INFO  root:583 - squareRoot tests status: start
2021-01-21 19:02:44 INFO  root:610 - √(2,552710778470486)  = 1,59772049447658
2021-01-21 19:02:45 INFO  root:610 - √(208102034343,2226)  = 456 182,0188731934
2021-01-21 19:02:46 INFO  root:610 - √(70186175,8716615)  = 8 377,71901364933
2021-01-21 19:02:47 INFO  root:610 - √(583228134704808)  = 24 150 116,66027326
2021-01-21 19:02:48 INFO  root:610 - √(6,3268672360545)  = 2,515326467092194
2021-01-21 19:02:48 INFO  root:610 - √(246,634808683438)  = 15,70461106437972
2021-01-21 19:02:49 INFO  root:610 - √(8450553873456,55)  = 2 906 983,638319375
2021-01-21 19:02:50 INFO  root:610 - √(76520766,72416624)  = 8 747,614916316689
2021-01-21 19:02:51 INFO  root:610 - √(28700,5206715422)  = 169,4122801674725
2021-01-21 19:02:51 INFO  root:610 - √(84736263821102,57)  = 9 205 230,242699124
2021-01-21 19:02:52 INFO  root:610 - √(442,8830637346072)  = 21,04478709169107
2021-01-21 19:02:53 INFO  root:610 - √(755486310732,7011)  = 869 187,1551816105
2021-01-21 19:02:54 INFO  root:610 - √(854613372454766)  = 29 233 771,09534051
2021-01-21 19:02:54 INFO  root:610 - √(3,501584132410885)  = 1,871252022687186
2021-01-21 19:02:55 INFO  root:610 - √(3433,431126057802)  = 58,59548724993932
2021-01-21 19:02:56 INFO  root:610 - √(0,3415142887227)  = 0,5843922387598076
2021-01-21 19:02:57 INFO  root:610 - √(1,316530277766571)  = 1,147401532928456
2021-01-21 19:02:57 INFO  root:610 - √(81025446,15133367)  = 9 001,413564065017
2021-01-21 19:02:58 INFO  root:610 - √(681545630215872,5)  = 26 106 428,90584372
2021-01-21 19:02:59 INFO  root:610 - √(31085784203,43078)  = 176 311,6110851205
2021-01-21 19:03:00 INFO  root:613 - squareRoot tests status: passed
2021-01-21 19:03:13 INFO  root:210 - division tests status: start
2021-01-21 19:03:32 INFO  root:262 - 647208358222.5473 / 43.26770111105457 = 14 958 233 083,87398
2021-01-21 19:03:33 INFO  root:262 - 1852368554534.277 / 1017.234438611771 = 1 820 984 902,027325
2021-01-21 19:03:35 INFO  root:262 - 448844.5418306380 / 288661001044853 = 1,554919231229629e-9
2021-01-21 19:03:36 INFO  root:262 - 271738531504272 / 67003.38885602110 = 4 055 593 845,97982
2021-01-21 19:03:37 INFO  root:262 - 717060.1228010548 / 664185422861143 = 1,079608341466064e-9
2021-01-21 19:03:38 INFO  root:262 - 51336277154208 / 32383738165116.87 = 1,585248648332589
2021-01-21 19:03:39 INFO  root:262 - 7.776565114568220 / 547263.6820046423 = 1,420990533499764e-5
2021-01-21 19:03:41 INFO  root:262 - 740521377160850 / 852650325745757 = 0,8684936307426667
2021-01-21 19:03:42 INFO  root:262 - 1.531115262803771 / 387107142082.6228 = 3,955275158619975e-12
2021-01-21 19:03:43 INFO  root:262 - 62851430254831 / 76.74847073540676 = 818 927 460 737,4741
2021-01-21 19:03:44 INFO  root:262 - 50.86574837321762 / 2.11768085361685 = 24,01955341209347
2021-01-21 19:03:45 INFO  root:262 - 1.882714765261148 / 864320826764.4307 = 2,178259168310286e-12
2021-01-21 19:03:47 INFO  root:262 - 486731.6104121014 / 12842.36821882340 = 37,90045590646482
2021-01-21 19:03:48 INFO  root:262 - 270332025171845.8 / 8135.847400512485 = 33 227 273 308,3486
2021-01-21 19:03:49 INFO  root:262 - 84731552.12474644 / 4173465.588347817 = 20,30244417524712
2021-01-21 19:03:51 INFO  root:262 - 304508038.5561310 / 7153770851.465604 = 0,0425660878547355
2021-01-21 19:03:52 INFO  root:262 - 26153440468541.46 / 8668827.127330012 = 3 016 952,591670459
2021-01-21 19:03:53 INFO  root:262 - 17.51171550833105 / 644276.7843711415 = 2,718042296902517e-5
2021-01-21 19:03:55 INFO  root:262 - 1.356621642553268 / 7121878.448350548 = 1,904864920669162e-7
2021-01-21 19:03:56 INFO  root:262 - 25.22058885820412 / 22078218177.16145 = 1,142328998464797e-9
2021-01-21 19:03:57 INFO  root:265 - division tests status: passed
2021-01-21 19:04:08 INFO  root:484 - addition tests status: start
2021-01-21 19:05:09 INFO  root:575 - 463730.3341100224 * 2611.2764328757 = 466 341,6105428981
2021-01-21 19:05:10 INFO  root:575 - 3.363805461517504 * 388268601.3032458 = 388 268 604,6670513
2021-01-21 19:05:11 INFO  root:575 - 180.4773013661742 * 1013640442138.252 = 1 013 640 442 318,729
2021-01-21 19:05:12 INFO  root:575 - 624.7367606230617 * 18311263876074 = 18 311 263 876 698,74
2021-01-21 19:05:14 INFO  root:575 - 3333.673632268126 * 311.0618102238170 = 3 644,735442491943
2021-01-21 19:05:15 INFO  root:575 - 445804150801511 * 556371667840527 = 1 002 175 818 642 038
2021-01-21 19:05:16 INFO  root:575 - 128.8476480038065 * 436485284.6255817 = 436 485 413,4732297
2021-01-21 19:05:17 INFO  root:575 - 275082682686716 * 6.704508272674376 = 275 082 682 686 722,7
2021-01-21 19:05:18 INFO  root:575 - 341840560431340.4 * 463140716483445 = 804 981 276 914 785,4
2021-01-21 19:05:20 INFO  root:575 - 770151128587355 * 124825445405647 = 894 976 573 993 002
2021-01-21 19:05:21 INFO  root:575 - 6.614054547750486 * 810851616317811 = 810 851 616 317 817,6
2021-01-21 19:05:22 INFO  root:575 - 14152333862278.38 * 1.271568777702523 = 14 152 333 862 279,65
2021-01-21 19:05:23 INFO  root:575 - 71.15505462758407 * 85135288.42856073 = 85 135 359,58361536
2021-01-21 19:05:25 INFO  root:575 - 525128540535.7846 * 55230166706.51865 = 580 358 707 242,3033
2021-01-21 19:05:26 INFO  root:575 - 15723.66608404604 * 203727327418471 = 203 727 327 434 194,7
2021-01-21 19:05:27 INFO  root:575 - 533375747605218 * 46.47714465747720 = 533 375 747 605 264,5
2021-01-21 19:05:28 INFO  root:575 - 36563233484.25655 * 51678328518.17706 = 88 241 562 002,43361
2021-01-21 19:05:30 INFO  root:575 - 37272441823657.37 * 3.116436555860441 = 37 272 441 823 660,49
2021-01-21 19:05:31 INFO  root:575 - 5722.232021237760 * 474075457646.2842 = 474 075 463 368,5162
2021-01-21 19:05:32 INFO  root:575 - 5.123857176276655 * 844176377012071 = 844 176 377 012 076,1
2021-01-21 19:05:33 INFO  root:578 - addition tests status: passed
2021-01-21 19:07:17 INFO  root:679 - oneDividedByX tests status: start
2021-01-21 19:11:59 INFO  root:679 - oneDividedByX tests status: start
2021-01-21 19:38:02 INFO  root:679 - oneDividedByX tests status: start
2021-01-21 19:47:44 INFO  root:270 - multiplication tests status: start
2021-01-21 19:48:08 INFO  root:402 - subtraction tests status: start
2021-01-21 19:48:39 INFO  root:476 - 46364675845,56175 - 601768,2846326344 =  = 46 364 074 077,27712
2021-01-21 19:48:40 INFO  root:476 - 866225822088586 - 68138,00742882433 =  = 866 225 822 020 448
2021-01-21 19:48:41 INFO  root:476 - 133256,536101712 - 47280,58830002032 =  = 85 975,94780169168
2021-01-21 19:48:42 INFO  root:476 - 811528,668706537 - 220722420603714 =  = -220 722 419 792 185,3
2021-01-21 19:48:43 INFO  root:476 - 751,4024622607816 - 5,148778668006164 =  = 746,2536835927754
2021-01-21 19:48:44 INFO  root:476 - 755574687323427 - 530080326430532 =  = 225 494 360 892 895
2021-01-21 19:48:45 INFO  root:476 - 2,158045313062406 - 53728754448,51125 =  = -53 728 754 446,3532
2021-01-21 19:48:46 INFO  root:476 - 55635653342454,53 - 8556742148,45543 =  = 55 627 096 600 306,07
2021-01-21 19:48:47 INFO  root:476 - 722268754320,8603 - 3,57061334077143 =  = 722 268 754 317,2897
2021-01-21 19:48:48 INFO  root:476 - 233416180368,6602 - 87141113763227 =  = -86 907 697 582 858,34
2021-01-21 19:48:49 INFO  root:476 - 0,782446682686828 - 6283830468,458637 =  = -6 283 830 467,67619
2021-01-21 19:48:51 INFO  root:476 - 641203716300605 - 25,10805531367705 =  = 641 203 716 300 579,9
2021-01-21 19:48:52 INFO  root:476 - 58640656570,72414 - 714578420735,7278 =  = -655 937 764 165,0037
2021-01-21 19:48:53 INFO  root:476 - 80,4366538683561 - 3880355,437333781 =  = -3 880 275,000679913
2021-01-21 19:48:54 INFO  root:476 - 627145207,0787587 - 4670173713762,583 =  = -4 669 546 568 555,504
2021-01-21 19:48:55 INFO  root:476 - 756773066145430 - 6875826,823733684 =  = 756 773 059 269 603,2
2021-01-21 19:48:56 INFO  root:476 - 31141044273804 - 214726871878158 =  = -183 585 827 604 354
2021-01-21 19:48:57 INFO  root:476 - 1241746178468,722 - 674202,8684048262 =  = 1 241 745 504 265,854
2021-01-21 19:48:58 INFO  root:476 - 8747,56378845504 - 333,6117841502606 =  = 8 413,952004304779
2021-01-21 19:48:59 INFO  root:476 - 475553,1666572225 - 834327140414825 =  = -834 327 139 939 271,8
2021-01-21 19:49:00 INFO  root:479 - subtraction tests status: passed
2021-01-21 19:49:03 INFO  root:679 - oneDividedByX tests status: start
2021-01-21 19:49:39 INFO  root:763 - 1/(74511844,00514785)  = 1,34206851722917e-8
2021-01-21 19:49:39 INFO  root:763 - 1/(724136,4842426157)  = 1,380955140032633e-6
2021-01-21 19:49:40 INFO  root:763 - 1/(3548,568844767832)  = 2,818037478614638e-4
2021-01-21 19:49:41 INFO  root:763 - 1/(3306844837855,37)  = 3,024030606312157e-13
2021-01-21 19:49:41 INFO  root:763 - 1/(2012216,853172466)  = 4,969643298749822e-7
2021-01-21 19:49:42 INFO  root:763 - 1/(35,26383754128527)  = 0,0283576624021491
2021-01-21 19:49:42 INFO  root:763 - 1/(83,632362012286)  = 0,0119570938323265
2021-01-21 19:49:43 INFO  root:763 - 1/(4453837,421100145)  = 2,24525483409538e-7
2021-01-21 19:49:44 INFO  root:763 - 1/(637176327278866)  = 1,56942428208313e-15
2021-01-21 19:49:44 INFO  root:763 - 1/(61244718,16105207)  = 1,632793863742424e-8
2021-01-21 19:49:45 INFO  root:763 - 1/(4616175007858,314)  = 2,166295684842227e-13
2021-01-21 19:49:45 INFO  root:763 - 1/(4353148037,455311)  = 2,297188130051656e-10
2021-01-21 19:49:46 INFO  root:763 - 1/(176065428266422)  = 5,679706742239034e-15
2021-01-21 19:49:47 INFO  root:763 - 1/(17,43651771622411)  = 0,0573509009238429
2021-01-21 19:49:47 INFO  root:763 - 1/(4,563057374000406)  = 0,2191513097551315
2021-01-21 19:49:48 INFO  root:763 - 1/(5,614125360773384)  = 0,1781221358160487
2021-01-21 19:49:48 INFO  root:763 - 1/(87223224217,111)  = 1,146483644666537e-11
2021-01-21 19:49:49 INFO  root:763 - 1/(7775622,811004483)  = 1,286070613642351e-7
2021-01-21 19:49:50 INFO  root:763 - 1/(464676276821641)  = 2,152035836302947e-15
2021-01-21 19:49:50 INFO  root:763 - 1/(616476247245882)  = 1,622122513993875e-15
2021-01-21 19:49:51 INFO  root:766 - oneDividedByX tests status: passed
2021-01-21 19:49:51 INFO  root:351 - exponentOfTwo tests status: start
2021-01-21 19:50:02 INFO  root:394 - 8.106371305534402² = 65,71325574319153
2021-01-21 19:50:03 INFO  root:394 - 77.08852114584267² = 5 942,640092453032
2021-01-21 19:50:03 INFO  root:394 - 45288253775524² = 2,051025930036264e+27
2021-01-21 19:50:04 INFO  root:394 - 22550360355314² = 5,085187521545174e+26
2021-01-21 19:50:04 INFO  root:394 - 113626265342563² = 1,291092817569853e+28
2021-01-21 19:50:05 INFO  root:394 - 178040550557.0316² = 3,169843764265093e+22
2021-01-21 19:50:06 INFO  root:394 - 384742135448331² = 1,480265107893419e+29
2021-01-21 19:50:06 INFO  root:394 - 25.25416221841683² = 637,7727093541121
2021-01-21 19:50:07 INFO  root:394 - 553754774120762² = 3,066443498615361e+29
2021-01-21 19:50:07 INFO  root:394 - 6427.147387771451² = 41 308 223,54413739
2021-01-21 19:50:08 INFO  root:394 - 541404118.4042774² = 2,931184194251128e+17
2021-01-21 19:50:08 INFO  root:394 - 785457432778060² = 6,169433787063006e+29
2021-01-21 19:50:09 INFO  root:394 - 720.2183330266035² = 518 714,4472276195
2021-01-21 19:50:10 INFO  root:394 - 666504804.1211277² = 4,442286539165428e+17
2021-01-21 19:50:10 INFO  root:394 - 864717.8848001560² = 747 737 020 293,2559
2021-01-21 19:50:11 INFO  root:394 - 80152373314325.7² = 6,424402947919031e+27
2021-01-21 19:50:11 INFO  root:394 - 444866.6540511672² = 197 906 339 886,6809
2021-01-21 19:50:12 INFO  root:394 - 76863352266610² = 5,907974921660981e+27
2021-01-21 19:50:12 INFO  root:394 - 2174212.643651373² = 4 727 200 619 813,492
2021-01-21 19:50:13 INFO  root:394 - 306.2305116185043² = 93 777,1262461309
2021-01-21 19:50:14 INFO  root:397 - exponentOfTwo tests status: passed
2021-01-21 19:50:58 INFO  root:583 - squareRoot tests status: start
2021-01-21 19:51:08 INFO  root:610 - √(7,242123315866543)  = 2,691119342553679
2021-01-21 19:51:09 INFO  root:610 - √(22727675484,53764)  = 150 757,0080776932
2021-01-21 19:51:10 INFO  root:610 - √(17541,42533762024)  = 132,4440460633102
2021-01-21 19:51:10 INFO  root:610 - √(6315838554,27583)  = 79 472,25021525331
2021-01-21 19:51:11 INFO  root:610 - √(7321144853,626268)  = 85 563,68887341328
2021-01-21 19:51:11 INFO  root:610 - √(8275550,886436606)  = 2 876,725723185408
2021-01-21 19:51:12 INFO  root:610 - √(2884,43266543787)  = 53,70691450304951
2021-01-21 19:51:13 INFO  root:610 - √(51,68348485607221)  = 7,189122676382161
2021-01-21 19:51:13 INFO  root:610 - √(676741111603346)  = 26 014 248,2421335
2021-01-21 19:51:14 INFO  root:610 - √(6518568,732745075)  = 2 553,148787819675
2021-01-21 19:51:14 INFO  root:610 - √(467477602117731)  = 21 621 230,35624317
2021-01-21 19:51:15 INFO  root:610 - √(87,66211588666464)  = 9,362804915550929
2021-01-21 19:51:16 INFO  root:610 - √(0,742861880401116)  = 0,8618943557078884
2021-01-21 19:51:16 INFO  root:610 - √(181070184817838)  = 13 456 232,19247639
2021-01-21 19:51:17 INFO  root:610 - √(255667406567,0258)  = 505 635,6460605065
2021-01-21 19:51:18 INFO  root:610 - √(417541627888362)  = 20 433 835,36902365
2021-01-21 19:51:18 INFO  root:610 - √(823516404056142,7)  = 28 696 975,52105697
2021-01-21 19:51:19 INFO  root:610 - √(41,87705113670624)  = 6,471248035480192
2021-01-21 19:51:19 INFO  root:610 - √(3178685,21131138)  = 1 782,886763457337
2021-01-21 19:51:20 INFO  root:610 - √(270134422211671,7)  = 16 435 766,55382011
2021-01-21 19:51:21 INFO  root:613 - squareRoot tests status: passed
2021-01-21 19:51:32 INFO  root:210 - division tests status: start
2021-01-21 19:51:47 INFO  root:262 - 830732161036.4655 / 734042155117040 = 0,0011317226881936
2021-01-21 19:51:48 INFO  root:262 - 550076411665554 / 333.3078760250540 = 1 650 355 275 805,742
2021-01-21 19:51:49 INFO  root:262 - 747587853.6544744 / 52278283.53170825 = 14,30016066233394
2021-01-21 19:51:50 INFO  root:262 - 3321734137305.112 / 18.3778517884884 = 180 746 595 169,8334
2021-01-21 19:51:52 INFO  root:262 - 8316316.875276281 / 1.124075844406565 = 7 398 359,209174828
2021-01-21 19:51:53 INFO  root:262 - 31.28156054608773 / 4.362252138623604 = 7,170965719546376
2021-01-21 19:51:54 INFO  root:262 - 6.505352188358005 / 76.77851080664313 = 0,0847288143519858
2021-01-21 19:51:55 INFO  root:262 - 783076361.0313441 / 427.5327065203651 = 1 831 617,439060286
2021-01-21 19:51:56 INFO  root:262 - 16.07512107506736 / 42586.83625751152 = 3,774669002849915e-4
2021-01-21 19:51:57 INFO  root:262 - 280167806583714 / 6.720610587565730 = 41 687 850 074 526,26
2021-01-21 19:51:58 INFO  root:262 - 100306842.1743884 / 131282662.0514715 = 0,7640524697393893
2021-01-21 19:51:59 INFO  root:262 - 31.16788624012716 / 250008360303.1408 = 1,246673759322904e-10
2021-01-21 19:52:00 INFO  root:262 - 282.0178363282186 / 727661342462217 = 3,875674298897664e-13
2021-01-21 19:52:02 INFO  root:262 - 770274784.4405622 / 63512267.06455227 = 12,12796865930914
2021-01-21 19:52:03 INFO  root:262 - 0.303885144287088 / 532744055836103 = 5,704148942781959e-16
2021-01-21 19:52:04 INFO  root:262 - 2555.863121548008 / 80145747014.8751 = 3,189019026890645e-8
2021-01-21 19:52:05 INFO  root:262 - 3.346434734683171 / 86428034.71012666 = 3,871932002048721e-8
2021-01-21 19:52:06 INFO  root:262 - 441027077.8650438 / 253.1225323778208 = 1 742 346,181993586
2021-01-21 19:52:07 INFO  root:262 - 15485.52084861055 / 375018.0344106678 = 0,0412927364225182
2021-01-21 19:52:08 INFO  root:262 - 76.36253637320475 / 862818574.0136566 = 8,850358426799015e-8
2021-01-21 19:52:09 INFO  root:265 - division tests status: passed
2021-01-21 19:52:18 INFO  root:484 - addition tests status: start
2021-01-21 19:53:12 INFO  root:575 - 7783.362846784711 * 6158258.628172366 = 6 166 041,991019151
2021-01-21 19:53:13 INFO  root:575 - 483.6648321023155 * 33025.47016663125 = 33 509,13499873357
2021-01-21 19:53:14 INFO  root:575 - 36072877.13008078 * 56.25183044334411 = 36 072 933,38191122
2021-01-21 19:53:15 INFO  root:575 - 150300746121017.2 * 77062426.7217812 = 150 300 823 183 443,9
2021-01-21 19:53:16 INFO  root:575 - 162525060543348 * 273182742168251 = 435 707 802 711 599
2021-01-21 19:53:17 INFO  root:575 - 6245007682.214118 * 1722200473.535278 = 7 967 208 155,749396
2021-01-21 19:53:18 INFO  root:575 - 413178466188074 * 370434.6037342354 = 413 178 466 558 508,6
2021-01-21 19:53:19 INFO  root:575 - 83554628.65047186 * 104324702852634 = 104 324 786 407 262,7
2021-01-21 19:53:20 INFO  root:575 - 48623144776801.24 * 307753757264638 = 356 376 902 041 439,2
2021-01-21 19:53:21 INFO  root:575 - 4.157711261403325 * 53050532.46823684 = 53 050 536,6259481
2021-01-21 19:53:23 INFO  root:575 - 68581148637.7705 * 272622104255830 = 272 690 685 404 467,8
2021-01-21 19:53:24 INFO  root:575 - 433618461.3805733 * 434.3324655031316 = 433 618 895,7130388
2021-01-21 19:53:25 INFO  root:575 - 4.750080650601312 * 2255163788260.884 = 2 255 163 788 265,634
2021-01-21 19:53:26 INFO  root:575 - 703.5306400541144 * 5643653158.163635 = 5 643 653 861,694275
2021-01-21 19:53:27 INFO  root:575 - 480866331633674 * 3388858.550216872 = 480 866 335 022 532,6
2021-01-21 19:53:28 INFO  root:575 - 58676.34202212462 * 64363.07852186178 = 123 039,4205439864
2021-01-21 19:53:29 INFO  root:575 - 80.40053405601471 * 7.470525800831708 = 87,87105985684642
2021-01-21 19:53:30 INFO  root:575 - 2.42524277641177 * 3338.583761755534 = 3 341,009004531946
2021-01-21 19:53:31 INFO  root:575 - 5662.577040414004 * 81520828877841 = 81 520 828 883 503,58
2021-01-21 19:53:32 INFO  root:575 - 581521.6104378470 * 15230.01120072407 = 596 751,6216385711
2021-01-21 19:53:33 INFO  root:578 - addition tests status: passed
2021-01-21 19:55:57 INFO  root:270 - multiplication tests status: start
2021-01-21 19:56:28 INFO  root:343 - 851471026753426 * 406460753306615 =  = 3,460895549529545e+29
2021-01-21 19:56:29 INFO  root:343 - 7,235323742343152 * 1080425672,266341 =  = 7 817 229 518,385718
2021-01-21 19:56:30 INFO  root:343 - 274316024,06636 * 56044830,68620673 =  = 1,537399512331256e+16
2021-01-21 19:56:31 INFO  root:343 - 400343688,732036 * 782721,502342435 =  = 313 357 613 497 651,4
2021-01-21 19:56:32 INFO  root:343 - 284,55426223777 * 4150,208278232606 =  = 1 180 959,454745565
2021-01-21 19:56:34 INFO  root:343 - 4,826600413075272 * 3406,416837710144 =  = 16 441,41291599834
2021-01-21 19:56:35 INFO  root:343 - 5613753,71058304 * 860514,4730054023 =  = 4 830 716 315 844,486
2021-01-21 19:56:36 INFO  root:343 - 432372752707355 * 808725667343,575 =  = 3,496709429744342e+26
2021-01-21 19:56:37 INFO  root:343 - 2,343610035327414 * 83,81070535503436 =  = 196,4196101379276
2021-01-21 19:56:38 INFO  root:343 - 58,2465484631568 * 32,3563124052507 =  = 1 884,643518601476
2021-01-21 19:56:39 INFO  root:343 - 847,5540572353468 * 56,0338608686628 =  = 47 491,72612179609
2021-01-21 19:56:40 INFO  root:343 - 1784753707457,153 * 1,867341453470638 =  = 3 332 744 582 170,15
2021-01-21 19:56:42 INFO  root:343 - 62,61533153820167 * 26,33507422436822 =  = 1 648,979403641965
2021-01-21 19:56:43 INFO  root:343 - 87224603246041 * 8,470450720383761 =  = 738 831 703 400 615,7
2021-01-21 19:56:44 INFO  root:343 - 1,022572647705657 * 2025111006,403004 =  = 2 070 823 123,715388
2021-01-21 19:56:45 INFO  root:343 - 305358,0642587445 * 8,453037777321072 =  = 2 581 203,252788803
2021-01-21 19:56:46 INFO  root:343 - 175304133574232 * 5801277,884458864 =  = 1,016987993158415e+21
2021-01-21 19:56:47 INFO  root:343 - 52,75772636231704 * 47130200,77233638 =  = 2 486 482 235,747986
2021-01-21 19:56:48 INFO  root:343 - 178221875483810 * 432,2385408738547 =  = 7,703436341092385e+16
2021-01-21 19:56:49 INFO  root:343 - 6,502251287604523 * 2,303438627342322 =  = 14,97753678055461
2021-01-21 19:56:50 INFO  root:346 - multiplication tests status: passed
2021-01-22 14:40:45 INFO  root:351 - exponentOfTwo tests status: start
2021-01-22 14:40:47 INFO  root:394 - 22333.8688860130² = 498 801 699,4176196
2021-01-22 14:40:47 INFO  root:394 - 8.21043112688758² = 67,41117928936446
2021-01-22 14:40:48 INFO  root:394 - 548068.4687136553² = 300 379 046 398,131
2021-01-22 14:40:49 INFO  root:394 - 11460727124342.2² = 1,31348266218633e+26
2021-01-22 14:40:49 INFO  root:394 - 4407071.167434455² = 19 422 276 274 832,09
2021-01-22 14:40:50 INFO  root:394 - 576160646323018² = 3,319610903713578e+29
2021-01-22 14:40:50 INFO  root:394 - 20.72452756111544² = 429,5060426314335
2021-01-22 14:40:51 INFO  root:394 - 4124772.165867700² = 17 013 745 420 316,92
2021-01-22 14:40:52 INFO  root:394 - 76304.64126421467² = 5 822 398 278,460492
2021-01-22 14:40:52 INFO  root:394 - 4.506423110030565² = 20,30784924661755
2021-01-22 14:40:53 INFO  root:394 - 1.01025368364751² = 1,020612505323363
2021-01-22 14:40:54 INFO  root:394 - 88061.42302337161² = 7 754 814 224,901203
2021-01-22 14:40:54 INFO  root:394 - 8583320.461565208² = 73 673 390 145 923,98
2021-01-22 14:40:55 INFO  root:394 - 75075128135.55260² = 5,636274864569642e+21
2021-01-22 14:40:55 INFO  root:394 - 553135451636537.1² = 3,059588278571559e+29
2021-01-22 14:40:56 INFO  root:394 - 5046455734.631113² = 2,546671548159125e+19
2021-01-22 14:40:57 INFO  root:394 - 8.545450258281844² = 73,02472011676923
2021-01-22 14:40:57 INFO  root:394 - 574400752.4533228² = 3,299362244189434e+17
2021-01-22 14:40:58 INFO  root:394 - 774043006723100² = 5,99142576256937e+29
2021-01-22 14:40:58 INFO  root:394 - 184.8411343252387² = 34 166,24493864094
2021-01-22 14:40:59 INFO  root:397 - exponentOfTwo tests status: passed
2021-01-22 14:41:36 INFO  root:679 - oneDividedByX tests status: start
2021-01-22 14:42:57 INFO  root:679 - oneDividedByX tests status: start
2021-01-22 14:44:11 INFO  root:679 - oneDividedByX tests status: start
2021-01-22 14:45:49 INFO  root:679 - oneDividedByX tests status: start
2021-01-22 14:46:57 INFO  root:679 - oneDividedByX tests status: start
2021-01-22 14:47:39 INFO  root:679 - oneDividedByX tests status: start
2021-01-22 14:48:10 INFO  root:679 - oneDividedByX tests status: start
2021-01-22 14:50:28 INFO  root:679 - oneDividedByX tests status: start
2021-01-22 14:51:21 INFO  root:679 - oneDividedByX tests status: start
2021-01-22 14:51:44 INFO  root:763 - 1/(62,52871088166218)  = 0,0159926533891373
2021-01-22 14:51:44 INFO  root:763 - 1/(61782,51531076726)  = 1,618580912366517e-5
2021-01-22 14:51:45 INFO  root:763 - 1/(38883034,54035888)  = 2,571815733574096e-8
2021-01-22 14:51:46 INFO  root:763 - 1/(6483,213712105717)  = 1,54244491143761e-4
2021-01-22 14:51:46 INFO  root:763 - 1/(712842737,7574336)  = 1,402833959066411e-9
2021-01-22 14:51:47 INFO  root:763 - 1/(8178,82675602834)  = 1,222669252974375e-4
2021-01-22 14:51:47 INFO  root:763 - 1/(635474337430260)  = 1,573627668496912e-15
2021-01-22 14:51:48 INFO  root:763 - 1/(766732631533037)  = 1,304235608181379e-15
2021-01-22 14:51:49 INFO  root:763 - 1/(2258235,487356165)  = 4,428236141000302e-7
2021-01-22 14:51:49 INFO  root:763 - 1/(27041,74202614517)  = 3,697986612819378e-5
2021-01-22 14:51:50 INFO  root:763 - 1/(782813135377318,7)  = 1,277444072930632e-15
2021-01-22 14:51:51 INFO  root:763 - 1/(7075471,318311815)  = 1,413333409199088e-7
2021-01-22 14:51:51 INFO  root:763 - 1/(788,4138741075513)  = 0,001268369358837
2021-01-22 14:51:52 INFO  root:763 - 1/(5364838664,744754)  = 1,863988951935384e-10
2021-01-22 14:51:53 INFO  root:763 - 1/(745808641368211,5)  = 1,340826513038875e-15
2021-01-22 14:51:53 INFO  root:763 - 1/(405423328747563)  = 2,466557617908195e-15
2021-01-22 14:51:54 INFO  root:763 - 1/(8,046177208715808)  = 0,1242826219284329
2021-01-22 14:51:54 INFO  root:763 - 1/(82263384,74488455)  = 1,215607652300234e-8
2021-01-22 14:51:55 INFO  root:763 - 1/(1,767750710718233)  = 0,5656906225163967
2021-01-22 14:51:56 INFO  root:763 - 1/(62,74038268328042)  = 0,0159386978088434
2021-01-22 14:51:56 INFO  root:766 - oneDividedByX tests status: passed
2021-01-22 14:52:37 INFO  root:270 - multiplication tests status: start
2021-01-22 14:53:08 INFO  root:343 - 27525267,0166656 * 623340203261026 =  = 1,715760553698235e+22
2021-01-22 14:53:09 INFO  root:343 - 283111610548808 * 724,8655652657746 =  = 2,052178576137655e+17
2021-01-22 14:53:10 INFO  root:343 - 6536885544,2275 * 5230642,152571081 =  = 3,419210907416891e+16
2021-01-22 14:53:11 INFO  root:343 - 4731084,551526618 * 511458315244273 =  = 2,419752534002011e+21
2021-01-22 14:53:12 INFO  root:343 - 1118617,483468244 * 5533,513343326754 =  = 6 189 884 770,850123
2021-01-22 14:53:13 INFO  root:343 - 546607,601865563 * 368464,2085462472 =  = 201 405 337 406,7569
2021-01-22 14:53:15 INFO  root:343 - 418577417655574 * 827080,6387710228 =  = 3,461972779696973e+20
2021-01-22 14:53:16 INFO  root:343 - 751277488586208 * 577283330827027 =  = 4,336999709864099e+29
2021-01-22 14:53:17 INFO  root:343 - 127168402643874 * 620,530205357512 =  = 7,891183500758991e+16
2021-01-22 14:53:18 INFO  root:343 - 72635,41460084868 * 1,411305280634463 =  = 102 510,7441872513
2021-01-22 14:53:19 INFO  root:343 - 304,2248832564824 * 63846026010,68071 =  = 19 423 549 809 489,68
2021-01-22 14:53:20 INFO  root:343 - 47,368435460843 * 372,5464557153366 =  = 17 646,94274371773
2021-01-22 14:53:21 INFO  root:343 - 734661353524260 * 3,68410242442372 =  = 2 706 567 673 649 138
2021-01-22 14:53:22 INFO  root:343 - 43,06476701217084 * 820727574863371 =  = 3,534444179195507e+16
2021-01-22 14:53:23 INFO  root:343 - 12204767476073,2 * 87488,2308445183 =  = 1,067773514350361e+18
2021-01-22 14:53:24 INFO  root:343 - 20,85340105771103 * 18,77340108358114 =  = 391,4892620131843
2021-01-22 14:53:26 INFO  root:343 - 204477208648314 * 836562801137457 =  = 1,710580264356018e+29
2021-01-22 14:53:27 INFO  root:343 - 67,73423128230438 * 5251443502,82588 =  = 355 702 488 786,3628
2021-01-22 14:53:28 INFO  root:343 - 8877320,470453358 * 60,43428835014347 =  = 536 494 545,0880095
2021-01-22 14:53:29 INFO  root:343 - 6,482064656125147 * 42211158634578,64 =  = 273 615 459 479 294
2021-01-22 14:53:30 INFO  root:346 - multiplication tests status: passed
2021-01-22 14:53:31 INFO  root:402 - subtraction tests status: start
2021-01-22 14:54:02 INFO  root:476 - 8813026,151385463 - 80470,23123154 =  = 8 732 555,920153923
2021-01-22 14:54:03 INFO  root:476 - 8,50020832126651 - 38420770546621,06 =  = -38 420 770 546 612,56
2021-01-22 14:54:04 INFO  root:476 - 624,6034333860046 - 478,051288885857 =  = 146,5521445001476
2021-01-22 14:54:06 INFO  root:476 - 125477,570238048 - 123022,2847056213 =  = 2 455,2855324267
2021-01-22 14:54:07 INFO  root:476 - 543854536434260 - 2016632038,488258 =  = 543 852 519 802 221,5
2021-01-22 14:54:08 INFO  root:476 - 6402,151824083354 - 341503788,2606403 =  = -341 497 386,1088162
2021-01-22 14:54:09 INFO  root:476 - 6356023,276506808 - 105441650868041 =  = -105 441 644 512 017,7
2021-01-22 14:54:10 INFO  root:476 - 8736406,662220615 - 3688,385214317266 =  = 8 732 718,277006298
2021-01-22 14:54:11 INFO  root:476 - 1568022354845,321 - 7404,872820224621 =  = 1 568 022 347 440,448
2021-01-22 14:54:12 INFO  root:476 - 778613747667154 - 82,80123316102205 =  = 778 613 747 667 071,2
2021-01-22 14:54:13 INFO  root:476 - 441665518572064 - 87,8326130001682 =  = 441 665 518 571 976,2
2021-01-22 14:54:14 INFO  root:476 - 150021381,1563774 - 538272804287573 =  = -538 272 654 266 191,8
2021-01-22 14:54:15 INFO  root:476 - 6163283,881745551 - 852025448073684 =  = -852 025 441 910 400,1
2021-01-22 14:54:16 INFO  root:476 - 3860067525711,214 - 7026425426,054014 =  = 3 853 041 100 285,16
2021-01-22 14:54:18 INFO  root:476 - 357840563670,006 - 1,834288454814813 =  = 357 840 563 668,1717
2021-01-22 14:54:19 INFO  root:476 - 378583164467611 - 27,26058055456308 =  = 378 583 164 467 583,7
2021-01-22 14:54:20 INFO  root:476 - 5374430,170526231 - 4,338168543021175 =  = 5 374 425,832357688
2021-01-22 14:54:21 INFO  root:476 - 852208754823424 - 415550885367633 =  = 436 657 869 455 791
2021-01-22 14:54:22 INFO  root:476 - 2160,060622684072 - 558008062,557475 =  = -558 005 902,4968523
2021-01-22 14:54:23 INFO  root:476 - 2003537172,564304 - 312244,8124544582 =  = 2 003 224 927,75185
2021-01-22 14:54:24 INFO  root:479 - subtraction tests status: passed
2021-01-22 14:54:27 INFO  root:679 - oneDividedByX tests status: start
2021-01-22 14:54:39 INFO  root:351 - exponentOfTwo tests status: start
2021-01-22 14:54:50 INFO  root:394 - 76.87263015112736² = 5 909,401266352015
2021-01-22 14:54:51 INFO  root:394 - 33764.50375566332² = 1 140 041 713,866202
2021-01-22 14:54:52 INFO  root:394 - 4825101777614.8² = 2,32816071643415e+25
2021-01-22 14:54:52 INFO  root:394 - 1285501.010848362² = 1 652 512 848 892,161
2021-01-22 14:54:53 INFO  root:394 - 6105068811.20761² = 3,72718651895799e+19
2021-01-22 14:54:53 INFO  root:394 - 58.41477652831833² = 3 412,28611685337
2021-01-22 14:54:54 INFO  root:394 - 30.1536576246045² = 909,2430681418691
2021-01-22 14:54:55 INFO  root:394 - 77.14346760147028² = 5 951,114593579095
2021-01-22 14:54:55 INFO  root:394 - 823320134737283² = 6,778560442638178e+29
2021-01-22 14:54:56 INFO  root:394 - 171523100716881.8² = 2,942017407953358e+28
2021-01-22 14:54:56 INFO  root:394 - 4248.481648172732² = 18 049 596,31486049
2021-01-22 14:54:57 INFO  root:394 - 30.06201074812000² = 903,7244902200824
2021-01-22 14:54:58 INFO  root:394 - 758.888688722143² = 575 912,0418704137
2021-01-22 14:54:58 INFO  root:394 - 36.04371807350402² = 1 299,14961256224
2021-01-22 14:54:59 INFO  root:394 - 84.75486747373882² = 7 183,387560491031
2021-01-22 14:54:59 INFO  root:394 - 862225273744.1771² = 7,434324226832211e+23
2021-01-22 14:55:00 INFO  root:394 - 7003.734771835646² = 49 052 300,75421971
2021-01-22 14:55:01 INFO  root:394 - 280.4424450701508² = 78 647,96499692455
2021-01-22 14:55:01 INFO  root:394 - 758.1382158435447² = 574 773,5543224332
2021-01-22 14:55:02 INFO  root:394 - 3521.288626122502² = 12 399 473,5884597
2021-01-22 14:55:02 INFO  root:397 - exponentOfTwo tests status: passed
2021-01-22 14:55:50 INFO  root:583 - squareRoot tests status: start
2021-01-22 14:56:00 INFO  root:610 - √(7448,464640354213)  = 86,30448795024632
2021-01-22 14:56:01 INFO  root:610 - √(40608210,24512271)  = 6 372,457159143772
2021-01-22 14:56:01 INFO  root:610 - √(2,561151615658106)  = 1,600359839429278
2021-01-22 14:56:02 INFO  root:610 - √(7406735,120287531)  = 2 721,531759926298
2021-01-22 14:56:03 INFO  root:610 - √(210,6806083238003)  = 14,51484096791282
2021-01-22 14:56:03 INFO  root:610 - √(680008704331888)  = 26 076 976,51822174
2021-01-22 14:56:04 INFO  root:610 - √(36187837,26022305)  = 6 015,632739805768
2021-01-22 14:56:05 INFO  root:610 - √(515673683507100)  = 22 708 449,60597486
2021-01-22 14:56:05 INFO  root:610 - √(6,75533604210406)  = 2,599102930263451
2021-01-22 14:56:06 INFO  root:610 - √(26545434502847,22)  = 5 152 226,169613211
2021-01-22 14:56:06 INFO  root:610 - √(3,724212530236272)  = 1,929821890806577
2021-01-22 14:56:07 INFO  root:610 - √(682461000,4175541)  = 26 123,95453252731
2021-01-22 14:56:08 INFO  root:610 - √(5418332,752656547)  = 2 327,731245796333
2021-01-22 14:56:08 INFO  root:610 - √(457085662764124)  = 21 379 561,800096
2021-01-22 14:56:09 INFO  root:610 - √(451133658,2170223)  = 21 239,90720829595
2021-01-22 14:56:09 INFO  root:610 - √(721263315046360)  = 26 856 345,89899303
2021-01-22 14:56:10 INFO  root:610 - √(84,7010156547657)  = 9,203315470783651
2021-01-22 14:56:11 INFO  root:610 - √(784,3863753865815)  = 28,00689871061381
2021-01-22 14:56:11 INFO  root:610 - √(65,41607261645426)  = 8,088020315037188
2021-01-22 14:56:12 INFO  root:610 - √(4326724740503,64)  = 2 080 078,061156273
2021-01-22 14:56:12 INFO  root:613 - squareRoot tests status: passed
2021-01-22 14:56:24 INFO  root:210 - division tests status: start
2021-01-22 14:56:40 INFO  root:262 - 22657040273304.70 / 6522808.415634188 = 3 473 510,00207199
2021-01-22 14:56:41 INFO  root:262 - 115.3180571168146 / 127.0223435021130 = 0,9078564757773997
2021-01-22 14:56:42 INFO  root:262 - 45.31773676142040 / 20.06711770137843 = 2,258308215250438
2021-01-22 14:56:43 INFO  root:262 - 464707001324.4037 / 37.30165841515762 = 12 458 078 838,006
2021-01-22 14:56:44 INFO  root:262 - 54386.58761286021 / 71.2042887255560 = 763,8105595364267
2021-01-22 14:56:45 INFO  root:262 - 807261206811.8662 / 220607781218013 = 0,003659259897157
2021-01-22 14:56:47 INFO  root:262 - 536222.8021747267 / 72842.3036621275 = 7,361420153074073
2021-01-22 14:56:48 INFO  root:262 - 280201114666778 / 271407652537467 = 1,032399462753163
2021-01-22 14:56:49 INFO  root:262 - 647.0835717508410 / 405817002421731 = 1,594520603841981e-12
2021-01-22 14:56:50 INFO  root:262 - 3333.185277366004 / 515015423.8481077 = 6,472010590403313e-6
2021-01-22 14:56:51 INFO  root:262 - 4.137112030424560 / 5153573.823280031 = 8,027656481287123e-7
2021-01-22 14:56:52 INFO  root:262 - 25787150.03467441 / 161.3443241444632 = 159 826,8186464701
2021-01-22 14:56:53 INFO  root:262 - 28.71035080616555 / 263.7022808276746 = 0,1088741087716542
2021-01-22 14:56:54 INFO  root:262 - 8.507811234171586 / 6.265866546746547 = 1,357802814774141
2021-01-22 14:56:56 INFO  root:262 - 36048.62864176865 / 783685374530111 = 4,599885338345507e-11
2021-01-22 14:56:57 INFO  root:262 - 75886.81116746121 / 1204.047165472308 = 63,02644393311064
2021-01-22 14:56:58 INFO  root:262 - 65688282836057.76 / 77.51120325677355 = 847 468 237 829,4442
2021-01-22 14:56:59 INFO  root:262 - 601856150857377 / 88.05464722761257 = 6 835 029 947 955,368
2021-01-22 14:57:00 INFO  root:262 - 3313.415738643583 / 42.65202106266615 = 77,6848471910715
2021-01-22 14:57:01 INFO  root:262 - 628.0621344327377 / 2265.583551823842 = 0,2772187032904324
2021-01-22 14:57:02 INFO  root:265 - division tests status: passed
2021-01-22 14:57:11 INFO  root:484 - addition tests status: start
2021-01-22 14:58:06 INFO  root:575 - 84448302250767.51 * 7661.353200835683 = 84 448 302 258 428,86
2021-01-22 14:58:07 INFO  root:575 - 164256787055022 * 67682853672.12354 = 164 324 469 908 694,1
2021-01-22 14:58:08 INFO  root:575 - 121161656283030 * 42163363022346.43 = 163 325 019 305 376,4
2021-01-22 14:58:09 INFO  root:575 - 21620224216.88761 * 47418.71774835237 = 21 620 271 635,60536
2021-01-22 14:58:10 INFO  root:575 - 5728771.140387873 * 30.24270836034000 = 5 728 801,383096233
2021-01-22 14:58:11 INFO  root:575 - 7366.623324483012 * 4.835028444836708 = 7 371,458352927849
2021-01-22 14:58:13 INFO  root:575 - 7177315.371041713 * 48458.58531180744 = 7 225 773,95635352
2021-01-22 14:58:14 INFO  root:575 - 58244564.00446064 * 37266473814.71124 = 37 324 718 378,7157
2021-01-22 14:58:15 INFO  root:575 - 54533.27875260566 * 1.471700147272841 = 54 534,75045275293
2021-01-22 14:58:16 INFO  root:575 - 862837536487231 * 5.607474411428575 = 862 837 536 487 236,6
2021-01-22 14:58:17 INFO  root:575 - 87.48806732334303 * 58550803.56772806 = 58 550 891,05579538
2021-01-22 14:58:18 INFO  root:575 - 737434408758336 * 154540764373766 = 891 975 173 132 102
2021-01-22 14:58:19 INFO  root:575 - 304265606281.64 * 56546547.51306038 = 304 322 152 829,1531
2021-01-22 14:58:20 INFO  root:575 - 5207744.132421671 * 135000676703730.7 = 135 000 681 911 474,8
2021-01-22 14:58:21 INFO  root:575 - 6150546.671115807 * 453241304282126 = 453 241 310 432 672,7
2021-01-22 14:58:22 INFO  root:575 - 6375.761313468450 * 846077042.7170270 = 846 083 418,4783405
2021-01-22 14:58:23 INFO  root:575 - 3.033507583045484 * 515640.6542741344 = 515 643,6877817174
2021-01-22 14:58:25 INFO  root:575 - 27485187465446 * 42424.41722662685 = 27 485 187 507 870,42
2021-01-22 14:58:26 INFO  root:575 - 7.82356643812241 * 673553213213781 = 673 553 213 213 788,8
2021-01-22 14:58:27 INFO  root:575 - 38.02118674204108 * 5240.864184253552 = 5 278,885370995593
2021-01-22 14:58:28 INFO  root:578 - addition tests status: passed
2021-01-22 15:00:30 INFO  root:679 - oneDividedByX tests status: start
2021-01-22 15:01:12 INFO  root:763 - 1/(412057362647037)  = 2,426846576835922e-15
2021-01-22 15:01:12 INFO  root:763 - 1/(248137774,1487774)  = 4,030019223918823e-9
2021-01-22 15:01:13 INFO  root:763 - 1/(3674,184540451141)  = 2,721692361911722e-4
2021-01-22 15:01:14 INFO  root:763 - 1/(3023,110702352757)  = 3,307851079425385e-4
2021-01-22 15:01:14 INFO  root:763 - 1/(761071,6030104512)  = 1,31393681756678e-6
2021-01-22 15:01:15 INFO  root:763 - 1/(1,468208263127577)  = 0,6811022830438239
2021-01-22 15:01:15 INFO  root:763 - 1/(472671,5327432727)  = 2,115634072981376e-6
2021-01-22 15:01:16 INFO  root:763 - 1/(411,3405024720226)  = 0,0024310759431428
2021-01-22 15:01:17 INFO  root:763 - 1/(8863220277545,842)  = 1,128258092076769e-13
2021-01-22 15:01:17 INFO  root:763 - 1/(576171841786702)  = 1,735593320386869e-15
2021-01-22 15:01:18 INFO  root:763 - 1/(237435264003,4412)  = 4,211674302876538e-12
2021-01-22 15:01:18 INFO  root:763 - 1/(583260017780046)  = 1,714501199321211e-15
2021-01-22 15:01:19 INFO  root:763 - 1/(60,46844380731248)  = 0,0165375514406585
2021-01-22 15:01:20 INFO  root:763 - 1/(11140686820028)  = 8,97610727376579e-14
2021-01-22 15:01:20 INFO  root:763 - 1/(56,72741822243848)  = 0,0176281599151722
2021-01-22 15:01:21 INFO  root:763 - 1/(3035462,107214168)  = 3,294391314005768e-7
2021-01-22 15:01:21 INFO  root:763 - 1/(45653806,77115015)  = 2,190397845710265e-8
2021-01-22 15:01:22 INFO  root:763 - 1/(4836667,660335245)  = 2,067539203077449e-7
2021-01-22 15:01:23 INFO  root:763 - 1/(38876344404353,15)  = 2,572258311118434e-14
2021-01-22 15:01:23 INFO  root:763 - 1/(66504,05555131082)  = 1,503667696218099e-5
2021-01-22 15:01:24 INFO  root:766 - oneDividedByX tests status: passed
2021-01-22 15:17:13 INFO  root:270 - multiplication tests status: start
2021-01-22 15:17:44 INFO  root:343 - 834516070216455 * 81664786,07660104 =  = 6,815057635171257e+22
2021-01-22 15:17:45 INFO  root:343 - 228417303773,0443 * 522181872405244 =  = 1,192753753739657e+26
2021-01-22 15:17:46 INFO  root:343 - 44586086,23402153 * 216405560466082 =  = 9,648676980462492e+21
2021-01-22 15:17:47 INFO  root:343 - 524148745352,0271 * 3,657020756058212 =  = 1 916 822 841 014,233
2021-01-22 15:17:48 INFO  root:343 - 718145301138103 * 5062387,0512275 =  = 3,635529473381406e+21
2021-01-22 15:17:49 INFO  root:343 - 8362115,38351488 * 841710,0112463271 =  = 7 038 476 233 501,394
2021-01-22 15:17:50 INFO  root:343 - 372828,6155638303 * 20106678042356 =  = 7,496344938119253e+18
2021-01-22 15:17:51 INFO  root:343 - 25788350325,16371 * 4352282,204862372 =  = 1,122381782129668e+17
2021-01-22 15:17:52 INFO  root:343 - 66572,04117781846 * 81,88062732873154 =  = 5 450 960,494193924
2021-01-22 15:17:53 INFO  root:343 - 638627553652825 * 63206,83120547538 =  = 4,036562398689978e+19
2021-01-22 15:17:55 INFO  root:343 - 308318,6448651063 * 7,436507363636057 =  = 2 292 813,872885653
2021-01-22 15:17:56 INFO  root:343 - 5081050,780570672 * 13730,22443647408 =  = 69 763 967 590,35714
2021-01-22 15:17:57 INFO  root:343 - 65531,32503254371 * 4374100335,650346 =  = 286 640 590 820 461,4
2021-01-22 15:17:58 INFO  root:343 - 4443,030522104688 * 721318636,6004852 =  = 3 204 840 718 578,895
2021-01-22 15:17:59 INFO  root:343 - 7,080758724358708 * 132538571458487 =  = 938 473 646 168 721,9
2021-01-22 15:18:00 INFO  root:343 - 4278,10513527751 * 855730,0183542384 =  = 3 660 902 985,932385
2021-01-22 15:18:01 INFO  root:343 - 865280206368782 * 163018238340566 =  = 1,410564549132002e+29
2021-01-22 15:18:02 INFO  root:343 - 54,1621651707104 * 2361636,465187554 =  = 127 911 344,300661
2021-01-22 15:18:04 INFO  root:343 - 83258747784161,46 * 61,161343336357 =  = 5 092 216 858 982 252
2021-01-22 15:18:05 INFO  root:343 - 7,375320002088315 * 512336281866757,2 =  = 3 778 644 027 447 451
2021-01-22 15:18:06 INFO  root:346 - multiplication tests status: passed
2021-01-22 15:18:06 INFO  root:402 - subtraction tests status: start
2021-01-22 15:18:37 INFO  root:476 - 3,563874171253103 - 757048,060217065 =  = -757 044,4963428937
2021-01-22 15:18:38 INFO  root:476 - 1854140238153,881 - 368543715,0372781 =  = 1 853 771 694 438,844
2021-01-22 15:18:39 INFO  root:476 - 23325,21703644012 - 22,13805478574411 =  = 23 303,07898165438
2021-01-22 15:18:40 INFO  root:476 - 4004073004,334222 - 242,3086682858148 =  = 4 004 072 762,025554
2021-01-22 15:18:42 INFO  root:476 - 5377562242,356124 - 17478,42461662507 =  = 5 377 544 763,931507
2021-01-22 15:18:43 INFO  root:476 - 34,53243658601882 - 11,0743442371576 =  = 23,45809234886122
2021-01-22 15:18:44 INFO  root:476 - 228406082686250 - 818013,0251872302 =  = 228 406 081 868 237
2021-01-22 15:18:45 INFO  root:476 - 1,571014277067272 - 631822212737185 =  = -631 822 212 737 183,4
2021-01-22 15:18:46 INFO  root:476 - 448871610,8003368 - 25771781,41664175 =  = 423 099 829,3836951
2021-01-22 15:18:47 INFO  root:476 - 65,83214745506622 - 121158151,2633367 =  = -121 158 085,4311892
2021-01-22 15:18:48 INFO  root:476 - 7530733633,831602 - 76385206313305,83 =  = -76 377 675 579 672
2021-01-22 15:18:50 INFO  root:476 - 3,78012337060503 - 0,554117638041581 =  = 3,226005732563449
2021-01-22 15:18:51 INFO  root:476 - 602335,66242464 - 5678685734752,301 =  = -5 678 685 132 416,639
2021-01-22 15:18:52 INFO  root:476 - 57310,62104161126 - 635200527465626 =  = -635 200 527 408 315,4
2021-01-22 15:18:53 INFO  root:476 - 414007446051,263 - 1754,572510234181 =  = 414 007 444 296,6905
2021-01-22 15:18:54 INFO  root:476 - 127051361631016 - 7,530156328773562 =  = 127 051 361 631 008,5
2021-01-22 15:18:55 INFO  root:476 - 457,2673383714418 - 6558046,231683821 =  = -6 557 588,96434545
2021-01-22 15:18:56 INFO  root:476 - 1,237156536711684 - 80622627,35161372 =  = -80 622 626,11445718
2021-01-22 15:18:57 INFO  root:476 - 671741268863801 - 224083322384107 =  = 447 657 946 479 694
2021-01-22 15:18:58 INFO  root:476 - 7780,237170565738 - 53731,203728513 =  = -45 950,96655794726
2021-01-22 15:19:00 INFO  root:479 - subtraction tests status: passed
2021-01-22 15:19:02 INFO  root:679 - oneDividedByX tests status: start
2021-01-22 15:19:44 INFO  root:763 - 1/(7,625823656127513)  = 0,1311333758939572
2021-01-22 15:19:45 INFO  root:763 - 1/(37521328654785)  = 2,665150824483057e-14
2021-01-22 15:19:45 INFO  root:763 - 1/(412265443413658)  = 2,425621686163548e-15
2021-01-22 15:19:46 INFO  root:763 - 1/(885828475516727)  = 1,128886717506652e-15
2021-01-22 15:19:46 INFO  root:763 - 1/(776781076662311)  = 1,287364007754695e-15
2021-01-22 15:19:47 INFO  root:763 - 1/(38256263,40035351)  = 2,613951053020927e-8
2021-01-22 15:19:47 INFO  root:763 - 1/(270088820673887)  = 3,702485713792015e-15
2021-01-22 15:19:48 INFO  root:763 - 1/(151,118681618727)  = 0,0066173155382801
2021-01-22 15:19:49 INFO  root:763 - 1/(1180240462,082824)  = 8,472849661799042e-10
2021-01-22 15:19:49 INFO  root:763 - 1/(0,278160332657574)  = 3,595048907390538
2021-01-22 15:19:50 INFO  root:763 - 1/(4,032628347526112)  = 0,2479772282048922
2021-01-22 15:19:50 INFO  root:763 - 1/(7,75617335650445)  = 0,1289295576614961
2021-01-22 15:19:51 INFO  root:763 - 1/(7640,212571656577)  = 1,308864106359774e-4
2021-01-22 15:19:52 INFO  root:763 - 1/(5686,582862481504)  = 1,758525329152807e-4
2021-01-22 15:19:52 INFO  root:763 - 1/(1,378310613656136)  = 0,7255258648465158
2021-01-22 15:19:53 INFO  root:763 - 1/(661877067672444)  = 1,510854581375056e-15
2021-01-22 15:19:53 INFO  root:763 - 1/(385338742873363)  = 2,595119277504463e-15
2021-01-22 15:19:54 INFO  root:763 - 1/(20,3777271431738)  = 0,0490731862770566
2021-01-22 15:19:55 INFO  root:763 - 1/(443145118321165,3)  = 2,256597125087271e-15
2021-01-22 15:19:55 INFO  root:763 - 1/(512768600562247)  = 1,950197416346296e-15
2021-01-22 15:19:56 INFO  root:766 - oneDividedByX tests status: passed
2021-01-22 15:19:56 INFO  root:351 - exponentOfTwo tests status: start
2021-01-22 15:20:07 INFO  root:394 - 42.45731314636577² = 1 802,623439608564
2021-01-22 15:20:08 INFO  root:394 - 5210370678.32518² = 2,71479626055508e+19
2021-01-22 15:20:09 INFO  root:394 - 81.04407008634858² = 6 568,141296160981
2021-01-22 15:20:09 INFO  root:394 - 6.763381063088636² = 45,74332340454597
2021-01-22 15:20:10 INFO  root:394 - 648114.6154478088² = 420 052 554 757,0611
2021-01-22 15:20:10 INFO  root:394 - 805.2826563288226² = 648 480,1565840046
2021-01-22 15:20:11 INFO  root:394 - 560217807521675² = 3,138439918643925e+29
2021-01-22 15:20:12 INFO  root:394 - 7380.024328286225² = 54 464 759,08609655
2021-01-22 15:20:12 INFO  root:394 - 857658407.6646450² = 7,355779442378544e+17
2021-01-22 15:20:13 INFO  root:394 - 8708.77470124483² = 75 842 756,79704198
2021-01-22 15:20:13 INFO  root:394 - 7176811300321.272² = 5,150662044041911e+25
2021-01-22 15:20:14 INFO  root:394 - 643.6753546077200² = 414 317,9621293741
2021-01-22 15:20:15 INFO  root:394 - 430087641772172² = 1,849753796051481e+29
2021-01-22 15:20:15 INFO  root:394 - 520273022.7302268² = 2,706840181808471e+17
2021-01-22 15:20:16 INFO  root:394 - 6.407371077038157² = 41,05440411886511
2021-01-22 15:20:16 INFO  root:394 - 106884283815.5762² = 1,142425012676864e+22
2021-01-22 15:20:17 INFO  root:394 - 7575.536582625761² = 57 388 754,51470119
2021-01-22 15:20:17 INFO  root:394 - 4.540230751332224² = 20,61369527534277
2021-01-22 15:20:18 INFO  root:394 - 812.4816022273346² = 660 126,3539578968
2021-01-22 15:20:19 INFO  root:394 - 678818042246870² = 4,607939344798734e+29
2021-01-22 15:20:19 INFO  root:397 - exponentOfTwo tests status: passed
2021-01-22 15:21:07 INFO  root:583 - squareRoot tests status: start
2021-01-22 15:21:16 INFO  root:610 - √(6470,75311566761)  = 80,4409915134542
2021-01-22 15:21:17 INFO  root:610 - √(8623386,106638817)  = 2 936,56025081026
2021-01-22 15:21:18 INFO  root:610 - √(57057736,4033275)  = 7 553,657154208649
2021-01-22 15:21:18 INFO  root:610 - √(71037,23734781536)  = 266,5281173681594
2021-01-22 15:21:19 INFO  root:610 - √(5,533271330708011)  = 2,352290656085683
2021-01-22 15:21:20 INFO  root:610 - √(7,41645376236042)  = 2,723316684185007
2021-01-22 15:21:20 INFO  root:610 - √(7535,381218770847)  = 86,8065735919282
2021-01-22 15:21:21 INFO  root:610 - √(41,01860785588477)  = 6,404577102032949
2021-01-22 15:21:22 INFO  root:610 - √(80255202381612)  = 8 958 526,797504822
2021-01-22 15:21:22 INFO  root:610 - √(346313875580,4044)  = 588 484,3885613317
2021-01-22 15:21:23 INFO  root:610 - √(47,54210177256506)  = 6,895078083137642
2021-01-22 15:21:23 INFO  root:610 - √(47,34848135854632)  = 6,881023278448222
2021-01-22 15:21:24 INFO  root:610 - √(66,2885835641856)  = 8,141780122564451
2021-01-22 15:21:25 INFO  root:610 - √(441468456746345,5)  = 21 011 150,77158663
2021-01-22 15:21:25 INFO  root:610 - √(546502384265832)  = 23 377 390,45030116
2021-01-22 15:21:26 INFO  root:610 - √(22,62272302041672)  = 4,756335040807861
2021-01-22 15:21:26 INFO  root:610 - √(6100604266307,381)  = 2 469 940,134154547
2021-01-22 15:21:27 INFO  root:610 - √(5474,487346152436)  = 73,98977865997733
2021-01-22 15:21:28 INFO  root:610 - √(654161466416065)  = 25 576 580,42851047
2021-01-22 15:21:28 INFO  root:610 - √(68037714435377,46)  = 8 248 497,70778761
2021-01-22 15:21:29 INFO  root:613 - squareRoot tests status: passed
2021-01-22 15:21:41 INFO  root:210 - division tests status: start
2021-01-22 15:21:56 INFO  root:262 - 5880541.034007 / 68307.88337882675 = 86,08876081541386
2021-01-22 15:21:57 INFO  root:262 - 575506.4261112174 / 561281.4173275504 = 1,025343808550436
2021-01-22 15:21:58 INFO  root:262 - 752284.3837878174 / 61107067.1438746 = 0,0123109227614637
2021-01-22 15:21:59 INFO  root:262 - 182717447062672 / 61886203.15808676 = 2 952 474,667025942
2021-01-22 15:22:01 INFO  root:262 - 105617860621480 / 4.740388115557488 = 22 280 424 734 601,91
2021-01-22 15:22:02 INFO  root:262 - 8287.505745560820 / 7.711714180266237 = 1 074,664536552456
2021-01-22 15:22:03 INFO  root:262 - 4351008.682887034 / 61228683382.7346 = 7,106160777113723e-5
2021-01-22 15:22:04 INFO  root:262 - 375614543023568 / 622326842838365 = 0,6035647463163102
2021-01-22 15:22:05 INFO  root:262 - 6347.085650350717 / 20361341.55552831 = 3,117223702102978e-4
2021-01-22 15:22:06 INFO  root:262 - 746.8387844524018 / 53743.42330737030 = 0,0138963753793849
2021-01-22 15:22:07 INFO  root:262 - 831148783111155 / 4835.778220382533 = 171 874 876 231,4842
2021-01-22 15:22:08 INFO  root:262 - 6.503375120356051 / 16432680283.80047 = 3,957586351124445e-10
2021-01-22 15:22:09 INFO  root:262 - 1258033648.827573 / 62131666.74235516 = 20,24786577904519
2021-01-22 15:22:10 INFO  root:262 - 3.317877061663414 / 585636270236.6656 = 5,66542277226546e-12
2021-01-22 15:22:12 INFO  root:262 - 288.5634505720007 / 526772243612481.0 = 5,477954734157972e-13
2021-01-22 15:22:13 INFO  root:262 - 65.3212254325488 / 78.11470710624476 = 0,8362218569635627
2021-01-22 15:22:14 INFO  root:262 - 5.576013823440250 / 2782174.384525532 = 2,004192783333089e-6
2021-01-22 15:22:15 INFO  root:262 - 674470223803171 / 18370568104.77517 = 36 714,71780058081
2021-01-22 15:22:16 INFO  root:262 - 18713825627.44153 / 1300812.845774877 = 14 386,2552466523
2021-01-22 15:22:17 INFO  root:262 - 51.42187560133145 / 5534151710.143357 = 9,29173580606438e-9
2021-01-22 15:22:18 INFO  root:265 - division tests status: passed
2021-01-22 15:22:27 INFO  root:484 - addition tests status: start
2021-01-22 15:23:22 INFO  root:575 - 3.218373241166232 * 2861304138172.256 = 2 861 304 138 175,474
2021-01-22 15:23:23 INFO  root:575 - 788211873875603 * 646682.8117078520 = 788 211 874 522 285,8
2021-01-22 15:23:24 INFO  root:575 - 4616.34713256437 * 75240.87040231424 = 79 857,21753487861
2021-01-22 15:23:25 INFO  root:575 - 634.0741216204644 * 8872815517.002467 = 8 872 816 151,076589
2021-01-22 15:23:26 INFO  root:575 - 80380.06411851175 * 812.1514222820872 = 81 192,21554079384
2021-01-22 15:23:28 INFO  root:575 - 405177080388618 * 265641440263786 = 670 818 520 652 404
2021-01-22 15:23:29 INFO  root:575 - 7450.853116251276 * 0.057705134126718 = 7 450,910821385403
2021-01-22 15:23:30 INFO  root:575 - 860107.1714872557 * 6.310146106472238 = 860 113,4816333622
2021-01-22 15:23:31 INFO  root:575 - 274033573537778 * 372340153357768 = 646 373 726 895 546
2021-01-22 15:23:32 INFO  root:575 - 656.4344828885251 * 3.628583784454643 = 660,0630666729797
2021-01-22 15:23:33 INFO  root:575 - 746271806430368 * 11403155524.34176 = 746 283 209 585 892,3
2021-01-22 15:23:34 INFO  root:575 - 1650.253130164307 * 3863.768718768080 = 5 514,021848932387
2021-01-22 15:23:36 INFO  root:575 - 0.014088577237084 * 750258.7672645638 = 750 258,781353141
2021-01-22 15:23:37 INFO  root:575 - 843106.2832386232 * 536.2635801551308 = 843 642,5468187783
2021-01-22 15:23:38 INFO  root:575 - 31108.85305108334 * 81240628312563.31 = 81 240 628 343 672,16
2021-01-22 15:23:39 INFO  root:575 - 3250417217.541240 * 116382.6038471624 = 3 250 533 600,145087
2021-01-22 15:23:40 INFO  root:575 - 620487277.0302883 * 60762.88255486660 = 620 548 039,9128432
2021-01-22 15:23:41 INFO  root:575 - 8.653643027722612 * 227205534335644 = 227 205 534 335 652,7
2021-01-22 15:23:42 INFO  root:575 - 7.251307816632766 * 3538.43671228571 = 3 545,688020102343
2021-01-22 15:23:43 INFO  root:575 - 741378748071552 * 5832.556272672762 = 741 378 748 077 384,6
2021-01-22 15:23:44 INFO  root:578 - addition tests status: passed
